{
  "baud": 115200,
  "completed": true,
  "current": "0.001 A/count uncalibrated internal current; not measured total supply current",
  "ids": [
    4,
    5,
    6,
    7,
    8,
    9,
    10,
    11,
    12
  ],
  "mode": "read_only_supervised_bench_inspection",
  "port": "/dev/cu.usbserial-20250303171",
  "result": {
    "devices": {
      "10": {
        "configuration": [
          3,
          15,
          0,
          9,
          3,
          10,
          0,
          0,
          1,
          0,
          0,
          255,
          15,
          70,
          140,
          45,
          232,
          3,
          12,
          44,
          47,
          32,
          32,
          0,
          16,
          0,
          1,
          1,
          184,
          11,
          0,
          0,
          0,
          2,
          20,
          200,
          80,
          10,
          200,
          200
        ],
        "mode": [
          2
        ],
        "pwm": [
          0,
          0
        ],
        "telemetry": {
          "current_a_uncalibrated": 0.0,
          "current_raw": 0,
          "load_raw": 0,
          "moving": 0,
          "position_rad": 3.6708160254103395,
          "position_raw": 2393,
          "speed_rad_s": 0.0,
          "speed_raw": 0,
          "status": 0,
          "temperature_c": 46,
          "voltage_raw": 122,
          "voltage_v": 12.200000000000001
        },
        "torque_enable": [
          0
        ]
      },
      "11": {
        "configuration": [
          3,
          15,
          0,
          9,
          3,
          11,
          0,
          0,
          1,
          0,
          0,
          255,
          15,
          70,
          140,
          45,
          232,
          3,
          12,
          44,
          47,
          32,
          32,
          0,
          16,
          0,
          1,
          1,
          184,
          11,
          0,
          0,
          0,
          2,
          20,
          200,
          80,
          10,
          200,
          200
        ],
        "mode": [
          2
        ],
        "pwm": [
          0,
          0
        ],
        "telemetry": {
          "current_a_uncalibrated": 0.023,
          "current_raw": 23,
          "load_raw": 0,
          "moving": 0,
          "position_rad": 3.9085830475326135,
          "position_raw": 2548,
          "speed_rad_s": 0.0,
          "speed_raw": 0,
          "status": 0,
          "temperature_c": 45,
          "voltage_raw": 124,
          "voltage_v": 12.4
        },
        "torque_enable": [
          0
        ]
      },
      "12": {
        "configuration": [
          3,
          15,
          0,
          9,
          3,
          12,
          0,
          0,
          1,
          0,
          0,
          255,
          15,
          70,
          140,
          45,
          232,
          3,
          12,
          44,
          47,
          32,
          32,
          0,
          16,
          0,
          1,
          1,
          184,
          11,
          0,
          0,
          0,
          2,
          20,
          200,
          80,
          10,
          200,
          200
        ],
        "mode": [
          2
        ],
        "pwm": [
          0,
          0
        ],
        "telemetry": {
          "current_a_uncalibrated": 0.0,
          "current_raw": 0,
          "load_raw": 0,
          "moving": 0,
          "position_rad": 2.162912910918754,
          "position_raw": 1410,
          "speed_rad_s": 0.0,
          "speed_raw": 0,
          "status": 0,
          "temperature_c": 43,
          "voltage_raw": 122,
          "voltage_v": 12.200000000000001
        },
        "torque_enable": [
          0
        ]
      },
      "4": {
        "configuration": [
          3,
          15,
          0,
          9,
          3,
          4,
          0,
          0,
          1,
          0,
          0,
          255,
          15,
          70,
          140,
          45,
          232,
          3,
          12,
          44,
          47,
          32,
          32,
          0,
          16,
          0,
          1,
          1,
          184,
          11,
          0,
          0,
          0,
          2,
          20,
          200,
          80,
          10,
          200,
          200
        ],
        "mode": [
          2
        ],
        "pwm": [
          0,
          0
        ],
        "telemetry": {
          "current_a_uncalibrated": 0.0,
          "current_raw": 0,
          "load_raw": 0,
          "moving": 0,
          "position_rad": 1.8085633489171709,
          "position_raw": 1179,
          "speed_rad_s": 0.0,
          "speed_raw": 0,
          "status": 0,
          "temperature_c": 49,
          "voltage_raw": 121,
          "voltage_v": 12.100000000000001
        },
        "torque_enable": [
          0
        ]
      },
      "5": {
        "configuration": [
          3,
          15,
          0,
          9,
          3,
          5,
          0,
          0,
          1,
          0,
          0,
          255,
          15,
          70,
          140,
          45,
          232,
          3,
          12,
          44,
          47,
          32,
          32,
          0,
          16,
          0,
          1,
          1,
          184,
          11,
          0,
          0,
          0,
          2,
          20,
          200,
          80,
          10,
          200,
          200
        ],
        "mode": [
          2
        ],
        "pwm": [
          0,
          0
        ],
        "telemetry": {
          "current_a_uncalibrated": 0.0,
          "current_raw": 0,
          "load_raw": 0,
          "moving": 0,
          "position_rad": 4.266000571109968,
          "position_raw": 2781,
          "speed_rad_s": 0.0,
          "speed_raw": 0,
          "status": 0,
          "temperature_c": 46,
          "voltage_raw": 122,
          "voltage_v": 12.200000000000001
        },
        "torque_enable": [
          0
        ]
      },
      "6": {
        "configuration": [
          3,
          15,
          0,
          9,
          3,
          6,
          0,
          0,
          1,
          0,
          0,
          255,
          15,
          70,
          140,
          45,
          232,
          3,
          12,
          44,
          47,
          32,
          32,
          0,
          16,
          0,
          1,
          1,
          184,
          11,
          0,
          0,
          0,
          2,
          20,
          200,
          80,
          10,
          200,
          200
        ],
        "mode": [
          2
        ],
        "pwm": [
          0,
          0
        ],
        "telemetry": {
          "current_a_uncalibrated": 0.0,
          "current_raw": 0,
          "load_raw": 0,
          "moving": 0,
          "position_rad": 2.5341362615870793,
          "position_raw": 1652,
          "speed_rad_s": 0.0,
          "speed_raw": 0,
          "status": 0,
          "temperature_c": 48,
          "voltage_raw": 121,
          "voltage_v": 12.100000000000001
        },
        "torque_enable": [
          0
        ]
      },
      "7": {
        "configuration": [
          3,
          15,
          0,
          9,
          3,
          7,
          0,
          0,
          1,
          0,
          0,
          255,
          15,
          70,
          140,
          45,
          232,
          3,
          12,
          44,
          47,
          32,
          32,
          0,
          16,
          0,
          1,
          1,
          184,
          11,
          0,
          0,
          0,
          2,
          20,
          200,
          80,
          10,
          200,
          200
        ],
        "mode": [
          2
        ],
        "pwm": [
          0,
          0
        ],
        "telemetry": {
          "current_a_uncalibrated": 0.0,
          "current_raw": 0,
          "load_raw": 0,
          "moving": 0,
          "position_rad": 2.9406411703767743,
          "position_raw": 1917,
          "speed_rad_s": 0.0,
          "speed_raw": 0,
          "status": 0,
          "temperature_c": 46,
          "voltage_raw": 122,
          "voltage_v": 12.200000000000001
        },
        "torque_enable": [
          0
        ]
      },
      "8": {
        "configuration": [
          3,
          15,
          0,
          9,
          3,
          8,
          0,
          0,
          1,
          0,
          0,
          255,
          15,
          70,
          140,
          45,
          232,
          3,
          12,
          44,
          47,
          32,
          32,
          0,
          16,
          0,
          1,
          1,
          184,
          11,
          0,
          0,
          0,
          2,
          20,
          200,
          80,
          10,
          200,
          200
        ],
        "mode": [
          2
        ],
        "pwm": [
          0,
          0
        ],
        "telemetry": {
          "current_a_uncalibrated": 0.026000000000000002,
          "current_raw": 26,
          "load_raw": 0,
          "moving": 0,
          "position_rad": 3.399301425954581,
          "position_raw": 2216,
          "speed_rad_s": 0.0,
          "speed_raw": 0,
          "status": 0,
          "temperature_c": 47,
          "voltage_raw": 123,
          "voltage_v": 12.3
        },
        "torque_enable": [
          0
        ]
      },
      "9": {
        "configuration": [
          3,
          15,
          0,
          9,
          3,
          9,
          0,
          0,
          1,
          0,
          0,
          255,
          15,
          70,
          140,
          45,
          232,
          3,
          12,
          44,
          47,
          32,
          32,
          0,
          16,
          0,
          1,
          1,
          184,
          11,
          0,
          0,
          0,
          2,
          20,
          200,
          80,
          10,
          200,
          200
        ],
        "mode": [
          2
        ],
        "pwm": [
          0,
          0
        ],
        "telemetry": {
          "current_a_uncalibrated": 0.025,
          "current_raw": 25,
          "load_raw": 0,
          "moving": 0,
          "position_rad": 3.36095190625744,
          "position_raw": 2191,
          "speed_rad_s": 0.0,
          "speed_raw": 0,
          "status": 0,
          "temperature_c": 52,
          "voltage_raw": 122,
          "voltage_v": 12.200000000000001
        },
        "torque_enable": [
          0
        ]
      }
    },
    "supervisor": {
      "armed_mask": 0,
      "current_max_raw_uncalibrated": 2000,
      "fault_id": 254,
      "fresh_mask": 0,
      "latched": true,
      "reason": 10,
      "temperature_max_c": 60,
      "version": 1,
      "voltage_max_raw": 126,
      "voltage_min_raw": 90
    }
  },
  "seconds": 1.0,
  "source_blake3": "43fcaf55bca0664a66eb7f8d3a074da384b8a82ae4701d54ac65c9355f8e2df5",
  "started_unix_s": 1789388656.009041,
  "timing": "Host monotonic request/reply windows include USB/FPGA buffering; not device clock or simultaneous sensor samples.",
  "voltage": "0x3e single byte, 0.1 V/count; temperature is separate byte 0x3f"
}
