warning: method `decision` is never used
  --> crates/sim-runtime/src/contact_planning/joint_steps.rs:44:12
   |
25 | impl ForceSlot {
   | -------------- method in this implementation
...
44 |     pub fn decision(&self, clock: usize, node: usize, axis: usize) -> JointContactDecision {
   |            ^^^^^^^^
   |
   = note: `#[warn(dead_code)]` (part of `#[warn(unused)]`) on by default

warning: `sim-runtime` (lib) generated 1 warning
   Compiling sim-viewer v0.1.0 (/Users/elliot/physics-simulator/crates/sim-viewer)
   Compiling sim-runtime v0.1.0 (/Users/elliot/physics-simulator/crates/sim-runtime)
    Finished `dev` profile [optimized] target(s) in 35.70s
warning: method `decision` is never used
  --> crates/sim-runtime/src/contact_planning/joint_steps.rs:44:12
   |
25 | impl ForceSlot {
   | -------------- method in this implementation
...
44 |     pub fn decision(&self, clock: usize, node: usize, axis: usize) -> JointContactDecision {
   |            ^^^^^^^^
   |
   = note: `#[warn(dead_code)]` (part of `#[warn(unused)]`) on by default

warning: `sim-runtime` (lib) generated 1 warning
    Finished `dev` profile [optimized] target(s) in 0.80s
   Compiling sim-spatial v0.1.0 (/Users/elliot/physics-simulator/crates/sim-spatial)
    Finished `dev` profile [optimized] target(s) in 24.96s
warning: the following packages contain code that will be rejected by a future version of Rust: block v0.1.6
note: to see what the problems were, use the option `--future-incompat-report`, or run `cargo report future-incompatibilities --id 1`
Validated 14 spatial parts against 7 components (description 9bee4165ea081b9edf4ea7d0eed7f2c2b78fad38c94360ead9075ede8082e812).
