    Checking libc v0.2.189
    Checking bytemuck v1.25.2
    Checking bitflags v2.13.1
    Checking arrayvec v0.7.8
    Checking getrandom v0.2.17
    Checking either v1.18.0
    Checking rand_core v0.6.4
    Checking foldhash v0.1.5
    Checking rand_chacha v0.3.1
    Checking hashbrown v0.15.5
    Checking rand v0.8.8
    Checking blake3 v1.8.7
    Checking getrandom v0.4.3
    Checking indexmap v2.14.1
    Checking uuid v1.26.0
    Checking smol_str v0.2.2
    Checking parking v2.2.1
    Checking futures-core v0.3.34
    Checking event-listener v5.4.2
    Checking glam v0.29.3
    Checking event-listener-strategy v0.5.4
    Checking fastrand v2.5.0
    Checking fixedbitset v0.5.7
    Checking spin v0.9.9
    Checking futures-io v0.3.34
    Checking bevy_platform v0.16.1
    Checking concurrent-queue v2.5.0
    Checking thread_local v1.1.10
    Checking derive_more v1.0.0
    Checking typeid v1.0.3
    Checking futures-lite v2.6.1
    Checking dispatch2 v0.3.1
    Checking rand_distr v0.4.3
    Checking atomic-waker v1.1.2
    Checking async-task v4.7.1
    Checking erased-serde v0.4.10
    Checking bevy_utils v0.16.1
    Checking async-channel v2.5.0
    Checking num-complex v0.4.6
    Checking crossbeam-channel v0.5.16
    Checking tracing-core v0.1.36
    Checking bevy_ptr v0.16.1
    Checking downcast-rs v2.0.2
    Checking disqualified v1.0.0
    Checking slab v0.4.12
    Checking bevy_reflect v0.16.1
    Checking async-executor v1.14.0
    Checking tracing v0.1.44
    Checking nonmax v0.5.5
    Checking lock_api v0.4.14
    Checking core-foundation v0.9.4
    Checking nix v0.31.3
    Checking bevy_tasks v0.16.1
    Checking sim-core v0.1.0 (/Users/elliot/physics-simulator/crates/sim-core)
    Checking parking_lot_core v0.9.12
    Checking bumpalo v3.20.3
    Checking core-graphics-types v0.1.3
    Checking bevy_ecs v0.16.1
    Checking parking_lot v0.12.5
    Checking ctrlc v3.5.2
    Checking euclid v0.22.14
    Checking itertools v0.14.0
    Checking aho-corasick v1.1.5
    Checking regex-syntax v0.8.11
    Checking regex-automata v0.4.18
    Checking bevy_math v0.16.1
    Checking bevy_app v0.16.1
    Checking pulp v0.21.5
    Checking png v0.18.1
    Checking rayon v1.12.0
    Checking typewit v1.15.2
    Checking const_panic v0.2.17
    Checking image v0.25.10
    Checking dyn-stack v0.13.2
    Checking sysctl v0.6.0
    Checking wgpu-types v24.0.0
    Checking raw-cpuid v11.6.0
    Checking font-types v0.12.4
    Checking unicode-width v0.1.14
    Checking lazy_static v1.5.0
    Checking termcolor v1.4.1
    Checking bit-vec v0.8.0
    Checking rustc-hash v1.1.0
    Checking bit-set v0.8.0
    Checking codespan-reporting v0.11.1
    Checking sharded-slab v0.1.7
    Checking read-fonts v0.41.0
    Checking strum v0.26.3
    Checking matchers v0.2.0
    Checking tracing-log v0.2.0
    Checking piper v0.2.5
    Checking malloc_buf v0.0.6
    Checking hexf-parse v0.2.1
    Checking tinyvec_macros v0.1.1
    Checking nu-ansi-term v0.50.3
    Checking unicode-xid v0.2.6
    Checking gemm-common v0.18.2
    Checking naga v24.0.0
    Checking tracing-subscriber v0.3.23
    Checking tinyvec v1.12.0
    Checking objc v0.2.7
    Checking blocking v1.7.0
    Checking async-lock v3.4.2
    Checking base64 v0.21.7
    Checking block v0.1.6
    Checking objc2-foundation v0.2.2
    Checking metal v0.31.0
    Checking ron v0.8.1
    Checking async-fs v2.2.0
    Checking encase v0.10.0
    Checking bevy_log v0.16.1
    Checking skrifa v0.44.0
    Checking stackfuture v0.3.1
    Checking bevy_input v0.16.1
    Checking async-broadcast v0.7.2
    Checking safe_arch v0.7.4
    Checking svg_fmt v0.4.5
    Checking atomicow v1.2.0
    Checking const_soft_float v0.1.4
    Checking bevy_asset v0.16.1
    Checking constgebra v0.1.4
    Checking wide v0.7.33
    Checking guillotiere v0.6.2
    Checking bevy_window v0.16.1
    Checking bevy_color v0.16.2
    Checking wgpu-hal v24.0.4
    Checking objc2-app-kit v0.2.2
    Checking rectangle-pack v0.4.2
    Checking bit-vec v0.6.3
    Checking bit-set v0.5.3
    Checking bevy_image v0.16.1
    Checking wgpu-core v24.0.5
    Checking simba v0.9.1
    Checking hexasphere v15.1.0
    Checking bevy_transform v0.16.1
    Checking bevy_time v0.16.1
    Checking regex v1.13.1
    Checking crossbeam v0.8.4
    Checking bevy_mikktspace v0.16.1
    Checking const-fnv1a-hash v1.1.0
    Checking unicode-ident v1.0.24
    Checking data-encoding v2.11.1
    Checking bevy_diagnostic v0.16.1
    Checking naga_oil v0.17.1
    Checking nalgebra v0.34.2
   Compiling const-random-macro v0.1.16
    Checking spindle v0.2.6
    Checking bevy_mesh v0.16.1
    Checking py_literal v0.4.0
    Checking wgpu v24.0.5
    Checking nano-gemm-c32 v0.1.0
    Checking nano-gemm-c64 v0.1.0
    Checking gemm-f64 v0.18.2
    Checking gemm-c32 v0.18.2
    Checking gemm-c64 v0.18.2
    Checking gemm-f32 v0.18.2
    Checking qd v0.7.7
    Checking core-graphics v0.23.2
    Checking offset-allocator v0.2.0
    Checking num_cpus v1.17.0
    Checking winit v0.30.13
    Checking private-gemm-x86 v0.1.20
    Checking faer-traits v0.22.1
    Checking bevy_render v0.16.1
    Checking gemm v0.18.2
    Checking nano-gemm v0.1.3
    Checking npyz v0.8.4
    Checking const-random v0.1.18
    Checking getrandom v0.3.4
    Checking polycool v0.4.0
    Checking kurbo v0.13.1
    Checking ahash v0.8.12
    Checking faer v0.22.6
    Checking color v0.3.3
    Checking accesskit v0.18.0
    Checking radsort v0.1.1
    Checking bevy_core_pipeline v0.16.1
    Checking sim-solve v0.1.0 (/Users/elliot/physics-simulator/crates/sim-solve)
    Checking peniko v0.6.1
    Checking guillotiere v0.7.0
    Checking accesskit v0.24.1
    Checking objc2-core-foundation v0.3.2
    Checking vello_common v0.1.0
    Checking sim-dynamics v0.1.0 (/Users/elliot/physics-simulator/crates/sim-dynamics)
    Checking immutable-chunkmap v2.1.3
    Checking memmap2 v0.9.11
    Checking emath v0.36.2
    Checking unicode-bidi-mirroring v0.2.0
    Checking zeno v0.3.3
    Checking unicode-script v0.5.8
    Checking ttf-parser v0.20.0
    Checking ttf-parser v0.21.1
    Checking unicode-properties v0.1.4
    Checking yazi v0.2.1
    Checking unicode-ccc v0.2.0
    Checking rustybuzz v0.14.1
    Checking swash v0.2.10
    Checking fontdb v0.16.2
    Checking ecolor v0.36.2
    Checking accesskit_consumer v0.27.0
    Checking objc2-core-graphics v0.3.2
    Checking objc2-foundation v0.3.2
    Checking vello_cpu v0.1.0
    Checking bevy_sprite v0.16.1
    Checking harfrust v0.12.0
    Checking sim-couple v0.1.0 (/Users/elliot/physics-simulator/crates/sim-couple)
    Checking petgraph v0.8.3
    Checking sys-locale v0.3.2
    Checking unicode-bidi v0.3.18
    Checking unicode-linebreak v0.1.5
    Checking rangemap v1.8.0
    Checking cosmic-text v0.13.2
    Checking sim-compile v0.1.0 (/Users/elliot/physics-simulator/crates/sim-compile)
    Checking epaint v0.36.2
    Checking objc2-app-kit v0.3.2
    Checking accesskit_macos v0.19.0
    Checking bevy_a11y v0.16.1
    Checking itertools v0.15.0
    Checking utf8parse v0.2.2
    Checking grid v0.15.0
    Checking taffy v0.7.7
    Checking egui v0.36.2
    Checking anstyle-parse v1.0.0
    Checking accesskit_consumer v0.38.0
    Checking accesskit_winit v0.25.0
    Checking bevy_text v0.16.1
    Checking sim-inspect v0.1.0 (/Users/elliot/physics-simulator/crates/sim-inspect)
    Checking bevy_pbr v0.16.1
    Checking bevy_picking v0.16.1
    Checking bevy_input_focus v0.16.1
    Checking colorchoice v1.0.5
    Checking anstyle v1.0.14
    Checking is_terminal_polyfill v1.70.2
    Checking anstyle-query v1.1.5
    Checking anstream v1.0.0
    Checking bevy_winit v0.16.1
    Checking bevy_ui v0.16.1
    Checking accesskit_macos v0.26.3
    Checking sim-domain-electrical v0.1.0 (/Users/elliot/physics-simulator/crates/sim-domain-electrical)
    Checking sim-domain-control v0.1.0 (/Users/elliot/physics-simulator/crates/sim-domain-control)
    Checking cgl v0.3.2
    Checking bevy_gizmos v0.16.1
    Checking clap_lex v1.1.0
    Checking strsim v0.11.1
    Checking clap_builder v4.6.6
    Checking bevy_internal v0.16.1
    Checking rhai v1.26.0
    Checking glutin v0.32.3
    Checking accesskit_winit v0.32.2
    Checking arboard v3.6.1
    Checking sim-domain-multibody v0.1.0 (/Users/elliot/physics-simulator/crates/sim-domain-multibody)
    Checking sim-domain-rotational v0.1.0 (/Users/elliot/physics-simulator/crates/sim-domain-rotational)
    Checking sim-domain-translational v0.1.0 (/Users/elliot/physics-simulator/crates/sim-domain-translational)
    Checking egui_glow v0.36.2
    Checking clap v4.6.6
    Checking sim-domain-bridges v0.1.0 (/Users/elliot/physics-simulator/crates/sim-domain-bridges)
    Checking sim-domain-robot v0.1.0 (/Users/elliot/physics-simulator/crates/sim-domain-robot)
    Checking egui-winit v0.36.2
   Compiling sim-runtime v0.1.0 (/Users/elliot/physics-simulator/crates/sim-runtime)
    Checking sim-script v0.1.0 (/Users/elliot/physics-simulator/crates/sim-script)
    Checking glutin-winit v0.5.0
    Checking bevy v0.16.1
    Checking sim-domain-magnetic v0.1.0 (/Users/elliot/physics-simulator/crates/sim-domain-magnetic)
    Checking sim-domain-granular v0.1.0 (/Users/elliot/physics-simulator/crates/sim-domain-granular)
    Checking sim-domain-acoustic v0.1.0 (/Users/elliot/physics-simulator/crates/sim-domain-acoustic)
    Checking sim-domain-line v0.1.0 (/Users/elliot/physics-simulator/crates/sim-domain-line)
    Checking sim-domain-hydraulic v0.1.0 (/Users/elliot/physics-simulator/crates/sim-domain-hydraulic)
    Checking sim-domain-radiative v0.1.0 (/Users/elliot/physics-simulator/crates/sim-domain-radiative)
    Checking sim-domain-fluid v0.1.0 (/Users/elliot/physics-simulator/crates/sim-domain-fluid)
    Checking sim-domain-thermal v0.1.0 (/Users/elliot/physics-simulator/crates/sim-domain-thermal)
    Checking sim-domain-chemical v0.1.0 (/Users/elliot/physics-simulator/crates/sim-domain-chemical)
    Checking sim-domain-sensing v0.1.0 (/Users/elliot/physics-simulator/crates/sim-domain-sensing)
    Checking sim-spatial v0.1.0 (/Users/elliot/physics-simulator/crates/sim-spatial)
    Checking eframe v0.36.2
    Checking sim-diagram v0.1.0 (/Users/elliot/physics-simulator/crates/sim-diagram)
warning: method `decision` is never used
  --> crates/sim-runtime/src/contact_planning/joint_steps.rs:44:12
   |
25 | impl ForceSlot {
   | -------------- method in this implementation
...
44 |     pub fn decision(&self, clock: usize, node: usize, axis: usize) -> JointContactDecision {
   |            ^^^^^^^^
   |
   = note: `#[warn(dead_code)]` (part of `#[warn(unused)]`) on by default

warning: `sim-runtime` (lib) generated 1 warning
    Checking sim-viewer v0.1.0 (/Users/elliot/physics-simulator/crates/sim-viewer)
    Finished `dev` profile [optimized] target(s) in 4m 44s
warning: the following packages contain code that will be rejected by a future version of Rust: block v0.1.6
note: to see what the problems were, use the option `--future-incompat-report`, or run `cargo report future-incompatibilities --id 1`
