node:internal/modules/run_main:107
    triggerUncaughtException(
    ^

AssertionError [ERR_ASSERTION]: Expected values to be strictly equal:

false !== true

    at walk (file:///Users/elliot/physics-simulator/examples/full-robot/measured-actuator-integration/realtime-control-2026-09-20/contiguous-motion-storage/compare-browser.mjs:24:19)
    at walk (file:///Users/elliot/physics-simulator/examples/full-robot/measured-actuator-integration/realtime-control-2026-09-20/contiguous-motion-storage/compare-browser.mjs:23:41)
    at differences (file:///Users/elliot/physics-simulator/examples/full-robot/measured-actuator-integration/realtime-control-2026-09-20/contiguous-motion-storage/compare-browser.mjs:36:33)
    at file:///Users/elliot/physics-simulator/examples/full-robot/measured-actuator-integration/realtime-control-2026-09-20/contiguous-motion-storage/compare-browser.mjs:45:26
    at ModuleJob.run (node:internal/modules/esm/module_job:439:25)
    at async node:internal/modules/esm/loader:643:26
    at async asyncRunEntryPointWithESMLoader (node:internal/modules/run_main:101:5) {
  generatedMessage: true,
  code: 'ERR_ASSERTION',
  actual: false,
  expected: true,
  operator: 'strictEqual',
  diff: 'simple'
}

Node.js v24.19.0
