   Compiling sim-solve v0.1.0 (/Users/elliot/physics-simulator/crates/sim-solve)
   Compiling sim-runtime v0.1.0 (/Users/elliot/physics-simulator/crates/sim-runtime)
   Compiling sim-dynamics v0.1.0 (/Users/elliot/physics-simulator/crates/sim-dynamics)
   Compiling sim-compile v0.1.0 (/Users/elliot/physics-simulator/crates/sim-compile)
   Compiling sim-domain-robot v0.1.0 (/Users/elliot/physics-simulator/crates/sim-domain-robot)
   Compiling sim-inspect v0.1.0 (/Users/elliot/physics-simulator/crates/sim-inspect)
warning: method `decision` is never used
  --> crates/sim-runtime/src/contact_planning/joint_steps.rs:44:12
   |
25 | impl ForceSlot {
   | -------------- method in this implementation
...
44 |     pub fn decision(&self, clock: usize, node: usize, axis: usize) -> JointContactDecision {
   |            ^^^^^^^^
   |
   = note: `#[warn(dead_code)]` (part of `#[warn(unused)]`) on by default

warning: field `rotor_speed` is never read
   --> crates/sim-runtime/src/physical.rs:113:5
    |
 96 | struct MotorIds {
    |        -------- field in this struct
...
113 |     rotor_speed: StateId,
    |     ^^^^^^^^^^^

warning: `sim-runtime` (lib) generated 2 warnings
   Compiling sim-web v0.1.0 (/Users/elliot/physics-simulator/crates/sim-web)
    Finished `release` profile [optimized] target(s) in 3m 42s
Built simd-lto: /Users/elliot/physics-simulator/runs/wasm-builds/realtime-20260920-storage-simd/sim_web.wasm
