progress ticks 1000000 bridge 0 owner 0 frame 0 controls 0 records 0 latch 1 reason 1 scheduler 0 event 0 ready 0
EVENT 0 0 10 54 16073
EVENT 0 0 11 17072 33091
EVENT 0 0 12 34090 50109
EVENT 0 1 254 51130 59881
EVENT 0 2 10 60831 72339
EVENT 0 2 11 73340 84848
EVENT 0 2 12 85849 97357
EVENT 1 0 10 250018 266037
EVENT 1 0 11 267036 283055
EVENT 1 0 12 284054 300073
EVENT 1 1 254 301072 309823
EVENT 1 2 10 310773 322281
EVENT 1 2 11 323282 334790
EVENT 1 2 12 335791 347299
progress ticks 2000000 bridge 0 owner 0 frame 1 controls 2 records 8 latch 0 reason 0 scheduler 6 event 0 ready 1
EVENT 2 0 10 500018 516037
EVENT 2 0 11 517036 533055
EVENT 2 0 12 534054 550073
EVENT 2 1 254 551072 559823
EVENT 2 2 10 560773 572281
EVENT 2 2 11 573282 584790
EVENT 2 2 12 585791 597299
EVENT 3 0 10 750018 766037
EVENT 3 0 11 767036 783055
EVENT 3 0 12 784054 800073
EVENT 3 1 254 801072 809823
EVENT 3 2 10 810773 822281
EVENT 3 2 11 823282 834790
EVENT 3 2 12 835791 847299
EVENT 4 0 10 1000018 1016037
EVENT 4 0 11 1017036 1033055
EVENT 4 0 12 1034054 1050073
EVENT 4 1 254 1051072 1059823
EVENT 4 2 10 1060773 1072281
EVENT 4 2 11 1073282 1084790
EVENT 4 2 12 1085791 1097299
EVENT 5 0 10 1250018 1266037
EVENT 5 0 11 1267036 1283055
EVENT 5 0 12 1284054 1300073
EVENT 5 1 254 1301072 1309823
EVENT 5 2 10 1310773 1322281
EVENT 5 2 11 1323282 1334790
EVENT 5 2 12 1335791 1347299
progress ticks 3000000 bridge 0 owner 0 frame 5 controls 6 records 8 latch 0 reason 0 scheduler 6 event 0 ready 1
EVENT 6 0 10 1500018 1516037
progress ticks 4000000 bridge 0 owner 0 frame 6 controls 6 records 36 latch 1 reason 10 scheduler 0 event 0 ready 0
PASS full UART case 5: controls 6, +100% 6, -100% 3, terminal 3; all modeled motors zero/off
- tb/bridge_experiment_tb.v:181: Verilog $finish
- S i m u l a t i o n   R e p o r t: Verilator 5.051 devel
- Verilator: $finish at 83ms; walltime 20.189 s; speed 4.098 ms/s
- Verilator: cpu 19.097 s on 1 threads; allocated 1 MB
