%Warning-WIDTHEXPAND: src/experiment_event_packet.v:49:24: Operator EQ expects 6 bits on the LHS, but LHS's VARREF 'stored_width' generates 5 bits.
                                                         : ... note: In instance 'bridge_experiment_tb.dut.experiment.session.recorder.encoder'
   49 |         && stored_width==expected_width
      |                        ^~
                      ... For warning description see https://verilator.org/warn/WIDTHEXPAND?v=5.051
                      ... Use "/* verilator lint_off WIDTHEXPAND */" and lint_on around source to disable this message.
%Warning-WIDTHEXPAND: src/experiment_event_packet.v:69:41: Operator ADD expects 7 bits on the RHS, but RHS's VARREF 'stored_width' generates 5 bits.
                                                         : ... note: In instance 'bridge_experiment_tb.dut.experiment.session.recorder.encoder'
   69 |                     packet_length<=7'd37+stored_width;index<=2;sum<=0;state<=CHECKSUM;
      |                                         ^
%Warning-WIDTHTRUNC: src/experiment_event_packet.v:74:33: Bit extraction of array[63:0] requires 6 bit index, not 7 bits.
                                                        : ... note: In instance 'bridge_experiment_tb.dut.experiment.session.recorder.encoder'
   74 |                     packet_bytes[index]<=~sum;state<=READY;
      |                                 ^
                     ... For warning description see https://verilator.org/warn/WIDTHTRUNC?v=5.051
                     ... Use "/* verilator lint_off WIDTHTRUNC */" and lint_on around source to disable this message.
%Warning-WIDTHTRUNC: src/experiment_event_packet.v:75:53: Bit extraction of array[63:0] requires 6 bit index, not 7 bits.
                                                        : ... note: In instance 'bridge_experiment_tb.dut.experiment.session.recorder.encoder'
   75 |                 end else begin sum<=sum+packet_bytes[index];index<=index+1'b1;end
      |                                                     ^
%Warning-WIDTHTRUNC: src/experiment_reply.v:80:60: Operator ASSIGNDLY expects 6 bits on the Assign RHS, but Assign RHS's SUB generates 7 bits.
                                                 : ... note: In instance 'bridge_experiment_tb.dut.experiment.session.transactions.replies'
   80 |                             reply_error<=status;reply_width<=total-7'd6;reply_data<=payload;
      |                                                            ^~
%Warning-WIDTHTRUNC: src/experiment_packet.v:47:21: Operator ASSIGN expects 4 bits on the Assign RHS, but Assign RHS's SHIFTR generates 32 or 7 bits.
                                                  : ... note: In instance 'bridge_experiment_tb.dut.experiment.session.transactions.builder'
   47 |                 axis=(index-15)>>2;
      |                     ^
%Warning-WIDTHEXPAND: src/trajectory_store.v:76:22: Operator XOR expects 32 bits on the RHS, but RHS's VARREF 'b' generates 8 bits.
                                                  : ... note: In instance 'bridge_experiment_tb.dut.trajectory.upload.memory_bank'
   76 |         begin c=value^b;for(k=0;k<8;k=k+1)c=(c>>1)^(c[0] ? 32'hedb88320 : 0);crc_byte=c;end
      |                      ^
%Warning-WIDTHEXPAND: src/trajectory_store.v:82:53: Operator SUB expects 32 bits on the LHS, but LHS's SIGNED generates 17 bits.
                                                  : ... note: In instance 'bridge_experiment_tb.dut.trajectory.upload.memory_bank'
   82 |     wire signed [31:0] offset=$signed({1'b0,target})-$signed({1'b0,home});
      |                                                     ^
%Warning-WIDTHEXPAND: src/trajectory_store.v:82:53: Operator SUB expects 32 bits on the RHS, but RHS's SIGNED generates 17 bits.
                                                  : ... note: In instance 'bridge_experiment_tb.dut.trajectory.upload.memory_bank'
   82 |     wire signed [31:0] offset=$signed({1'b0,target})-$signed({1'b0,home});
      |                                                     ^
%Warning-WIDTHEXPAND: src/trajectory_store.v:83:53: Operator SUB expects 32 bits on the LHS, but LHS's SIGNED generates 17 bits.
                                                  : ... note: In instance 'bridge_experiment_tb.dut.trajectory.upload.memory_bank'
   83 |     wire signed [31:0] change=$signed({1'b0,target})-$signed({1'b0,previous_targets[axis*16 +: 16]});
      |                                                     ^
%Warning-WIDTHEXPAND: src/trajectory_store.v:83:53: Operator SUB expects 32 bits on the RHS, but RHS's SIGNED generates 17 bits.
                                                  : ... note: In instance 'bridge_experiment_tb.dut.trajectory.upload.memory_bank'
   83 |     wire signed [31:0] change=$signed({1'b0,target})-$signed({1'b0,previous_targets[axis*16 +: 16]});
      |                                                     ^
%Warning-WIDTHEXPAND: src/trajectory_store.v:85:44: Operator NEQ expects 32 bits on the RHS, but RHS's VARREF 'delta' generates 16 bits.
                                                  : ... note: In instance 'bridge_experiment_tb.dut.trajectory.upload.memory_bank'
   85 |         || delta>32 || delta< -32 || change!=delta || (scan==0 && (target!=home || delta!=0)))
      |                                            ^~
%Warning-WIDTHTRUNC: src/hx_safety.v:41:35: Operator ASSIGNW expects 4 bits on the Assign RHS, but Assign RHS's SUB generates 32 or 8 bits.
                                          : ... note: In instance 'bridge_experiment_tb.dut.safety.supervisor'
   41 |     wire [AXIS_BITS-1:0] host_axis=hid-FIRST_ID;
      |                                   ^
%Warning-WIDTHTRUNC: src/hx_safety.v:42:38: Operator ASSIGNW expects 4 bits on the Assign RHS, but Assign RHS's SUB generates 32 or 8 bits.
                                          : ... note: In instance 'bridge_experiment_tb.dut.safety.supervisor'
   42 |     wire [AXIS_BITS-1:0] command_axis=host_packet[55:48]-FIRST_ID;
      |                                      ^
%Warning-WIDTHEXPAND: src/hx_safety.v:50:40: Operator EQ expects 8 bits on the RHS, but RHS's VARREF 'host_length' generates 7 bits.
                                           : ... note: In instance 'bridge_experiment_tb.dut.safety.supervisor'
   50 |         && host_packet[8*(3) +: 8]+8'd4==host_length && host_checksum==255;
      |                                        ^~
%Warning-WIDTHTRUNC: src/hx_safety.v:61:23: Operator ASSIGN expects 4 bits on the Assign RHS, but Assign RHS's SUB generates 32 or 8 bits.
                                          : ... note: In instance 'bridge_experiment_tb.dut.safety.supervisor'
   61 |             motor_axis=id-FIRST_ID;
      |                       ^
%Warning-WIDTHEXPAND: src/hx_safety.v:92:74: Operator SUB expects 32 bits on the LHS, but LHS's VARREF 'host_length' generates 7 bits.
                                           : ... note: In instance 'bridge_experiment_tb.dut.safety.supervisor'
   92 |                 allow_forward=write_ok(latched,armed,hid,addr,host_length-7,ordinary_zero,host_packet[55:48]==1);
      |                                                                          ^
%Warning-WIDTHEXPAND: src/hx_safety.v:98:35: Operator GT expects 32 bits on the LHS, but LHS's VARREF 'host_length' generates 7 bits.
                                           : ... note: In instance 'bridge_experiment_tb.dut.safety.supervisor'
   98 |                     if(host_length>q+1 && !write_ok(latched,armed,host_packet[8*q +: 8],addr,2,
      |                                   ^
%Warning-WIDTHEXPAND: src/hx_safety.v:105:35: Operator GT expects 32 bits on the LHS, but LHS's VARREF 'host_length' generates 7 bits.
                                            : ... note: In instance 'bridge_experiment_tb.dut.safety.supervisor'
  105 |                     if(host_length>q+1 && !write_ok(latched,armed,host_packet[8*q +: 8],addr,1,
      |                                   ^
%Warning-WIDTHTRUNC: src/hx_safety.v:121:37: Operator ASSIGNW expects 4 bits on the Assign RHS, but Assign RHS's SUB generates 32 or 8 bits.
                                           : ... note: In instance 'bridge_experiment_tb.dut.safety.supervisor'
  121 |     wire [AXIS_BITS-1:0] sample_axis=sample_id-FIRST_ID;
      |                                     ^
%Warning-WIDTHTRUNC: src/hx_safety.v:135:39: Bit extraction of array[20:0] requires 5 bit index, not 7 bits.
                                           : ... note: In instance 'bridge_experiment_tb.dut.safety.supervisor'
  135 |                     if(rx_count<21) rb[rx_count]<=servo_data;
      |                                       ^
%Warning-WIDTHTRUNC: src/hx_safety.v:139:44: Operator ASSIGNDLY expects 7 bits on the Assign RHS, but Assign RHS's ADD generates 32 or 8 bits.
                                           : ... note: In instance 'bridge_experiment_tb.dut.safety.supervisor'
  139 |                         else begin rx_total<=servo_data+4; rx_count<=4; end
      |                                            ^~
%Warning-WIDTHTRUNC: src/hx_safety.v:170:76: Operator ASSIGN expects 8 bits on the Assign RHS, but Assign RHS's ADD generates 32 bits.
                                           : ... note: In instance 'bridge_experiment_tb.dut.safety.supervisor'
  170 |                 if(!healthy[n]) begin trip_reason=sample_reason[n]; trip_id=FIRST_ID+n; end
      |                                                                            ^
%Warning-WIDTHTRUNC: src/hx_safety.v:171:88: Operator ASSIGN expects 8 bits on the Assign RHS, but Assign RHS's ADD generates 32 bits.
                                           : ... note: In instance 'bridge_experiment_tb.dut.safety.supervisor'
  171 |                 else if(feedback_age[n]>=FEEDBACK_TIMEOUT) begin trip_reason=7; trip_id=FIRST_ID+n; end
      |                                                                                        ^
%Warning-WIDTHTRUNC: src/hx_safety.v:172:86: Operator ASSIGN expects 8 bits on the Assign RHS, but Assign RHS's ADD generates 32 bits.
                                           : ... note: In instance 'bridge_experiment_tb.dut.safety.supervisor'
  172 |                 else if(command_age[n]>=COMMAND_TIMEOUT) begin trip_reason=8; trip_id=FIRST_ID+n; end
      |                                                                                      ^
%Warning-WIDTHEXPAND: src/hx_safety.v:176:24: Operator ASSIGNW expects 16 bits on the Assign RHS, but Assign RHS's VARREF 'armed' generates 9 bits.
                                            : ... note: In instance 'bridge_experiment_tb.dut.safety.supervisor'
  176 |     wire [15:0] armed16=armed;
      |                        ^
%Warning-WIDTHEXPAND: src/hx_safety.v:177:24: Operator ASSIGNW expects 16 bits on the Assign RHS, but Assign RHS's VARREF 'fresh' generates 9 bits.
                                            : ... note: In instance 'bridge_experiment_tb.dut.safety.supervisor'
  177 |     wire [15:0] fresh16=fresh;
      |                        ^
%Warning-WIDTHTRUNC: src/experiment_frame_log.v:61:64: Operator ASSIGN expects 8 bits on the Assign RHS, but Assign RHS's ADD generates 32 bits.
                                                     : ... note: In instance 'bridge_experiment_tb.dut.experiment.batched'
   61 |         begin final_id=0;for(k=0;k<9;k=k+1)if(value[k])final_id=k+4;end
      |                                                                ^
%Warning-WIDTHTRUNC: src/experiment_frame_log.v:67:32: Operator ASSIGNW expects 7 bits on the Assign RHS, but Assign RHS's SUB generates 32 or 9 bits.
                                                     : ... note: In instance 'bridge_experiment_tb.dut.experiment.batched'
   67 |     wire [6:0] raw_read_address=build_index-29;
      |                                ^
%Warning-WIDTHTRUNC: src/experiment_frame_log.v:68:37: Operator ASSIGNW expects 7 bits on the Assign RHS, but Assign RHS's SUB generates 32 or 9 bits.
                                                     : ... note: In instance 'bridge_experiment_tb.dut.experiment.batched'
   68 |     wire [6:0] metadata_read_address=build_index-29-raw_count;
      |                                     ^
%Warning-WIDTHEXPAND: src/experiment_frame_log.v:69:53: Operator ADD expects 8 bits on the RHS, but RHS's VARREF 'copy_index' generates 5 bits.
                                                      : ... note: In instance 'bridge_experiment_tb.dut.experiment.batched'
   69 |     wire [6:0] metadata_write_address=metadata_count+copy_index;
      |                                                     ^
%Warning-WIDTHTRUNC: src/experiment_frame_log.v:69:38: Operator ASSIGNW expects 7 bits on the Assign RHS, but Assign RHS's ADD generates 8 bits.
                                                     : ... note: In instance 'bridge_experiment_tb.dut.experiment.batched'
   69 |     wire [6:0] metadata_write_address=metadata_count+copy_index;
      |                                      ^
%Warning-WIDTHTRUNC: src/experiment_frame_log.v:85:42: Operator ASSIGN expects 8 bits on the Assign RHS, but Assign RHS's SUB generates 32 or 9 bits.
                                                     : ... note: In instance 'bridge_experiment_tb.dut.experiment.batched'
   85 |             2:build_byte=253;3:build_byte=packet_size-4;
      |                                          ^
%Warning-WIDTHEXPAND: src/experiment_frame_log.v:118:51: Operator ADD expects 8 bits on the RHS, but RHS's VARREF 'copy_length' generates 5 bits.
                                                       : ... note: In instance 'bridge_experiment_tb.dut.experiment.batched'
  118 |                     metadata_count<=metadata_count+copy_length;event_count<=event_count+1;
      |                                                   ^
%Warning-WIDTHEXPAND: src/experiment_frame_log.v:125:34: Operator ASSIGNDLY expects 9 bits on the Assign RHS, but Assign RHS's VARREF 'boundary_length' generates 7 bits.
                                                       : ... note: In instance 'bridge_experiment_tb.dut.experiment.batched'
  125 |                     lengths[tail]<=boundary_length;push=1;copying_boundary<=0;
      |                                  ^~
%Warning-WIDTHEXPAND: src/experiment_frame_log.v:130:46: Operator ADD expects 64 bits on the RHS, but RHS's VARREF 'period' generates 32 bits.
                                                       : ... note: In instance 'bridge_experiment_tb.dut.experiment.batched'
  130 |                     frame<=frame+1;base<=base+period;building<=0;build_done<=0;diagnostic<=0;
      |                                              ^
%Warning-WIDTHEXPAND: src/experiment_frame_log.v:145:88: Operator ADD expects 64 bits on the RHS, but RHS's VARREF 'period' generates 32 bits.
                                                       : ... note: In instance 'bridge_experiment_tb.dut.experiment.batched'
  145 |                     flush_pending<=0;partial<=0;diagnostic<=0;frame<=frame+1;base<=base+period;
      |                                                                                        ^
%Warning-WIDTHTRUNC: src/experiment_frame_log.v:170:32: Operator ASSIGNDLY expects 5 bits on the Assign RHS, but Assign RHS's ADD generates 32 bits.
                                                      : ... note: In instance 'bridge_experiment_tb.dut.experiment.batched'
  170 |                     copy_length<=13+index;copy_index<=0;copying_event<=1;
      |                                ^~
%Warning-WIDTHTRUNC: impl/fixed-pd/fixed_pd.v:41:79: Operator ASSIGNDLY expects 16 bits on the Assign RHS, but Assign RHS's COND generates 32 bits.
                                                   : ... note: In instance 'bridge_experiment_tb.dut.law'
   41 | reg signed [31:0] raw;always @(posedge clk) begin raw <= node_7/32'sd256;duty <= raw>limit ? limit : (raw< -limit ? -limit : raw);end
      |                                                                               ^~
%Warning-WIDTHEXPAND: src/trajectory_upload.v:17:82: Operator EQ expects 9 bits on the RHS, but RHS's VARREF 'packet_length' generates 7 bits.
                                                   : ... note: In instance 'bridge_experiment_tb.dut.trajectory.upload'
   17 |     wire framing=packet_ok && packet[15:0]==16'hffff && {1'b0,packet[31:24]}+9'd4==packet_length;
      |                                                                                  ^~
%Warning-WIDTHEXPAND: src/host_packet_queue.v:46:34: Operator COND expects 512 bits on the Conditional True, but Conditional True's VARREF 'priority_packet' generates 64 bits.
                                                   : ... note: In instance 'bridge_experiment_tb.dut.buffered_host.host_queue'
   46 |     assign packet=priority_valid ? priority_packet : packets[rd];
      |                                  ^
%Warning-WIDTHTRUNC: src/host_packet_queue.v:70:30: Bit extraction of array[63:0] requires 6 bit index, not 7 bits.
                                                  : ... note: In instance 'bridge_experiment_tb.dut.buffered_host.host_queue'
   70 |                         bytes[index]<=data;sum<=sum+data;
      |                              ^
%Warning-WIDTHTRUNC: src/host_packet_queue.v:71:43: Operator ASSIGNDLY expects 7 bits on the Assign RHS, but Assign RHS's ADD generates 32 or 8 bits.
                                                  : ... note: In instance 'bridge_experiment_tb.dut.buffered_host.host_queue'
   71 |                         if(index==3) total<=data+4;
      |                                           ^~
%Warning-WIDTHEXPAND: src/bridge_control.v:80:24: Operator ASSIGN expects 4 bits on the Assign RHS, but Assign RHS's VARREF 'C_H1' generates 3 bits.
                                                : ... note: In instance 'bridge_experiment_tb.dut'
   80 |     reg [3:0] cstate = C_H1;
      |                        ^~~~
%Warning-WIDTHEXPAND: src/bridge_control.v:119:64: Operator SUB expects 32 bits on the LHS, but LHS's SIGNED generates 17 bits.
                                                 : ... note: In instance 'bridge_experiment_tb.dut'
  119 |     wire signed [31:0] axis_error=$signed({1'b0,targets[axis]})-$signed({1'b0,axis_position});
      |                                                                ^
%Warning-WIDTHEXPAND: src/bridge_control.v:119:64: Operator SUB expects 32 bits on the RHS, but RHS's SIGNED generates 17 bits.
                                                 : ... note: In instance 'bridge_experiment_tb.dut'
  119 |     wire signed [31:0] axis_error=$signed({1'b0,targets[axis]})-$signed({1'b0,axis_position});
      |                                                                ^
%Warning-WIDTHEXPAND: src/bridge_control.v:120:65: Operator SUB expects 32 bits on the LHS, but LHS's SIGNED generates 17 bits.
                                                 : ... note: In instance 'bridge_experiment_tb.dut'
  120 |     wire signed [31:0] axis_travel=$signed({1'b0,axis_position})-$signed({1'b0,axis_anchor});
      |                                                                 ^
%Warning-WIDTHEXPAND: src/bridge_control.v:120:65: Operator SUB expects 32 bits on the RHS, but RHS's SIGNED generates 17 bits.
                                                 : ... note: In instance 'bridge_experiment_tb.dut'
  120 |     wire signed [31:0] axis_travel=$signed({1'b0,axis_position})-$signed({1'b0,axis_anchor});
      |                                                                 ^
%Warning-WIDTHEXPAND: src/bridge_control.v:156:18: Operator NEQ expects 4 bits on the RHS, but RHS's VARREF 'C_SEND' generates 3 bits.
                                                 : ... note: In instance 'bridge_experiment_tb.dut'
  156 |         && cstate!=C_SEND && !s_tx_busy && stop_gap==0 && reply_wait==0 && rx_quiet>=SERVO_CLKS*20;
      |                  ^~
%Warning-WIDTHEXPAND: src/bridge_control.v:157:30: Operator EQ expects 4 bits on the RHS, but RHS's VARREF 'C_CHECK' generates 3 bits.
                                                 : ... note: In instance 'bridge_experiment_tb.dut'
  157 |     wire check_safety=(cstate==C_CHECK) && !stop_active && !begin_stop && !s_tx_busy && stop_gap==0;
      |                              ^~
%Warning-WIDTHEXPAND: src/bridge_control.v:301:51: Operator NEQ expects 4 bits on the RHS, but RHS's VARREF 'C_SEND' generates 3 bits.
                                                 : ... note: In instance 'bridge_experiment_tb.dut'
  301 |     wire servo_tx_enable = !(RELEASE_TX && cstate != C_SEND && !stop_active && !s_tx_busy);
      |                                                   ^~
%Warning-WIDTHEXPAND: src/bridge_control.v:305:30: Operator NEQ expects 4 bits on the RHS, but RHS's VARREF 'C_SEND' generates 3 bits.
                                                 : ... note: In instance 'bridge_experiment_tb.dut'
  305 |     wire listening = (cstate != C_SEND) && !stop_active && !s_tx_busy && (guard == 0);
      |                              ^~
%Warning-WIDTHEXPAND: src/bridge_control.v:315:38: Operator EQ expects 4 bits on the RHS, but RHS's VARREF 'C_H1' generates 3 bits.
                                                 : ... note: In instance 'bridge_experiment_tb.dut'
  315 |         if(experiment_owner && cstate==C_H1 && !s_tx_busy && reply_wait==0 && rx_quiet>=SERVO_CLKS*20)
      |                                      ^~
%Warning-WIDTHEXPAND: src/bridge_control.v:322:20: Operator ASSIGNDLY expects 4 bits on the Assign RHS, but Assign RHS's VARREF 'C_H1' generates 3 bits.
                                                 : ... note: In instance 'bridge_experiment_tb.dut'
  322 |             cstate <= C_H1;
      |                    ^~
%Warning-WIDTHEXPAND: src/bridge_control.v:357:43: Operator COND expects 4 bits on the Conditional True, but Conditional True's VARREF 'C_CHECK' generates 3 bits.
                                                 : ... note: In instance 'bridge_experiment_tb.dut'
  357 |                     cstate<=SAFETY_ENABLE ? C_CHECK : C_SEND;experiment_owner<=0;
      |                                           ^
%Warning-WIDTHEXPAND: src/bridge_control.v:357:43: Operator COND expects 4 bits on the Conditional False, but Conditional False's VARREF 'C_SEND' generates 3 bits.
                                                 : ... note: In instance 'bridge_experiment_tb.dut'
  357 |                     cstate<=SAFETY_ENABLE ? C_CHECK : C_SEND;experiment_owner<=0;
      |                                           ^
%Warning-WIDTHEXPAND: src/bridge_control.v:361:47: Operator ASSIGNDLY expects 4 bits on the Assign RHS, but Assign RHS's VARREF 'C_CHECK' generates 3 bits.
                                                 : ... note: In instance 'bridge_experiment_tb.dut'
  361 |                     experiment_owner<=1;cstate<=C_CHECK;
      |                                               ^~
%Warning-WIDTHEXPAND: src/bridge_control.v:363:60: Operator ASSIGNDLY expects 4 bits on the Assign RHS, but Assign RHS's VARREF 'C_H2' generates 3 bits.
                                                 : ... note: In instance 'bridge_experiment_tb.dut'
  363 |                     pbuf[0] <= 8'hFF; pcnt <= 7'd1; cstate <= C_H2;
      |                                                            ^~
%Warning-WIDTHEXPAND: src/bridge_control.v:368:64: Operator ASSIGNDLY expects 4 bits on the Assign RHS, but Assign RHS's VARREF 'C_BODY' generates 3 bits.
                                                 : ... note: In instance 'bridge_experiment_tb.dut'
  368 |                         pbuf[1] <= 8'hFF; pcnt <= 7'd2; cstate <= C_BODY;
      |                                                                ^~
%Warning-WIDTHEXPAND: src/bridge_control.v:371:32: Operator ASSIGNDLY expects 4 bits on the Assign RHS, but Assign RHS's VARREF 'C_H1' generates 3 bits.
                                                 : ... note: In instance 'bridge_experiment_tb.dut'
  371 |                         cstate <= C_H1;
      |                                ^~
%Warning-WIDTHTRUNC: src/bridge_control.v:375:25: Bit extraction of array[63:0] requires 6 bit index, not 7 bits.
                                                : ... note: In instance 'bridge_experiment_tb.dut'
  375 |                     pbuf[pcnt] <= h_data;
      |                         ^
%Warning-WIDTHTRUNC: src/bridge_control.v:379:30: Operator ASSIGNDLY expects 7 bits on the Assign RHS, but Assign RHS's ADD generates 8 bits.
                                                : ... note: In instance 'bridge_experiment_tb.dut'
  379 |                         ptot <= h_data + 7'd4;
      |                              ^~
%Warning-WIDTHEXPAND: src/bridge_control.v:380:76: Operator ASSIGNDLY expects 4 bits on the Assign RHS, but Assign RHS's VARREF 'C_H1' generates 3 bits.
                                                 : ... note: In instance 'bridge_experiment_tb.dut'
  380 |                         if(SAFETY_ENABLE && (h_data<2 || h_data>60)) cstate<=C_H1;
      |                                                                            ^~
%Warning-WIDTHEXPAND: src/bridge_control.v:384:49: Operator COND expects 4 bits on the Conditional True, but Conditional True's VARREF 'C_CHECK' generates 3 bits.
                                                 : ... note: In instance 'bridge_experiment_tb.dut'
  384 |                         cstate <= SAFETY_ENABLE ? C_CHECK : C_SEND;
      |                                                 ^
%Warning-WIDTHEXPAND: src/bridge_control.v:384:49: Operator COND expects 4 bits on the Conditional False, but Conditional False's VARREF 'C_SEND' generates 3 bits.
                                                 : ... note: In instance 'bridge_experiment_tb.dut'
  384 |                         cstate <= SAFETY_ENABLE ? C_CHECK : C_SEND;
      |                                                 ^
%Warning-WIDTHEXPAND: src/bridge_control.v:386:32: Operator ASSIGNDLY expects 4 bits on the Assign RHS, but Assign RHS's VARREF 'C_H1' generates 3 bits.
                                                 : ... note: In instance 'bridge_experiment_tb.dut'
  386 |                         cstate <= C_H1;               
      |                                ^~
%Warning-WIDTHEXPAND: src/bridge_control.v:425:53: Operator ASSIGNDLY expects 4 bits on the Assign RHS, but Assign RHS's VARREF 'C_LOCAL' generates 3 bits.
                                                 : ... note: In instance 'bridge_experiment_tb.dut'
  425 |                     end else if(safety_local) cstate<=C_LOCAL;
      |                                                     ^~
%Warning-WIDTHEXPAND: src/bridge_control.v:426:64: Operator ASSIGNDLY expects 4 bits on the Assign RHS, but Assign RHS's VARREF 'C_SEND' generates 3 bits.
                                                 : ... note: In instance 'bridge_experiment_tb.dut'
  426 |                     else if(safety_allow) begin pidx<=0; cstate<=C_SEND; end
      |                                                                ^~
%Warning-WIDTHEXPAND: src/bridge_control.v:427:47: Operator ASSIGNDLY expects 4 bits on the Assign RHS, but Assign RHS's VARREF 'C_H1' generates 3 bits.
                                                 : ... note: In instance 'bridge_experiment_tb.dut'
  427 |                     else begin pcnt<=0; cstate<=C_H1; end
      |                                               ^~
%Warning-WIDTHTRUNC: src/bridge_control.v:455:29: Bit extraction of array[63:0] requires 6 bit index, not 7 bits.
                                                : ... note: In instance 'bridge_experiment_tb.dut'
  455 |                         pbuf[build_index]<=control_wait==0 ? axis+4 : control_wait==1
      |                             ^
%Warning-WIDTHEXPAND: src/bridge_control.v:455:66: Operator ADD expects 32 or 8 bits on the LHS, but LHS's VARREF 'axis' generates 4 bits.
                                                 : ... note: In instance 'bridge_experiment_tb.dut'
  455 |                         pbuf[build_index]<=control_wait==0 ? axis+4 : control_wait==1
      |                                                                  ^
%Warning-WIDTHTRUNC: src/bridge_control.v:468:29: Bit extraction of array[63:0] requires 6 bit index, not 7 bits.
                                                : ... note: In instance 'bridge_experiment_tb.dut'
  468 |                         pbuf[pidx]<=~build_sum; packet_checksum<=255; cstate<=C_CHECK;
      |                             ^
%Warning-WIDTHEXPAND: src/bridge_control.v:468:77: Operator ASSIGNDLY expects 4 bits on the Assign RHS, but Assign RHS's VARREF 'C_CHECK' generates 3 bits.
                                                 : ... note: In instance 'bridge_experiment_tb.dut'
  468 |                         pbuf[pidx]<=~build_sum; packet_checksum<=255; cstate<=C_CHECK;
      |                                                                             ^~
%Warning-WIDTHTRUNC: src/bridge_control.v:469:61: Bit extraction of array[63:0] requires 6 bit index, not 7 bits.
                                                : ... note: In instance 'bridge_experiment_tb.dut'
  469 |                     end else begin build_sum<=build_sum+pbuf[pidx]; pidx<=pidx+1; end
      |                                                             ^
%Warning-WIDTHEXPAND: src/bridge_control.v:471:62: Operator ASSIGNDLY expects 4 bits on the Assign RHS, but Assign RHS's VARREF 'C_LOCAL' generates 3 bits.
                                                 : ... note: In instance 'bridge_experiment_tb.dut'
  471 |                 C_CTL_FAULT: begin experiment_owner<=0;cstate<=C_LOCAL;end
      |                                                              ^~
%Warning-WIDTHEXPAND: src/bridge_control.v:473:51: Operator ASSIGNDLY expects 4 bits on the Assign RHS, but Assign RHS's VARREF 'C_H1' generates 3 bits.
                                                 : ... note: In instance 'bridge_experiment_tb.dut'
  473 |                 C_TRAJ_REPLY: begin pcnt<=0;cstate<=C_H1;end
      |                                                   ^~
%Warning-WIDTHEXPAND: src/bridge_control.v:474:47: Operator ASSIGNDLY expects 4 bits on the Assign RHS, but Assign RHS's VARREF 'C_H1' generates 3 bits.
                                                 : ... note: In instance 'bridge_experiment_tb.dut'
  474 |                 C_LOCAL: begin pcnt<=0; cstate<=C_H1; end
      |                                               ^~
%Warning-WIDTHEXPAND: src/bridge_control.v:476:101: Operator ASSIGNDLY expects 4 bits on the Assign RHS, but Assign RHS's VARREF 'C_H1' generates 3 bits.
                                                  : ... note: In instance 'bridge_experiment_tb.dut'
  476 |                     if(experiment_owner) begin experiment_control_done<=1;experiment_owner<=0;cstate<=C_H1;end
      |                                                                                                     ^~
%Warning-WIDTHEXPAND: src/bridge_control.v:477:32: Operator ASSIGNDLY expects 4 bits on the Assign RHS, but Assign RHS's VARREF 'C_LOCAL' generates 3 bits.
                                                 : ... note: In instance 'bridge_experiment_tb.dut'
  477 |                     else cstate<=C_LOCAL;
      |                                ^~
%Warning-WIDTHEXPAND: src/bridge_control.v:480:35: Operator ASSIGNDLY expects 4 bits on the Assign RHS, but Assign RHS's VARREF 'C_H1' generates 3 bits.
                                                 : ... note: In instance 'bridge_experiment_tb.dut'
  480 |                     pcnt<=0;cstate<=C_H1;
      |                                   ^~
%Warning-WIDTHTRUNC: src/bridge_control.v:482:39: Bit extraction of array[63:0] requires 6 bit index, not 7 bits.
                                                : ... note: In instance 'bridge_experiment_tb.dut'
  482 |                     s_tx_data  <= pbuf[pidx];
      |                                       ^
%Warning-WIDTHEXPAND: src/bridge_control.v:487:69: Operator COND expects 4 bits on the Conditional True, but Conditional True's VARREF 'C_RECEIPT' generates 3 bits.
                                                 : ... note: In instance 'bridge_experiment_tb.dut'
  487 |                         cstate <= (SAFETY_ENABLE && pbuf[4]==8'h83) ? C_RECEIPT : C_H1;
      |                                                                     ^
%Warning-WIDTHEXPAND: src/bridge_control.v:487:69: Operator COND expects 4 bits on the Conditional False, but Conditional False's VARREF 'C_H1' generates 3 bits.
                                                 : ... note: In instance 'bridge_experiment_tb.dut'
  487 |                         cstate <= (SAFETY_ENABLE && pbuf[4]==8'h83) ? C_RECEIPT : C_H1;
      |                                                                     ^
%Warning-WIDTHEXPAND: src/bridge_control.v:492:33: Operator ASSIGNDLY expects 4 bits on the Assign RHS, but Assign RHS's VARREF 'C_H1' generates 3 bits.
                                                 : ... note: In instance 'bridge_experiment_tb.dut'
  492 |                 default: cstate <= C_H1;
      |                                 ^~
%Warning-WIDTHEXPAND: src/bridge_control.v:353:13: Operator CASE expects 32 or 4 bits on the Case Item, but Case Item's VARREF 'C_H1' generates 3 bits.
                                                 : ... note: In instance 'bridge_experiment_tb.dut'
  353 |             case (cstate)
      |             ^~~~
%Warning-WIDTHEXPAND: src/bridge_control.v:353:13: Operator CASE expects 32 or 4 bits on the Case Item, but Case Item's VARREF 'C_H2' generates 3 bits.
                                                 : ... note: In instance 'bridge_experiment_tb.dut'
  353 |             case (cstate)
      |             ^~~~
%Warning-WIDTHEXPAND: src/bridge_control.v:353:13: Operator CASE expects 32 or 4 bits on the Case Item, but Case Item's VARREF 'C_BODY' generates 3 bits.
                                                 : ... note: In instance 'bridge_experiment_tb.dut'
  353 |             case (cstate)
      |             ^~~~
%Warning-WIDTHEXPAND: src/bridge_control.v:353:13: Operator CASE expects 32 or 4 bits on the Case Item, but Case Item's VARREF 'C_CHECK' generates 3 bits.
                                                 : ... note: In instance 'bridge_experiment_tb.dut'
  353 |             case (cstate)
      |             ^~~~
%Warning-WIDTHEXPAND: src/bridge_control.v:353:13: Operator CASE expects 32 or 4 bits on the Case Item, but Case Item's VARREF 'C_LOCAL' generates 3 bits.
                                                 : ... note: In instance 'bridge_experiment_tb.dut'
  353 |             case (cstate)
      |             ^~~~
%Warning-WIDTHEXPAND: src/bridge_control.v:353:13: Operator CASE expects 32 or 4 bits on the Case Item, but Case Item's VARREF 'C_RECEIPT' generates 3 bits.
                                                 : ... note: In instance 'bridge_experiment_tb.dut'
  353 |             case (cstate)
      |             ^~~~
%Warning-WIDTHEXPAND: src/bridge_control.v:353:13: Operator CASE expects 32 or 4 bits on the Case Item, but Case Item's VARREF 'C_SEND' generates 3 bits.
                                                 : ... note: In instance 'bridge_experiment_tb.dut'
  353 |             case (cstate)
      |             ^~~~
%Warning-WIDTHEXPAND: src/bridge_control.v:514:25: Operator EQ expects 4 bits on the RHS, but RHS's VARREF 'C_H1' generates 3 bits.
                                                 : ... note: In instance 'bridge_experiment_tb.dut'
  514 |     wire bus_idle=cstate==C_H1 && !stop_active && !begin_stop && !s_tx_busy
      |                         ^~
%Warning-WIDTHEXPAND: src/bridge_control.v:519:33: Operator EQ expects 4 bits on the RHS, but RHS's VARREF 'C_H1' generates 3 bits.
                                                 : ... note: In instance 'bridge_experiment_tb.dut'
  519 |     wire control_bus_idle=cstate==C_H1 && !stop_active && !begin_stop && !s_tx_busy
      |                                 ^~
%Warning-WIDTHEXPAND: src/bridge_control.v:523:21: Operator GTE expects 9 bits on the LHS, but LHS's VARREF 'fifo_free' generates 8 bits.
                                                 : ... note: In instance 'bridge_experiment_tb.dut'
  523 |         && fifo_free>=experiment_log_length && experiment_log_length>=6 && experiment_log_length<=255;
      |                     ^~
%Warning-WIDTHEXPAND: src/bridge_control.v:528:94: Operator EQ expects 4 bits on the RHS, but RHS's VARREF 'C_SEND' generates 3 bits.
                                                 : ... note: In instance 'bridge_experiment_tb.dut'
  528 |         || (s_valid && !batch_capture_active && experiment_log_sending) || (h_valid && cstate==C_SEND);
      |                                                                                              ^~
%Warning-WIDTHEXPAND: src/bridge_control.v:560:22: Operator EQ expects 4 bits on the RHS, but RHS's VARREF 'C_LOCAL' generates 3 bits.
                                                 : ... note: In instance 'bridge_experiment_tb.dut'
  560 |             if(cstate==C_LOCAL) begin
      |                      ^~
%Warning-WIDTHTRUNC: src/bridge_control.v:584:38: Bit extraction of array[30:0] requires 5 bit index, not 6 bits.
                                                : ... note: In instance 'bridge_experiment_tb.dut'
  584 |                 fifo[wptr]<=local_buf[local_index]; wptr<=wptr+1;
      |                                      ^
%Warning-WIDTHEXPAND: tb/bridge_experiment_tb.v:45:27: Operator ADD expects 32 bits on the LHS, but LHS's VARREF 'sb' generates 8 bits.
                                                     : ... note: In instance 'bridge_experiment_tb'
   45 |             if(cn==3)ct=sb+4;cn=cn+1;
      |                           ^
%Warning-WIDTHEXPAND: tb/bridge_experiment_tb.v:50:29: Operator ASSIGN expects 32 bits on the Assign RHS, but Assign RHS's ARRAYSEL generates 8 bits.
                                                     : ... note: In instance 'bridge_experiment_tb'
   50 |                     reply_id=command[2];reply_address=command[5];reply_width=command[6];reply_pending=1;
      |                             ^
%Warning-WIDTHEXPAND: tb/bridge_experiment_tb.v:50:54: Operator ASSIGN expects 32 bits on the Assign RHS, but Assign RHS's ARRAYSEL generates 8 bits.
                                                     : ... note: In instance 'bridge_experiment_tb'
   50 |                     reply_id=command[2];reply_address=command[5];reply_width=command[6];reply_pending=1;
      |                                                      ^
%Warning-WIDTHEXPAND: tb/bridge_experiment_tb.v:50:77: Operator ASSIGN expects 32 bits on the Assign RHS, but Assign RHS's ARRAYSEL generates 8 bits.
                                                     : ... note: In instance 'bridge_experiment_tb'
   50 |                     reply_id=command[2];reply_address=command[5];reply_width=command[6];reply_pending=1;
      |                                                                             ^
%Warning-WIDTHEXPAND: tb/bridge_experiment_tb.v:61:42: Operator NEQ expects 32 bits on the LHS, but LHS's ARRAYSEL generates 8 bits.
                                                     : ... note: In instance 'bridge_experiment_tb'
   61 |                         if(command[7+i*3]!=i+FIRST_ID)$fatal(1,"motor order");
      |                                          ^~
%Warning-WIDTHTRUNC: tb/bridge_experiment_tb.v:69:41: Operator ASSIGN expects 1 bits on the Assign RHS, but Assign RHS's ARRAYSEL generates 8 bits.
                                                    : ... note: In instance 'bridge_experiment_tb'
   69 |                     torque[command[2]-4]=command[6];
      |                                         ^
%Warning-WIDTHEXPAND: tb/bridge_experiment_tb.v:79:33: Operator ADD expects 32 bits on the LHS, but LHS's VARREF 'hb' generates 8 bits.
                                                     : ... note: In instance 'bridge_experiment_tb'
   79 |             if(hn==3)begin ht=hb+4;if(ht>255 || ht<6)$fatal(1,"invalid host frame size");end
      |                                 ^
%Warning-WIDTHEXPAND: tb/bridge_experiment_tb.v:86:55: Operator COND expects 32 bits on the Conditional True, but Conditional True's ARRAYSEL generates 8 bits.
                                                     : ... note: In instance 'bridge_experiment_tb'
   86 |                     records=records+(host_frame[5]==2 ? host_frame[23] : 1);
      |                                                       ^
%Warning-WIDTHEXPAND: tb/bridge_experiment_tb.v:88:104: Operator ASSIGN expects 32 bits on the Assign RHS, but Assign RHS's ARRAYSEL generates 8 bits.
                                                      : ... note: In instance 'bridge_experiment_tb'
   88 |                     if(host_frame[5]==1 && host_frame[7]==4)begin terminals=terminals+1;terminal_result=host_frame[15];end
      |                                                                                                        ^
%Warning-WIDTHTRUNC: tb/bridge_experiment_tb.v:124:56: Operator ASSIGN expects 8 bits on the Assign RHS, but Assign RHS's VARREF 'reply_id' generates 32 bits.
                                                     : ... note: In instance 'bridge_experiment_tb'
  124 |             response[0]=255;response[1]=255;response[2]=reply_id;response[3]=reply_width+2;
      |                                                        ^
%Warning-WIDTHTRUNC: tb/bridge_experiment_tb.v:124:77: Operator ASSIGN expects 8 bits on the Assign RHS, but Assign RHS's ADD generates 32 bits.
                                                     : ... note: In instance 'bridge_experiment_tb'
  124 |             response[0]=255;response[1]=255;response[2]=reply_id;response[3]=reply_width+2;
      |                                                                             ^
%Warning-WIDTHTRUNC: tb/bridge_experiment_tb.v:126:53: Operator ASSIGN expects 8 bits on the Assign RHS, but Assign RHS's VARREF 'position' generates 32 bits.
                                                     : ... note: In instance 'bridge_experiment_tb'
  126 |                 position=2000+reply_id-4;response[5]=position;response[6]=position>>8;response[11]=120;response[12]=40;
      |                                                     ^
%Warning-WIDTHTRUNC: tb/bridge_experiment_tb.v:126:74: Operator ASSIGN expects 8 bits on the Assign RHS, but Assign RHS's SHIFTR generates 32 bits.
                                                     : ... note: In instance 'bridge_experiment_tb'
  126 |                 position=2000+reply_id-4;response[5]=position;response[6]=position>>8;response[11]=120;response[12]=40;
      |                                                                          ^
%Warning-WIDTHEXPAND: tb/bridge_experiment_tb.v:128:28: Operator ASSIGN expects 8 bits on the Assign RHS, but Assign RHS's ARRAYSEL generates 1 bits.
                                                      : ... note: In instance 'bridge_experiment_tb'
  128 |                 response[5]=torque[reply_id-4];response[9]=pwm[reply_id-4];response[10]=pwm[reply_id-4]>>8;
      |                            ^
%Warning-WIDTHTRUNC: tb/bridge_experiment_tb.v:128:59: Operator ASSIGN expects 8 bits on the Assign RHS, but Assign RHS's ARRAYSEL generates 16 bits.
                                                     : ... note: In instance 'bridge_experiment_tb'
  128 |                 response[5]=torque[reply_id-4];response[9]=pwm[reply_id-4];response[10]=pwm[reply_id-4]>>8;
      |                                                           ^
%Warning-WIDTHTRUNC: tb/bridge_experiment_tb.v:128:88: Operator ASSIGN expects 8 bits on the Assign RHS, but Assign RHS's SHIFTR generates 16 bits.
                                                     : ... note: In instance 'bridge_experiment_tb'
  128 |                 response[5]=torque[reply_id-4];response[9]=pwm[reply_id-4];response[10]=pwm[reply_id-4]>>8;
      |                                                                                        ^
%Warning-WIDTHEXPAND: tb/bridge_experiment_tb.v:127:38: Operator EQ expects 32 bits on the RHS, but RHS's CONST '8'h28' generates 8 bits.
                                                      : ... note: In instance 'bridge_experiment_tb'
  127 |             end else if(reply_address==8'h28)begin
      |                                      ^~
%Warning-WIDTHEXPAND: tb/bridge_experiment_tb.v:125:29: Operator EQ expects 32 bits on the RHS, but RHS's CONST '8'h38' generates 8 bits.
                                                      : ... note: In instance 'bridge_experiment_tb'
  125 |             if(reply_address==8'h38)begin
      |                             ^~
%Warning-WIDTHEXPAND: tb/bridge_experiment_tb.v:132:55: Operator EQ expects 32 bits on the RHS, but RHS's CONST '8'h38' generates 8 bits.
                                                      : ... note: In instance 'bridge_experiment_tb'
  132 |             if(running && scenario==6 && reply_address==8'h38) response[size-1]=response[size-1]^1;
      |                                                       ^~
%Warning-WIDTHEXPAND: tb/bridge_experiment_tb.v:133:55: Operator EQ expects 32 bits on the RHS, but RHS's CONST '8'h38' generates 8 bits.
                                                      : ... note: In instance 'bridge_experiment_tb'
  133 |             if(running && scenario==7 && reply_address==8'h38) size=7;
      |                                                       ^~
%Warning-WIDTHEXPAND: tb/bridge_experiment_tb.v:122:82: Operator EQ expects 32 bits on the RHS, but RHS's CONST '8'h38' generates 8 bits.
                                                      : ... note: In instance 'bridge_experiment_tb'
  122 |         if(!(running && scenario==1 && reply_id==(FAST ? 10 : 6) && reply_address==8'h38))begin
      |                                                                                  ^~
%Warning-WIDTHEXPAND: tb/bridge_experiment_tb.v:153:78: Operator TASKREF 'send' expects 32 bits on the Function Argument, but Function Argument's ARRAYSEL generates 7 bits.
                                                      : ... note: In instance 'bridge_experiment_tb'
  153 |             for(i=0;i<64;i=i+1)message[i]=packets[j][i*8 +: 8];base=receipts;send(lengths[j]);wait(receipts>base);
      |                                                                              ^~~~
%Warning-WIDTHTRUNC: tb/bridge_experiment_tb.v:157:53: Operator ASSIGN expects 8 bits on the Assign RHS, but Assign RHS's VARREF 'j' generates 32 bits.
                                                     : ... note: In instance 'bridge_experiment_tb'
  157 |             message[0]=255;message[1]=255;message[2]=j;message[3]=4;message[4]=2;message[5]=8'h38;message[6]=15;
      |                                                     ^
%Warning-WIDTHTRUNC: tb/bridge_experiment_tb.v:159:81: Operator ASSIGN expects 8 bits on the Assign RHS, but Assign RHS's VARREF 'j' generates 32 bits.
                                                     : ... note: In instance 'bridge_experiment_tb'
  159 |             message[2]=254;message[3]=4;message[4]=8'ha0;message[5]=1;message[6]=j;
      |                                                                                 ^
%Warning-WIDTHTRUNC: tb/bridge_experiment_tb.v:161:23: Operator ASSIGN expects 8 bits on the Assign RHS, but Assign RHS's VARREF 'j' generates 32 bits.
                                                     : ... note: In instance 'bridge_experiment_tb'
  161 |             message[2]=j;message[3]=4;message[4]=3;message[5]=8'h28;message[6]=1;
      |                       ^
%Warning-WIDTHTRUNC: tb/bridge_experiment_tb.v:190:57: Operator ASSIGN expects 8 bits on the Assign RHS, but Assign RHS's AND generates 32 or 9 bits.
                                                     : ... note: In instance 'bridge_experiment_tb'
  190 |                 message[4]=8'ha0;message[5]=5;message[6]=MASK&255;message[7]=MASK>>8;
      |                                                         ^
%Warning-WIDTHTRUNC: tb/bridge_experiment_tb.v:190:77: Operator ASSIGN expects 8 bits on the Assign RHS, but Assign RHS's SHIFTR generates 32 or 9 bits.
                                                     : ... note: In instance 'bridge_experiment_tb'
  190 |                 message[4]=8'ha0;message[5]=5;message[6]=MASK&255;message[7]=MASK>>8;
      |                                                                             ^
g++ -Os  -I.  -MMD -I/Users/elliot/.local/opt/oss-cad-suite/share/verilator/include -I/Users/elliot/.local/opt/oss-cad-suite/share/verilator/include/vltstd -DVERILATOR=1 -DVM_COVERAGE=0 -DVM_SC=0 -DVM_TIMING=1 -DVM_TRACE=0 -DVM_TRACE_FST=0 -DVM_TRACE_VCD=0 -DVM_TRACE_SAIF=0 -DVM_VPI=0 -faligned-new -fbracket-depth=4096 -fcf-protection=none -Xclang -fno-pch-timestamp -Qunused-arguments  -Wno-c++11-narrowing -Wno-constant-logical-operand -Wno-int-in-bool-context -Wno-non-pod-varargs -Wno-parentheses-equality -Wno-shadow -Wno-sign-compare  -Wno-tautological-compare -Wno-uninitialized -Wno-unnecessary-virtual-specifier -Wno-unused-but-set-parameter -Wno-unused-but-set-variable -Wno-unused-parameter -Wno-unused-variable -Wno-vla-cxx-extension    -DVL_TIME_CONTEXT   -std=gnu++20 -c -o verilated.o /Users/elliot/.local/opt/oss-cad-suite/share/verilator/include/verilated.cpp
g++ -Os  -I.  -MMD -I/Users/elliot/.local/opt/oss-cad-suite/share/verilator/include -I/Users/elliot/.local/opt/oss-cad-suite/share/verilator/include/vltstd -DVERILATOR=1 -DVM_COVERAGE=0 -DVM_SC=0 -DVM_TIMING=1 -DVM_TRACE=0 -DVM_TRACE_FST=0 -DVM_TRACE_VCD=0 -DVM_TRACE_SAIF=0 -DVM_VPI=0 -faligned-new -fbracket-depth=4096 -fcf-protection=none -Xclang -fno-pch-timestamp -Qunused-arguments  -Wno-c++11-narrowing -Wno-constant-logical-operand -Wno-int-in-bool-context -Wno-non-pod-varargs -Wno-parentheses-equality -Wno-shadow -Wno-sign-compare  -Wno-tautological-compare -Wno-uninitialized -Wno-unnecessary-virtual-specifier -Wno-unused-but-set-parameter -Wno-unused-but-set-variable -Wno-unused-parameter -Wno-unused-variable -Wno-vla-cxx-extension    -DVL_TIME_CONTEXT   -std=gnu++20 -c -o verilated_timing.o /Users/elliot/.local/opt/oss-cad-suite/share/verilator/include/verilated_timing.cpp
g++ -Os  -I.  -MMD -I/Users/elliot/.local/opt/oss-cad-suite/share/verilator/include -I/Users/elliot/.local/opt/oss-cad-suite/share/verilator/include/vltstd -DVERILATOR=1 -DVM_COVERAGE=0 -DVM_SC=0 -DVM_TIMING=1 -DVM_TRACE=0 -DVM_TRACE_FST=0 -DVM_TRACE_VCD=0 -DVM_TRACE_SAIF=0 -DVM_VPI=0 -faligned-new -fbracket-depth=4096 -fcf-protection=none -Xclang -fno-pch-timestamp -Qunused-arguments  -Wno-c++11-narrowing -Wno-constant-logical-operand -Wno-int-in-bool-context -Wno-non-pod-varargs -Wno-parentheses-equality -Wno-shadow -Wno-sign-compare  -Wno-tautological-compare -Wno-uninitialized -Wno-unnecessary-virtual-specifier -Wno-unused-but-set-parameter -Wno-unused-but-set-variable -Wno-unused-parameter -Wno-unused-variable -Wno-vla-cxx-extension    -DVL_TIME_CONTEXT   -std=gnu++20 -c -o verilated_threads.o /Users/elliot/.local/opt/oss-cad-suite/share/verilator/include/verilated_threads.cpp
g++ -Os  -I.  -MMD -I/Users/elliot/.local/opt/oss-cad-suite/share/verilator/include -I/Users/elliot/.local/opt/oss-cad-suite/share/verilator/include/vltstd -DVERILATOR=1 -DVM_COVERAGE=0 -DVM_SC=0 -DVM_TIMING=1 -DVM_TRACE=0 -DVM_TRACE_FST=0 -DVM_TRACE_VCD=0 -DVM_TRACE_SAIF=0 -DVM_VPI=0 -faligned-new -fbracket-depth=4096 -fcf-protection=none -Xclang -fno-pch-timestamp -Qunused-arguments  -Wno-c++11-narrowing -Wno-constant-logical-operand -Wno-int-in-bool-context -Wno-non-pod-varargs -Wno-parentheses-equality -Wno-shadow -Wno-sign-compare  -Wno-tautological-compare -Wno-uninitialized -Wno-unnecessary-virtual-specifier -Wno-unused-but-set-parameter -Wno-unused-but-set-variable -Wno-unused-parameter -Wno-unused-variable -Wno-vla-cxx-extension    -DVL_TIME_CONTEXT   -std=gnu++20 -x c++-header Vbridge_experiment_tb__pch.h -o Vbridge_experiment_tb__pch.h.fast.gch
g++   -I.  -MMD -I/Users/elliot/.local/opt/oss-cad-suite/share/verilator/include -I/Users/elliot/.local/opt/oss-cad-suite/share/verilator/include/vltstd -DVERILATOR=1 -DVM_COVERAGE=0 -DVM_SC=0 -DVM_TIMING=1 -DVM_TRACE=0 -DVM_TRACE_FST=0 -DVM_TRACE_VCD=0 -DVM_TRACE_SAIF=0 -DVM_VPI=0 -faligned-new -fbracket-depth=4096 -fcf-protection=none -Xclang -fno-pch-timestamp -Qunused-arguments  -Wno-c++11-narrowing -Wno-constant-logical-operand -Wno-int-in-bool-context -Wno-non-pod-varargs -Wno-parentheses-equality -Wno-shadow -Wno-sign-compare  -Wno-tautological-compare -Wno-uninitialized -Wno-unnecessary-virtual-specifier -Wno-unused-but-set-parameter -Wno-unused-but-set-variable -Wno-unused-parameter -Wno-unused-variable -Wno-vla-cxx-extension    -DVL_TIME_CONTEXT   -std=gnu++20 -x c++-header Vbridge_experiment_tb__pch.h -o Vbridge_experiment_tb__pch.h.slow.gch
g++ -Os  -I.  -MMD -I/Users/elliot/.local/opt/oss-cad-suite/share/verilator/include -I/Users/elliot/.local/opt/oss-cad-suite/share/verilator/include/vltstd -DVERILATOR=1 -DVM_COVERAGE=0 -DVM_SC=0 -DVM_TIMING=1 -DVM_TRACE=0 -DVM_TRACE_FST=0 -DVM_TRACE_VCD=0 -DVM_TRACE_SAIF=0 -DVM_VPI=0 -faligned-new -fbracket-depth=4096 -fcf-protection=none -Xclang -fno-pch-timestamp -Qunused-arguments  -Wno-c++11-narrowing -Wno-constant-logical-operand -Wno-int-in-bool-context -Wno-non-pod-varargs -Wno-parentheses-equality -Wno-shadow -Wno-sign-compare  -Wno-tautological-compare -Wno-uninitialized -Wno-unnecessary-virtual-specifier -Wno-unused-but-set-parameter -Wno-unused-but-set-variable -Wno-unused-parameter -Wno-unused-variable -Wno-vla-cxx-extension    -DVL_TIME_CONTEXT   -std=gnu++20 -include-pch Vbridge_experiment_tb__pch.h.fast.gch -c Vbridge_experiment_tb.cpp
g++ -Os  -I.  -MMD -I/Users/elliot/.local/opt/oss-cad-suite/share/verilator/include -I/Users/elliot/.local/opt/oss-cad-suite/share/verilator/include/vltstd -DVERILATOR=1 -DVM_COVERAGE=0 -DVM_SC=0 -DVM_TIMING=1 -DVM_TRACE=0 -DVM_TRACE_FST=0 -DVM_TRACE_VCD=0 -DVM_TRACE_SAIF=0 -DVM_VPI=0 -faligned-new -fbracket-depth=4096 -fcf-protection=none -Xclang -fno-pch-timestamp -Qunused-arguments  -Wno-c++11-narrowing -Wno-constant-logical-operand -Wno-int-in-bool-context -Wno-non-pod-varargs -Wno-parentheses-equality -Wno-shadow -Wno-sign-compare  -Wno-tautological-compare -Wno-uninitialized -Wno-unnecessary-virtual-specifier -Wno-unused-but-set-parameter -Wno-unused-but-set-variable -Wno-unused-parameter -Wno-unused-variable -Wno-vla-cxx-extension    -DVL_TIME_CONTEXT   -std=gnu++20 -include-pch Vbridge_experiment_tb__pch.h.fast.gch -c Vbridge_experiment_tb___024root__0.cpp
g++ -Os  -I.  -MMD -I/Users/elliot/.local/opt/oss-cad-suite/share/verilator/include -I/Users/elliot/.local/opt/oss-cad-suite/share/verilator/include/vltstd -DVERILATOR=1 -DVM_COVERAGE=0 -DVM_SC=0 -DVM_TIMING=1 -DVM_TRACE=0 -DVM_TRACE_FST=0 -DVM_TRACE_VCD=0 -DVM_TRACE_SAIF=0 -DVM_VPI=0 -faligned-new -fbracket-depth=4096 -fcf-protection=none -Xclang -fno-pch-timestamp -Qunused-arguments  -Wno-c++11-narrowing -Wno-constant-logical-operand -Wno-int-in-bool-context -Wno-non-pod-varargs -Wno-parentheses-equality -Wno-shadow -Wno-sign-compare  -Wno-tautological-compare -Wno-uninitialized -Wno-unnecessary-virtual-specifier -Wno-unused-but-set-parameter -Wno-unused-but-set-variable -Wno-unused-parameter -Wno-unused-variable -Wno-vla-cxx-extension    -DVL_TIME_CONTEXT   -std=gnu++20 -include-pch Vbridge_experiment_tb__pch.h.fast.gch -c Vbridge_experiment_tb___024root__1.cpp
g++ -Os  -I.  -MMD -I/Users/elliot/.local/opt/oss-cad-suite/share/verilator/include -I/Users/elliot/.local/opt/oss-cad-suite/share/verilator/include/vltstd -DVERILATOR=1 -DVM_COVERAGE=0 -DVM_SC=0 -DVM_TIMING=1 -DVM_TRACE=0 -DVM_TRACE_FST=0 -DVM_TRACE_VCD=0 -DVM_TRACE_SAIF=0 -DVM_VPI=0 -faligned-new -fbracket-depth=4096 -fcf-protection=none -Xclang -fno-pch-timestamp -Qunused-arguments  -Wno-c++11-narrowing -Wno-constant-logical-operand -Wno-int-in-bool-context -Wno-non-pod-varargs -Wno-parentheses-equality -Wno-shadow -Wno-sign-compare  -Wno-tautological-compare -Wno-uninitialized -Wno-unnecessary-virtual-specifier -Wno-unused-but-set-parameter -Wno-unused-but-set-variable -Wno-unused-parameter -Wno-unused-variable -Wno-vla-cxx-extension    -DVL_TIME_CONTEXT   -std=gnu++20 -include-pch Vbridge_experiment_tb__pch.h.fast.gch -c Vbridge_experiment_tb__main.cpp
g++   -I.  -MMD -I/Users/elliot/.local/opt/oss-cad-suite/share/verilator/include -I/Users/elliot/.local/opt/oss-cad-suite/share/verilator/include/vltstd -DVERILATOR=1 -DVM_COVERAGE=0 -DVM_SC=0 -DVM_TIMING=1 -DVM_TRACE=0 -DVM_TRACE_FST=0 -DVM_TRACE_VCD=0 -DVM_TRACE_SAIF=0 -DVM_VPI=0 -faligned-new -fbracket-depth=4096 -fcf-protection=none -Xclang -fno-pch-timestamp -Qunused-arguments  -Wno-c++11-narrowing -Wno-constant-logical-operand -Wno-int-in-bool-context -Wno-non-pod-varargs -Wno-parentheses-equality -Wno-shadow -Wno-sign-compare  -Wno-tautological-compare -Wno-uninitialized -Wno-unnecessary-virtual-specifier -Wno-unused-but-set-parameter -Wno-unused-but-set-variable -Wno-unused-parameter -Wno-unused-variable -Wno-vla-cxx-extension    -DVL_TIME_CONTEXT   -std=gnu++20 -include-pch Vbridge_experiment_tb__pch.h.slow.gch -c Vbridge_experiment_tb__ConstPool__0__Slow.cpp
g++   -I.  -MMD -I/Users/elliot/.local/opt/oss-cad-suite/share/verilator/include -I/Users/elliot/.local/opt/oss-cad-suite/share/verilator/include/vltstd -DVERILATOR=1 -DVM_COVERAGE=0 -DVM_SC=0 -DVM_TIMING=1 -DVM_TRACE=0 -DVM_TRACE_FST=0 -DVM_TRACE_VCD=0 -DVM_TRACE_SAIF=0 -DVM_VPI=0 -faligned-new -fbracket-depth=4096 -fcf-protection=none -Xclang -fno-pch-timestamp -Qunused-arguments  -Wno-c++11-narrowing -Wno-constant-logical-operand -Wno-int-in-bool-context -Wno-non-pod-varargs -Wno-parentheses-equality -Wno-shadow -Wno-sign-compare  -Wno-tautological-compare -Wno-uninitialized -Wno-unnecessary-virtual-specifier -Wno-unused-but-set-parameter -Wno-unused-but-set-variable -Wno-unused-parameter -Wno-unused-variable -Wno-vla-cxx-extension    -DVL_TIME_CONTEXT   -std=gnu++20 -include-pch Vbridge_experiment_tb__pch.h.slow.gch -c Vbridge_experiment_tb___024root__Slow.cpp
g++   -I.  -MMD -I/Users/elliot/.local/opt/oss-cad-suite/share/verilator/include -I/Users/elliot/.local/opt/oss-cad-suite/share/verilator/include/vltstd -DVERILATOR=1 -DVM_COVERAGE=0 -DVM_SC=0 -DVM_TIMING=1 -DVM_TRACE=0 -DVM_TRACE_FST=0 -DVM_TRACE_VCD=0 -DVM_TRACE_SAIF=0 -DVM_VPI=0 -faligned-new -fbracket-depth=4096 -fcf-protection=none -Xclang -fno-pch-timestamp -Qunused-arguments  -Wno-c++11-narrowing -Wno-constant-logical-operand -Wno-int-in-bool-context -Wno-non-pod-varargs -Wno-parentheses-equality -Wno-shadow -Wno-sign-compare  -Wno-tautological-compare -Wno-uninitialized -Wno-unnecessary-virtual-specifier -Wno-unused-but-set-parameter -Wno-unused-but-set-variable -Wno-unused-parameter -Wno-unused-variable -Wno-vla-cxx-extension    -DVL_TIME_CONTEXT   -std=gnu++20 -include-pch Vbridge_experiment_tb__pch.h.slow.gch -c Vbridge_experiment_tb___024root__0__Slow.cpp
g++   -I.  -MMD -I/Users/elliot/.local/opt/oss-cad-suite/share/verilator/include -I/Users/elliot/.local/opt/oss-cad-suite/share/verilator/include/vltstd -DVERILATOR=1 -DVM_COVERAGE=0 -DVM_SC=0 -DVM_TIMING=1 -DVM_TRACE=0 -DVM_TRACE_FST=0 -DVM_TRACE_VCD=0 -DVM_TRACE_SAIF=0 -DVM_VPI=0 -faligned-new -fbracket-depth=4096 -fcf-protection=none -Xclang -fno-pch-timestamp -Qunused-arguments  -Wno-c++11-narrowing -Wno-constant-logical-operand -Wno-int-in-bool-context -Wno-non-pod-varargs -Wno-parentheses-equality -Wno-shadow -Wno-sign-compare  -Wno-tautological-compare -Wno-uninitialized -Wno-unnecessary-virtual-specifier -Wno-unused-but-set-parameter -Wno-unused-but-set-variable -Wno-unused-parameter -Wno-unused-variable -Wno-vla-cxx-extension    -DVL_TIME_CONTEXT   -std=gnu++20 -include-pch Vbridge_experiment_tb__pch.h.slow.gch -c Vbridge_experiment_tb__Syms__Slow.cpp
g++  -Wl,-U,__Z15vl_time_stamp64v,-U,__Z13sc_time_stampv,-U,_vlog_startup_routines   verilated.o verilated_timing.o verilated_threads.o Vbridge_experiment_tb__ALL.a    -pthread -lpthread   -o Vbridge_experiment_tb
rm Vbridge_experiment_tb__ALL.verilator_deplist.tmp
- V e r i l a t i o n   R e p o r t: Verilator 5.051 devel rev v5.050-155-g86fa00416 (mod)
- Verilator: Built from 1.492 MB sources in 20 modules, into 1.972 MB in 8 C++ files needing 0.007 MB
- Verilator: Walltime 65.994 s (elab=0.367, cvt=2.985, bld=62.200); cpu 1.466 s on 2 threads; allocated 39.434 MB
