[
  {
    name: 'synchronized-human-0p3125ms',
    peak_power_w: 5.197369367038742,
    power_envelope: true,
    maximum_shaft_rate_rad_s: 4.043812188765508
  },
  {
    name: 'synchronized-cadence-105-human-fine',
    peak_power_w: 7.819412848740245,
    power_envelope: true,
    maximum_shaft_rate_rad_s: 5.0466535674893365
  },
  {
    name: 'synchronized-cadence-110-human-fine',
    peak_power_w: 7.836101817368302,
    power_envelope: true,
    maximum_shaft_rate_rad_s: 5.34436925859129
  },
  {
    name: 'synchronized-cadence-125-human-fine',
    peak_power_w: 8.084047735871376,
    power_envelope: true,
    maximum_shaft_rate_rad_s: 6.484310011571206
  },
  {
    name: 'synchronized-cadence-150-human-fine',
    peak_power_w: 8.117275214367158,
    power_envelope: true,
    maximum_shaft_rate_rad_s: 9.36186061606155
  },
  {
    name: 'synchronized-cadence-200-human-fine',
    peak_power_w: 8.90227183566073,
    power_envelope: true,
    maximum_shaft_rate_rad_s: 11.700141855021279
  },
  {
    name: 'synchronized-cadence-300-human-fine',
    peak_power_w: 15.94418138656184,
    power_envelope: true,
    maximum_shaft_rate_rad_s: 13.533398057211695
  }
]
