{
  name: 'short-stroke-cadence-95',
  prefix: 'runs/speed-ceiling/clearance/short-stroke-cadence-95',
  exit: 0,
  error: null
}
{
  name: 'short-rear10-v100',
  prefix: 'runs/speed-ceiling/clearance/short-rear10-v100',
  exit: 0,
  error: null
}
{
  name: 'short-rear12-v100',
  prefix: 'runs/speed-ceiling/clearance/short-rear12-v100',
  exit: 0,
  error: null
}
{
  name: 'short-frontrear10-v100',
  prefix: 'runs/speed-ceiling/clearance/short-frontrear10-v100',
  exit: 0,
  error: null
}
{
  name: 'belt-short-hip0-v100',
  prefix: 'runs/speed-ceiling/clearance/belt-short-hip0-v100',
  exit: 0,
  error: null
}
{
  name: 'belt-short-hip15-v150',
  prefix: 'runs/speed-ceiling/clearance/belt-short-hip15-v150',
  exit: 0,
  error: null
}
{
  name: 'belt-short-hip30-v150',
  prefix: 'runs/speed-ceiling/clearance/belt-short-hip30-v150',
  exit: 0,
  error: null
}
{
  name: 'belt-short-hip45-v150',
  prefix: 'runs/speed-ceiling/clearance/belt-short-hip45-v150',
  exit: 0,
  error: null
}
{
  name: 'belt-short-hip45-v100',
  prefix: 'runs/speed-ceiling/clearance/belt-short-hip45-v100',
  exit: 0,
  error: null
}
