{
  name: 'belt-short-hip0-v100-centered',
  prefix: 'runs/speed-ceiling/clearance/belt-short-hip0-v100-centered',
  exit: 0,
  error: null
}
{
  name: 'belt-short-hip15-v150-centered',
  prefix: 'runs/speed-ceiling/clearance/belt-short-hip15-v150-centered',
  exit: 0,
  error: null
}
{
  name: 'belt-short-hip30-v150-centered',
  prefix: 'runs/speed-ceiling/clearance/belt-short-hip30-v150-centered',
  exit: 0,
  error: null
}
{
  name: 'belt-short-hip45-v150-centered',
  prefix: 'runs/speed-ceiling/clearance/belt-short-hip45-v150-centered',
  exit: 0,
  error: null
}
{
  name: 'belt-short-hip45-v100-centered',
  prefix: 'runs/speed-ceiling/clearance/belt-short-hip45-v100-centered',
  exit: 0,
  error: null
}
