[
  {
    name: 'belt-short-hip0-v100-centered',
    distances_mm: [ -0.835186402802534, 0.014116050007900683 ]
  },
  {
    name: 'belt-short-hip15-v150-centered',
    distances_mm: [ -0.8477244908833748, 0.3596065434682662 ]
  },
  {
    name: 'belt-short-hip30-v150-centered',
    distances_mm: [ -0.9029545775168797, 0.6932269219231046 ]
  },
  {
    name: 'belt-short-hip45-v150-centered',
    distances_mm: [ -0.9998157766171649, 1.002737955165362 ]
  },
  {
    name: 'belt-short-hip45-v100-centered',
    distances_mm: [ -0.9998157766171649, 1.002737955165362 ]
  }
]
