{
  name: 'belt-short-hip15-v125',
  prefix: 'runs/speed-ceiling/clearance/belt-short-hip15-v125',
  exit: 0,
  error: null
}
{
  name: 'belt-short-hip30-v125',
  prefix: 'runs/speed-ceiling/clearance/belt-short-hip30-v125',
  exit: 0,
  error: null
}
{
  name: 'belt-short-hip30-v125-centered',
  prefix: 'runs/speed-ceiling/clearance/belt-short-hip30-v125-centered',
  exit: 0,
  error: null
}
{
  name: 'belt-short-hip45-v125-centered',
  prefix: 'runs/speed-ceiling/clearance/belt-short-hip45-v125-centered',
  exit: 0,
  error: null
}
{
  name: 'belt-short-hip30-v110-centered',
  prefix: 'runs/speed-ceiling/clearance/belt-short-hip30-v110-centered',
  exit: 0,
  error: null
}
