[
  {
    name: 'constrained-front150-scale1-human-fine',
    sign: 'forward',
    minimum_margin_nm: -0.5209111422483754,
    violating_samples: 7,
    violating_frames: 7,
    counts_by_coordinate: { 'joint.+X | Foot servo output': 7 }
  },
  {
    name: 'constrained-front150-scale1-human-fine',
    sign: 'reverse',
    minimum_margin_nm: -0.1777641945870837,
    violating_samples: 5,
    violating_frames: 4,
    counts_by_coordinate: {
      'joint.+X | Foot servo output': 4,
      'joint.-X | Foot servo output': 1
    }
  },
  {
    name: 'constrained-front165-scale1-human-fine',
    sign: 'forward',
    minimum_margin_nm: -0.7838705254824322,
    violating_samples: 14,
    violating_frames: 12,
    counts_by_coordinate: {
      'joint.-Y | Foot servo output': 3,
      'joint.+Y | Foot servo output': 2,
      'joint.+X | Worm servo output': 2,
      'joint.+X | Foot servo output': 7
    }
  },
  {
    name: 'constrained-front165-scale1-human-fine',
    sign: 'reverse',
    minimum_margin_nm: -0.4164150831845192,
    violating_samples: 14,
    violating_frames: 9,
    counts_by_coordinate: {
      'joint.-Y | Foot servo output': 2,
      'joint.+Y | Foot servo output': 2,
      'joint.+X | Foot servo output': 4,
      'joint.-X | Foot servo output': 6
    }
  },
  {
    name: 'constrained-swing175-scale1-human-fine',
    sign: 'forward',
    minimum_margin_nm: -0.8194449747746941,
    violating_samples: 10,
    violating_frames: 9,
    counts_by_coordinate: {
      'joint.+X | Foot servo output': 9,
      'joint.-X | Foot servo output': 1
    }
  },
  {
    name: 'constrained-swing175-scale1-human-fine',
    sign: 'reverse',
    minimum_margin_nm: -0.6081665915086747,
    violating_samples: 13,
    violating_frames: 9,
    counts_by_coordinate: {
      'joint.+X | Foot servo output': 6,
      'joint.-X | Foot servo output': 7
    }
  }
]
