{
  name: 'constrained-front150-scale0.5-human-fine',
  prefix: 'runs/speed-ceiling/validation/constrained-front150-scale0.5-human-fine',
  exit: 0,
  error: null
}
{
  name: 'constrained-front150-scale1-human-fine',
  prefix: 'runs/speed-ceiling/validation/constrained-front150-scale1-human-fine',
  exit: 0,
  error: null
}
{
  name: 'constrained-front165-scale0.5-human-fine',
  prefix: 'runs/speed-ceiling/validation/constrained-front165-scale0.5-human-fine',
  exit: 0,
  error: null
}
{
  name: 'constrained-front165-scale1-human-fine',
  prefix: 'runs/speed-ceiling/validation/constrained-front165-scale1-human-fine',
  exit: 0,
  error: null
}
{
  name: 'constrained-swing175-scale0.5-human-fine',
  prefix: 'runs/speed-ceiling/validation/constrained-swing175-scale0.5-human-fine',
  exit: 0,
  error: null
}
{
  name: 'constrained-swing175-scale1-human-fine',
  prefix: 'runs/speed-ceiling/validation/constrained-swing175-scale1-human-fine',
  exit: 0,
  error: null
}
