[
  {
    label: 'forward-turn',
    endpoints: 421,
    reports: [
      [Object], [Object], [Object], [Object], [Object], [Object],
      [Object], [Object], [Object], [Object], [Object], [Object],
      [Object], [Object], [Object], [Object], [Object], [Object],
      [Object], [Object], [Object], [Object], [Object], [Object],
      [Object], [Object], [Object], [Object], [Object], [Object],
      [Object], [Object], [Object], [Object], [Object], [Object],
      [Object], [Object], [Object], [Object], [Object], [Object],
      [Object], [Object], [Object], [Object], [Object], [Object],
      [Object], [Object], [Object], [Object], [Object], [Object],
      [Object], [Object], [Object], [Object], [Object], [Object],
      [Object], [Object], [Object], [Object], [Object], [Object],
      [Object], [Object], [Object], [Object], [Object], [Object],
      [Object], [Object], [Object], [Object], [Object], [Object],
      [Object], [Object], [Object], [Object], [Object], [Object],
      [Object], [Object], [Object], [Object], [Object], [Object],
      [Object], [Object], [Object], [Object], [Object], [Object],
      [Object], [Object], [Object], [Object],
      ... 10 more items
    ]
  },
  {
    label: 'reverse',
    endpoints: 241,
    reports: [
      [Object], [Object], [Object], [Object], [Object],
      [Object], [Object], [Object], [Object], [Object],
      [Object], [Object], [Object], [Object], [Object],
      [Object], [Object], [Object], [Object], [Object],
      [Object], [Object], [Object], [Object], [Object],
      [Object], [Object], [Object], [Object], [Object],
      [Object], [Object], [Object], [Object], [Object],
      [Object], [Object], [Object], [Object], [Object],
      [Object], [Object], [Object], [Object], [Object],
      [Object], [Object], [Object], [Object], [Object],
      [Object], [Object], [Object], [Object], [Object],
      [Object], [Object], [Object], [Object], [Object],
      [Object], [Object], [Object], [Object]
    ]
  }
]
