{
  name: 'smooth-dynamic-v125-scale0.5-human-fine',
  prefix: 'runs/speed-ceiling/validation/smooth-dynamic-v125-scale0.5-human-fine',
  exit: 0,
  error: null
}
{
  name: 'smooth-dynamic-v125-scale1-human-fine',
  prefix: 'runs/speed-ceiling/validation/smooth-dynamic-v125-scale1-human-fine',
  exit: 0,
  error: null
}
{
  name: 'smooth-dynamic-v150-scale0.5-human-fine',
  prefix: 'runs/speed-ceiling/validation/smooth-dynamic-v150-scale0.5-human-fine',
  exit: 0,
  error: null
}
{
  name: 'smooth-dynamic-v150-scale1-human-fine',
  prefix: 'runs/speed-ceiling/validation/smooth-dynamic-v150-scale1-human-fine',
  exit: 0,
  error: null
}
