{
  name: 'flat125-human-5ms',
  prefix: 'runs/speed-ceiling/validation/flat125-human-5ms',
  exit: 0,
  error: null
}
{
  name: 'flat125-human-1p25ms',
  prefix: 'runs/speed-ceiling/validation/flat125-human-1p25ms',
  exit: 0,
  error: null
}
{
  name: 'flat125-human-0p3125ms',
  prefix: 'runs/speed-ceiling/validation/flat125-human-0p3125ms',
  exit: 0,
  error: null
}
{
  name: 'flat125-sustained-0p625ms',
  prefix: 'runs/speed-ceiling/validation/flat125-sustained-0p625ms',
  exit: 0,
  error: null
}
{
  name: 'flat125-dropout-0p625ms',
  prefix: 'runs/speed-ceiling/validation/flat125-dropout-0p625ms',
  exit: 0,
  error: null
}
