[
  {
    name: 'hip0-v100-lift12-gain0.5',
    completed: true,
    speed_m_s: 0.0922142341225097,
    maximum_slip_ratio: 0.090292782418936,
    stopped_speed_m_s: 0.00010345489847107016,
    accepted_screen: false,
    reason: undefined
  },
  {
    name: 'hip0-v100-lift12-gain1',
    completed: true,
    speed_m_s: 0.09167563906649198,
    maximum_slip_ratio: 0.10245959838243585,
    stopped_speed_m_s: 0.00021341859493793954,
    accepted_screen: false,
    reason: undefined
  },
  {
    name: 'hip0-v100-lift16-gain0.5',
    completed: true,
    speed_m_s: 0.0916170184669454,
    maximum_slip_ratio: 0.10310369568707085,
    stopped_speed_m_s: 0.00016957925224613457,
    accepted_screen: false,
    reason: undefined
  },
  {
    name: 'hip0-v100-lift16-gain1',
    completed: true,
    speed_m_s: 0.09117931446839374,
    maximum_slip_ratio: 0.1191783987686773,
    stopped_speed_m_s: 0.00025540469689173625,
    accepted_screen: false,
    reason: undefined
  },
  {
    name: 'hip0-v100-lift20-gain0.5',
    completed: true,
    speed_m_s: 0.09062501246589257,
    maximum_slip_ratio: 0.14932854977843263,
    stopped_speed_m_s: 0.00018413935817771591,
    accepted_screen: false,
    reason: undefined
  },
  {
    name: 'hip0-v100-lift20-gain1',
    completed: true,
    speed_m_s: 0.0905035458252244,
    maximum_slip_ratio: 0.15043436790395162,
    stopped_speed_m_s: 0.0002695328294520455,
    accepted_screen: false,
    reason: undefined
  },
  {
    name: 'hip0-v100-lift8-gain1',
    completed: true,
    speed_m_s: 0.09581976873967114,
    maximum_slip_ratio: 0.2875727480512803,
    stopped_speed_m_s: 0.00025979132330159285,
    accepted_screen: false,
    reason: undefined
  },
  {
    name: 'hip30-v125-lift16-gain1',
    completed: undefined,
    speed_m_s: undefined,
    maximum_slip_ratio: undefined,
    stopped_speed_m_s: undefined,
    accepted_screen: false,
    reason: 'planning rejected'
  },
  {
    name: 'hip30-v125-lift20-gain1',
    completed: undefined,
    speed_m_s: undefined,
    maximum_slip_ratio: undefined,
    stopped_speed_m_s: undefined,
    accepted_screen: false,
    reason: 'planning rejected'
  },
  {
    name: 'hip45-v100-lift16-gain1',
    completed: undefined,
    speed_m_s: undefined,
    maximum_slip_ratio: undefined,
    stopped_speed_m_s: undefined,
    accepted_screen: false,
    reason: 'planning rejected'
  },
  {
    name: 'return24-lift12-v100',
    completed: true,
    speed_m_s: 0.09550713840289746,
    maximum_slip_ratio: 0.1184693050233407,
    stopped_speed_m_s: 0.0001862111016492121,
    accepted_screen: false,
    reason: undefined
  },
  {
    name: 'return28-lift12-v100',
    completed: true,
    speed_m_s: 0.09407044979558803,
    maximum_slip_ratio: 0.10730027600962001,
    stopped_speed_m_s: 0.00012762385278374148,
    accepted_screen: false,
    reason: undefined
  },
  {
    name: 'return28-lift12-v125',
    completed: true,
    speed_m_s: 0.11606945291791095,
    maximum_slip_ratio: 0.2593314602165471,
    stopped_speed_m_s: 0.00020561367209113567,
    accepted_screen: false,
    reason: undefined
  },
  {
    name: 'foot40-lift8-v100',
    completed: true,
    speed_m_s: 0.09453788771557739,
    maximum_slip_ratio: 0.21128976897337493,
    stopped_speed_m_s: 0.00013965480189390391,
    accepted_screen: false,
    reason: undefined
  },
  {
    name: 'foot40-lift12-v100',
    completed: true,
    speed_m_s: 0.0911969023668957,
    maximum_slip_ratio: 0.09732003613584941,
    stopped_speed_m_s: 0.00010968036437563332,
    accepted_screen: false,
    reason: undefined
  },
  {
    name: 'foot20-lift8-v100',
    completed: undefined,
    speed_m_s: undefined,
    maximum_slip_ratio: undefined,
    stopped_speed_m_s: undefined,
    accepted_screen: false,
    reason: 'planning rejected'
  },
  {
    name: 'foot20-lift12-v100',
    completed: undefined,
    speed_m_s: undefined,
    maximum_slip_ratio: undefined,
    stopped_speed_m_s: undefined,
    accepted_screen: false,
    reason: 'planning rejected'
  },
  {
    name: 'foot40-return28-lift12-v125',
    completed: true,
    speed_m_s: 0.11330559301188911,
    maximum_slip_ratio: 0.2846184852234241,
    stopped_speed_m_s: 0.00016807617300350586,
    accepted_screen: false,
    reason: undefined
  },
  {
    name: 'hip30-refined-v125-lift16',
    completed: true,
    speed_m_s: 0.11156227916830812,
    maximum_slip_ratio: 0.268361636970179,
    stopped_speed_m_s: 0.00019714225480242336,
    accepted_screen: false,
    reason: undefined
  },
  {
    name: 'hip45-refined-v100-lift12',
    completed: true,
    speed_m_s: 0.09481868100844182,
    maximum_slip_ratio: 0.21974832983790188,
    stopped_speed_m_s: 0.00010413333925217533,
    accepted_screen: false,
    reason: undefined
  },
  {
    name: 'hip45-refined-v125-lift16',
    completed: true,
    speed_m_s: 0.11528655186817219,
    maximum_slip_ratio: 0.2885903969853867,
    stopped_speed_m_s: 0.00016927857399018497,
    accepted_screen: false,
    reason: undefined
  },
  {
    name: 'hip0-v100-lift12-gain0.5-load0.5',
    completed: true,
    speed_m_s: 0.0918160971100123,
    maximum_slip_ratio: 0.08603259118136108,
    stopped_speed_m_s: 0.0001140582284891773,
    accepted_screen: false,
    reason: undefined
  },
  {
    name: 'hip0-v100-lift12-gain0.5-load1',
    completed: true,
    speed_m_s: 0.09152501903358722,
    maximum_slip_ratio: 0.11356674392118159,
    stopped_speed_m_s: 0.00013120227179082666,
    accepted_screen: false,
    reason: undefined
  },
  {
    name: 'return28-lift12-v125-load0.5',
    completed: true,
    speed_m_s: 0.11381044399044045,
    maximum_slip_ratio: 0.1912302179608363,
    stopped_speed_m_s: 0.0001609042040304511,
    accepted_screen: false,
    reason: undefined
  },
  {
    name: 'return28-lift12-v125-load1',
    completed: true,
    speed_m_s: 0.11286195787003858,
    maximum_slip_ratio: 0.14563477525237722,
    stopped_speed_m_s: 0.0001589202779581825,
    accepted_screen: false,
    reason: undefined
  },
  {
    name: 'foot40-lift12-v100-load0.5',
    completed: true,
    speed_m_s: 0.09059195225262855,
    maximum_slip_ratio: 0.10982989519657978,
    stopped_speed_m_s: 0.00014578201511533407,
    accepted_screen: false,
    reason: undefined
  },
  {
    name: 'foot40-lift12-v100-load1',
    completed: true,
    speed_m_s: 0.08924012590347025,
    maximum_slip_ratio: 0.14107505771355244,
    stopped_speed_m_s: 0.0001332529986994007,
    accepted_screen: false,
    reason: undefined
  },
  {
    name: 'short-stroke-cadence-80',
    completed: true,
    speed_m_s: 0.07903191147923874,
    maximum_slip_ratio: 0.02811494751413173,
    stopped_speed_m_s: 0.00012009056125811145,
    accepted_screen: true,
    reason: undefined
  },
  {
    name: 'short-stroke-cadence-90',
    completed: true,
    speed_m_s: 0.08975906004541183,
    maximum_slip_ratio: 0.029697838361900285,
    stopped_speed_m_s: 0.00015740025363224713,
    accepted_screen: true,
    reason: undefined
  },
  {
    name: 'short-stroke-cadence-100',
    completed: true,
    speed_m_s: 0.10014607618231151,
    maximum_slip_ratio: 0.042072828905237065,
    stopped_speed_m_s: 0.00008193228171892956,
    accepted_screen: true,
    reason: undefined
  },
  {
    name: 'short-stroke-cadence-110',
    completed: true,
    speed_m_s: 0.11117351920530598,
    maximum_slip_ratio: 0.07223871351467576,
    stopped_speed_m_s: 0.00007642335171212807,
    accepted_screen: false,
    reason: undefined
  },
  {
    name: 'short-stroke-cadence-125',
    completed: true,
    speed_m_s: 0.1278552283333727,
    maximum_slip_ratio: 0.08528239195414172,
    stopped_speed_m_s: 0.000022978125608335306,
    accepted_screen: false,
    reason: undefined
  },
  {
    name: 'short-stroke-cadence-150',
    completed: true,
    speed_m_s: 0.16017070334608455,
    maximum_slip_ratio: 0.11022945356623834,
    stopped_speed_m_s: 0.00022827034404680136,
    accepted_screen: false,
    reason: undefined
  },
  {
    name: 'short-stroke-cadence-95',
    completed: true,
    speed_m_s: 0.09493993988115253,
    maximum_slip_ratio: 0.03794736668015849,
    stopped_speed_m_s: 0.00003427665630946583,
    accepted_screen: true,
    reason: undefined
  },
  {
    name: 'short-rear10-v100',
    completed: true,
    speed_m_s: 0.10059226827639903,
    maximum_slip_ratio: 0.04198036445323068,
    stopped_speed_m_s: 0.00011959059386496655,
    accepted_screen: true,
    reason: undefined
  },
  {
    name: 'short-rear12-v100',
    completed: true,
    speed_m_s: 0.10088286419471568,
    maximum_slip_ratio: 0.0422482743960584,
    stopped_speed_m_s: 0.0001484189300823337,
    accepted_screen: true,
    reason: undefined
  },
  {
    name: 'short-frontrear10-v100',
    completed: true,
    speed_m_s: 0.10034797880733826,
    maximum_slip_ratio: 0.041928501141679377,
    stopped_speed_m_s: 0.0001030511685160818,
    accepted_screen: true,
    reason: undefined
  },
  {
    name: 'belt-short-hip0-v100',
    completed: true,
    speed_m_s: 0.10286540962762744,
    maximum_slip_ratio: 0.04245907885740822,
    stopped_speed_m_s: 0.0001788766427365679,
    accepted_screen: true,
    reason: undefined
  },
  {
    name: 'belt-short-hip15-v150',
    completed: true,
    speed_m_s: 0.16941256644321867,
    maximum_slip_ratio: 0.13019760524885357,
    stopped_speed_m_s: 0.00023829279547333724,
    accepted_screen: false,
    reason: undefined
  },
  {
    name: 'belt-short-hip30-v150',
    completed: true,
    speed_m_s: 0.17789262168262246,
    maximum_slip_ratio: 0.15500682123822557,
    stopped_speed_m_s: 0.0002655881190224626,
    accepted_screen: false,
    reason: undefined
  },
  {
    name: 'belt-short-hip45-v150',
    completed: true,
    speed_m_s: 0.18101533238823123,
    maximum_slip_ratio: 0.43109851963322515,
    stopped_speed_m_s: 0.0002804254102720747,
    accepted_screen: false,
    reason: undefined
  },
  {
    name: 'belt-short-hip45-v100',
    completed: true,
    speed_m_s: 0.10518031830129403,
    maximum_slip_ratio: 0.05273425247067592,
    stopped_speed_m_s: 0.00003923877346093773,
    accepted_screen: false,
    reason: undefined
  },
  {
    name: 'belt-short-hip0-v100-centered',
    completed: true,
    speed_m_s: 0.10217532713936806,
    maximum_slip_ratio: 0.09542382835966408,
    stopped_speed_m_s: 0.0002304766525840628,
    accepted_screen: false,
    reason: undefined
  },
  {
    name: 'belt-short-hip15-v150-centered',
    completed: true,
    speed_m_s: 0.16790991324047536,
    maximum_slip_ratio: 0.1307227310868815,
    stopped_speed_m_s: 0.00024139993739562686,
    accepted_screen: false,
    reason: undefined
  },
  {
    name: 'belt-short-hip30-v150-centered',
    completed: true,
    speed_m_s: 0.176061547904113,
    maximum_slip_ratio: 0.12891127585154483,
    stopped_speed_m_s: 0.00027036143844884325,
    accepted_screen: false,
    reason: undefined
  },
  {
    name: 'belt-short-hip45-v150-centered',
    completed: true,
    speed_m_s: 0.17914648898233138,
    maximum_slip_ratio: 0.17538791496646514,
    stopped_speed_m_s: 0.00027446124563518395,
    accepted_screen: false,
    reason: undefined
  },
  {
    name: 'belt-short-hip45-v100-centered',
    completed: true,
    speed_m_s: 0.10204008695516982,
    maximum_slip_ratio: 0.10306150356917726,
    stopped_speed_m_s: 0.00008414333797580229,
    accepted_screen: false,
    reason: undefined
  },
  {
    name: 'belt-short-hip15-v125',
    completed: true,
    speed_m_s: 0.13378374690724823,
    maximum_slip_ratio: 0.09442273134505569,
    stopped_speed_m_s: 0.00011358869845306708,
    accepted_screen: false,
    reason: undefined
  },
  {
    name: 'belt-short-hip30-v125',
    completed: true,
    speed_m_s: 0.13645801218214093,
    maximum_slip_ratio: 0.09179472001750767,
    stopped_speed_m_s: 0.00018161982004228763,
    accepted_screen: false,
    reason: undefined
  },
  {
    name: 'belt-short-hip30-v125-centered',
    completed: true,
    speed_m_s: 0.13387669457547685,
    maximum_slip_ratio: 0.10008620342590292,
    stopped_speed_m_s: 0.00013778135066508783,
    accepted_screen: false,
    reason: undefined
  },
  {
    name: 'belt-short-hip45-v125-centered',
    completed: true,
    speed_m_s: 0.13647216282544664,
    maximum_slip_ratio: 0.09458965026169702,
    stopped_speed_m_s: 0.0001996190756936813,
    accepted_screen: false,
    reason: undefined
  },
  {
    name: 'belt-short-hip30-v110-centered',
    completed: true,
    speed_m_s: 0.11401357601617504,
    maximum_slip_ratio: 0.08906082322109071,
    stopped_speed_m_s: 0.0001514247866501723,
    accepted_screen: false,
    reason: undefined
  },
  {
    name: 'integral-hip0-v110-gain0.5',
    completed: true,
    speed_m_s: 0.11467088899334453,
    maximum_slip_ratio: 0.06437621509548024,
    stopped_speed_m_s: 0.0002638258288730934,
    accepted_screen: false,
    reason: undefined
  },
  {
    name: 'integral-hip0-v110-gain2',
    completed: true,
    speed_m_s: 0.11507269224757675,
    maximum_slip_ratio: 0.07452277882154622,
    stopped_speed_m_s: 0.0005442138955120315,
    accepted_screen: false,
    reason: undefined
  },
  {
    name: 'integral-hip0-v110-gain5',
    completed: true,
    speed_m_s: 0.1145564086111658,
    maximum_slip_ratio: 0.09227681146233527,
    stopped_speed_m_s: 0.000716953722649471,
    accepted_screen: false,
    reason: undefined
  },
  {
    name: 'integral-hip30-v125-gain0.5',
    completed: true,
    speed_m_s: 0.13684323017517722,
    maximum_slip_ratio: 0.09214826946782613,
    stopped_speed_m_s: 0.00023585796519961998,
    accepted_screen: false,
    reason: undefined
  },
  {
    name: 'integral-hip30-v125-gain2',
    completed: true,
    speed_m_s: 0.1373515012674626,
    maximum_slip_ratio: 0.09477370380185897,
    stopped_speed_m_s: 0.00035607999375525563,
    accepted_screen: false,
    reason: undefined
  },
  {
    name: 'flat-return-hip0-v125',
    completed: true,
    speed_m_s: 0.12798204256794787,
    maximum_slip_ratio: 0.06922829145227068,
    stopped_speed_m_s: 0.000039334045401556185,
    accepted_screen: false,
    reason: undefined
  },
  {
    name: 'flat-return-hip0-v150',
    completed: true,
    speed_m_s: 0.16298233241724497,
    maximum_slip_ratio: 0.08165181163725835,
    stopped_speed_m_s: 0.00023036372711942948,
    accepted_screen: false,
    reason: undefined
  },
  {
    name: 'flat-return-hip30-v125',
    completed: true,
    speed_m_s: 0.13001081533323638,
    maximum_slip_ratio: 0.06971238917230994,
    stopped_speed_m_s: 0.00015194258945126928,
    accepted_screen: false,
    reason: undefined
  },
  {
    name: 'flat-return-hip45-v150',
    completed: true,
    speed_m_s: 0.1675747395803426,
    maximum_slip_ratio: 0.12571896802262028,
    stopped_speed_m_s: 0.00025990238872285285,
    accepted_screen: false,
    reason: undefined
  },
  {
    name: 'flat-return-hip0-v110',
    completed: true,
    speed_m_s: 0.11050854650423614,
    maximum_slip_ratio: 0.046836055548555335,
    stopped_speed_m_s: 0.00011468303638740809,
    accepted_screen: true,
    reason: undefined
  },
  {
    name: 'flat-return-hip0-v115',
    completed: true,
    speed_m_s: 0.11599053518752028,
    maximum_slip_ratio: 0.055663539753176026,
    stopped_speed_m_s: 0.00003541866105910232,
    accepted_screen: false,
    reason: undefined
  },
  {
    name: 'flat-long-hip30-v150',
    completed: true,
    speed_m_s: 0.1476569015567395,
    maximum_slip_ratio: 0.10143875401891837,
    stopped_speed_m_s: 0.00020377283317789485,
    accepted_screen: false,
    reason: undefined
  },
  {
    name: 'flat-long-hip45-v150',
    completed: true,
    speed_m_s: 0.14954154305818446,
    maximum_slip_ratio: 0.16949397522820858,
    stopped_speed_m_s: 0.00014741879146789718,
    accepted_screen: false,
    reason: undefined
  }
]
