{
  name: 'flat-return-hip0-v125',
  prefix: 'runs/speed-ceiling/clearance/flat-return-hip0-v125',
  exit: 0,
  error: null
}
{
  name: 'flat-return-hip0-v150',
  prefix: 'runs/speed-ceiling/clearance/flat-return-hip0-v150',
  exit: 0,
  error: null
}
{
  name: 'flat-return-hip30-v125',
  prefix: 'runs/speed-ceiling/clearance/flat-return-hip30-v125',
  exit: 0,
  error: null
}
{
  name: 'flat-return-hip45-v150',
  prefix: 'runs/speed-ceiling/clearance/flat-return-hip45-v150',
  exit: 0,
  error: null
}
