{
  name: 'smooth-front10-v150-human-fine',
  prefix: 'runs/speed-ceiling/validation/smooth-front10-v150-human-fine',
  exit: 0,
  error: null
}
{
  name: 'smooth-front12-v150-human-fine',
  prefix: 'runs/speed-ceiling/validation/smooth-front12-v150-human-fine',
  exit: 0,
  error: null
}
{
  name: 'smooth-front10-v165-human-fine',
  prefix: 'runs/speed-ceiling/validation/smooth-front10-v165-human-fine',
  exit: 0,
  error: null
}
{
  name: 'smooth-dynamic-front10-v150-scale1-human-fine',
  prefix: 'runs/speed-ceiling/validation/smooth-dynamic-front10-v150-scale1-human-fine',
  exit: 0,
  error: null
}
{
  name: 'smooth-dynamic-front12-v150-scale1-human-fine',
  prefix: 'runs/speed-ceiling/validation/smooth-dynamic-front12-v150-scale1-human-fine',
  exit: 0,
  error: null
}
{
  name: 'smooth-dynamic-front10-v165-scale1-human-fine',
  prefix: 'runs/speed-ceiling/validation/smooth-dynamic-front10-v165-scale1-human-fine',
  exit: 0,
  error: null
}
