{
  name: 'smooth-front10-v150-human-fine',
  planned: 150,
  passed: 146,
  incidental: 4
}
{
  name: 'smooth-front12-v150-human-fine',
  planned: 150,
  passed: 150,
  incidental: 7
}
{
  name: 'smooth-front10-v165-human-fine',
  planned: 166,
  passed: 154,
  incidental: 10
}
{
  name: 'smooth-dynamic-front10-v150-scale1-human-fine',
  planned: 150,
  passed: 150,
  incidental: 0
}
{
  name: 'smooth-dynamic-front12-v150-scale1-human-fine',
  planned: 150,
  passed: 150,
  incidental: 3
}
{
  name: 'smooth-dynamic-front10-v165-scale1-human-fine',
  planned: 166,
  passed: 154,
  incidental: 10
}
