{
  name: 'front150-human-1p25ms',
  prefix: 'runs/speed-ceiling/validation/front150-human-1p25ms',
  exit: 0,
  error: null
}
{
  name: 'front150-human-0p3125ms',
  prefix: 'runs/speed-ceiling/validation/front150-human-0p3125ms',
  exit: 0,
  error: null
}
{
  name: 'front150-sustained-0p625ms',
  prefix: 'runs/speed-ceiling/validation/front150-sustained-0p625ms',
  exit: 0,
  error: null
}
{
  name: 'front150-dropout-0p625ms',
  prefix: 'runs/speed-ceiling/validation/front150-dropout-0p625ms',
  exit: 0,
  error: null
}
{
  name: 'front150-preview-5ms',
  prefix: 'runs/speed-ceiling/validation/front150-preview-5ms',
  exit: 0,
  error: null
}
{
  name: 'front150-preview-10ms',
  prefix: 'runs/speed-ceiling/validation/front150-preview-10ms',
  exit: 0,
  error: null
}
