{
  name: 'integral-hip0-v110-gain0.5',
  prefix: 'runs/speed-ceiling/clearance/integral-hip0-v110-gain0.5',
  exit: 0,
  error: null
}
{
  name: 'integral-hip0-v110-gain2',
  prefix: 'runs/speed-ceiling/clearance/integral-hip0-v110-gain2',
  exit: 0,
  error: null
}
{
  name: 'integral-hip0-v110-gain5',
  prefix: 'runs/speed-ceiling/clearance/integral-hip0-v110-gain5',
  exit: 0,
  error: null
}
{
  name: 'integral-hip30-v125-gain0.5',
  prefix: 'runs/speed-ceiling/clearance/integral-hip30-v125-gain0.5',
  exit: 0,
  error: null
}
{
  name: 'integral-hip30-v125-gain2',
  prefix: 'runs/speed-ceiling/clearance/integral-hip30-v125-gain2',
  exit: 0,
  error: null
}
