    Checking cfg-if v1.0.4
    Checking bytemuck v1.25.2
    Checking libc v0.2.189
    Checking libm v0.2.16
    Checking zerocopy v0.8.56
    Checking crossbeam-utils v0.8.22
    Checking reborrow v0.5.5
    Checking either v1.18.0
    Checking byteorder v1.5.0
    Checking bitflags v2.13.1
    Checking once_cell v1.21.4
    Checking thiserror v1.0.69
    Checking nano-gemm-core v0.1.0
    Checking serde_core v1.0.229
    Checking memchr v2.8.3
    Checking ucd-trie v0.1.7
    Checking equator v0.4.2
    Checking rawpointer v0.2.1
    Checking atomic-wait v1.1.0
    Checking thiserror v2.0.20
    Checking matrixmultiply v0.3.11
    Checking equator v0.2.2
    Checking nano-gemm-f64 v0.1.0
    Checking nano-gemm-f32 v0.1.0
    Checking raw-cpuid v11.6.0
    Checking generativity v1.2.1
    Checking typenum v1.20.1
    Checking dyn-stack v0.13.2
    Checking safe_arch v0.7.4
    Checking web-time v1.1.0
    Checking zmij v1.0.23
    Checking itoa v1.0.18
    Checking crossbeam-epoch v0.9.20
    Checking crossbeam-queue v0.3.13
    Checking crossbeam-channel v0.5.16
    Checking pest v2.9.0
    Checking wide v0.7.33
    Checking getrandom v0.2.17
    Checking sysctl v0.6.0
    Checking num_cpus v1.17.0
    Checking crossbeam-deque v0.8.7
    Checking rand_core v0.6.4
    Checking rayon-core v1.13.0
    Checking crossbeam v0.8.4
    Checking num-traits v0.2.19
    Checking rayon v1.12.0
    Checking num-integer v0.1.47
    Checking approx v0.5.1
    Checking num-bigint v0.4.8
    Checking num-rational v0.4.2
    Checking serde v1.0.229
    Checking serde_json v1.0.151
    Checking slotmap v1.1.1
    Checking spindle v0.2.6
    Checking sim-core v0.1.0 (/Users/elliot/physics-simulator-gait-exploration/crates/sim-core)
    Checking private-gemm-x86 v0.1.20
    Checking ppv-lite86 v0.2.21
    Checking rand_chacha v0.3.1
    Checking rand v0.8.8
    Checking num-complex v0.4.6
    Checking rand_distr v0.4.3
    Checking pulp v0.21.5
    Checking simba v0.9.1
    Checking py_literal v0.4.0
    Checking nano-gemm-c32 v0.1.0
    Checking nano-gemm-c64 v0.1.0
    Checking npyz v0.8.4
    Checking gemm-common v0.18.2
    Checking qd v0.7.7
    Checking faer-traits v0.22.1
    Checking gemm-f32 v0.18.2
    Checking gemm-c32 v0.18.2
    Checking gemm-c64 v0.18.2
    Checking gemm-f64 v0.18.2
    Checking gemm v0.18.2
    Checking nalgebra v0.34.2
    Checking nano-gemm v0.1.3
    Checking faer v0.22.6
    Checking sim-domain-multibody v0.1.0 (/Users/elliot/physics-simulator-gait-exploration/crates/sim-domain-multibody)
    Checking sim-solve v0.1.0 (/Users/elliot/physics-simulator-gait-exploration/crates/sim-solve)
    Checking sim-dynamics v0.1.0 (/Users/elliot/physics-simulator-gait-exploration/crates/sim-dynamics)
    Checking sim-domain-robot v0.1.0 (/Users/elliot/physics-simulator-gait-exploration/crates/sim-domain-robot)
    Finished `release` profile [optimized] target(s) in 44.33s
