   Compiling sim-domain-control v0.1.0 (/Users/elliot/physics-simulator-gait-exploration/crates/sim-domain-control)
   Compiling sim-solve v0.1.0 (/Users/elliot/physics-simulator-gait-exploration/crates/sim-solve)
    Finished `release` profile [optimized] target(s) in 4.10s
     Running unittests src/lib.rs (/Users/elliot/physics-simulator/target/gait-exploration/release/deps/sim_domain_control-a6190c75d5ea1985)

running 2 tests
test contact_phase::tests::derivatives_and_c2_phase_boundaries ... ok
test contact_phase::tests::periodic_progress_and_stationary_stance ... ok

test result: ok. 2 passed; 0 failed; 0 ignored; 0 measured; 0 filtered out; finished in 0.00s

     Running unittests src/lib.rs (/Users/elliot/physics-simulator/target/gait-exploration/release/deps/sim_domain_robot-17dca9a13785ac04)

running 20 tests
test math::rotation_motion_tests::angular_rates_match_matrix_derivatives_at_zero_and_finite_rotations ... ok
test articulated::embedding::factor_blocks::tests::repartitions_every_matrix_and_never_discards_tiny_couplings ... ok
test motion_capability::tests::coupled_transmission_bound_satisfies_velocity_and_active_rate_constraint ... ok
test motion_capability::tests::constrained_pair_transfers_load_for_moment_and_rejects_tensile_support ... ok
test motion_capability::tests::point_support_matches_static_balance_and_identifies_unsupported_moment ... ok
test motion_capability::tests::constrained_support_matches_analytic_friction_cone_projection ... ok
test motion_capability::tests::rejects_unreachable_singular_and_redundant_cases ... ok
test motion_capability::tests::weighted_support_uses_availability_and_disables_zero_weight_points ... ok
test motion_capability::tests::constrained_support_retains_balance_regularization_and_disabled_points ... ok
test articulated::broad_phase_tests::moving_sample_bounds_preserve_every_point_box_hit_and_order ... ok
test articulated::prepared::exclusion_tests::exclusion_cache_preserves_pair_priority_and_refreshes_after_model_edits ... ok
test actuator_audit::tests::stall_matches_independent_electrical_and_torque_balance ... ok
test articulated::prepared::exclusion_tests::joint_exclusion_follows_translation_rotation_and_preserves_outer_contacts ... ok
test actuator_audit::tests::stall_includes_temperature_and_driver_foldback ... ok
test sdf::refinement_tests::local_detail_preserves_parent_and_blends_value_and_gradient ... ok
test sdf::refinement_tests::invalid_or_overlapping_detail_cannot_disable_geometry_silently ... ok
test sdf::tests::contact_budget_retains_thin_foot_and_all_support_extrema ... ok
test sdf::tests::box_distance_and_gradient ... ok
test sdf::band_tests::rotating_boundary_samples_remain_eligible_for_collision ... ok
test articulated::embedding::factor_blocks::factor_tests::block_least_squares_matches_whole_matrix_and_keeps_global_rank_threshold ... ok

test result: ok. 20 passed; 0 failed; 0 ignored; 0 measured; 0 filtered out; finished in 0.01s

     Running unittests src/lib.rs (/Users/elliot/physics-simulator/target/gait-exploration/release/deps/sim_solve-01a6638b1c3a995d)

running 8 tests
test least_squares::tests::rejects_invalid_trials_and_honors_evaluation_budget ... ok
test least_squares::tests::active_and_fixed_bounds_do_not_imply_residual_feasibility ... ok
test tests::scaled_secant_is_satisfied_without_mutating_snapshot ... ok
test tests::solves_nonlinear_system ... ok
test tests::tracked_matrix_uses_the_factorizations_duplicate_sum_order ... ok
test least_squares::tests::coupled_nonlinear_fit_and_unit_scaling ... ok
test tests::unsafe_or_exhausted_secants_request_fresh_derivatives ... ok
test tests::direct_csc_matches_triplet_constructor_bits_for_duplicates_zeros_and_empty_columns ... ok

test result: ok. 8 passed; 0 failed; 0 ignored; 0 measured; 0 filtered out; finished in 0.00s
