{
  name: 'redistributed-dynamic-0p5-v175-scale1-human-fine',
  prefix: 'runs/speed-ceiling/validation/redistributed-dynamic-0p5-v175-scale1-human-fine',
  exit: 0,
  error: null
}
{
  name: 'redistributed-dynamic-0p8-v175-scale1-human-fine',
  prefix: 'runs/speed-ceiling/validation/redistributed-dynamic-0p8-v175-scale1-human-fine',
  exit: 0,
  error: null
}
{
  name: 'redistributed-0p5-v175-bounded-inputs-human-fine',
  prefix: 'runs/speed-ceiling/validation/redistributed-0p5-v175-bounded-inputs-human-fine',
  exit: 0,
  error: null
}
{
  name: 'redistributed-0p8-v175-bounded-inputs-human-fine',
  prefix: 'runs/speed-ceiling/validation/redistributed-0p8-v175-bounded-inputs-human-fine',
  exit: 0,
  error: null
}
