{
  name: 'redistributed-0-v150-human-fine',
  prefix: 'runs/speed-ceiling/validation/redistributed-0-v150-human-fine',
  exit: 0,
  error: null
}
{
  name: 'redistributed-0p5-v150-human-fine',
  prefix: 'runs/speed-ceiling/validation/redistributed-0p5-v150-human-fine',
  exit: 0,
  error: null
}
{
  name: 'redistributed-0p5-v175-human-fine',
  prefix: 'runs/speed-ceiling/validation/redistributed-0p5-v175-human-fine',
  exit: 1,
  error: null
}
{
  name: 'redistributed-0p8-v175-human-fine',
  prefix: 'runs/speed-ceiling/validation/redistributed-0p8-v175-human-fine',
  exit: 1,
  error: null
}
