{
  name: 'swing-redistributed-0p5-v175-human-fine',
  prefix: 'runs/speed-ceiling/validation/swing-redistributed-0p5-v175-human-fine',
  exit: 0,
  error: null
}
{
  name: 'swing-redistributed-0p8-v175-human-fine',
  prefix: 'runs/speed-ceiling/validation/swing-redistributed-0p8-v175-human-fine',
  exit: 0,
  error: null
}
{
  name: 'swing-redistributed-dynamic-0p5-v175-scale1-human-fine',
  prefix: 'runs/speed-ceiling/validation/swing-redistributed-dynamic-0p5-v175-scale1-human-fine',
  exit: 0,
  error: null
}
{
  name: 'swing-redistributed-dynamic-0p8-v175-scale1-human-fine',
  prefix: 'runs/speed-ceiling/validation/swing-redistributed-dynamic-0p8-v175-scale1-human-fine',
  exit: 0,
  error: null
}
