{
  name: 'flat125-be-10ms-tangent',
  prefix: 'runs/speed-ceiling/validation/flat125-be-10ms-tangent',
  exit: 0,
  error: null
}
{
  name: 'flat125-sdirk2-5ms-tangent',
  prefix: 'runs/speed-ceiling/validation/flat125-sdirk2-5ms-tangent',
  exit: 0,
  error: null
}
{
  name: 'flat125-sdirk2-10ms-tangent',
  prefix: 'runs/speed-ceiling/validation/flat125-sdirk2-10ms-tangent',
  exit: 0,
  error: null
}
{
  name: 'flat125-sdirk2-20ms-tangent',
  prefix: 'runs/speed-ceiling/validation/flat125-sdirk2-20ms-tangent',
  exit: 0,
  error: null
}
