progress ticks 1000000 bridge 0 owner 0 frame 0 controls 0 records 0 latch 1 reason 1 scheduler 0 event 0 ready 0
EVENT 0 0 10 54 16073
EVENT 0 0 11 17072 33091
progress ticks 2000000 bridge 0 owner 0 frame 0 controls 0 records 1 latch 0 reason 0 scheduler 2 event 0 ready 0
progress ticks 3000000 bridge 0 owner 0 frame 0 controls 0 records 1 latch 1 reason 10 scheduler 0 event 0 ready 0
progress ticks 4000000 bridge 0 owner 0 frame 0 controls 0 records 1 latch 1 reason 10 scheduler 0 event 0 ready 0
progress ticks 5000000 bridge 0 owner 0 frame 0 controls 0 records 1 latch 1 reason 10 scheduler 0 event 0 ready 0
progress ticks 6000000 bridge 0 owner 0 frame 0 controls 0 records 1 latch 1 reason 10 scheduler 0 event 0 ready 0
progress ticks 7000000 bridge 0 owner 0 frame 0 controls 0 records 1 latch 1 reason 10 scheduler 0 event 0 ready 0
progress ticks 8000000 bridge 0 owner 0 frame 0 controls 0 records 1 latch 1 reason 10 scheduler 0 event 0 ready 0
progress ticks 9000000 bridge 0 owner 0 frame 0 controls 0 records 1 latch 1 reason 10 scheduler 0 event 0 ready 0
progress ticks 10000000 bridge 0 owner 0 frame 0 controls 0 records 1 latch 1 reason 10 scheduler 0 event 0 ready 0
progress ticks 11000000 bridge 0 owner 0 frame 0 controls 0 records 1 latch 1 reason 10 scheduler 0 event 0 ready 0
progress ticks 12000000 bridge 0 owner 0 frame 0 controls 0 records 1 latch 1 reason 10 scheduler 0 event 0 ready 0
progress ticks 13000000 bridge 0 owner 0 frame 0 controls 0 records 1 latch 1 reason 10 scheduler 0 event 0 ready 0
progress ticks 14000000 bridge 0 owner 0 frame 0 controls 0 records 1 latch 1 reason 10 scheduler 0 event 0 ready 0
progress ticks 15000000 bridge 0 owner 0 frame 0 controls 0 records 1 latch 1 reason 10 scheduler 0 event 0 ready 0
progress ticks 16000000 bridge 0 owner 0 frame 0 controls 0 records 1 latch 1 reason 10 scheduler 0 event 0 ready 0
progress ticks 17000000 bridge 0 owner 0 frame 0 controls 0 records 1 latch 1 reason 10 scheduler 0 event 0 ready 0
progress ticks 18000000 bridge 0 owner 0 frame 0 controls 0 records 1 latch 1 reason 10 scheduler 0 event 0 ready 0
progress ticks 19000000 bridge 0 owner 0 frame 0 controls 0 records 1 latch 1 reason 10 scheduler 0 event 0 ready 0
progress ticks 20000000 bridge 0 owner 0 frame 0 controls 0 records 1 latch 1 reason 10 scheduler 0 event 0 ready 0
progress ticks 21000000 bridge 0 owner 0 frame 0 controls 0 records 1 latch 1 reason 10 scheduler 0 event 0 ready 0
progress ticks 22000000 bridge 0 owner 0 frame 0 controls 0 records 1 latch 1 reason 10 scheduler 0 event 0 ready 0
progress ticks 23000000 bridge 0 owner 0 frame 0 controls 0 records 1 latch 1 reason 10 scheduler 0 event 0 ready 0
progress ticks 24000000 bridge 0 owner 0 frame 0 controls 0 records 1 latch 1 reason 10 scheduler 0 event 0 ready 0
progress ticks 25000000 bridge 0 owner 0 frame 0 controls 0 records 1 latch 1 reason 10 scheduler 0 event 0 ready 0
progress ticks 26000000 bridge 0 owner 0 frame 0 controls 0 records 1 latch 1 reason 10 scheduler 0 event 0 ready 0
progress ticks 27000000 bridge 0 owner 0 frame 0 controls 0 records 1 latch 1 reason 10 scheduler 0 event 0 ready 0
progress ticks 28000000 bridge 0 owner 0 frame 0 controls 0 records 1 latch 1 reason 10 scheduler 0 event 0 ready 0
progress ticks 29000000 bridge 0 owner 0 frame 0 controls 0 records 1 latch 1 reason 10 scheduler 0 event 0 ready 0
progress ticks 30000000 bridge 0 owner 0 frame 0 controls 0 records 1 latch 1 reason 10 scheduler 0 event 0 ready 0
progress ticks 31000000 bridge 0 owner 0 frame 0 controls 0 records 1 latch 1 reason 10 scheduler 0 event 0 ready 0
progress ticks 32000000 bridge 0 owner 0 frame 0 controls 0 records 1 latch 1 reason 10 scheduler 0 event 0 ready 0
progress ticks 33000000 bridge 0 owner 0 frame 0 controls 0 records 1 latch 1 reason 10 scheduler 0 event 0 ready 0
progress ticks 34000000 bridge 0 owner 0 frame 0 controls 0 records 1 latch 1 reason 10 scheduler 0 event 0 ready 0
progress ticks 35000000 bridge 0 owner 0 frame 0 controls 0 records 1 latch 1 reason 10 scheduler 0 event 0 ready 0
progress ticks 36000000 bridge 0 owner 0 frame 0 controls 0 records 1 latch 1 reason 10 scheduler 0 event 0 ready 0
progress ticks 37000000 bridge 0 owner 0 frame 0 controls 0 records 1 latch 1 reason 10 scheduler 0 event 0 ready 0
progress ticks 38000000 bridge 0 owner 0 frame 0 controls 0 records 1 latch 1 reason 10 scheduler 0 event 0 ready 0
progress ticks 39000000 bridge 0 owner 0 frame 0 controls 0 records 1 latch 1 reason 10 scheduler 0 event 0 ready 0
progress ticks 40000000 bridge 0 owner 0 frame 0 controls 0 records 1 latch 1 reason 10 scheduler 0 event 0 ready 0
[800000000000] %Fatal: bridge_experiment_tb.v:213: Assertion failed in bridge_experiment_tb: global test timeout case 0 state 0 owner 0 latch 1 reason 10 logs 1
%Error: tb/bridge_experiment_tb.v:213: Verilog $stop
Aborting...
