verilator --language 1364-2005 --binary --timing -j 4 -Wno-fatal --top-module bridge_experiment_tb -GCASE=0 -GFAST=1 -GLIVE=1 -GTUNABLE=0 --Mdir impl/vlive_fixed_case0 tb/bridge_experiment_tb.v src/uart_tx.v src/uart_rx.v src/host_packet_queue.v src/trajectory_store.v src/trajectory_upload.v src/bridge_control.v src/hx_safety.v src/button.v impl/fixed-pd/fixed_pd.v src/live_target_queue.v src/experiment_session.v src/experiment_transactions.v src/experiment_scheduler.v src/experiment_packet.v src/experiment_reply.v src/experiment_event_stream.v src/experiment_event_packet.v
%Warning-WIDTHEXPAND: src/experiment_scheduler.v:87:91: Operator LTE expects 32 or 30 bits on the LHS, but LHS's VARREF 'configured_frames' generates 16 bits.
                                                      : ... note: In instance 'bridge_experiment_tb.dut.experiment.session.transactions.scheduler'
   87 |         && (configured_frames<=256 ? configured_duration<=MAX_DURATION : configured_frames<=MAX_DURATION/FAST_MIN_PERIOD)
      |                                                                                           ^~
                      ... For warning description see https://verilator.org/warn/WIDTHEXPAND?v=5.051
                      ... Use "/* verilator lint_off WIDTHEXPAND */" and lint_on around source to disable this message.
%Warning-WIDTHEXPAND: src/experiment_event_packet.v:49:24: Operator EQ expects 6 bits on the LHS, but LHS's VARREF 'stored_width' generates 5 bits.
                                                         : ... note: In instance 'bridge_experiment_tb.dut.experiment.session.recorder.encoder'
   49 |         && stored_width==expected_width
      |                        ^~
%Warning-WIDTHEXPAND: src/experiment_event_packet.v:69:41: Operator ADD expects 7 bits on the RHS, but RHS's VARREF 'stored_width' generates 5 bits.
                                                         : ... note: In instance 'bridge_experiment_tb.dut.experiment.session.recorder.encoder'
   69 |                     packet_length<=7'd37+stored_width;index<=2;sum<=0;state<=CHECKSUM;
      |                                         ^
%Warning-WIDTHTRUNC: src/experiment_event_packet.v:74:33: Bit extraction of array[63:0] requires 6 bit index, not 7 bits.
                                                        : ... note: In instance 'bridge_experiment_tb.dut.experiment.session.recorder.encoder'
   74 |                     packet_bytes[index]<=~sum;state<=READY;
      |                                 ^
                     ... For warning description see https://verilator.org/warn/WIDTHTRUNC?v=5.051
                     ... Use "/* verilator lint_off WIDTHTRUNC */" and lint_on around source to disable this message.
%Warning-WIDTHTRUNC: src/experiment_event_packet.v:75:53: Bit extraction of array[63:0] requires 6 bit index, not 7 bits.
                                                        : ... note: In instance 'bridge_experiment_tb.dut.experiment.session.recorder.encoder'
   75 |                 end else begin sum<=sum+packet_bytes[index];index<=index+1'b1;end
      |                                                     ^
%Warning-WIDTHTRUNC: src/experiment_reply.v:80:60: Operator ASSIGNDLY expects 6 bits on the Assign RHS, but Assign RHS's SUB generates 7 bits.
                                                 : ... note: In instance 'bridge_experiment_tb.dut.experiment.session.transactions.replies'
   80 |                             reply_error<=status;reply_width<=total-7'd6;reply_data<=payload;
      |                                                            ^~
%Warning-WIDTHTRUNC: src/experiment_packet.v:47:21: Operator ASSIGN expects 4 bits on the Assign RHS, but Assign RHS's SHIFTR generates 32 or 7 bits.
                                                  : ... note: In instance 'bridge_experiment_tb.dut.experiment.session.transactions.builder'
   47 |                 axis=(index-15)>>2;
      |                     ^
%Warning-WIDTHEXPAND: src/trajectory_store.v:77:22: Operator XOR expects 32 bits on the RHS, but RHS's VARREF 'b' generates 8 bits.
                                                  : ... note: In instance 'bridge_experiment_tb.dut.trajectory.upload.memory_bank'
   77 |         begin c=value^b;for(k=0;k<8;k=k+1)c=(c>>1)^(c[0] ? 32'hedb88320 : 0);crc_byte=c;end
      |                      ^
%Warning-WIDTHEXPAND: src/trajectory_store.v:83:53: Operator SUB expects 32 bits on the LHS, but LHS's SIGNED generates 17 bits.
                                                  : ... note: In instance 'bridge_experiment_tb.dut.trajectory.upload.memory_bank'
   83 |     wire signed [31:0] offset=$signed({1'b0,target})-$signed({1'b0,home});
      |                                                     ^
%Warning-WIDTHEXPAND: src/trajectory_store.v:83:53: Operator SUB expects 32 bits on the RHS, but RHS's SIGNED generates 17 bits.
                                                  : ... note: In instance 'bridge_experiment_tb.dut.trajectory.upload.memory_bank'
   83 |     wire signed [31:0] offset=$signed({1'b0,target})-$signed({1'b0,home});
      |                                                     ^
%Warning-WIDTHEXPAND: src/trajectory_store.v:84:53: Operator SUB expects 32 bits on the LHS, but LHS's SIGNED generates 17 bits.
                                                  : ... note: In instance 'bridge_experiment_tb.dut.trajectory.upload.memory_bank'
   84 |     wire signed [31:0] change=$signed({1'b0,target})-$signed({1'b0,previous_targets[axis*16 +: 16]});
      |                                                     ^
%Warning-WIDTHEXPAND: src/trajectory_store.v:84:53: Operator SUB expects 32 bits on the RHS, but RHS's SIGNED generates 17 bits.
                                                  : ... note: In instance 'bridge_experiment_tb.dut.trajectory.upload.memory_bank'
   84 |     wire signed [31:0] change=$signed({1'b0,target})-$signed({1'b0,previous_targets[axis*16 +: 16]});
      |                                                     ^
%Warning-WIDTHEXPAND: src/trajectory_store.v:86:44: Operator NEQ expects 32 bits on the RHS, but RHS's VARREF 'delta' generates 16 bits.
                                                  : ... note: In instance 'bridge_experiment_tb.dut.trajectory.upload.memory_bank'
   86 |         || delta>32 || delta< -32 || change!=delta || (scan==0 && (target!=home || delta!=0)))
      |                                            ^~
%Warning-WIDTHTRUNC: src/hx_safety.v:41:35: Operator ASSIGNW expects 4 bits on the Assign RHS, but Assign RHS's SUB generates 32 or 8 bits.
                                          : ... note: In instance 'bridge_experiment_tb.dut.safety.supervisor'
   41 |     wire [AXIS_BITS-1:0] host_axis=hid-FIRST_ID;
      |                                   ^
%Warning-WIDTHTRUNC: src/hx_safety.v:42:38: Operator ASSIGNW expects 4 bits on the Assign RHS, but Assign RHS's SUB generates 32 or 8 bits.
                                          : ... note: In instance 'bridge_experiment_tb.dut.safety.supervisor'
   42 |     wire [AXIS_BITS-1:0] command_axis=host_packet[55:48]-FIRST_ID;
      |                                      ^
%Warning-WIDTHEXPAND: src/hx_safety.v:50:40: Operator EQ expects 8 bits on the RHS, but RHS's VARREF 'host_length' generates 7 bits.
                                           : ... note: In instance 'bridge_experiment_tb.dut.safety.supervisor'
   50 |         && host_packet[8*(3) +: 8]+8'd4==host_length && host_checksum==255;
      |                                        ^~
%Warning-WIDTHTRUNC: src/hx_safety.v:61:23: Operator ASSIGN expects 4 bits on the Assign RHS, but Assign RHS's SUB generates 32 or 8 bits.
                                          : ... note: In instance 'bridge_experiment_tb.dut.safety.supervisor'
   61 |             motor_axis=id-FIRST_ID;
      |                       ^
%Warning-WIDTHEXPAND: src/hx_safety.v:92:74: Operator SUB expects 32 bits on the LHS, but LHS's VARREF 'host_length' generates 7 bits.
                                           : ... note: In instance 'bridge_experiment_tb.dut.safety.supervisor'
   92 |                 allow_forward=write_ok(latched,armed,hid,addr,host_length-7,ordinary_zero,host_packet[55:48]==1);
      |                                                                          ^
%Warning-WIDTHEXPAND: src/hx_safety.v:98:35: Operator GT expects 32 bits on the LHS, but LHS's VARREF 'host_length' generates 7 bits.
                                           : ... note: In instance 'bridge_experiment_tb.dut.safety.supervisor'
   98 |                     if(host_length>q+1 && !write_ok(latched,armed,host_packet[8*q +: 8],addr,2,
      |                                   ^
%Warning-WIDTHEXPAND: src/hx_safety.v:105:35: Operator GT expects 32 bits on the LHS, but LHS's VARREF 'host_length' generates 7 bits.
                                            : ... note: In instance 'bridge_experiment_tb.dut.safety.supervisor'
  105 |                     if(host_length>q+1 && !write_ok(latched,armed,host_packet[8*q +: 8],addr,1,
      |                                   ^
%Warning-WIDTHTRUNC: src/hx_safety.v:121:37: Operator ASSIGNW expects 4 bits on the Assign RHS, but Assign RHS's SUB generates 32 or 8 bits.
                                           : ... note: In instance 'bridge_experiment_tb.dut.safety.supervisor'
  121 |     wire [AXIS_BITS-1:0] sample_axis=sample_id-FIRST_ID;
      |                                     ^
%Warning-WIDTHTRUNC: src/hx_safety.v:135:39: Bit extraction of array[20:0] requires 5 bit index, not 7 bits.
                                           : ... note: In instance 'bridge_experiment_tb.dut.safety.supervisor'
  135 |                     if(rx_count<21) rb[rx_count]<=servo_data;
      |                                       ^
%Warning-WIDTHTRUNC: src/hx_safety.v:139:44: Operator ASSIGNDLY expects 7 bits on the Assign RHS, but Assign RHS's ADD generates 32 or 8 bits.
                                           : ... note: In instance 'bridge_experiment_tb.dut.safety.supervisor'
  139 |                         else begin rx_total<=servo_data+4; rx_count<=4; end
      |                                            ^~
%Warning-WIDTHTRUNC: src/hx_safety.v:170:76: Operator ASSIGN expects 8 bits on the Assign RHS, but Assign RHS's ADD generates 32 bits.
                                           : ... note: In instance 'bridge_experiment_tb.dut.safety.supervisor'
  170 |                 if(!healthy[n]) begin trip_reason=sample_reason[n]; trip_id=FIRST_ID+n; end
      |                                                                            ^
%Warning-WIDTHTRUNC: src/hx_safety.v:171:88: Operator ASSIGN expects 8 bits on the Assign RHS, but Assign RHS's ADD generates 32 bits.
                                           : ... note: In instance 'bridge_experiment_tb.dut.safety.supervisor'
  171 |                 else if(feedback_age[n]>=FEEDBACK_TIMEOUT) begin trip_reason=7; trip_id=FIRST_ID+n; end
      |                                                                                        ^
%Warning-WIDTHTRUNC: src/hx_safety.v:172:86: Operator ASSIGN expects 8 bits on the Assign RHS, but Assign RHS's ADD generates 32 bits.
                                           : ... note: In instance 'bridge_experiment_tb.dut.safety.supervisor'
  172 |                 else if(command_age[n]>=COMMAND_TIMEOUT) begin trip_reason=8; trip_id=FIRST_ID+n; end
      |                                                                                      ^
%Warning-WIDTHEXPAND: src/hx_safety.v:176:24: Operator ASSIGNW expects 16 bits on the Assign RHS, but Assign RHS's VARREF 'armed' generates 9 bits.
                                            : ... note: In instance 'bridge_experiment_tb.dut.safety.supervisor'
  176 |     wire [15:0] armed16=armed;
      |                        ^
%Warning-WIDTHEXPAND: src/hx_safety.v:177:24: Operator ASSIGNW expects 16 bits on the Assign RHS, but Assign RHS's VARREF 'fresh' generates 9 bits.
                                            : ... note: In instance 'bridge_experiment_tb.dut.safety.supervisor'
  177 |     wire [15:0] fresh16=fresh;
      |                        ^
%Warning-WIDTHEXPAND: src/trajectory_upload.v:17:82: Operator EQ expects 9 bits on the RHS, but RHS's VARREF 'packet_length' generates 7 bits.
                                                   : ... note: In instance 'bridge_experiment_tb.dut.trajectory.upload'
   17 |     wire framing=packet_ok && packet[15:0]==16'hffff && {1'b0,packet[31:24]}+9'd4==packet_length;
      |                                                                                  ^~
%Warning-WIDTHEXPAND: src/live_target_queue.v:26:82: Operator EQ expects 9 bits on the RHS, but RHS's VARREF 'packet_length' generates 7 bits.
                                                   : ... note: In instance 'bridge_experiment_tb.dut.live_reference.queue'
   26 |     wire framing=packet_ok && packet[15:0]==16'hffff && {1'b0,packet[31:24]}+9'd4==packet_length;
      |                                                                                  ^~
%Warning-WIDTHEXPAND: src/live_target_queue.v:51:45: Operator ADD expects 32 or 5 bits on the RHS, but RHS's VARREF 'axis' generates 2 bits.
                                                   : ... note: In instance 'bridge_experiment_tb.dut.live_reference.queue'
   51 |     wire signed [15:0] offset=payload[(row*3+axis)*16 +: 16];
      |                                             ^
%Warning-WIDTHEXPAND: src/live_target_queue.v:64:18: Operator ADD expects 32 or 16 bits on the RHS, but RHS's VARREF 'row' generates 3 bits.
                                                   : ... note: In instance 'bridge_experiment_tb.dut.live_reference.queue'
   64 |         || (first+row==0 && offset!=0);
      |                  ^
%Warning-WIDTHEXPAND: src/live_target_queue.v:98:72: Operator NEQ expects 32 or 8 bits on the LHS, but LHS's VARREF 'packet_length' generates 7 bits.
                                                   : ... note: In instance 'bridge_experiment_tb.dut.live_reference.queue'
   98 |                     || input_count==0 || input_count>8 || packet_length!=14+input_count*6
      |                                                                        ^~
%Warning-WIDTHEXPAND: src/live_target_queue.v:114:34: Operator ADD expects 32 or 16 bits on the RHS, but RHS's VARREF 'row' generates 3 bits.
                                                    : ... note: In instance 'bridge_experiment_tb.dut.live_reference.queue'
  114 |                     memory[(first+row)&15]<=commit_data;
      |                                  ^
%Warning-WIDTHEXPAND: src/live_target_queue.v:116:39: Operator ADD expects 16 bits on the RHS, but RHS's VARREF 'count' generates 4 bits.
                                                    : ... note: In instance 'bridge_experiment_tb.dut.live_reference.queue'
  116 |                         written<=first+count;previous<=scratch_previous;freshness<=0;state<=IDLE;
      |                                       ^
%Warning-WIDTHTRUNC: impl/fixed-pd/fixed_pd.v:41:79: Operator ASSIGNDLY expects 16 bits on the Assign RHS, but Assign RHS's COND generates 32 bits.
                                                   : ... note: In instance 'bridge_experiment_tb.dut.standard_law.law'
   41 | reg signed [31:0] raw;always @(posedge clk) begin raw <= node_7/32'sd256;duty <= raw>limit ? limit : (raw< -limit ? -limit : raw);end
      |                                                                               ^~
%Warning-WIDTHEXPAND: src/host_packet_queue.v:46:34: Operator COND expects 512 bits on the Conditional True, but Conditional True's VARREF 'priority_packet' generates 64 bits.
                                                   : ... note: In instance 'bridge_experiment_tb.dut.buffered_host.host_queue'
   46 |     assign packet=priority_valid ? priority_packet : packets[rd];
      |                                  ^
%Warning-WIDTHTRUNC: src/host_packet_queue.v:70:30: Bit extraction of array[63:0] requires 6 bit index, not 7 bits.
                                                  : ... note: In instance 'bridge_experiment_tb.dut.buffered_host.host_queue'
   70 |                         bytes[index]<=data;sum<=sum+data;
      |                              ^
%Warning-WIDTHTRUNC: src/host_packet_queue.v:71:43: Operator ASSIGNDLY expects 7 bits on the Assign RHS, but Assign RHS's ADD generates 32 or 8 bits.
                                                  : ... note: In instance 'bridge_experiment_tb.dut.buffered_host.host_queue'
   71 |                         if(index==3) total<=data+4;
      |                                           ^~
%Warning-WIDTHEXPAND: src/bridge_control.v:81:24: Operator ASSIGN expects 4 bits on the Assign RHS, but Assign RHS's VARREF 'C_H1' generates 3 bits.
                                                : ... note: In instance 'bridge_experiment_tb.dut'
   81 |     reg [3:0] cstate = C_H1;
      |                        ^~~~
%Warning-WIDTHEXPAND: src/bridge_control.v:120:64: Operator SUB expects 32 bits on the LHS, but LHS's SIGNED generates 17 bits.
                                                 : ... note: In instance 'bridge_experiment_tb.dut'
  120 |     wire signed [31:0] axis_error=$signed({1'b0,targets[axis]})-$signed({1'b0,axis_position});
      |                                                                ^
%Warning-WIDTHEXPAND: src/bridge_control.v:120:64: Operator SUB expects 32 bits on the RHS, but RHS's SIGNED generates 17 bits.
                                                 : ... note: In instance 'bridge_experiment_tb.dut'
  120 |     wire signed [31:0] axis_error=$signed({1'b0,targets[axis]})-$signed({1'b0,axis_position});
      |                                                                ^
%Warning-WIDTHEXPAND: src/bridge_control.v:121:65: Operator SUB expects 32 bits on the LHS, but LHS's SIGNED generates 17 bits.
                                                 : ... note: In instance 'bridge_experiment_tb.dut'
  121 |     wire signed [31:0] axis_travel=$signed({1'b0,axis_position})-$signed({1'b0,axis_anchor});
      |                                                                 ^
%Warning-WIDTHEXPAND: src/bridge_control.v:121:65: Operator SUB expects 32 bits on the RHS, but RHS's SIGNED generates 17 bits.
                                                 : ... note: In instance 'bridge_experiment_tb.dut'
  121 |     wire signed [31:0] axis_travel=$signed({1'b0,axis_position})-$signed({1'b0,axis_anchor});
      |                                                                 ^
%Warning-WIDTHTRUNC: src/bridge_control.v:135:25: Logical operator COND expects 1 bit on the Conditional Test, but Conditional Test's VARREF 'FIXED_GAINS' generates 32 or 2 bits.
                                                : ... note: In instance 'bridge_experiment_tb.dut'
  135 |         .kp(FIXED_GAINS ? FIXED_KP : $signed({19'd0,kp[12:0]})),.kd(FIXED_GAINS ? FIXED_KD : $signed({19'd0,kd[12:0]})),.kv(FIXED_GAINS ? FIXED_KV : $signed({19'd0,kv[12:0]})),
      |                         ^
%Warning-WIDTHTRUNC: src/bridge_control.v:135:81: Logical operator COND expects 1 bit on the Conditional Test, but Conditional Test's VARREF 'FIXED_GAINS' generates 32 or 2 bits.
                                                : ... note: In instance 'bridge_experiment_tb.dut'
  135 |         .kp(FIXED_GAINS ? FIXED_KP : $signed({19'd0,kp[12:0]})),.kd(FIXED_GAINS ? FIXED_KD : $signed({19'd0,kd[12:0]})),.kv(FIXED_GAINS ? FIXED_KV : $signed({19'd0,kv[12:0]})),
      |                                                                                 ^
%Warning-WIDTHTRUNC: src/bridge_control.v:135:137: Logical operator COND expects 1 bit on the Conditional Test, but Conditional Test's VARREF 'FIXED_GAINS' generates 32 or 2 bits.
                                                 : ... note: In instance 'bridge_experiment_tb.dut'
  135 |         .kp(FIXED_GAINS ? FIXED_KP : $signed({19'd0,kp[12:0]})),.kd(FIXED_GAINS ? FIXED_KD : $signed({19'd0,kd[12:0]})),.kv(FIXED_GAINS ? FIXED_KV : $signed({19'd0,kv[12:0]})),
      |                                                                                                                                         ^
%Warning-WIDTHEXPAND: src/bridge_control.v:168:18: Operator NEQ expects 4 bits on the RHS, but RHS's VARREF 'C_SEND' generates 3 bits.
                                                 : ... note: In instance 'bridge_experiment_tb.dut'
  168 |         && cstate!=C_SEND && !s_tx_busy && stop_gap==0 && reply_wait==0 && rx_quiet>=SERVO_CLKS*20;
      |                  ^~
%Warning-WIDTHEXPAND: src/bridge_control.v:169:30: Operator EQ expects 4 bits on the RHS, but RHS's VARREF 'C_CHECK' generates 3 bits.
                                                 : ... note: In instance 'bridge_experiment_tb.dut'
  169 |     wire check_safety=(cstate==C_CHECK) && !stop_active && !begin_stop && !s_tx_busy && stop_gap==0;
      |                              ^~
%Warning-WIDTHEXPAND: src/bridge_control.v:327:51: Operator NEQ expects 4 bits on the RHS, but RHS's VARREF 'C_SEND' generates 3 bits.
                                                 : ... note: In instance 'bridge_experiment_tb.dut'
  327 |     wire servo_tx_enable = !(RELEASE_TX && cstate != C_SEND && !stop_active && !s_tx_busy);
      |                                                   ^~
%Warning-WIDTHEXPAND: src/bridge_control.v:331:30: Operator NEQ expects 4 bits on the RHS, but RHS's VARREF 'C_SEND' generates 3 bits.
                                                 : ... note: In instance 'bridge_experiment_tb.dut'
  331 |     wire listening = (cstate != C_SEND) && !stop_active && !s_tx_busy && (guard == 0);
      |                              ^~
%Warning-WIDTHEXPAND: src/bridge_control.v:341:38: Operator EQ expects 4 bits on the RHS, but RHS's VARREF 'C_H1' generates 3 bits.
                                                 : ... note: In instance 'bridge_experiment_tb.dut'
  341 |         if(experiment_owner && cstate==C_H1 && !s_tx_busy && reply_wait==0 && rx_quiet>=SERVO_CLKS*20)
      |                                      ^~
%Warning-WIDTHEXPAND: src/bridge_control.v:348:20: Operator ASSIGNDLY expects 4 bits on the Assign RHS, but Assign RHS's VARREF 'C_H1' generates 3 bits.
                                                 : ... note: In instance 'bridge_experiment_tb.dut'
  348 |             cstate <= C_H1;
      |                    ^~
%Warning-WIDTHEXPAND: src/bridge_control.v:383:43: Operator COND expects 4 bits on the Conditional True, but Conditional True's VARREF 'C_CHECK' generates 3 bits.
                                                 : ... note: In instance 'bridge_experiment_tb.dut'
  383 |                     cstate<=SAFETY_ENABLE ? C_CHECK : C_SEND;experiment_owner<=0;
      |                                           ^
%Warning-WIDTHEXPAND: src/bridge_control.v:383:43: Operator COND expects 4 bits on the Conditional False, but Conditional False's VARREF 'C_SEND' generates 3 bits.
                                                 : ... note: In instance 'bridge_experiment_tb.dut'
  383 |                     cstate<=SAFETY_ENABLE ? C_CHECK : C_SEND;experiment_owner<=0;
      |                                           ^
%Warning-WIDTHEXPAND: src/bridge_control.v:387:47: Operator ASSIGNDLY expects 4 bits on the Assign RHS, but Assign RHS's VARREF 'C_CHECK' generates 3 bits.
                                                 : ... note: In instance 'bridge_experiment_tb.dut'
  387 |                     experiment_owner<=1;cstate<=C_CHECK;
      |                                               ^~
%Warning-WIDTHEXPAND: src/bridge_control.v:389:60: Operator ASSIGNDLY expects 4 bits on the Assign RHS, but Assign RHS's VARREF 'C_H2' generates 3 bits.
                                                 : ... note: In instance 'bridge_experiment_tb.dut'
  389 |                     pbuf[0] <= 8'hFF; pcnt <= 7'd1; cstate <= C_H2;
      |                                                            ^~
%Warning-WIDTHEXPAND: src/bridge_control.v:394:64: Operator ASSIGNDLY expects 4 bits on the Assign RHS, but Assign RHS's VARREF 'C_BODY' generates 3 bits.
                                                 : ... note: In instance 'bridge_experiment_tb.dut'
  394 |                         pbuf[1] <= 8'hFF; pcnt <= 7'd2; cstate <= C_BODY;
      |                                                                ^~
%Warning-WIDTHEXPAND: src/bridge_control.v:397:32: Operator ASSIGNDLY expects 4 bits on the Assign RHS, but Assign RHS's VARREF 'C_H1' generates 3 bits.
                                                 : ... note: In instance 'bridge_experiment_tb.dut'
  397 |                         cstate <= C_H1;
      |                                ^~
%Warning-WIDTHTRUNC: src/bridge_control.v:401:25: Bit extraction of array[63:0] requires 6 bit index, not 7 bits.
                                                : ... note: In instance 'bridge_experiment_tb.dut'
  401 |                     pbuf[pcnt] <= h_data;
      |                         ^
%Warning-WIDTHTRUNC: src/bridge_control.v:405:30: Operator ASSIGNDLY expects 7 bits on the Assign RHS, but Assign RHS's ADD generates 8 bits.
                                                : ... note: In instance 'bridge_experiment_tb.dut'
  405 |                         ptot <= h_data + 7'd4;
      |                              ^~
%Warning-WIDTHEXPAND: src/bridge_control.v:406:76: Operator ASSIGNDLY expects 4 bits on the Assign RHS, but Assign RHS's VARREF 'C_H1' generates 3 bits.
                                                 : ... note: In instance 'bridge_experiment_tb.dut'
  406 |                         if(SAFETY_ENABLE && (h_data<2 || h_data>60)) cstate<=C_H1;
      |                                                                            ^~
%Warning-WIDTHEXPAND: src/bridge_control.v:410:49: Operator COND expects 4 bits on the Conditional True, but Conditional True's VARREF 'C_CHECK' generates 3 bits.
                                                 : ... note: In instance 'bridge_experiment_tb.dut'
  410 |                         cstate <= SAFETY_ENABLE ? C_CHECK : C_SEND;
      |                                                 ^
%Warning-WIDTHEXPAND: src/bridge_control.v:410:49: Operator COND expects 4 bits on the Conditional False, but Conditional False's VARREF 'C_SEND' generates 3 bits.
                                                 : ... note: In instance 'bridge_experiment_tb.dut'
  410 |                         cstate <= SAFETY_ENABLE ? C_CHECK : C_SEND;
      |                                                 ^
%Warning-WIDTHEXPAND: src/bridge_control.v:412:32: Operator ASSIGNDLY expects 4 bits on the Assign RHS, but Assign RHS's VARREF 'C_H1' generates 3 bits.
                                                 : ... note: In instance 'bridge_experiment_tb.dut'
  412 |                         cstate <= C_H1;               
      |                                ^~
%Warning-WIDTHEXPAND: src/bridge_control.v:453:53: Operator ASSIGNDLY expects 4 bits on the Assign RHS, but Assign RHS's VARREF 'C_LOCAL' generates 3 bits.
                                                 : ... note: In instance 'bridge_experiment_tb.dut'
  453 |                     end else if(safety_local) cstate<=C_LOCAL;
      |                                                     ^~
%Warning-WIDTHEXPAND: src/bridge_control.v:454:64: Operator ASSIGNDLY expects 4 bits on the Assign RHS, but Assign RHS's VARREF 'C_SEND' generates 3 bits.
                                                 : ... note: In instance 'bridge_experiment_tb.dut'
  454 |                     else if(safety_allow) begin pidx<=0; cstate<=C_SEND; end
      |                                                                ^~
%Warning-WIDTHEXPAND: src/bridge_control.v:455:47: Operator ASSIGNDLY expects 4 bits on the Assign RHS, but Assign RHS's VARREF 'C_H1' generates 3 bits.
                                                 : ... note: In instance 'bridge_experiment_tb.dut'
  455 |                     else begin pcnt<=0; cstate<=C_H1; end
      |                                               ^~
%Warning-WIDTHTRUNC: src/bridge_control.v:483:29: Bit extraction of array[63:0] requires 6 bit index, not 7 bits.
                                                : ... note: In instance 'bridge_experiment_tb.dut'
  483 |                         pbuf[build_index]<=control_wait==0 ? axis+4 : control_wait==1
      |                             ^
%Warning-WIDTHEXPAND: src/bridge_control.v:483:66: Operator ADD expects 32 or 8 bits on the LHS, but LHS's VARREF 'axis' generates 4 bits.
                                                 : ... note: In instance 'bridge_experiment_tb.dut'
  483 |                         pbuf[build_index]<=control_wait==0 ? axis+4 : control_wait==1
      |                                                                  ^
%Warning-WIDTHTRUNC: src/bridge_control.v:496:29: Bit extraction of array[63:0] requires 6 bit index, not 7 bits.
                                                : ... note: In instance 'bridge_experiment_tb.dut'
  496 |                         pbuf[pidx]<=~build_sum; packet_checksum<=255; cstate<=C_CHECK;
      |                             ^
%Warning-WIDTHEXPAND: src/bridge_control.v:496:77: Operator ASSIGNDLY expects 4 bits on the Assign RHS, but Assign RHS's VARREF 'C_CHECK' generates 3 bits.
                                                 : ... note: In instance 'bridge_experiment_tb.dut'
  496 |                         pbuf[pidx]<=~build_sum; packet_checksum<=255; cstate<=C_CHECK;
      |                                                                             ^~
%Warning-WIDTHTRUNC: src/bridge_control.v:497:61: Bit extraction of array[63:0] requires 6 bit index, not 7 bits.
                                                : ... note: In instance 'bridge_experiment_tb.dut'
  497 |                     end else begin build_sum<=build_sum+pbuf[pidx]; pidx<=pidx+1; end
      |                                                             ^
%Warning-WIDTHEXPAND: src/bridge_control.v:499:62: Operator ASSIGNDLY expects 4 bits on the Assign RHS, but Assign RHS's VARREF 'C_LOCAL' generates 3 bits.
                                                 : ... note: In instance 'bridge_experiment_tb.dut'
  499 |                 C_CTL_FAULT: begin experiment_owner<=0;cstate<=C_LOCAL;end
      |                                                              ^~
%Warning-WIDTHEXPAND: src/bridge_control.v:501:51: Operator ASSIGNDLY expects 4 bits on the Assign RHS, but Assign RHS's VARREF 'C_H1' generates 3 bits.
                                                 : ... note: In instance 'bridge_experiment_tb.dut'
  501 |                 C_TRAJ_REPLY: begin pcnt<=0;cstate<=C_H1;end
      |                                                   ^~
%Warning-WIDTHEXPAND: src/bridge_control.v:502:47: Operator ASSIGNDLY expects 4 bits on the Assign RHS, but Assign RHS's VARREF 'C_H1' generates 3 bits.
                                                 : ... note: In instance 'bridge_experiment_tb.dut'
  502 |                 C_LOCAL: begin pcnt<=0; cstate<=C_H1; end
      |                                               ^~
%Warning-WIDTHEXPAND: src/bridge_control.v:504:101: Operator ASSIGNDLY expects 4 bits on the Assign RHS, but Assign RHS's VARREF 'C_H1' generates 3 bits.
                                                  : ... note: In instance 'bridge_experiment_tb.dut'
  504 |                     if(experiment_owner) begin experiment_control_done<=1;experiment_owner<=0;cstate<=C_H1;end
      |                                                                                                     ^~
%Warning-WIDTHEXPAND: src/bridge_control.v:505:32: Operator ASSIGNDLY expects 4 bits on the Assign RHS, but Assign RHS's VARREF 'C_LOCAL' generates 3 bits.
                                                 : ... note: In instance 'bridge_experiment_tb.dut'
  505 |                     else cstate<=C_LOCAL;
      |                                ^~
%Warning-WIDTHEXPAND: src/bridge_control.v:508:35: Operator ASSIGNDLY expects 4 bits on the Assign RHS, but Assign RHS's VARREF 'C_H1' generates 3 bits.
                                                 : ... note: In instance 'bridge_experiment_tb.dut'
  508 |                     pcnt<=0;cstate<=C_H1;
      |                                   ^~
%Warning-WIDTHTRUNC: src/bridge_control.v:510:39: Bit extraction of array[63:0] requires 6 bit index, not 7 bits.
                                                : ... note: In instance 'bridge_experiment_tb.dut'
  510 |                     s_tx_data  <= pbuf[pidx];
      |                                       ^
%Warning-WIDTHEXPAND: src/bridge_control.v:515:69: Operator COND expects 4 bits on the Conditional True, but Conditional True's VARREF 'C_RECEIPT' generates 3 bits.
                                                 : ... note: In instance 'bridge_experiment_tb.dut'
  515 |                         cstate <= (SAFETY_ENABLE && pbuf[4]==8'h83) ? C_RECEIPT : C_H1;
      |                                                                     ^
%Warning-WIDTHEXPAND: src/bridge_control.v:515:69: Operator COND expects 4 bits on the Conditional False, but Conditional False's VARREF 'C_H1' generates 3 bits.
                                                 : ... note: In instance 'bridge_experiment_tb.dut'
  515 |                         cstate <= (SAFETY_ENABLE && pbuf[4]==8'h83) ? C_RECEIPT : C_H1;
      |                                                                     ^
%Warning-WIDTHEXPAND: src/bridge_control.v:520:33: Operator ASSIGNDLY expects 4 bits on the Assign RHS, but Assign RHS's VARREF 'C_H1' generates 3 bits.
                                                 : ... note: In instance 'bridge_experiment_tb.dut'
  520 |                 default: cstate <= C_H1;
      |                                 ^~
%Warning-WIDTHEXPAND: src/bridge_control.v:379:13: Operator CASE expects 32 or 4 bits on the Case Item, but Case Item's VARREF 'C_H1' generates 3 bits.
                                                 : ... note: In instance 'bridge_experiment_tb.dut'
  379 |             case (cstate)
      |             ^~~~
%Warning-WIDTHEXPAND: src/bridge_control.v:379:13: Operator CASE expects 32 or 4 bits on the Case Item, but Case Item's VARREF 'C_H2' generates 3 bits.
                                                 : ... note: In instance 'bridge_experiment_tb.dut'
  379 |             case (cstate)
      |             ^~~~
%Warning-WIDTHEXPAND: src/bridge_control.v:379:13: Operator CASE expects 32 or 4 bits on the Case Item, but Case Item's VARREF 'C_BODY' generates 3 bits.
                                                 : ... note: In instance 'bridge_experiment_tb.dut'
  379 |             case (cstate)
      |             ^~~~
%Warning-WIDTHEXPAND: src/bridge_control.v:379:13: Operator CASE expects 32 or 4 bits on the Case Item, but Case Item's VARREF 'C_CHECK' generates 3 bits.
                                                 : ... note: In instance 'bridge_experiment_tb.dut'
  379 |             case (cstate)
      |             ^~~~
%Warning-WIDTHEXPAND: src/bridge_control.v:379:13: Operator CASE expects 32 or 4 bits on the Case Item, but Case Item's VARREF 'C_LOCAL' generates 3 bits.
                                                 : ... note: In instance 'bridge_experiment_tb.dut'
  379 |             case (cstate)
      |             ^~~~
%Warning-WIDTHEXPAND: src/bridge_control.v:379:13: Operator CASE expects 32 or 4 bits on the Case Item, but Case Item's VARREF 'C_RECEIPT' generates 3 bits.
                                                 : ... note: In instance 'bridge_experiment_tb.dut'
  379 |             case (cstate)
      |             ^~~~
%Warning-WIDTHEXPAND: src/bridge_control.v:379:13: Operator CASE expects 32 or 4 bits on the Case Item, but Case Item's VARREF 'C_SEND' generates 3 bits.
                                                 : ... note: In instance 'bridge_experiment_tb.dut'
  379 |             case (cstate)
      |             ^~~~
%Warning-WIDTHEXPAND: src/bridge_control.v:541:25: Operator EQ expects 4 bits on the RHS, but RHS's VARREF 'C_H1' generates 3 bits.
                                                 : ... note: In instance 'bridge_experiment_tb.dut'
  541 |     wire bus_idle=cstate==C_H1 && !stop_active && !begin_stop && !s_tx_busy
      |                         ^~
%Warning-WIDTHEXPAND: src/bridge_control.v:549:21: Operator GTE expects 8 bits on the RHS, but RHS's VARREF 'experiment_log_length' generates 7 bits.
                                                 : ... note: In instance 'bridge_experiment_tb.dut'
  549 |         && fifo_free>=experiment_log_length && experiment_log_length>=6 && experiment_log_length<=64;
      |                     ^~
%Warning-WIDTHEXPAND: src/bridge_control.v:554:69: Operator EQ expects 4 bits on the RHS, but RHS's VARREF 'C_SEND' generates 3 bits.
                                                 : ... note: In instance 'bridge_experiment_tb.dut'
  554 |         || (s_valid && experiment_log_sending) || (h_valid && cstate==C_SEND);
      |                                                                     ^~
%Warning-WIDTHEXPAND: src/bridge_control.v:586:22: Operator EQ expects 4 bits on the RHS, but RHS's VARREF 'C_LOCAL' generates 3 bits.
                                                 : ... note: In instance 'bridge_experiment_tb.dut'
  586 |             if(cstate==C_LOCAL) begin
      |                      ^~
%Warning-WIDTHTRUNC: src/bridge_control.v:607:38: Bit extraction of array[30:0] requires 5 bit index, not 6 bits.
                                                : ... note: In instance 'bridge_experiment_tb.dut'
  607 |                 fifo[wptr]<=local_buf[local_index]; wptr<=wptr+1;
      |                                      ^
%Warning-WIDTHEXPAND: tb/bridge_experiment_tb.v:44:27: Operator ADD expects 32 bits on the LHS, but LHS's VARREF 'sb' generates 8 bits.
                                                     : ... note: In instance 'bridge_experiment_tb'
   44 |             if(cn==3)ct=sb+4;cn=cn+1;
      |                           ^
%Warning-WIDTHEXPAND: tb/bridge_experiment_tb.v:49:29: Operator ASSIGN expects 32 bits on the Assign RHS, but Assign RHS's ARRAYSEL generates 8 bits.
                                                     : ... note: In instance 'bridge_experiment_tb'
   49 |                     reply_id=command[2];reply_address=command[5];reply_width=command[6];reply_pending=1;
      |                             ^
%Warning-WIDTHEXPAND: tb/bridge_experiment_tb.v:49:54: Operator ASSIGN expects 32 bits on the Assign RHS, but Assign RHS's ARRAYSEL generates 8 bits.
                                                     : ... note: In instance 'bridge_experiment_tb'
   49 |                     reply_id=command[2];reply_address=command[5];reply_width=command[6];reply_pending=1;
      |                                                      ^
%Warning-WIDTHEXPAND: tb/bridge_experiment_tb.v:49:77: Operator ASSIGN expects 32 bits on the Assign RHS, but Assign RHS's ARRAYSEL generates 8 bits.
                                                     : ... note: In instance 'bridge_experiment_tb'
   49 |                     reply_id=command[2];reply_address=command[5];reply_width=command[6];reply_pending=1;
      |                                                                             ^
%Warning-WIDTHEXPAND: tb/bridge_experiment_tb.v:60:42: Operator NEQ expects 32 bits on the LHS, but LHS's ARRAYSEL generates 8 bits.
                                                     : ... note: In instance 'bridge_experiment_tb'
   60 |                         if(command[7+i*3]!=i+FIRST_ID)$fatal(1,"motor order");
      |                                          ^~
%Warning-WIDTHTRUNC: tb/bridge_experiment_tb.v:68:41: Operator ASSIGN expects 1 bits on the Assign RHS, but Assign RHS's ARRAYSEL generates 8 bits.
                                                    : ... note: In instance 'bridge_experiment_tb'
   68 |                     torque[command[2]-4]=command[6];
      |                                         ^
%Warning-WIDTHEXPAND: tb/bridge_experiment_tb.v:78:33: Operator ADD expects 32 bits on the LHS, but LHS's VARREF 'hb' generates 8 bits.
                                                     : ... note: In instance 'bridge_experiment_tb'
   78 |             if(hn==3)begin ht=hb+4;if(ht>64 || ht<6)$fatal(1,"invalid host frame size");end
      |                                 ^
%Warning-WIDTHEXPAND: tb/bridge_experiment_tb.v:87:84: Operator ASSIGN expects 32 bits on the Assign RHS, but Assign RHS's ARRAYSEL generates 8 bits.
                                                     : ... note: In instance 'bridge_experiment_tb'
   87 |                     if(host_frame[7]==4)begin terminals=terminals+1;terminal_result=host_frame[15];end
      |                                                                                    ^
%Warning-WIDTHTRUNC: tb/bridge_experiment_tb.v:123:56: Operator ASSIGN expects 8 bits on the Assign RHS, but Assign RHS's VARREF 'reply_id' generates 32 bits.
                                                     : ... note: In instance 'bridge_experiment_tb'
  123 |             response[0]=255;response[1]=255;response[2]=reply_id;response[3]=reply_width+2;
      |                                                        ^
%Warning-WIDTHTRUNC: tb/bridge_experiment_tb.v:123:77: Operator ASSIGN expects 8 bits on the Assign RHS, but Assign RHS's ADD generates 32 bits.
                                                     : ... note: In instance 'bridge_experiment_tb'
  123 |             response[0]=255;response[1]=255;response[2]=reply_id;response[3]=reply_width+2;
      |                                                                             ^
%Warning-WIDTHTRUNC: tb/bridge_experiment_tb.v:125:53: Operator ASSIGN expects 8 bits on the Assign RHS, but Assign RHS's VARREF 'position' generates 32 bits.
                                                     : ... note: In instance 'bridge_experiment_tb'
  125 |                 position=2000+reply_id-4;response[5]=position;response[6]=position>>8;response[11]=120;response[12]=40;
      |                                                     ^
%Warning-WIDTHTRUNC: tb/bridge_experiment_tb.v:125:74: Operator ASSIGN expects 8 bits on the Assign RHS, but Assign RHS's SHIFTR generates 32 bits.
                                                     : ... note: In instance 'bridge_experiment_tb'
  125 |                 position=2000+reply_id-4;response[5]=position;response[6]=position>>8;response[11]=120;response[12]=40;
      |                                                                          ^
%Warning-WIDTHEXPAND: tb/bridge_experiment_tb.v:127:28: Operator ASSIGN expects 8 bits on the Assign RHS, but Assign RHS's ARRAYSEL generates 1 bits.
                                                      : ... note: In instance 'bridge_experiment_tb'
  127 |                 response[5]=torque[reply_id-4];response[9]=pwm[reply_id-4];response[10]=pwm[reply_id-4]>>8;
      |                            ^
%Warning-WIDTHTRUNC: tb/bridge_experiment_tb.v:127:59: Operator ASSIGN expects 8 bits on the Assign RHS, but Assign RHS's ARRAYSEL generates 16 bits.
                                                     : ... note: In instance 'bridge_experiment_tb'
  127 |                 response[5]=torque[reply_id-4];response[9]=pwm[reply_id-4];response[10]=pwm[reply_id-4]>>8;
      |                                                           ^
%Warning-WIDTHTRUNC: tb/bridge_experiment_tb.v:127:88: Operator ASSIGN expects 8 bits on the Assign RHS, but Assign RHS's SHIFTR generates 16 bits.
                                                     : ... note: In instance 'bridge_experiment_tb'
  127 |                 response[5]=torque[reply_id-4];response[9]=pwm[reply_id-4];response[10]=pwm[reply_id-4]>>8;
      |                                                                                        ^
%Warning-WIDTHEXPAND: tb/bridge_experiment_tb.v:126:38: Operator EQ expects 32 bits on the RHS, but RHS's CONST '8'h28' generates 8 bits.
                                                      : ... note: In instance 'bridge_experiment_tb'
  126 |             end else if(reply_address==8'h28)begin
      |                                      ^~
%Warning-WIDTHEXPAND: tb/bridge_experiment_tb.v:124:29: Operator EQ expects 32 bits on the RHS, but RHS's CONST '8'h38' generates 8 bits.
                                                      : ... note: In instance 'bridge_experiment_tb'
  124 |             if(reply_address==8'h38)begin
      |                             ^~
%Warning-WIDTHEXPAND: tb/bridge_experiment_tb.v:121:78: Operator EQ expects 32 bits on the RHS, but RHS's CONST '8'h38' generates 8 bits.
                                                      : ... note: In instance 'bridge_experiment_tb'
  121 |         if(!(running && CASE==1 && reply_id==(FAST ? 10 : 6) && reply_address==8'h38))begin
      |                                                                              ^~
%Warning-WIDTHEXPAND: tb/bridge_experiment_tb.v:154:78: Operator TASKREF 'send' expects 32 bits on the Function Argument, but Function Argument's ARRAYSEL generates 7 bits.
                                                      : ... note: In instance 'bridge_experiment_tb'
  154 |             for(i=0;i<64;i=i+1)message[i]=packets[j][i*8 +: 8];base=receipts;send(lengths[j]);wait(receipts>base);
      |                                                                              ^~~~
%Warning-WIDTHTRUNC: tb/bridge_experiment_tb.v:158:53: Operator ASSIGN expects 8 bits on the Assign RHS, but Assign RHS's VARREF 'j' generates 32 bits.
                                                     : ... note: In instance 'bridge_experiment_tb'
  158 |             message[0]=255;message[1]=255;message[2]=j;message[3]=4;message[4]=2;message[5]=8'h38;message[6]=15;
      |                                                     ^
%Warning-WIDTHTRUNC: tb/bridge_experiment_tb.v:160:81: Operator ASSIGN expects 8 bits on the Assign RHS, but Assign RHS's VARREF 'j' generates 32 bits.
                                                     : ... note: In instance 'bridge_experiment_tb'
  160 |             message[2]=254;message[3]=4;message[4]=8'ha0;message[5]=1;message[6]=j;
      |                                                                                 ^
%Warning-WIDTHTRUNC: tb/bridge_experiment_tb.v:162:23: Operator ASSIGN expects 8 bits on the Assign RHS, but Assign RHS's VARREF 'j' generates 32 bits.
                                                     : ... note: In instance 'bridge_experiment_tb'
  162 |             message[2]=j;message[3]=4;message[4]=3;message[5]=8'h28;message[6]=1;
      |                       ^
%Warning-WIDTHTRUNC: tb/bridge_experiment_tb.v:167:93: Operator ASSIGN expects 8 bits on the Assign RHS, but Assign RHS's AND generates 32 or 9 bits.
                                                     : ... note: In instance 'bridge_experiment_tb'
  167 |             message[7]=8'h78;message[8]=8'h56;message[9]=8'h34;message[10]=8'h12;message[11]=FRAMES&255;message[12]=FRAMES>>8;
      |                                                                                             ^
%Warning-WIDTHTRUNC: tb/bridge_experiment_tb.v:167:116: Operator ASSIGN expects 8 bits on the Assign RHS, but Assign RHS's SHIFTR generates 32 or 9 bits.
                                                      : ... note: In instance 'bridge_experiment_tb'
  167 |             message[7]=8'h78;message[8]=8'h56;message[9]=8'h34;message[10]=8'h12;message[11]=FRAMES&255;message[12]=FRAMES>>8;
      |                                                                                                                    ^
%Warning-WIDTHTRUNC: tb/bridge_experiment_tb.v:211:68: Operator ASSIGN expects 8 bits on the Assign RHS, but Assign RHS's ADD generates 32 bits.
                                                     : ... note: In instance 'bridge_experiment_tb'
  211 |             message[0]=255;message[1]=255;message[2]=254;message[3]=10+6*count;message[4]=8'ha4;message[5]=1;
      |                                                                    ^
%Warning-WIDTHTRUNC: tb/bridge_experiment_tb.v:213:24: Operator ASSIGN expects 8 bits on the Assign RHS, but Assign RHS's AND generates 32 bits.
                                                     : ... note: In instance 'bridge_experiment_tb'
  213 |             message[10]=first&255;message[11]=first>>8;message[12]=count;
      |                        ^
%Warning-WIDTHTRUNC: tb/bridge_experiment_tb.v:213:46: Operator ASSIGN expects 8 bits on the Assign RHS, but Assign RHS's SHIFTR generates 32 bits.
                                                     : ... note: In instance 'bridge_experiment_tb'
  213 |             message[10]=first&255;message[11]=first>>8;message[12]=count;
      |                                              ^
%Warning-WIDTHTRUNC: tb/bridge_experiment_tb.v:213:67: Operator ASSIGN expects 8 bits on the Assign RHS, but Assign RHS's VARREF 'count' generates 32 bits.
                                                     : ... note: In instance 'bridge_experiment_tb'
  213 |             message[10]=first&255;message[11]=first>>8;message[12]=count;
      |                                                                   ^
%Warning-WIDTHTRUNC: tb/bridge_experiment_tb.v:216:60: Operator ASSIGN expects 8 bits on the Assign RHS, but Assign RHS's AND generates 32 bits.
                                                     : ... note: In instance 'bridge_experiment_tb'
  216 |                 for(a=0;a<3;a=a+1)begin message[13+n*6+a*2]=value&255;message[14+n*6+a*2]=value>>8;end
      |                                                            ^
%Warning-WIDTHTRUNC: tb/bridge_experiment_tb.v:216:90: Operator ASSIGN expects 8 bits on the Assign RHS, but Assign RHS's SHIFTR generates 32 bits.
                                                     : ... note: In instance 'bridge_experiment_tb'
  216 |                 for(a=0;a<3;a=a+1)begin message[13+n*6+a*2]=value&255;message[14+n*6+a*2]=value>>8;end
      |                                                                                          ^
%Warning-WIDTHTRUNC: tb/bridge_experiment_tb.v:197:57: Operator ASSIGN expects 8 bits on the Assign RHS, but Assign RHS's AND generates 32 or 9 bits.
                                                     : ... note: In instance 'bridge_experiment_tb'
  197 |                 message[4]=8'ha0;message[5]=5;message[6]=MASK&255;message[7]=MASK>>8;
      |                                                         ^
%Warning-WIDTHTRUNC: tb/bridge_experiment_tb.v:197:77: Operator ASSIGN expects 8 bits on the Assign RHS, but Assign RHS's SHIFTR generates 32 or 9 bits.
                                                     : ... note: In instance 'bridge_experiment_tb'
  197 |                 message[4]=8'ha0;message[5]=5;message[6]=MASK&255;message[7]=MASK>>8;
      |                                                                             ^
%Warning-WIDTHEXPAND: tb/bridge_experiment_tb.v:200:64: Operator SUB expects 32 bits on the RHS, but RHS's VARXREF 'experiment_frame' generates 16 bits.
                                                      : ... note: In instance 'bridge_experiment_tb'
  200 |             if(LIVE && CASE==0 && next_live<FRAMES && next_live-dut.experiment_frame<=8)begin
      |                                                                ^
g++ -Os  -I.  -MMD -I/Users/elliot/.local/opt/oss-cad-suite/share/verilator/include -I/Users/elliot/.local/opt/oss-cad-suite/share/verilator/include/vltstd -DVERILATOR=1 -DVM_COVERAGE=0 -DVM_SC=0 -DVM_TIMING=1 -DVM_TRACE=0 -DVM_TRACE_FST=0 -DVM_TRACE_VCD=0 -DVM_TRACE_SAIF=0 -DVM_VPI=0 -faligned-new -fbracket-depth=4096 -fcf-protection=none -Xclang -fno-pch-timestamp -Qunused-arguments  -Wno-c++11-narrowing -Wno-constant-logical-operand -Wno-int-in-bool-context -Wno-non-pod-varargs -Wno-parentheses-equality -Wno-shadow -Wno-sign-compare  -Wno-tautological-compare -Wno-uninitialized -Wno-unnecessary-virtual-specifier -Wno-unused-but-set-parameter -Wno-unused-but-set-variable -Wno-unused-parameter -Wno-unused-variable -Wno-vla-cxx-extension    -DVL_TIME_CONTEXT   -std=gnu++20 -c -o verilated.o /Users/elliot/.local/opt/oss-cad-suite/share/verilator/include/verilated.cpp
g++ -Os  -I.  -MMD -I/Users/elliot/.local/opt/oss-cad-suite/share/verilator/include -I/Users/elliot/.local/opt/oss-cad-suite/share/verilator/include/vltstd -DVERILATOR=1 -DVM_COVERAGE=0 -DVM_SC=0 -DVM_TIMING=1 -DVM_TRACE=0 -DVM_TRACE_FST=0 -DVM_TRACE_VCD=0 -DVM_TRACE_SAIF=0 -DVM_VPI=0 -faligned-new -fbracket-depth=4096 -fcf-protection=none -Xclang -fno-pch-timestamp -Qunused-arguments  -Wno-c++11-narrowing -Wno-constant-logical-operand -Wno-int-in-bool-context -Wno-non-pod-varargs -Wno-parentheses-equality -Wno-shadow -Wno-sign-compare  -Wno-tautological-compare -Wno-uninitialized -Wno-unnecessary-virtual-specifier -Wno-unused-but-set-parameter -Wno-unused-but-set-variable -Wno-unused-parameter -Wno-unused-variable -Wno-vla-cxx-extension    -DVL_TIME_CONTEXT   -std=gnu++20 -c -o verilated_timing.o /Users/elliot/.local/opt/oss-cad-suite/share/verilator/include/verilated_timing.cpp
g++ -Os  -I.  -MMD -I/Users/elliot/.local/opt/oss-cad-suite/share/verilator/include -I/Users/elliot/.local/opt/oss-cad-suite/share/verilator/include/vltstd -DVERILATOR=1 -DVM_COVERAGE=0 -DVM_SC=0 -DVM_TIMING=1 -DVM_TRACE=0 -DVM_TRACE_FST=0 -DVM_TRACE_VCD=0 -DVM_TRACE_SAIF=0 -DVM_VPI=0 -faligned-new -fbracket-depth=4096 -fcf-protection=none -Xclang -fno-pch-timestamp -Qunused-arguments  -Wno-c++11-narrowing -Wno-constant-logical-operand -Wno-int-in-bool-context -Wno-non-pod-varargs -Wno-parentheses-equality -Wno-shadow -Wno-sign-compare  -Wno-tautological-compare -Wno-uninitialized -Wno-unnecessary-virtual-specifier -Wno-unused-but-set-parameter -Wno-unused-but-set-variable -Wno-unused-parameter -Wno-unused-variable -Wno-vla-cxx-extension    -DVL_TIME_CONTEXT   -std=gnu++20 -c -o verilated_threads.o /Users/elliot/.local/opt/oss-cad-suite/share/verilator/include/verilated_threads.cpp
g++ -Os  -I.  -MMD -I/Users/elliot/.local/opt/oss-cad-suite/share/verilator/include -I/Users/elliot/.local/opt/oss-cad-suite/share/verilator/include/vltstd -DVERILATOR=1 -DVM_COVERAGE=0 -DVM_SC=0 -DVM_TIMING=1 -DVM_TRACE=0 -DVM_TRACE_FST=0 -DVM_TRACE_VCD=0 -DVM_TRACE_SAIF=0 -DVM_VPI=0 -faligned-new -fbracket-depth=4096 -fcf-protection=none -Xclang -fno-pch-timestamp -Qunused-arguments  -Wno-c++11-narrowing -Wno-constant-logical-operand -Wno-int-in-bool-context -Wno-non-pod-varargs -Wno-parentheses-equality -Wno-shadow -Wno-sign-compare  -Wno-tautological-compare -Wno-uninitialized -Wno-unnecessary-virtual-specifier -Wno-unused-but-set-parameter -Wno-unused-but-set-variable -Wno-unused-parameter -Wno-unused-variable -Wno-vla-cxx-extension    -DVL_TIME_CONTEXT   -std=gnu++20 -x c++-header Vbridge_experiment_tb__pch.h -o Vbridge_experiment_tb__pch.h.fast.gch
g++   -I.  -MMD -I/Users/elliot/.local/opt/oss-cad-suite/share/verilator/include -I/Users/elliot/.local/opt/oss-cad-suite/share/verilator/include/vltstd -DVERILATOR=1 -DVM_COVERAGE=0 -DVM_SC=0 -DVM_TIMING=1 -DVM_TRACE=0 -DVM_TRACE_FST=0 -DVM_TRACE_VCD=0 -DVM_TRACE_SAIF=0 -DVM_VPI=0 -faligned-new -fbracket-depth=4096 -fcf-protection=none -Xclang -fno-pch-timestamp -Qunused-arguments  -Wno-c++11-narrowing -Wno-constant-logical-operand -Wno-int-in-bool-context -Wno-non-pod-varargs -Wno-parentheses-equality -Wno-shadow -Wno-sign-compare  -Wno-tautological-compare -Wno-uninitialized -Wno-unnecessary-virtual-specifier -Wno-unused-but-set-parameter -Wno-unused-but-set-variable -Wno-unused-parameter -Wno-unused-variable -Wno-vla-cxx-extension    -DVL_TIME_CONTEXT   -std=gnu++20 -x c++-header Vbridge_experiment_tb__pch.h -o Vbridge_experiment_tb__pch.h.slow.gch
g++ -Os  -I.  -MMD -I/Users/elliot/.local/opt/oss-cad-suite/share/verilator/include -I/Users/elliot/.local/opt/oss-cad-suite/share/verilator/include/vltstd -DVERILATOR=1 -DVM_COVERAGE=0 -DVM_SC=0 -DVM_TIMING=1 -DVM_TRACE=0 -DVM_TRACE_FST=0 -DVM_TRACE_VCD=0 -DVM_TRACE_SAIF=0 -DVM_VPI=0 -faligned-new -fbracket-depth=4096 -fcf-protection=none -Xclang -fno-pch-timestamp -Qunused-arguments  -Wno-c++11-narrowing -Wno-constant-logical-operand -Wno-int-in-bool-context -Wno-non-pod-varargs -Wno-parentheses-equality -Wno-shadow -Wno-sign-compare  -Wno-tautological-compare -Wno-uninitialized -Wno-unnecessary-virtual-specifier -Wno-unused-but-set-parameter -Wno-unused-but-set-variable -Wno-unused-parameter -Wno-unused-variable -Wno-vla-cxx-extension    -DVL_TIME_CONTEXT   -std=gnu++20 -include-pch Vbridge_experiment_tb__pch.h.fast.gch -c Vbridge_experiment_tb.cpp
g++ -Os  -I.  -MMD -I/Users/elliot/.local/opt/oss-cad-suite/share/verilator/include -I/Users/elliot/.local/opt/oss-cad-suite/share/verilator/include/vltstd -DVERILATOR=1 -DVM_COVERAGE=0 -DVM_SC=0 -DVM_TIMING=1 -DVM_TRACE=0 -DVM_TRACE_FST=0 -DVM_TRACE_VCD=0 -DVM_TRACE_SAIF=0 -DVM_VPI=0 -faligned-new -fbracket-depth=4096 -fcf-protection=none -Xclang -fno-pch-timestamp -Qunused-arguments  -Wno-c++11-narrowing -Wno-constant-logical-operand -Wno-int-in-bool-context -Wno-non-pod-varargs -Wno-parentheses-equality -Wno-shadow -Wno-sign-compare  -Wno-tautological-compare -Wno-uninitialized -Wno-unnecessary-virtual-specifier -Wno-unused-but-set-parameter -Wno-unused-but-set-variable -Wno-unused-parameter -Wno-unused-variable -Wno-vla-cxx-extension    -DVL_TIME_CONTEXT   -std=gnu++20 -include-pch Vbridge_experiment_tb__pch.h.fast.gch -c Vbridge_experiment_tb___024root__0.cpp
g++ -Os  -I.  -MMD -I/Users/elliot/.local/opt/oss-cad-suite/share/verilator/include -I/Users/elliot/.local/opt/oss-cad-suite/share/verilator/include/vltstd -DVERILATOR=1 -DVM_COVERAGE=0 -DVM_SC=0 -DVM_TIMING=1 -DVM_TRACE=0 -DVM_TRACE_FST=0 -DVM_TRACE_VCD=0 -DVM_TRACE_SAIF=0 -DVM_VPI=0 -faligned-new -fbracket-depth=4096 -fcf-protection=none -Xclang -fno-pch-timestamp -Qunused-arguments  -Wno-c++11-narrowing -Wno-constant-logical-operand -Wno-int-in-bool-context -Wno-non-pod-varargs -Wno-parentheses-equality -Wno-shadow -Wno-sign-compare  -Wno-tautological-compare -Wno-uninitialized -Wno-unnecessary-virtual-specifier -Wno-unused-but-set-parameter -Wno-unused-but-set-variable -Wno-unused-parameter -Wno-unused-variable -Wno-vla-cxx-extension    -DVL_TIME_CONTEXT   -std=gnu++20 -include-pch Vbridge_experiment_tb__pch.h.fast.gch -c Vbridge_experiment_tb___024root__1.cpp
g++ -Os  -I.  -MMD -I/Users/elliot/.local/opt/oss-cad-suite/share/verilator/include -I/Users/elliot/.local/opt/oss-cad-suite/share/verilator/include/vltstd -DVERILATOR=1 -DVM_COVERAGE=0 -DVM_SC=0 -DVM_TIMING=1 -DVM_TRACE=0 -DVM_TRACE_FST=0 -DVM_TRACE_VCD=0 -DVM_TRACE_SAIF=0 -DVM_VPI=0 -faligned-new -fbracket-depth=4096 -fcf-protection=none -Xclang -fno-pch-timestamp -Qunused-arguments  -Wno-c++11-narrowing -Wno-constant-logical-operand -Wno-int-in-bool-context -Wno-non-pod-varargs -Wno-parentheses-equality -Wno-shadow -Wno-sign-compare  -Wno-tautological-compare -Wno-uninitialized -Wno-unnecessary-virtual-specifier -Wno-unused-but-set-parameter -Wno-unused-but-set-variable -Wno-unused-parameter -Wno-unused-variable -Wno-vla-cxx-extension    -DVL_TIME_CONTEXT   -std=gnu++20 -include-pch Vbridge_experiment_tb__pch.h.fast.gch -c Vbridge_experiment_tb__main.cpp
g++   -I.  -MMD -I/Users/elliot/.local/opt/oss-cad-suite/share/verilator/include -I/Users/elliot/.local/opt/oss-cad-suite/share/verilator/include/vltstd -DVERILATOR=1 -DVM_COVERAGE=0 -DVM_SC=0 -DVM_TIMING=1 -DVM_TRACE=0 -DVM_TRACE_FST=0 -DVM_TRACE_VCD=0 -DVM_TRACE_SAIF=0 -DVM_VPI=0 -faligned-new -fbracket-depth=4096 -fcf-protection=none -Xclang -fno-pch-timestamp -Qunused-arguments  -Wno-c++11-narrowing -Wno-constant-logical-operand -Wno-int-in-bool-context -Wno-non-pod-varargs -Wno-parentheses-equality -Wno-shadow -Wno-sign-compare  -Wno-tautological-compare -Wno-uninitialized -Wno-unnecessary-virtual-specifier -Wno-unused-but-set-parameter -Wno-unused-but-set-variable -Wno-unused-parameter -Wno-unused-variable -Wno-vla-cxx-extension    -DVL_TIME_CONTEXT   -std=gnu++20 -include-pch Vbridge_experiment_tb__pch.h.slow.gch -c Vbridge_experiment_tb__ConstPool__0__Slow.cpp
g++   -I.  -MMD -I/Users/elliot/.local/opt/oss-cad-suite/share/verilator/include -I/Users/elliot/.local/opt/oss-cad-suite/share/verilator/include/vltstd -DVERILATOR=1 -DVM_COVERAGE=0 -DVM_SC=0 -DVM_TIMING=1 -DVM_TRACE=0 -DVM_TRACE_FST=0 -DVM_TRACE_VCD=0 -DVM_TRACE_SAIF=0 -DVM_VPI=0 -faligned-new -fbracket-depth=4096 -fcf-protection=none -Xclang -fno-pch-timestamp -Qunused-arguments  -Wno-c++11-narrowing -Wno-constant-logical-operand -Wno-int-in-bool-context -Wno-non-pod-varargs -Wno-parentheses-equality -Wno-shadow -Wno-sign-compare  -Wno-tautological-compare -Wno-uninitialized -Wno-unnecessary-virtual-specifier -Wno-unused-but-set-parameter -Wno-unused-but-set-variable -Wno-unused-parameter -Wno-unused-variable -Wno-vla-cxx-extension    -DVL_TIME_CONTEXT   -std=gnu++20 -include-pch Vbridge_experiment_tb__pch.h.slow.gch -c Vbridge_experiment_tb___024root__Slow.cpp
g++   -I.  -MMD -I/Users/elliot/.local/opt/oss-cad-suite/share/verilator/include -I/Users/elliot/.local/opt/oss-cad-suite/share/verilator/include/vltstd -DVERILATOR=1 -DVM_COVERAGE=0 -DVM_SC=0 -DVM_TIMING=1 -DVM_TRACE=0 -DVM_TRACE_FST=0 -DVM_TRACE_VCD=0 -DVM_TRACE_SAIF=0 -DVM_VPI=0 -faligned-new -fbracket-depth=4096 -fcf-protection=none -Xclang -fno-pch-timestamp -Qunused-arguments  -Wno-c++11-narrowing -Wno-constant-logical-operand -Wno-int-in-bool-context -Wno-non-pod-varargs -Wno-parentheses-equality -Wno-shadow -Wno-sign-compare  -Wno-tautological-compare -Wno-uninitialized -Wno-unnecessary-virtual-specifier -Wno-unused-but-set-parameter -Wno-unused-but-set-variable -Wno-unused-parameter -Wno-unused-variable -Wno-vla-cxx-extension    -DVL_TIME_CONTEXT   -std=gnu++20 -include-pch Vbridge_experiment_tb__pch.h.slow.gch -c Vbridge_experiment_tb___024root__0__Slow.cpp
g++   -I.  -MMD -I/Users/elliot/.local/opt/oss-cad-suite/share/verilator/include -I/Users/elliot/.local/opt/oss-cad-suite/share/verilator/include/vltstd -DVERILATOR=1 -DVM_COVERAGE=0 -DVM_SC=0 -DVM_TIMING=1 -DVM_TRACE=0 -DVM_TRACE_FST=0 -DVM_TRACE_VCD=0 -DVM_TRACE_SAIF=0 -DVM_VPI=0 -faligned-new -fbracket-depth=4096 -fcf-protection=none -Xclang -fno-pch-timestamp -Qunused-arguments  -Wno-c++11-narrowing -Wno-constant-logical-operand -Wno-int-in-bool-context -Wno-non-pod-varargs -Wno-parentheses-equality -Wno-shadow -Wno-sign-compare  -Wno-tautological-compare -Wno-uninitialized -Wno-unnecessary-virtual-specifier -Wno-unused-but-set-parameter -Wno-unused-but-set-variable -Wno-unused-parameter -Wno-unused-variable -Wno-vla-cxx-extension    -DVL_TIME_CONTEXT   -std=gnu++20 -include-pch Vbridge_experiment_tb__pch.h.slow.gch -c Vbridge_experiment_tb__Syms__Slow.cpp
g++  -Wl,-U,__Z15vl_time_stamp64v,-U,__Z13sc_time_stampv,-U,_vlog_startup_routines   verilated.o verilated_timing.o verilated_threads.o Vbridge_experiment_tb__ALL.a    -pthread -lpthread   -o Vbridge_experiment_tb
rm Vbridge_experiment_tb__ALL.verilator_deplist.tmp
- V e r i l a t i o n   R e p o r t: Verilator 5.051 devel rev v5.050-155-g86fa00416 (mod)
- Verilator: Built from 1.525 MB sources in 21 modules, into 1.955 MB in 8 C++ files needing 0.007 MB
- Verilator: Walltime 6.257 s (elab=0.047, cvt=0.303, bld=5.841); cpu 0.443 s on 4 threads; allocated 37.496 MB
./impl/vlive_fixed_case0/Vbridge_experiment_tb
progress ticks 1000000 bridge 0 owner 1 frame 0 controls 0 records 0 latch 0 reason 0 scheduler 3 event 0 ready 1
progress ticks 2000000 bridge 0 owner 1 frame 2 controls 2 records 15 latch 0 reason 0 scheduler 3 event 0 ready 1
progress ticks 3000000 bridge 0 owner 1 frame 4 controls 4 records 29 latch 0 reason 0 scheduler 3 event 0 ready 1
progress ticks 4000000 bridge 0 owner 1 frame 6 controls 6 records 43 latch 0 reason 0 scheduler 3 event 0 ready 1
progress ticks 5000000 bridge 0 owner 1 frame 8 controls 8 records 57 latch 0 reason 0 scheduler 3 event 0 ready 1
progress ticks 6000000 bridge 0 owner 1 frame 10 controls 10 records 71 latch 0 reason 0 scheduler 3 event 0 ready 1
progress ticks 7000000 bridge 0 owner 1 frame 12 controls 12 records 85 latch 0 reason 0 scheduler 3 event 0 ready 1
progress ticks 8000000 bridge 0 owner 1 frame 14 controls 14 records 99 latch 0 reason 0 scheduler 3 event 0 ready 1
progress ticks 9000000 bridge 0 owner 1 frame 16 controls 16 records 113 latch 0 reason 0 scheduler 3 event 0 ready 1
progress ticks 10000000 bridge 0 owner 1 frame 18 controls 18 records 127 latch 0 reason 0 scheduler 3 event 0 ready 1
progress ticks 11000000 bridge 0 owner 1 frame 20 controls 20 records 141 latch 0 reason 0 scheduler 3 event 0 ready 1
progress ticks 12000000 bridge 0 owner 1 frame 22 controls 22 records 155 latch 0 reason 0 scheduler 3 event 0 ready 1
progress ticks 13000000 bridge 0 owner 1 frame 24 controls 24 records 169 latch 0 reason 0 scheduler 3 event 0 ready 1
progress ticks 14000000 bridge 0 owner 1 frame 26 controls 26 records 183 latch 0 reason 0 scheduler 3 event 0 ready 1
progress ticks 15000000 bridge 0 owner 1 frame 28 controls 28 records 197 latch 0 reason 0 scheduler 3 event 0 ready 1
progress ticks 16000000 bridge 0 owner 1 frame 30 controls 30 records 211 latch 0 reason 0 scheduler 3 event 0 ready 1
progress ticks 17000000 bridge 0 owner 1 frame 32 controls 32 records 225 latch 0 reason 0 scheduler 3 event 0 ready 1
progress ticks 18000000 bridge 0 owner 1 frame 34 controls 34 records 239 latch 0 reason 0 scheduler 3 event 0 ready 1
progress ticks 19000000 bridge 0 owner 1 frame 36 controls 36 records 253 latch 0 reason 0 scheduler 3 event 0 ready 1
progress ticks 20000000 bridge 0 owner 1 frame 38 controls 38 records 267 latch 0 reason 0 scheduler 3 event 0 ready 1
progress ticks 21000000 bridge 0 owner 1 frame 40 controls 40 records 281 latch 0 reason 0 scheduler 3 event 0 ready 1
progress ticks 22000000 bridge 0 owner 1 frame 42 controls 42 records 295 latch 0 reason 0 scheduler 3 event 0 ready 1
progress ticks 23000000 bridge 0 owner 1 frame 44 controls 44 records 309 latch 0 reason 0 scheduler 3 event 0 ready 1
progress ticks 24000000 bridge 0 owner 1 frame 46 controls 46 records 323 latch 0 reason 0 scheduler 3 event 0 ready 1
progress ticks 25000000 bridge 0 owner 1 frame 48 controls 48 records 337 latch 0 reason 0 scheduler 3 event 0 ready 1
progress ticks 26000000 bridge 0 owner 1 frame 50 controls 50 records 351 latch 0 reason 0 scheduler 3 event 0 ready 1
progress ticks 27000000 bridge 0 owner 1 frame 52 controls 52 records 365 latch 0 reason 0 scheduler 3 event 0 ready 1
progress ticks 28000000 bridge 0 owner 1 frame 54 controls 54 records 379 latch 0 reason 0 scheduler 3 event 0 ready 1
progress ticks 29000000 bridge 0 owner 1 frame 56 controls 56 records 393 latch 0 reason 0 scheduler 3 event 0 ready 1
progress ticks 30000000 bridge 0 owner 1 frame 58 controls 58 records 407 latch 0 reason 0 scheduler 3 event 0 ready 1
progress ticks 31000000 bridge 0 owner 1 frame 60 controls 60 records 421 latch 0 reason 0 scheduler 3 event 0 ready 1
progress ticks 32000000 bridge 0 owner 1 frame 62 controls 62 records 435 latch 0 reason 0 scheduler 3 event 0 ready 1
progress ticks 33000000 bridge 0 owner 1 frame 64 controls 64 records 449 latch 0 reason 0 scheduler 3 event 0 ready 1
progress ticks 34000000 bridge 0 owner 1 frame 66 controls 66 records 463 latch 0 reason 0 scheduler 3 event 0 ready 1
progress ticks 35000000 bridge 0 owner 1 frame 68 controls 68 records 477 latch 0 reason 0 scheduler 3 event 0 ready 1
progress ticks 36000000 bridge 0 owner 1 frame 70 controls 70 records 491 latch 0 reason 0 scheduler 3 event 0 ready 1
progress ticks 37000000 bridge 0 owner 1 frame 72 controls 72 records 505 latch 0 reason 0 scheduler 3 event 0 ready 1
progress ticks 38000000 bridge 0 owner 1 frame 74 controls 74 records 519 latch 0 reason 0 scheduler 3 event 0 ready 1
progress ticks 39000000 bridge 0 owner 1 frame 76 controls 76 records 533 latch 0 reason 0 scheduler 3 event 0 ready 1
progress ticks 40000000 bridge 0 owner 1 frame 78 controls 78 records 547 latch 0 reason 0 scheduler 3 event 0 ready 1
progress ticks 41000000 bridge 0 owner 1 frame 80 controls 80 records 561 latch 0 reason 0 scheduler 3 event 0 ready 1
progress ticks 42000000 bridge 0 owner 1 frame 82 controls 82 records 575 latch 0 reason 0 scheduler 3 event 0 ready 1
progress ticks 43000000 bridge 0 owner 1 frame 84 controls 84 records 589 latch 0 reason 0 scheduler 3 event 0 ready 1
progress ticks 44000000 bridge 0 owner 1 frame 86 controls 86 records 603 latch 0 reason 0 scheduler 3 event 0 ready 1
progress ticks 45000000 bridge 0 owner 1 frame 88 controls 88 records 617 latch 0 reason 0 scheduler 3 event 0 ready 1
progress ticks 46000000 bridge 0 owner 1 frame 90 controls 90 records 631 latch 0 reason 0 scheduler 3 event 0 ready 1
progress ticks 47000000 bridge 0 owner 1 frame 92 controls 92 records 645 latch 0 reason 0 scheduler 3 event 0 ready 1
progress ticks 48000000 bridge 0 owner 1 frame 94 controls 94 records 659 latch 0 reason 0 scheduler 3 event 0 ready 1
progress ticks 49000000 bridge 0 owner 1 frame 96 controls 96 records 673 latch 0 reason 0 scheduler 3 event 0 ready 1
progress ticks 50000000 bridge 0 owner 1 frame 98 controls 98 records 687 latch 0 reason 0 scheduler 3 event 0 ready 1
progress ticks 51000000 bridge 0 owner 1 frame 100 controls 100 records 701 latch 0 reason 0 scheduler 3 event 0 ready 1
progress ticks 52000000 bridge 0 owner 1 frame 102 controls 102 records 715 latch 0 reason 0 scheduler 3 event 0 ready 1
progress ticks 53000000 bridge 0 owner 1 frame 104 controls 104 records 729 latch 0 reason 0 scheduler 3 event 0 ready 1
progress ticks 54000000 bridge 0 owner 1 frame 106 controls 106 records 743 latch 0 reason 0 scheduler 3 event 0 ready 1
progress ticks 55000000 bridge 0 owner 1 frame 108 controls 108 records 757 latch 0 reason 0 scheduler 3 event 0 ready 1
progress ticks 56000000 bridge 0 owner 1 frame 110 controls 110 records 771 latch 0 reason 0 scheduler 3 event 0 ready 1
progress ticks 57000000 bridge 0 owner 1 frame 112 controls 112 records 785 latch 0 reason 0 scheduler 3 event 0 ready 1
progress ticks 58000000 bridge 0 owner 1 frame 114 controls 114 records 799 latch 0 reason 0 scheduler 3 event 0 ready 1
progress ticks 59000000 bridge 0 owner 1 frame 116 controls 116 records 813 latch 0 reason 0 scheduler 3 event 0 ready 1
progress ticks 60000000 bridge 0 owner 1 frame 118 controls 118 records 827 latch 0 reason 0 scheduler 3 event 0 ready 1
progress ticks 61000000 bridge 0 owner 1 frame 120 controls 120 records 841 latch 0 reason 0 scheduler 3 event 0 ready 1
progress ticks 62000000 bridge 0 owner 1 frame 122 controls 122 records 855 latch 0 reason 0 scheduler 3 event 0 ready 1
progress ticks 63000000 bridge 0 owner 1 frame 124 controls 124 records 869 latch 0 reason 0 scheduler 3 event 0 ready 1
progress ticks 64000000 bridge 0 owner 1 frame 126 controls 126 records 883 latch 0 reason 0 scheduler 3 event 0 ready 1
progress ticks 65000000 bridge 0 owner 1 frame 128 controls 128 records 897 latch 0 reason 0 scheduler 3 event 0 ready 1
progress ticks 66000000 bridge 0 owner 1 frame 130 controls 130 records 911 latch 0 reason 0 scheduler 3 event 0 ready 1
progress ticks 67000000 bridge 0 owner 1 frame 132 controls 132 records 925 latch 0 reason 0 scheduler 3 event 0 ready 1
progress ticks 68000000 bridge 0 owner 1 frame 134 controls 134 records 939 latch 0 reason 0 scheduler 3 event 0 ready 1
progress ticks 69000000 bridge 0 owner 1 frame 136 controls 136 records 953 latch 0 reason 0 scheduler 3 event 0 ready 1
progress ticks 70000000 bridge 0 owner 1 frame 138 controls 138 records 967 latch 0 reason 0 scheduler 3 event 0 ready 1
progress ticks 71000000 bridge 0 owner 1 frame 140 controls 140 records 981 latch 0 reason 0 scheduler 3 event 0 ready 1
progress ticks 72000000 bridge 0 owner 1 frame 142 controls 142 records 995 latch 0 reason 0 scheduler 3 event 0 ready 1
progress ticks 73000000 bridge 0 owner 1 frame 144 controls 144 records 1009 latch 0 reason 0 scheduler 3 event 0 ready 1
progress ticks 74000000 bridge 0 owner 1 frame 146 controls 146 records 1023 latch 0 reason 0 scheduler 3 event 0 ready 1
progress ticks 75000000 bridge 0 owner 1 frame 148 controls 148 records 1037 latch 0 reason 0 scheduler 3 event 0 ready 1
progress ticks 76000000 bridge 0 owner 1 frame 150 controls 150 records 1051 latch 0 reason 0 scheduler 3 event 0 ready 1
progress ticks 77000000 bridge 0 owner 1 frame 152 controls 152 records 1065 latch 0 reason 0 scheduler 3 event 0 ready 1
progress ticks 78000000 bridge 0 owner 1 frame 154 controls 154 records 1079 latch 0 reason 0 scheduler 3 event 0 ready 1
progress ticks 79000000 bridge 0 owner 1 frame 156 controls 156 records 1093 latch 0 reason 0 scheduler 3 event 0 ready 1
progress ticks 80000000 bridge 0 owner 1 frame 158 controls 158 records 1107 latch 0 reason 0 scheduler 3 event 0 ready 1
progress ticks 81000000 bridge 0 owner 1 frame 160 controls 160 records 1121 latch 0 reason 0 scheduler 3 event 0 ready 1
progress ticks 82000000 bridge 0 owner 1 frame 162 controls 162 records 1135 latch 0 reason 0 scheduler 3 event 0 ready 1
progress ticks 83000000 bridge 0 owner 1 frame 164 controls 164 records 1149 latch 0 reason 0 scheduler 3 event 0 ready 1
progress ticks 84000000 bridge 0 owner 1 frame 166 controls 166 records 1163 latch 0 reason 0 scheduler 3 event 0 ready 1
progress ticks 85000000 bridge 0 owner 1 frame 168 controls 168 records 1177 latch 0 reason 0 scheduler 3 event 0 ready 1
progress ticks 86000000 bridge 0 owner 1 frame 170 controls 170 records 1191 latch 0 reason 0 scheduler 3 event 0 ready 1
progress ticks 87000000 bridge 0 owner 1 frame 172 controls 172 records 1205 latch 0 reason 0 scheduler 3 event 0 ready 1
progress ticks 88000000 bridge 0 owner 1 frame 174 controls 174 records 1219 latch 0 reason 0 scheduler 3 event 0 ready 1
progress ticks 89000000 bridge 0 owner 1 frame 176 controls 176 records 1233 latch 0 reason 0 scheduler 3 event 0 ready 1
progress ticks 90000000 bridge 0 owner 1 frame 178 controls 178 records 1247 latch 0 reason 0 scheduler 3 event 0 ready 1
progress ticks 91000000 bridge 0 owner 1 frame 180 controls 180 records 1261 latch 0 reason 0 scheduler 3 event 0 ready 1
progress ticks 92000000 bridge 0 owner 1 frame 182 controls 182 records 1275 latch 0 reason 0 scheduler 3 event 0 ready 1
progress ticks 93000000 bridge 0 owner 1 frame 184 controls 184 records 1289 latch 0 reason 0 scheduler 3 event 0 ready 1
progress ticks 94000000 bridge 0 owner 1 frame 186 controls 186 records 1303 latch 0 reason 0 scheduler 3 event 0 ready 1
progress ticks 95000000 bridge 0 owner 1 frame 188 controls 188 records 1317 latch 0 reason 0 scheduler 3 event 0 ready 1
progress ticks 96000000 bridge 0 owner 1 frame 190 controls 190 records 1331 latch 0 reason 0 scheduler 3 event 0 ready 1
progress ticks 97000000 bridge 0 owner 1 frame 192 controls 192 records 1345 latch 0 reason 0 scheduler 3 event 0 ready 1
progress ticks 98000000 bridge 0 owner 1 frame 194 controls 194 records 1359 latch 0 reason 0 scheduler 3 event 0 ready 1
progress ticks 99000000 bridge 0 owner 1 frame 196 controls 196 records 1373 latch 0 reason 0 scheduler 3 event 0 ready 1
progress ticks 100000000 bridge 0 owner 1 frame 198 controls 198 records 1387 latch 0 reason 0 scheduler 3 event 0 ready 1
progress ticks 101000000 bridge 0 owner 1 frame 200 controls 200 records 1401 latch 0 reason 0 scheduler 3 event 0 ready 1
progress ticks 102000000 bridge 0 owner 1 frame 202 controls 202 records 1415 latch 0 reason 0 scheduler 3 event 0 ready 1
progress ticks 103000000 bridge 0 owner 1 frame 204 controls 204 records 1429 latch 0 reason 0 scheduler 3 event 0 ready 1
progress ticks 104000000 bridge 0 owner 1 frame 206 controls 206 records 1443 latch 0 reason 0 scheduler 3 event 0 ready 1
progress ticks 105000000 bridge 0 owner 1 frame 208 controls 208 records 1457 latch 0 reason 0 scheduler 3 event 0 ready 1
progress ticks 106000000 bridge 0 owner 1 frame 210 controls 210 records 1471 latch 0 reason 0 scheduler 3 event 0 ready 1
progress ticks 107000000 bridge 0 owner 1 frame 212 controls 212 records 1485 latch 0 reason 0 scheduler 3 event 0 ready 1
progress ticks 108000000 bridge 0 owner 1 frame 214 controls 214 records 1499 latch 0 reason 0 scheduler 3 event 0 ready 1
progress ticks 109000000 bridge 0 owner 1 frame 216 controls 216 records 1513 latch 0 reason 0 scheduler 3 event 0 ready 1
progress ticks 110000000 bridge 0 owner 1 frame 218 controls 218 records 1527 latch 0 reason 0 scheduler 3 event 0 ready 1
progress ticks 111000000 bridge 0 owner 1 frame 220 controls 220 records 1541 latch 0 reason 0 scheduler 3 event 0 ready 1
progress ticks 112000000 bridge 0 owner 1 frame 222 controls 222 records 1555 latch 0 reason 0 scheduler 3 event 0 ready 1
progress ticks 113000000 bridge 0 owner 1 frame 224 controls 224 records 1569 latch 0 reason 0 scheduler 3 event 0 ready 1
progress ticks 114000000 bridge 0 owner 1 frame 226 controls 226 records 1583 latch 0 reason 0 scheduler 3 event 0 ready 1
progress ticks 115000000 bridge 0 owner 1 frame 228 controls 228 records 1597 latch 0 reason 0 scheduler 3 event 0 ready 1
progress ticks 116000000 bridge 0 owner 1 frame 230 controls 230 records 1611 latch 0 reason 0 scheduler 3 event 0 ready 1
progress ticks 117000000 bridge 0 owner 1 frame 232 controls 232 records 1625 latch 0 reason 0 scheduler 3 event 0 ready 1
progress ticks 118000000 bridge 0 owner 1 frame 234 controls 234 records 1639 latch 0 reason 0 scheduler 3 event 0 ready 1
progress ticks 119000000 bridge 0 owner 1 frame 236 controls 236 records 1653 latch 0 reason 0 scheduler 3 event 0 ready 1
progress ticks 120000000 bridge 0 owner 1 frame 238 controls 238 records 1667 latch 0 reason 0 scheduler 3 event 0 ready 1
progress ticks 121000000 bridge 0 owner 1 frame 240 controls 240 records 1681 latch 0 reason 0 scheduler 3 event 0 ready 1
progress ticks 122000000 bridge 0 owner 1 frame 242 controls 242 records 1695 latch 0 reason 0 scheduler 3 event 0 ready 1
progress ticks 123000000 bridge 0 owner 1 frame 244 controls 244 records 1709 latch 0 reason 0 scheduler 3 event 0 ready 1
progress ticks 124000000 bridge 0 owner 1 frame 246 controls 246 records 1723 latch 0 reason 0 scheduler 3 event 0 ready 1
progress ticks 125000000 bridge 0 owner 1 frame 248 controls 248 records 1737 latch 0 reason 0 scheduler 3 event 0 ready 1
progress ticks 126000000 bridge 0 owner 1 frame 250 controls 250 records 1751 latch 0 reason 0 scheduler 3 event 0 ready 1
progress ticks 127000000 bridge 0 owner 1 frame 252 controls 252 records 1765 latch 0 reason 0 scheduler 3 event 0 ready 1
progress ticks 128000000 bridge 0 owner 1 frame 254 controls 254 records 1779 latch 0 reason 0 scheduler 3 event 0 ready 1
progress ticks 129000000 bridge 0 owner 1 frame 256 controls 256 records 1793 latch 0 reason 0 scheduler 3 event 0 ready 1
progress ticks 130000000 bridge 0 owner 1 frame 258 controls 258 records 1807 latch 0 reason 0 scheduler 3 event 0 ready 1
progress ticks 131000000 bridge 0 owner 1 frame 260 controls 260 records 1821 latch 0 reason 0 scheduler 3 event 0 ready 1
progress ticks 132000000 bridge 0 owner 1 frame 262 controls 262 records 1835 latch 0 reason 0 scheduler 3 event 0 ready 1
progress ticks 133000000 bridge 0 owner 1 frame 264 controls 264 records 1849 latch 0 reason 0 scheduler 3 event 0 ready 1
progress ticks 134000000 bridge 0 owner 1 frame 266 controls 266 records 1863 latch 0 reason 0 scheduler 3 event 0 ready 1
progress ticks 135000000 bridge 0 owner 1 frame 268 controls 268 records 1877 latch 0 reason 0 scheduler 3 event 0 ready 1
progress ticks 136000000 bridge 0 owner 1 frame 270 controls 270 records 1891 latch 0 reason 0 scheduler 3 event 0 ready 1
progress ticks 137000000 bridge 0 owner 1 frame 272 controls 272 records 1905 latch 0 reason 0 scheduler 3 event 0 ready 1
progress ticks 138000000 bridge 0 owner 1 frame 274 controls 274 records 1919 latch 0 reason 0 scheduler 3 event 0 ready 1
progress ticks 139000000 bridge 0 owner 1 frame 276 controls 276 records 1933 latch 0 reason 0 scheduler 3 event 0 ready 1
progress ticks 140000000 bridge 0 owner 1 frame 278 controls 278 records 1947 latch 0 reason 0 scheduler 3 event 0 ready 1
progress ticks 141000000 bridge 0 owner 0 frame 279 controls 280 records 1961 latch 1 reason 10 scheduler 7 event 0 ready 1
PASS full UART case 0: controls 280, +100% 54, -100% 51, terminal 0; all modeled motors zero/off
- tb/bridge_experiment_tb.v:188: Verilog $finish
- S i m u l a t i o n   R e p o r t: Verilator 5.051 devel
- Verilator: $finish at 3s; walltime 312.820 s; speed 9.030 ms/s
- Verilator: cpu 311.713 s on 1 threads; allocated 1 MB
