verilator --language 1364-2005 --binary --timing -j 4 -Wno-fatal --top-module bridge_experiment_tb -GCASE=6 -GFAST=1 -GLIVE=1 --Mdir impl/vlive_case6 tb/bridge_experiment_tb.v src/uart_tx.v src/uart_rx.v src/host_packet_queue.v src/trajectory_store.v src/trajectory_upload.v src/bridge_control.v src/hx_safety.v src/button.v impl/fixed-pd/fixed_pd.v src/live_target_queue.v src/experiment_session.v src/experiment_transactions.v src/experiment_scheduler.v src/experiment_packet.v src/experiment_reply.v src/experiment_event_stream.v src/experiment_event_packet.v
%Warning-WIDTHEXPAND: src/experiment_scheduler.v:87:91: Operator LTE expects 32 or 30 bits on the LHS, but LHS's VARREF 'configured_frames' generates 16 bits.
                                                      : ... note: In instance 'bridge_experiment_tb.dut.experiment.session.transactions.scheduler'
   87 |         && (configured_frames<=256 ? configured_duration<=MAX_DURATION : configured_frames<=MAX_DURATION/FAST_MIN_PERIOD)
      |                                                                                           ^~
                      ... For warning description see https://verilator.org/warn/WIDTHEXPAND?v=5.051
                      ... Use "/* verilator lint_off WIDTHEXPAND */" and lint_on around source to disable this message.
%Warning-WIDTHEXPAND: src/experiment_event_packet.v:49:24: Operator EQ expects 6 bits on the LHS, but LHS's VARREF 'stored_width' generates 5 bits.
                                                         : ... note: In instance 'bridge_experiment_tb.dut.experiment.session.recorder.encoder'
   49 |         && stored_width==expected_width
      |                        ^~
%Warning-WIDTHEXPAND: src/experiment_event_packet.v:69:41: Operator ADD expects 7 bits on the RHS, but RHS's VARREF 'stored_width' generates 5 bits.
                                                         : ... note: In instance 'bridge_experiment_tb.dut.experiment.session.recorder.encoder'
   69 |                     packet_length<=7'd37+stored_width;index<=2;sum<=0;state<=CHECKSUM;
      |                                         ^
%Warning-WIDTHTRUNC: src/experiment_event_packet.v:74:33: Bit extraction of array[63:0] requires 6 bit index, not 7 bits.
                                                        : ... note: In instance 'bridge_experiment_tb.dut.experiment.session.recorder.encoder'
   74 |                     packet_bytes[index]<=~sum;state<=READY;
      |                                 ^
                     ... For warning description see https://verilator.org/warn/WIDTHTRUNC?v=5.051
                     ... Use "/* verilator lint_off WIDTHTRUNC */" and lint_on around source to disable this message.
%Warning-WIDTHTRUNC: src/experiment_event_packet.v:75:53: Bit extraction of array[63:0] requires 6 bit index, not 7 bits.
                                                        : ... note: In instance 'bridge_experiment_tb.dut.experiment.session.recorder.encoder'
   75 |                 end else begin sum<=sum+packet_bytes[index];index<=index+1'b1;end
      |                                                     ^
%Warning-WIDTHTRUNC: src/experiment_reply.v:80:60: Operator ASSIGNDLY expects 6 bits on the Assign RHS, but Assign RHS's SUB generates 7 bits.
                                                 : ... note: In instance 'bridge_experiment_tb.dut.experiment.session.transactions.replies'
   80 |                             reply_error<=status;reply_width<=total-7'd6;reply_data<=payload;
      |                                                            ^~
%Warning-WIDTHTRUNC: src/experiment_packet.v:47:21: Operator ASSIGN expects 4 bits on the Assign RHS, but Assign RHS's SHIFTR generates 32 or 7 bits.
                                                  : ... note: In instance 'bridge_experiment_tb.dut.experiment.session.transactions.builder'
   47 |                 axis=(index-15)>>2;
      |                     ^
%Warning-WIDTHEXPAND: src/trajectory_store.v:77:22: Operator XOR expects 32 bits on the RHS, but RHS's VARREF 'b' generates 8 bits.
                                                  : ... note: In instance 'bridge_experiment_tb.dut.trajectory.upload.memory_bank'
   77 |         begin c=value^b;for(k=0;k<8;k=k+1)c=(c>>1)^(c[0] ? 32'hedb88320 : 0);crc_byte=c;end
      |                      ^
%Warning-WIDTHEXPAND: src/trajectory_store.v:83:53: Operator SUB expects 32 bits on the LHS, but LHS's SIGNED generates 17 bits.
                                                  : ... note: In instance 'bridge_experiment_tb.dut.trajectory.upload.memory_bank'
   83 |     wire signed [31:0] offset=$signed({1'b0,target})-$signed({1'b0,home});
      |                                                     ^
%Warning-WIDTHEXPAND: src/trajectory_store.v:83:53: Operator SUB expects 32 bits on the RHS, but RHS's SIGNED generates 17 bits.
                                                  : ... note: In instance 'bridge_experiment_tb.dut.trajectory.upload.memory_bank'
   83 |     wire signed [31:0] offset=$signed({1'b0,target})-$signed({1'b0,home});
      |                                                     ^
%Warning-WIDTHEXPAND: src/trajectory_store.v:84:53: Operator SUB expects 32 bits on the LHS, but LHS's SIGNED generates 17 bits.
                                                  : ... note: In instance 'bridge_experiment_tb.dut.trajectory.upload.memory_bank'
   84 |     wire signed [31:0] change=$signed({1'b0,target})-$signed({1'b0,previous_targets[axis*16 +: 16]});
      |                                                     ^
%Warning-WIDTHEXPAND: src/trajectory_store.v:84:53: Operator SUB expects 32 bits on the RHS, but RHS's SIGNED generates 17 bits.
                                                  : ... note: In instance 'bridge_experiment_tb.dut.trajectory.upload.memory_bank'
   84 |     wire signed [31:0] change=$signed({1'b0,target})-$signed({1'b0,previous_targets[axis*16 +: 16]});
      |                                                     ^
%Warning-WIDTHEXPAND: src/trajectory_store.v:86:44: Operator NEQ expects 32 bits on the RHS, but RHS's VARREF 'delta' generates 16 bits.
                                                  : ... note: In instance 'bridge_experiment_tb.dut.trajectory.upload.memory_bank'
   86 |         || delta>32 || delta< -32 || change!=delta || (scan==0 && (target!=home || delta!=0)))
      |                                            ^~
%Warning-WIDTHTRUNC: src/hx_safety.v:41:35: Operator ASSIGNW expects 4 bits on the Assign RHS, but Assign RHS's SUB generates 32 or 8 bits.
                                          : ... note: In instance 'bridge_experiment_tb.dut.safety.supervisor'
   41 |     wire [AXIS_BITS-1:0] host_axis=hid-FIRST_ID;
      |                                   ^
%Warning-WIDTHTRUNC: src/hx_safety.v:42:38: Operator ASSIGNW expects 4 bits on the Assign RHS, but Assign RHS's SUB generates 32 or 8 bits.
                                          : ... note: In instance 'bridge_experiment_tb.dut.safety.supervisor'
   42 |     wire [AXIS_BITS-1:0] command_axis=host_packet[55:48]-FIRST_ID;
      |                                      ^
%Warning-WIDTHEXPAND: src/hx_safety.v:50:40: Operator EQ expects 8 bits on the RHS, but RHS's VARREF 'host_length' generates 7 bits.
                                           : ... note: In instance 'bridge_experiment_tb.dut.safety.supervisor'
   50 |         && host_packet[8*(3) +: 8]+8'd4==host_length && host_checksum==255;
      |                                        ^~
%Warning-WIDTHTRUNC: src/hx_safety.v:61:23: Operator ASSIGN expects 4 bits on the Assign RHS, but Assign RHS's SUB generates 32 or 8 bits.
                                          : ... note: In instance 'bridge_experiment_tb.dut.safety.supervisor'
   61 |             motor_axis=id-FIRST_ID;
      |                       ^
%Warning-WIDTHEXPAND: src/hx_safety.v:92:74: Operator SUB expects 32 bits on the LHS, but LHS's VARREF 'host_length' generates 7 bits.
                                           : ... note: In instance 'bridge_experiment_tb.dut.safety.supervisor'
   92 |                 allow_forward=write_ok(latched,armed,hid,addr,host_length-7,ordinary_zero,host_packet[55:48]==1);
      |                                                                          ^
%Warning-WIDTHEXPAND: src/hx_safety.v:98:35: Operator GT expects 32 bits on the LHS, but LHS's VARREF 'host_length' generates 7 bits.
                                           : ... note: In instance 'bridge_experiment_tb.dut.safety.supervisor'
   98 |                     if(host_length>q+1 && !write_ok(latched,armed,host_packet[8*q +: 8],addr,2,
      |                                   ^
%Warning-WIDTHEXPAND: src/hx_safety.v:105:35: Operator GT expects 32 bits on the LHS, but LHS's VARREF 'host_length' generates 7 bits.
                                            : ... note: In instance 'bridge_experiment_tb.dut.safety.supervisor'
  105 |                     if(host_length>q+1 && !write_ok(latched,armed,host_packet[8*q +: 8],addr,1,
      |                                   ^
%Warning-WIDTHTRUNC: src/hx_safety.v:121:37: Operator ASSIGNW expects 4 bits on the Assign RHS, but Assign RHS's SUB generates 32 or 8 bits.
                                           : ... note: In instance 'bridge_experiment_tb.dut.safety.supervisor'
  121 |     wire [AXIS_BITS-1:0] sample_axis=sample_id-FIRST_ID;
      |                                     ^
%Warning-WIDTHTRUNC: src/hx_safety.v:135:39: Bit extraction of array[20:0] requires 5 bit index, not 7 bits.
                                           : ... note: In instance 'bridge_experiment_tb.dut.safety.supervisor'
  135 |                     if(rx_count<21) rb[rx_count]<=servo_data;
      |                                       ^
%Warning-WIDTHTRUNC: src/hx_safety.v:139:44: Operator ASSIGNDLY expects 7 bits on the Assign RHS, but Assign RHS's ADD generates 32 or 8 bits.
                                           : ... note: In instance 'bridge_experiment_tb.dut.safety.supervisor'
  139 |                         else begin rx_total<=servo_data+4; rx_count<=4; end
      |                                            ^~
%Warning-WIDTHTRUNC: src/hx_safety.v:170:76: Operator ASSIGN expects 8 bits on the Assign RHS, but Assign RHS's ADD generates 32 bits.
                                           : ... note: In instance 'bridge_experiment_tb.dut.safety.supervisor'
  170 |                 if(!healthy[n]) begin trip_reason=sample_reason[n]; trip_id=FIRST_ID+n; end
      |                                                                            ^
%Warning-WIDTHTRUNC: src/hx_safety.v:171:88: Operator ASSIGN expects 8 bits on the Assign RHS, but Assign RHS's ADD generates 32 bits.
                                           : ... note: In instance 'bridge_experiment_tb.dut.safety.supervisor'
  171 |                 else if(feedback_age[n]>=FEEDBACK_TIMEOUT) begin trip_reason=7; trip_id=FIRST_ID+n; end
      |                                                                                        ^
%Warning-WIDTHTRUNC: src/hx_safety.v:172:86: Operator ASSIGN expects 8 bits on the Assign RHS, but Assign RHS's ADD generates 32 bits.
                                           : ... note: In instance 'bridge_experiment_tb.dut.safety.supervisor'
  172 |                 else if(command_age[n]>=COMMAND_TIMEOUT) begin trip_reason=8; trip_id=FIRST_ID+n; end
      |                                                                                      ^
%Warning-WIDTHEXPAND: src/hx_safety.v:176:24: Operator ASSIGNW expects 16 bits on the Assign RHS, but Assign RHS's VARREF 'armed' generates 9 bits.
                                            : ... note: In instance 'bridge_experiment_tb.dut.safety.supervisor'
  176 |     wire [15:0] armed16=armed;
      |                        ^
%Warning-WIDTHEXPAND: src/hx_safety.v:177:24: Operator ASSIGNW expects 16 bits on the Assign RHS, but Assign RHS's VARREF 'fresh' generates 9 bits.
                                            : ... note: In instance 'bridge_experiment_tb.dut.safety.supervisor'
  177 |     wire [15:0] fresh16=fresh;
      |                        ^
%Warning-WIDTHEXPAND: src/trajectory_upload.v:17:82: Operator EQ expects 9 bits on the RHS, but RHS's VARREF 'packet_length' generates 7 bits.
                                                   : ... note: In instance 'bridge_experiment_tb.dut.trajectory.upload'
   17 |     wire framing=packet_ok && packet[15:0]==16'hffff && {1'b0,packet[31:24]}+9'd4==packet_length;
      |                                                                                  ^~
%Warning-WIDTHEXPAND: src/live_target_queue.v:26:82: Operator EQ expects 9 bits on the RHS, but RHS's VARREF 'packet_length' generates 7 bits.
                                                   : ... note: In instance 'bridge_experiment_tb.dut.live_reference.queue'
   26 |     wire framing=packet_ok && packet[15:0]==16'hffff && {1'b0,packet[31:24]}+9'd4==packet_length;
      |                                                                                  ^~
%Warning-WIDTHEXPAND: src/live_target_queue.v:51:45: Operator ADD expects 32 or 5 bits on the RHS, but RHS's VARREF 'axis' generates 2 bits.
                                                   : ... note: In instance 'bridge_experiment_tb.dut.live_reference.queue'
   51 |     wire signed [15:0] offset=payload[(row*3+axis)*16 +: 16];
      |                                             ^
%Warning-WIDTHEXPAND: src/live_target_queue.v:64:18: Operator ADD expects 32 or 16 bits on the RHS, but RHS's VARREF 'row' generates 3 bits.
                                                   : ... note: In instance 'bridge_experiment_tb.dut.live_reference.queue'
   64 |         || (first+row==0 && offset!=0);
      |                  ^
%Warning-WIDTHEXPAND: src/live_target_queue.v:98:72: Operator NEQ expects 32 or 8 bits on the LHS, but LHS's VARREF 'packet_length' generates 7 bits.
                                                   : ... note: In instance 'bridge_experiment_tb.dut.live_reference.queue'
   98 |                     || input_count==0 || input_count>8 || packet_length!=14+input_count*6
      |                                                                        ^~
%Warning-WIDTHEXPAND: src/live_target_queue.v:114:34: Operator ADD expects 32 or 16 bits on the RHS, but RHS's VARREF 'row' generates 3 bits.
                                                    : ... note: In instance 'bridge_experiment_tb.dut.live_reference.queue'
  114 |                     memory[(first+row)&15]<=commit_data;
      |                                  ^
%Warning-WIDTHEXPAND: src/live_target_queue.v:116:39: Operator ADD expects 16 bits on the RHS, but RHS's VARREF 'count' generates 4 bits.
                                                    : ... note: In instance 'bridge_experiment_tb.dut.live_reference.queue'
  116 |                         written<=first+count;previous<=scratch_previous;freshness<=0;state<=IDLE;
      |                                       ^
%Warning-WIDTHTRUNC: impl/fixed-pd/fixed_pd.v:77:79: Operator ASSIGNDLY expects 16 bits on the Assign RHS, but Assign RHS's COND generates 32 bits.
                                                   : ... note: In instance 'bridge_experiment_tb.dut.tunable_law.law'
   77 | reg signed [31:0] raw;always @(posedge clk) begin raw <= node_7/32'sd256;duty <= raw>limit ? limit : (raw< -limit ? -limit : raw);end
      |                                                                               ^~
%Warning-WIDTHEXPAND: src/host_packet_queue.v:46:34: Operator COND expects 512 bits on the Conditional True, but Conditional True's VARREF 'priority_packet' generates 64 bits.
                                                   : ... note: In instance 'bridge_experiment_tb.dut.buffered_host.host_queue'
   46 |     assign packet=priority_valid ? priority_packet : packets[rd];
      |                                  ^
%Warning-WIDTHTRUNC: src/host_packet_queue.v:70:30: Bit extraction of array[63:0] requires 6 bit index, not 7 bits.
                                                  : ... note: In instance 'bridge_experiment_tb.dut.buffered_host.host_queue'
   70 |                         bytes[index]<=data;sum<=sum+data;
      |                              ^
%Warning-WIDTHTRUNC: src/host_packet_queue.v:71:43: Operator ASSIGNDLY expects 7 bits on the Assign RHS, but Assign RHS's ADD generates 32 or 8 bits.
                                                  : ... note: In instance 'bridge_experiment_tb.dut.buffered_host.host_queue'
   71 |                         if(index==3) total<=data+4;
      |                                           ^~
%Warning-WIDTHEXPAND: src/bridge_control.v:81:24: Operator ASSIGN expects 4 bits on the Assign RHS, but Assign RHS's VARREF 'C_H1' generates 3 bits.
                                                : ... note: In instance 'bridge_experiment_tb.dut'
   81 |     reg [3:0] cstate = C_H1;
      |                        ^~~~
%Warning-WIDTHEXPAND: src/bridge_control.v:120:64: Operator SUB expects 32 bits on the LHS, but LHS's SIGNED generates 17 bits.
                                                 : ... note: In instance 'bridge_experiment_tb.dut'
  120 |     wire signed [31:0] axis_error=$signed({1'b0,targets[axis]})-$signed({1'b0,axis_position});
      |                                                                ^
%Warning-WIDTHEXPAND: src/bridge_control.v:120:64: Operator SUB expects 32 bits on the RHS, but RHS's SIGNED generates 17 bits.
                                                 : ... note: In instance 'bridge_experiment_tb.dut'
  120 |     wire signed [31:0] axis_error=$signed({1'b0,targets[axis]})-$signed({1'b0,axis_position});
      |                                                                ^
%Warning-WIDTHEXPAND: src/bridge_control.v:121:65: Operator SUB expects 32 bits on the LHS, but LHS's SIGNED generates 17 bits.
                                                 : ... note: In instance 'bridge_experiment_tb.dut'
  121 |     wire signed [31:0] axis_travel=$signed({1'b0,axis_position})-$signed({1'b0,axis_anchor});
      |                                                                 ^
%Warning-WIDTHEXPAND: src/bridge_control.v:121:65: Operator SUB expects 32 bits on the RHS, but RHS's SIGNED generates 17 bits.
                                                 : ... note: In instance 'bridge_experiment_tb.dut'
  121 |     wire signed [31:0] axis_travel=$signed({1'b0,axis_position})-$signed({1'b0,axis_anchor});
      |                                                                 ^
%Warning-WIDTHEXPAND: src/bridge_control.v:168:18: Operator NEQ expects 4 bits on the RHS, but RHS's VARREF 'C_SEND' generates 3 bits.
                                                 : ... note: In instance 'bridge_experiment_tb.dut'
  168 |         && cstate!=C_SEND && !s_tx_busy && stop_gap==0 && reply_wait==0 && rx_quiet>=SERVO_CLKS*20;
      |                  ^~
%Warning-WIDTHEXPAND: src/bridge_control.v:169:30: Operator EQ expects 4 bits on the RHS, but RHS's VARREF 'C_CHECK' generates 3 bits.
                                                 : ... note: In instance 'bridge_experiment_tb.dut'
  169 |     wire check_safety=(cstate==C_CHECK) && !stop_active && !begin_stop && !s_tx_busy && stop_gap==0;
      |                              ^~
%Warning-WIDTHEXPAND: src/bridge_control.v:327:51: Operator NEQ expects 4 bits on the RHS, but RHS's VARREF 'C_SEND' generates 3 bits.
                                                 : ... note: In instance 'bridge_experiment_tb.dut'
  327 |     wire servo_tx_enable = !(RELEASE_TX && cstate != C_SEND && !stop_active && !s_tx_busy);
      |                                                   ^~
%Warning-WIDTHEXPAND: src/bridge_control.v:331:30: Operator NEQ expects 4 bits on the RHS, but RHS's VARREF 'C_SEND' generates 3 bits.
                                                 : ... note: In instance 'bridge_experiment_tb.dut'
  331 |     wire listening = (cstate != C_SEND) && !stop_active && !s_tx_busy && (guard == 0);
      |                              ^~
%Warning-WIDTHEXPAND: src/bridge_control.v:341:38: Operator EQ expects 4 bits on the RHS, but RHS's VARREF 'C_H1' generates 3 bits.
                                                 : ... note: In instance 'bridge_experiment_tb.dut'
  341 |         if(experiment_owner && cstate==C_H1 && !s_tx_busy && reply_wait==0 && rx_quiet>=SERVO_CLKS*20)
      |                                      ^~
%Warning-WIDTHEXPAND: src/bridge_control.v:348:20: Operator ASSIGNDLY expects 4 bits on the Assign RHS, but Assign RHS's VARREF 'C_H1' generates 3 bits.
                                                 : ... note: In instance 'bridge_experiment_tb.dut'
  348 |             cstate <= C_H1;
      |                    ^~
%Warning-WIDTHEXPAND: src/bridge_control.v:383:43: Operator COND expects 4 bits on the Conditional True, but Conditional True's VARREF 'C_CHECK' generates 3 bits.
                                                 : ... note: In instance 'bridge_experiment_tb.dut'
  383 |                     cstate<=SAFETY_ENABLE ? C_CHECK : C_SEND;experiment_owner<=0;
      |                                           ^
%Warning-WIDTHEXPAND: src/bridge_control.v:383:43: Operator COND expects 4 bits on the Conditional False, but Conditional False's VARREF 'C_SEND' generates 3 bits.
                                                 : ... note: In instance 'bridge_experiment_tb.dut'
  383 |                     cstate<=SAFETY_ENABLE ? C_CHECK : C_SEND;experiment_owner<=0;
      |                                           ^
%Warning-WIDTHEXPAND: src/bridge_control.v:387:47: Operator ASSIGNDLY expects 4 bits on the Assign RHS, but Assign RHS's VARREF 'C_CHECK' generates 3 bits.
                                                 : ... note: In instance 'bridge_experiment_tb.dut'
  387 |                     experiment_owner<=1;cstate<=C_CHECK;
      |                                               ^~
%Warning-WIDTHEXPAND: src/bridge_control.v:389:60: Operator ASSIGNDLY expects 4 bits on the Assign RHS, but Assign RHS's VARREF 'C_H2' generates 3 bits.
                                                 : ... note: In instance 'bridge_experiment_tb.dut'
  389 |                     pbuf[0] <= 8'hFF; pcnt <= 7'd1; cstate <= C_H2;
      |                                                            ^~
%Warning-WIDTHEXPAND: src/bridge_control.v:394:64: Operator ASSIGNDLY expects 4 bits on the Assign RHS, but Assign RHS's VARREF 'C_BODY' generates 3 bits.
                                                 : ... note: In instance 'bridge_experiment_tb.dut'
  394 |                         pbuf[1] <= 8'hFF; pcnt <= 7'd2; cstate <= C_BODY;
      |                                                                ^~
%Warning-WIDTHEXPAND: src/bridge_control.v:397:32: Operator ASSIGNDLY expects 4 bits on the Assign RHS, but Assign RHS's VARREF 'C_H1' generates 3 bits.
                                                 : ... note: In instance 'bridge_experiment_tb.dut'
  397 |                         cstate <= C_H1;
      |                                ^~
%Warning-WIDTHTRUNC: src/bridge_control.v:401:25: Bit extraction of array[63:0] requires 6 bit index, not 7 bits.
                                                : ... note: In instance 'bridge_experiment_tb.dut'
  401 |                     pbuf[pcnt] <= h_data;
      |                         ^
%Warning-WIDTHTRUNC: src/bridge_control.v:405:30: Operator ASSIGNDLY expects 7 bits on the Assign RHS, but Assign RHS's ADD generates 8 bits.
                                                : ... note: In instance 'bridge_experiment_tb.dut'
  405 |                         ptot <= h_data + 7'd4;
      |                              ^~
%Warning-WIDTHEXPAND: src/bridge_control.v:406:76: Operator ASSIGNDLY expects 4 bits on the Assign RHS, but Assign RHS's VARREF 'C_H1' generates 3 bits.
                                                 : ... note: In instance 'bridge_experiment_tb.dut'
  406 |                         if(SAFETY_ENABLE && (h_data<2 || h_data>60)) cstate<=C_H1;
      |                                                                            ^~
%Warning-WIDTHEXPAND: src/bridge_control.v:410:49: Operator COND expects 4 bits on the Conditional True, but Conditional True's VARREF 'C_CHECK' generates 3 bits.
                                                 : ... note: In instance 'bridge_experiment_tb.dut'
  410 |                         cstate <= SAFETY_ENABLE ? C_CHECK : C_SEND;
      |                                                 ^
%Warning-WIDTHEXPAND: src/bridge_control.v:410:49: Operator COND expects 4 bits on the Conditional False, but Conditional False's VARREF 'C_SEND' generates 3 bits.
                                                 : ... note: In instance 'bridge_experiment_tb.dut'
  410 |                         cstate <= SAFETY_ENABLE ? C_CHECK : C_SEND;
      |                                                 ^
%Warning-WIDTHEXPAND: src/bridge_control.v:412:32: Operator ASSIGNDLY expects 4 bits on the Assign RHS, but Assign RHS's VARREF 'C_H1' generates 3 bits.
                                                 : ... note: In instance 'bridge_experiment_tb.dut'
  412 |                         cstate <= C_H1;               
      |                                ^~
%Warning-WIDTHEXPAND: src/bridge_control.v:453:53: Operator ASSIGNDLY expects 4 bits on the Assign RHS, but Assign RHS's VARREF 'C_LOCAL' generates 3 bits.
                                                 : ... note: In instance 'bridge_experiment_tb.dut'
  453 |                     end else if(safety_local) cstate<=C_LOCAL;
      |                                                     ^~
%Warning-WIDTHEXPAND: src/bridge_control.v:454:64: Operator ASSIGNDLY expects 4 bits on the Assign RHS, but Assign RHS's VARREF 'C_SEND' generates 3 bits.
                                                 : ... note: In instance 'bridge_experiment_tb.dut'
  454 |                     else if(safety_allow) begin pidx<=0; cstate<=C_SEND; end
      |                                                                ^~
%Warning-WIDTHEXPAND: src/bridge_control.v:455:47: Operator ASSIGNDLY expects 4 bits on the Assign RHS, but Assign RHS's VARREF 'C_H1' generates 3 bits.
                                                 : ... note: In instance 'bridge_experiment_tb.dut'
  455 |                     else begin pcnt<=0; cstate<=C_H1; end
      |                                               ^~
%Warning-WIDTHTRUNC: src/bridge_control.v:483:29: Bit extraction of array[63:0] requires 6 bit index, not 7 bits.
                                                : ... note: In instance 'bridge_experiment_tb.dut'
  483 |                         pbuf[build_index]<=control_wait==0 ? axis+4 : control_wait==1
      |                             ^
%Warning-WIDTHEXPAND: src/bridge_control.v:483:66: Operator ADD expects 32 or 8 bits on the LHS, but LHS's VARREF 'axis' generates 4 bits.
                                                 : ... note: In instance 'bridge_experiment_tb.dut'
  483 |                         pbuf[build_index]<=control_wait==0 ? axis+4 : control_wait==1
      |                                                                  ^
%Warning-WIDTHTRUNC: src/bridge_control.v:496:29: Bit extraction of array[63:0] requires 6 bit index, not 7 bits.
                                                : ... note: In instance 'bridge_experiment_tb.dut'
  496 |                         pbuf[pidx]<=~build_sum; packet_checksum<=255; cstate<=C_CHECK;
      |                             ^
%Warning-WIDTHEXPAND: src/bridge_control.v:496:77: Operator ASSIGNDLY expects 4 bits on the Assign RHS, but Assign RHS's VARREF 'C_CHECK' generates 3 bits.
                                                 : ... note: In instance 'bridge_experiment_tb.dut'
  496 |                         pbuf[pidx]<=~build_sum; packet_checksum<=255; cstate<=C_CHECK;
      |                                                                             ^~
%Warning-WIDTHTRUNC: src/bridge_control.v:497:61: Bit extraction of array[63:0] requires 6 bit index, not 7 bits.
                                                : ... note: In instance 'bridge_experiment_tb.dut'
  497 |                     end else begin build_sum<=build_sum+pbuf[pidx]; pidx<=pidx+1; end
      |                                                             ^
%Warning-WIDTHEXPAND: src/bridge_control.v:499:62: Operator ASSIGNDLY expects 4 bits on the Assign RHS, but Assign RHS's VARREF 'C_LOCAL' generates 3 bits.
                                                 : ... note: In instance 'bridge_experiment_tb.dut'
  499 |                 C_CTL_FAULT: begin experiment_owner<=0;cstate<=C_LOCAL;end
      |                                                              ^~
%Warning-WIDTHEXPAND: src/bridge_control.v:501:51: Operator ASSIGNDLY expects 4 bits on the Assign RHS, but Assign RHS's VARREF 'C_H1' generates 3 bits.
                                                 : ... note: In instance 'bridge_experiment_tb.dut'
  501 |                 C_TRAJ_REPLY: begin pcnt<=0;cstate<=C_H1;end
      |                                                   ^~
%Warning-WIDTHEXPAND: src/bridge_control.v:502:47: Operator ASSIGNDLY expects 4 bits on the Assign RHS, but Assign RHS's VARREF 'C_H1' generates 3 bits.
                                                 : ... note: In instance 'bridge_experiment_tb.dut'
  502 |                 C_LOCAL: begin pcnt<=0; cstate<=C_H1; end
      |                                               ^~
%Warning-WIDTHEXPAND: src/bridge_control.v:504:101: Operator ASSIGNDLY expects 4 bits on the Assign RHS, but Assign RHS's VARREF 'C_H1' generates 3 bits.
                                                  : ... note: In instance 'bridge_experiment_tb.dut'
  504 |                     if(experiment_owner) begin experiment_control_done<=1;experiment_owner<=0;cstate<=C_H1;end
      |                                                                                                     ^~
%Warning-WIDTHEXPAND: src/bridge_control.v:505:32: Operator ASSIGNDLY expects 4 bits on the Assign RHS, but Assign RHS's VARREF 'C_LOCAL' generates 3 bits.
                                                 : ... note: In instance 'bridge_experiment_tb.dut'
  505 |                     else cstate<=C_LOCAL;
      |                                ^~
%Warning-WIDTHEXPAND: src/bridge_control.v:508:35: Operator ASSIGNDLY expects 4 bits on the Assign RHS, but Assign RHS's VARREF 'C_H1' generates 3 bits.
                                                 : ... note: In instance 'bridge_experiment_tb.dut'
  508 |                     pcnt<=0;cstate<=C_H1;
      |                                   ^~
%Warning-WIDTHTRUNC: src/bridge_control.v:510:39: Bit extraction of array[63:0] requires 6 bit index, not 7 bits.
                                                : ... note: In instance 'bridge_experiment_tb.dut'
  510 |                     s_tx_data  <= pbuf[pidx];
      |                                       ^
%Warning-WIDTHEXPAND: src/bridge_control.v:515:69: Operator COND expects 4 bits on the Conditional True, but Conditional True's VARREF 'C_RECEIPT' generates 3 bits.
                                                 : ... note: In instance 'bridge_experiment_tb.dut'
  515 |                         cstate <= (SAFETY_ENABLE && pbuf[4]==8'h83) ? C_RECEIPT : C_H1;
      |                                                                     ^
%Warning-WIDTHEXPAND: src/bridge_control.v:515:69: Operator COND expects 4 bits on the Conditional False, but Conditional False's VARREF 'C_H1' generates 3 bits.
                                                 : ... note: In instance 'bridge_experiment_tb.dut'
  515 |                         cstate <= (SAFETY_ENABLE && pbuf[4]==8'h83) ? C_RECEIPT : C_H1;
      |                                                                     ^
%Warning-WIDTHEXPAND: src/bridge_control.v:520:33: Operator ASSIGNDLY expects 4 bits on the Assign RHS, but Assign RHS's VARREF 'C_H1' generates 3 bits.
                                                 : ... note: In instance 'bridge_experiment_tb.dut'
  520 |                 default: cstate <= C_H1;
      |                                 ^~
%Warning-WIDTHEXPAND: src/bridge_control.v:379:13: Operator CASE expects 32 or 4 bits on the Case Item, but Case Item's VARREF 'C_H1' generates 3 bits.
                                                 : ... note: In instance 'bridge_experiment_tb.dut'
  379 |             case (cstate)
      |             ^~~~
%Warning-WIDTHEXPAND: src/bridge_control.v:379:13: Operator CASE expects 32 or 4 bits on the Case Item, but Case Item's VARREF 'C_H2' generates 3 bits.
                                                 : ... note: In instance 'bridge_experiment_tb.dut'
  379 |             case (cstate)
      |             ^~~~
%Warning-WIDTHEXPAND: src/bridge_control.v:379:13: Operator CASE expects 32 or 4 bits on the Case Item, but Case Item's VARREF 'C_BODY' generates 3 bits.
                                                 : ... note: In instance 'bridge_experiment_tb.dut'
  379 |             case (cstate)
      |             ^~~~
%Warning-WIDTHEXPAND: src/bridge_control.v:379:13: Operator CASE expects 32 or 4 bits on the Case Item, but Case Item's VARREF 'C_CHECK' generates 3 bits.
                                                 : ... note: In instance 'bridge_experiment_tb.dut'
  379 |             case (cstate)
      |             ^~~~
%Warning-WIDTHEXPAND: src/bridge_control.v:379:13: Operator CASE expects 32 or 4 bits on the Case Item, but Case Item's VARREF 'C_LOCAL' generates 3 bits.
                                                 : ... note: In instance 'bridge_experiment_tb.dut'
  379 |             case (cstate)
      |             ^~~~
%Warning-WIDTHEXPAND: src/bridge_control.v:379:13: Operator CASE expects 32 or 4 bits on the Case Item, but Case Item's VARREF 'C_RECEIPT' generates 3 bits.
                                                 : ... note: In instance 'bridge_experiment_tb.dut'
  379 |             case (cstate)
      |             ^~~~
%Warning-WIDTHEXPAND: src/bridge_control.v:379:13: Operator CASE expects 32 or 4 bits on the Case Item, but Case Item's VARREF 'C_SEND' generates 3 bits.
                                                 : ... note: In instance 'bridge_experiment_tb.dut'
  379 |             case (cstate)
      |             ^~~~
%Warning-WIDTHEXPAND: src/bridge_control.v:541:25: Operator EQ expects 4 bits on the RHS, but RHS's VARREF 'C_H1' generates 3 bits.
                                                 : ... note: In instance 'bridge_experiment_tb.dut'
  541 |     wire bus_idle=cstate==C_H1 && !stop_active && !begin_stop && !s_tx_busy
      |                         ^~
%Warning-WIDTHEXPAND: src/bridge_control.v:549:21: Operator GTE expects 8 bits on the RHS, but RHS's VARREF 'experiment_log_length' generates 7 bits.
                                                 : ... note: In instance 'bridge_experiment_tb.dut'
  549 |         && fifo_free>=experiment_log_length && experiment_log_length>=6 && experiment_log_length<=64;
      |                     ^~
%Warning-WIDTHEXPAND: src/bridge_control.v:554:69: Operator EQ expects 4 bits on the RHS, but RHS's VARREF 'C_SEND' generates 3 bits.
                                                 : ... note: In instance 'bridge_experiment_tb.dut'
  554 |         || (s_valid && experiment_log_sending) || (h_valid && cstate==C_SEND);
      |                                                                     ^~
%Warning-WIDTHEXPAND: src/bridge_control.v:586:22: Operator EQ expects 4 bits on the RHS, but RHS's VARREF 'C_LOCAL' generates 3 bits.
                                                 : ... note: In instance 'bridge_experiment_tb.dut'
  586 |             if(cstate==C_LOCAL) begin
      |                      ^~
%Warning-WIDTHTRUNC: src/bridge_control.v:607:38: Bit extraction of array[30:0] requires 5 bit index, not 6 bits.
                                                : ... note: In instance 'bridge_experiment_tb.dut'
  607 |                 fifo[wptr]<=local_buf[local_index]; wptr<=wptr+1;
      |                                      ^
%Warning-WIDTHEXPAND: tb/bridge_experiment_tb.v:44:27: Operator ADD expects 32 bits on the LHS, but LHS's VARREF 'sb' generates 8 bits.
                                                     : ... note: In instance 'bridge_experiment_tb'
   44 |             if(cn==3)ct=sb+4;cn=cn+1;
      |                           ^
%Warning-WIDTHEXPAND: tb/bridge_experiment_tb.v:49:29: Operator ASSIGN expects 32 bits on the Assign RHS, but Assign RHS's ARRAYSEL generates 8 bits.
                                                     : ... note: In instance 'bridge_experiment_tb'
   49 |                     reply_id=command[2];reply_address=command[5];reply_width=command[6];reply_pending=1;
      |                             ^
%Warning-WIDTHEXPAND: tb/bridge_experiment_tb.v:49:54: Operator ASSIGN expects 32 bits on the Assign RHS, but Assign RHS's ARRAYSEL generates 8 bits.
                                                     : ... note: In instance 'bridge_experiment_tb'
   49 |                     reply_id=command[2];reply_address=command[5];reply_width=command[6];reply_pending=1;
      |                                                      ^
%Warning-WIDTHEXPAND: tb/bridge_experiment_tb.v:49:77: Operator ASSIGN expects 32 bits on the Assign RHS, but Assign RHS's ARRAYSEL generates 8 bits.
                                                     : ... note: In instance 'bridge_experiment_tb'
   49 |                     reply_id=command[2];reply_address=command[5];reply_width=command[6];reply_pending=1;
      |                                                                             ^
%Warning-WIDTHEXPAND: tb/bridge_experiment_tb.v:60:42: Operator NEQ expects 32 bits on the LHS, but LHS's ARRAYSEL generates 8 bits.
                                                     : ... note: In instance 'bridge_experiment_tb'
   60 |                         if(command[7+i*3]!=i+FIRST_ID)$fatal(1,"motor order");
      |                                          ^~
%Warning-WIDTHTRUNC: tb/bridge_experiment_tb.v:68:41: Operator ASSIGN expects 1 bits on the Assign RHS, but Assign RHS's ARRAYSEL generates 8 bits.
                                                    : ... note: In instance 'bridge_experiment_tb'
   68 |                     torque[command[2]-4]=command[6];
      |                                         ^
%Warning-WIDTHEXPAND: tb/bridge_experiment_tb.v:78:33: Operator ADD expects 32 bits on the LHS, but LHS's VARREF 'hb' generates 8 bits.
                                                     : ... note: In instance 'bridge_experiment_tb'
   78 |             if(hn==3)begin ht=hb+4;if(ht>64 || ht<6)$fatal(1,"invalid host frame size");end
      |                                 ^
%Warning-WIDTHEXPAND: tb/bridge_experiment_tb.v:87:84: Operator ASSIGN expects 32 bits on the Assign RHS, but Assign RHS's ARRAYSEL generates 8 bits.
                                                     : ... note: In instance 'bridge_experiment_tb'
   87 |                     if(host_frame[7]==4)begin terminals=terminals+1;terminal_result=host_frame[15];end
      |                                                                                    ^
%Warning-WIDTHTRUNC: tb/bridge_experiment_tb.v:123:56: Operator ASSIGN expects 8 bits on the Assign RHS, but Assign RHS's VARREF 'reply_id' generates 32 bits.
                                                     : ... note: In instance 'bridge_experiment_tb'
  123 |             response[0]=255;response[1]=255;response[2]=reply_id;response[3]=reply_width+2;
      |                                                        ^
%Warning-WIDTHTRUNC: tb/bridge_experiment_tb.v:123:77: Operator ASSIGN expects 8 bits on the Assign RHS, but Assign RHS's ADD generates 32 bits.
                                                     : ... note: In instance 'bridge_experiment_tb'
  123 |             response[0]=255;response[1]=255;response[2]=reply_id;response[3]=reply_width+2;
      |                                                                             ^
%Warning-WIDTHTRUNC: tb/bridge_experiment_tb.v:125:53: Operator ASSIGN expects 8 bits on the Assign RHS, but Assign RHS's VARREF 'position' generates 32 bits.
                                                     : ... note: In instance 'bridge_experiment_tb'
  125 |                 position=2000+reply_id-4;response[5]=position;response[6]=position>>8;response[11]=120;response[12]=40;
      |                                                     ^
%Warning-WIDTHTRUNC: tb/bridge_experiment_tb.v:125:74: Operator ASSIGN expects 8 bits on the Assign RHS, but Assign RHS's SHIFTR generates 32 bits.
                                                     : ... note: In instance 'bridge_experiment_tb'
  125 |                 position=2000+reply_id-4;response[5]=position;response[6]=position>>8;response[11]=120;response[12]=40;
      |                                                                          ^
%Warning-WIDTHEXPAND: tb/bridge_experiment_tb.v:127:28: Operator ASSIGN expects 8 bits on the Assign RHS, but Assign RHS's ARRAYSEL generates 1 bits.
                                                      : ... note: In instance 'bridge_experiment_tb'
  127 |                 response[5]=torque[reply_id-4];response[9]=pwm[reply_id-4];response[10]=pwm[reply_id-4]>>8;
      |                            ^
%Warning-WIDTHTRUNC: tb/bridge_experiment_tb.v:127:59: Operator ASSIGN expects 8 bits on the Assign RHS, but Assign RHS's ARRAYSEL generates 16 bits.
                                                     : ... note: In instance 'bridge_experiment_tb'
  127 |                 response[5]=torque[reply_id-4];response[9]=pwm[reply_id-4];response[10]=pwm[reply_id-4]>>8;
      |                                                           ^
%Warning-WIDTHTRUNC: tb/bridge_experiment_tb.v:127:88: Operator ASSIGN expects 8 bits on the Assign RHS, but Assign RHS's SHIFTR generates 16 bits.
                                                     : ... note: In instance 'bridge_experiment_tb'
  127 |                 response[5]=torque[reply_id-4];response[9]=pwm[reply_id-4];response[10]=pwm[reply_id-4]>>8;
      |                                                                                        ^
%Warning-WIDTHEXPAND: tb/bridge_experiment_tb.v:126:38: Operator EQ expects 32 bits on the RHS, but RHS's CONST '8'h28' generates 8 bits.
                                                      : ... note: In instance 'bridge_experiment_tb'
  126 |             end else if(reply_address==8'h28)begin
      |                                      ^~
%Warning-WIDTHEXPAND: tb/bridge_experiment_tb.v:124:29: Operator EQ expects 32 bits on the RHS, but RHS's CONST '8'h38' generates 8 bits.
                                                      : ... note: In instance 'bridge_experiment_tb'
  124 |             if(reply_address==8'h38)begin
      |                             ^~
%Warning-WIDTHEXPAND: tb/bridge_experiment_tb.v:121:78: Operator EQ expects 32 bits on the RHS, but RHS's CONST '8'h38' generates 8 bits.
                                                      : ... note: In instance 'bridge_experiment_tb'
  121 |         if(!(running && CASE==1 && reply_id==(FAST ? 10 : 6) && reply_address==8'h38))begin
      |                                                                              ^~
%Warning-WIDTHEXPAND: tb/bridge_experiment_tb.v:154:78: Operator TASKREF 'send' expects 32 bits on the Function Argument, but Function Argument's ARRAYSEL generates 7 bits.
                                                      : ... note: In instance 'bridge_experiment_tb'
  154 |             for(i=0;i<64;i=i+1)message[i]=packets[j][i*8 +: 8];base=receipts;send(lengths[j]);wait(receipts>base);
      |                                                                              ^~~~
%Warning-WIDTHTRUNC: tb/bridge_experiment_tb.v:158:53: Operator ASSIGN expects 8 bits on the Assign RHS, but Assign RHS's VARREF 'j' generates 32 bits.
                                                     : ... note: In instance 'bridge_experiment_tb'
  158 |             message[0]=255;message[1]=255;message[2]=j;message[3]=4;message[4]=2;message[5]=8'h38;message[6]=15;
      |                                                     ^
%Warning-WIDTHTRUNC: tb/bridge_experiment_tb.v:160:81: Operator ASSIGN expects 8 bits on the Assign RHS, but Assign RHS's VARREF 'j' generates 32 bits.
                                                     : ... note: In instance 'bridge_experiment_tb'
  160 |             message[2]=254;message[3]=4;message[4]=8'ha0;message[5]=1;message[6]=j;
      |                                                                                 ^
%Warning-WIDTHTRUNC: tb/bridge_experiment_tb.v:162:23: Operator ASSIGN expects 8 bits on the Assign RHS, but Assign RHS's VARREF 'j' generates 32 bits.
                                                     : ... note: In instance 'bridge_experiment_tb'
  162 |             message[2]=j;message[3]=4;message[4]=3;message[5]=8'h28;message[6]=1;
      |                       ^
%Warning-WIDTHTRUNC: tb/bridge_experiment_tb.v:167:93: Operator ASSIGN expects 8 bits on the Assign RHS, but Assign RHS's AND generates 32 or 9 bits.
                                                     : ... note: In instance 'bridge_experiment_tb'
  167 |             message[7]=8'h78;message[8]=8'h56;message[9]=8'h34;message[10]=8'h12;message[11]=FRAMES&255;message[12]=FRAMES>>8;
      |                                                                                             ^
%Warning-WIDTHTRUNC: tb/bridge_experiment_tb.v:167:116: Operator ASSIGN expects 8 bits on the Assign RHS, but Assign RHS's SHIFTR generates 32 or 9 bits.
                                                      : ... note: In instance 'bridge_experiment_tb'
  167 |             message[7]=8'h78;message[8]=8'h56;message[9]=8'h34;message[10]=8'h12;message[11]=FRAMES&255;message[12]=FRAMES>>8;
      |                                                                                                                    ^
%Warning-WIDTHTRUNC: tb/bridge_experiment_tb.v:211:68: Operator ASSIGN expects 8 bits on the Assign RHS, but Assign RHS's ADD generates 32 bits.
                                                     : ... note: In instance 'bridge_experiment_tb'
  211 |             message[0]=255;message[1]=255;message[2]=254;message[3]=10+6*count;message[4]=8'ha4;message[5]=1;
      |                                                                    ^
%Warning-WIDTHTRUNC: tb/bridge_experiment_tb.v:213:24: Operator ASSIGN expects 8 bits on the Assign RHS, but Assign RHS's AND generates 32 bits.
                                                     : ... note: In instance 'bridge_experiment_tb'
  213 |             message[10]=first&255;message[11]=first>>8;message[12]=count;
      |                        ^
%Warning-WIDTHTRUNC: tb/bridge_experiment_tb.v:213:46: Operator ASSIGN expects 8 bits on the Assign RHS, but Assign RHS's SHIFTR generates 32 bits.
                                                     : ... note: In instance 'bridge_experiment_tb'
  213 |             message[10]=first&255;message[11]=first>>8;message[12]=count;
      |                                              ^
%Warning-WIDTHTRUNC: tb/bridge_experiment_tb.v:213:67: Operator ASSIGN expects 8 bits on the Assign RHS, but Assign RHS's VARREF 'count' generates 32 bits.
                                                     : ... note: In instance 'bridge_experiment_tb'
  213 |             message[10]=first&255;message[11]=first>>8;message[12]=count;
      |                                                                   ^
%Warning-WIDTHTRUNC: tb/bridge_experiment_tb.v:216:60: Operator ASSIGN expects 8 bits on the Assign RHS, but Assign RHS's AND generates 32 bits.
                                                     : ... note: In instance 'bridge_experiment_tb'
  216 |                 for(a=0;a<3;a=a+1)begin message[13+n*6+a*2]=value&255;message[14+n*6+a*2]=value>>8;end
      |                                                            ^
%Warning-WIDTHTRUNC: tb/bridge_experiment_tb.v:216:90: Operator ASSIGN expects 8 bits on the Assign RHS, but Assign RHS's SHIFTR generates 32 bits.
                                                     : ... note: In instance 'bridge_experiment_tb'
  216 |                 for(a=0;a<3;a=a+1)begin message[13+n*6+a*2]=value&255;message[14+n*6+a*2]=value>>8;end
      |                                                                                          ^
%Warning-WIDTHTRUNC: tb/bridge_experiment_tb.v:197:57: Operator ASSIGN expects 8 bits on the Assign RHS, but Assign RHS's AND generates 32 or 9 bits.
                                                     : ... note: In instance 'bridge_experiment_tb'
  197 |                 message[4]=8'ha0;message[5]=5;message[6]=MASK&255;message[7]=MASK>>8;
      |                                                         ^
%Warning-WIDTHTRUNC: tb/bridge_experiment_tb.v:197:77: Operator ASSIGN expects 8 bits on the Assign RHS, but Assign RHS's SHIFTR generates 32 or 9 bits.
                                                     : ... note: In instance 'bridge_experiment_tb'
  197 |                 message[4]=8'ha0;message[5]=5;message[6]=MASK&255;message[7]=MASK>>8;
      |                                                                             ^
%Warning-WIDTHEXPAND: tb/bridge_experiment_tb.v:200:64: Operator SUB expects 32 bits on the RHS, but RHS's VARXREF 'experiment_frame' generates 16 bits.
                                                      : ... note: In instance 'bridge_experiment_tb'
  200 |             if(LIVE && CASE==0 && next_live<FRAMES && next_live-dut.experiment_frame<=8)begin
      |                                                                ^
g++ -Os  -I.  -MMD -I/Users/elliot/.local/opt/oss-cad-suite/share/verilator/include -I/Users/elliot/.local/opt/oss-cad-suite/share/verilator/include/vltstd -DVERILATOR=1 -DVM_COVERAGE=0 -DVM_SC=0 -DVM_TIMING=1 -DVM_TRACE=0 -DVM_TRACE_FST=0 -DVM_TRACE_VCD=0 -DVM_TRACE_SAIF=0 -DVM_VPI=0 -faligned-new -fbracket-depth=4096 -fcf-protection=none -Xclang -fno-pch-timestamp -Qunused-arguments  -Wno-c++11-narrowing -Wno-constant-logical-operand -Wno-int-in-bool-context -Wno-non-pod-varargs -Wno-parentheses-equality -Wno-shadow -Wno-sign-compare  -Wno-tautological-compare -Wno-uninitialized -Wno-unnecessary-virtual-specifier -Wno-unused-but-set-parameter -Wno-unused-but-set-variable -Wno-unused-parameter -Wno-unused-variable -Wno-vla-cxx-extension    -DVL_TIME_CONTEXT   -std=gnu++20 -c -o verilated.o /Users/elliot/.local/opt/oss-cad-suite/share/verilator/include/verilated.cpp
g++ -Os  -I.  -MMD -I/Users/elliot/.local/opt/oss-cad-suite/share/verilator/include -I/Users/elliot/.local/opt/oss-cad-suite/share/verilator/include/vltstd -DVERILATOR=1 -DVM_COVERAGE=0 -DVM_SC=0 -DVM_TIMING=1 -DVM_TRACE=0 -DVM_TRACE_FST=0 -DVM_TRACE_VCD=0 -DVM_TRACE_SAIF=0 -DVM_VPI=0 -faligned-new -fbracket-depth=4096 -fcf-protection=none -Xclang -fno-pch-timestamp -Qunused-arguments  -Wno-c++11-narrowing -Wno-constant-logical-operand -Wno-int-in-bool-context -Wno-non-pod-varargs -Wno-parentheses-equality -Wno-shadow -Wno-sign-compare  -Wno-tautological-compare -Wno-uninitialized -Wno-unnecessary-virtual-specifier -Wno-unused-but-set-parameter -Wno-unused-but-set-variable -Wno-unused-parameter -Wno-unused-variable -Wno-vla-cxx-extension    -DVL_TIME_CONTEXT   -std=gnu++20 -c -o verilated_timing.o /Users/elliot/.local/opt/oss-cad-suite/share/verilator/include/verilated_timing.cpp
g++ -Os  -I.  -MMD -I/Users/elliot/.local/opt/oss-cad-suite/share/verilator/include -I/Users/elliot/.local/opt/oss-cad-suite/share/verilator/include/vltstd -DVERILATOR=1 -DVM_COVERAGE=0 -DVM_SC=0 -DVM_TIMING=1 -DVM_TRACE=0 -DVM_TRACE_FST=0 -DVM_TRACE_VCD=0 -DVM_TRACE_SAIF=0 -DVM_VPI=0 -faligned-new -fbracket-depth=4096 -fcf-protection=none -Xclang -fno-pch-timestamp -Qunused-arguments  -Wno-c++11-narrowing -Wno-constant-logical-operand -Wno-int-in-bool-context -Wno-non-pod-varargs -Wno-parentheses-equality -Wno-shadow -Wno-sign-compare  -Wno-tautological-compare -Wno-uninitialized -Wno-unnecessary-virtual-specifier -Wno-unused-but-set-parameter -Wno-unused-but-set-variable -Wno-unused-parameter -Wno-unused-variable -Wno-vla-cxx-extension    -DVL_TIME_CONTEXT   -std=gnu++20 -c -o verilated_threads.o /Users/elliot/.local/opt/oss-cad-suite/share/verilator/include/verilated_threads.cpp
g++ -Os  -I.  -MMD -I/Users/elliot/.local/opt/oss-cad-suite/share/verilator/include -I/Users/elliot/.local/opt/oss-cad-suite/share/verilator/include/vltstd -DVERILATOR=1 -DVM_COVERAGE=0 -DVM_SC=0 -DVM_TIMING=1 -DVM_TRACE=0 -DVM_TRACE_FST=0 -DVM_TRACE_VCD=0 -DVM_TRACE_SAIF=0 -DVM_VPI=0 -faligned-new -fbracket-depth=4096 -fcf-protection=none -Xclang -fno-pch-timestamp -Qunused-arguments  -Wno-c++11-narrowing -Wno-constant-logical-operand -Wno-int-in-bool-context -Wno-non-pod-varargs -Wno-parentheses-equality -Wno-shadow -Wno-sign-compare  -Wno-tautological-compare -Wno-uninitialized -Wno-unnecessary-virtual-specifier -Wno-unused-but-set-parameter -Wno-unused-but-set-variable -Wno-unused-parameter -Wno-unused-variable -Wno-vla-cxx-extension    -DVL_TIME_CONTEXT   -std=gnu++20 -x c++-header Vbridge_experiment_tb__pch.h -o Vbridge_experiment_tb__pch.h.fast.gch
g++   -I.  -MMD -I/Users/elliot/.local/opt/oss-cad-suite/share/verilator/include -I/Users/elliot/.local/opt/oss-cad-suite/share/verilator/include/vltstd -DVERILATOR=1 -DVM_COVERAGE=0 -DVM_SC=0 -DVM_TIMING=1 -DVM_TRACE=0 -DVM_TRACE_FST=0 -DVM_TRACE_VCD=0 -DVM_TRACE_SAIF=0 -DVM_VPI=0 -faligned-new -fbracket-depth=4096 -fcf-protection=none -Xclang -fno-pch-timestamp -Qunused-arguments  -Wno-c++11-narrowing -Wno-constant-logical-operand -Wno-int-in-bool-context -Wno-non-pod-varargs -Wno-parentheses-equality -Wno-shadow -Wno-sign-compare  -Wno-tautological-compare -Wno-uninitialized -Wno-unnecessary-virtual-specifier -Wno-unused-but-set-parameter -Wno-unused-but-set-variable -Wno-unused-parameter -Wno-unused-variable -Wno-vla-cxx-extension    -DVL_TIME_CONTEXT   -std=gnu++20 -x c++-header Vbridge_experiment_tb__pch.h -o Vbridge_experiment_tb__pch.h.slow.gch
g++ -Os  -I.  -MMD -I/Users/elliot/.local/opt/oss-cad-suite/share/verilator/include -I/Users/elliot/.local/opt/oss-cad-suite/share/verilator/include/vltstd -DVERILATOR=1 -DVM_COVERAGE=0 -DVM_SC=0 -DVM_TIMING=1 -DVM_TRACE=0 -DVM_TRACE_FST=0 -DVM_TRACE_VCD=0 -DVM_TRACE_SAIF=0 -DVM_VPI=0 -faligned-new -fbracket-depth=4096 -fcf-protection=none -Xclang -fno-pch-timestamp -Qunused-arguments  -Wno-c++11-narrowing -Wno-constant-logical-operand -Wno-int-in-bool-context -Wno-non-pod-varargs -Wno-parentheses-equality -Wno-shadow -Wno-sign-compare  -Wno-tautological-compare -Wno-uninitialized -Wno-unnecessary-virtual-specifier -Wno-unused-but-set-parameter -Wno-unused-but-set-variable -Wno-unused-parameter -Wno-unused-variable -Wno-vla-cxx-extension    -DVL_TIME_CONTEXT   -std=gnu++20 -include-pch Vbridge_experiment_tb__pch.h.fast.gch -c Vbridge_experiment_tb.cpp
g++ -Os  -I.  -MMD -I/Users/elliot/.local/opt/oss-cad-suite/share/verilator/include -I/Users/elliot/.local/opt/oss-cad-suite/share/verilator/include/vltstd -DVERILATOR=1 -DVM_COVERAGE=0 -DVM_SC=0 -DVM_TIMING=1 -DVM_TRACE=0 -DVM_TRACE_FST=0 -DVM_TRACE_VCD=0 -DVM_TRACE_SAIF=0 -DVM_VPI=0 -faligned-new -fbracket-depth=4096 -fcf-protection=none -Xclang -fno-pch-timestamp -Qunused-arguments  -Wno-c++11-narrowing -Wno-constant-logical-operand -Wno-int-in-bool-context -Wno-non-pod-varargs -Wno-parentheses-equality -Wno-shadow -Wno-sign-compare  -Wno-tautological-compare -Wno-uninitialized -Wno-unnecessary-virtual-specifier -Wno-unused-but-set-parameter -Wno-unused-but-set-variable -Wno-unused-parameter -Wno-unused-variable -Wno-vla-cxx-extension    -DVL_TIME_CONTEXT   -std=gnu++20 -include-pch Vbridge_experiment_tb__pch.h.fast.gch -c Vbridge_experiment_tb___024root__0.cpp
g++ -Os  -I.  -MMD -I/Users/elliot/.local/opt/oss-cad-suite/share/verilator/include -I/Users/elliot/.local/opt/oss-cad-suite/share/verilator/include/vltstd -DVERILATOR=1 -DVM_COVERAGE=0 -DVM_SC=0 -DVM_TIMING=1 -DVM_TRACE=0 -DVM_TRACE_FST=0 -DVM_TRACE_VCD=0 -DVM_TRACE_SAIF=0 -DVM_VPI=0 -faligned-new -fbracket-depth=4096 -fcf-protection=none -Xclang -fno-pch-timestamp -Qunused-arguments  -Wno-c++11-narrowing -Wno-constant-logical-operand -Wno-int-in-bool-context -Wno-non-pod-varargs -Wno-parentheses-equality -Wno-shadow -Wno-sign-compare  -Wno-tautological-compare -Wno-uninitialized -Wno-unnecessary-virtual-specifier -Wno-unused-but-set-parameter -Wno-unused-but-set-variable -Wno-unused-parameter -Wno-unused-variable -Wno-vla-cxx-extension    -DVL_TIME_CONTEXT   -std=gnu++20 -include-pch Vbridge_experiment_tb__pch.h.fast.gch -c Vbridge_experiment_tb___024root__1.cpp
g++ -Os  -I.  -MMD -I/Users/elliot/.local/opt/oss-cad-suite/share/verilator/include -I/Users/elliot/.local/opt/oss-cad-suite/share/verilator/include/vltstd -DVERILATOR=1 -DVM_COVERAGE=0 -DVM_SC=0 -DVM_TIMING=1 -DVM_TRACE=0 -DVM_TRACE_FST=0 -DVM_TRACE_VCD=0 -DVM_TRACE_SAIF=0 -DVM_VPI=0 -faligned-new -fbracket-depth=4096 -fcf-protection=none -Xclang -fno-pch-timestamp -Qunused-arguments  -Wno-c++11-narrowing -Wno-constant-logical-operand -Wno-int-in-bool-context -Wno-non-pod-varargs -Wno-parentheses-equality -Wno-shadow -Wno-sign-compare  -Wno-tautological-compare -Wno-uninitialized -Wno-unnecessary-virtual-specifier -Wno-unused-but-set-parameter -Wno-unused-but-set-variable -Wno-unused-parameter -Wno-unused-variable -Wno-vla-cxx-extension    -DVL_TIME_CONTEXT   -std=gnu++20 -include-pch Vbridge_experiment_tb__pch.h.fast.gch -c Vbridge_experiment_tb__main.cpp
g++   -I.  -MMD -I/Users/elliot/.local/opt/oss-cad-suite/share/verilator/include -I/Users/elliot/.local/opt/oss-cad-suite/share/verilator/include/vltstd -DVERILATOR=1 -DVM_COVERAGE=0 -DVM_SC=0 -DVM_TIMING=1 -DVM_TRACE=0 -DVM_TRACE_FST=0 -DVM_TRACE_VCD=0 -DVM_TRACE_SAIF=0 -DVM_VPI=0 -faligned-new -fbracket-depth=4096 -fcf-protection=none -Xclang -fno-pch-timestamp -Qunused-arguments  -Wno-c++11-narrowing -Wno-constant-logical-operand -Wno-int-in-bool-context -Wno-non-pod-varargs -Wno-parentheses-equality -Wno-shadow -Wno-sign-compare  -Wno-tautological-compare -Wno-uninitialized -Wno-unnecessary-virtual-specifier -Wno-unused-but-set-parameter -Wno-unused-but-set-variable -Wno-unused-parameter -Wno-unused-variable -Wno-vla-cxx-extension    -DVL_TIME_CONTEXT   -std=gnu++20 -include-pch Vbridge_experiment_tb__pch.h.slow.gch -c Vbridge_experiment_tb__ConstPool__0__Slow.cpp
g++   -I.  -MMD -I/Users/elliot/.local/opt/oss-cad-suite/share/verilator/include -I/Users/elliot/.local/opt/oss-cad-suite/share/verilator/include/vltstd -DVERILATOR=1 -DVM_COVERAGE=0 -DVM_SC=0 -DVM_TIMING=1 -DVM_TRACE=0 -DVM_TRACE_FST=0 -DVM_TRACE_VCD=0 -DVM_TRACE_SAIF=0 -DVM_VPI=0 -faligned-new -fbracket-depth=4096 -fcf-protection=none -Xclang -fno-pch-timestamp -Qunused-arguments  -Wno-c++11-narrowing -Wno-constant-logical-operand -Wno-int-in-bool-context -Wno-non-pod-varargs -Wno-parentheses-equality -Wno-shadow -Wno-sign-compare  -Wno-tautological-compare -Wno-uninitialized -Wno-unnecessary-virtual-specifier -Wno-unused-but-set-parameter -Wno-unused-but-set-variable -Wno-unused-parameter -Wno-unused-variable -Wno-vla-cxx-extension    -DVL_TIME_CONTEXT   -std=gnu++20 -include-pch Vbridge_experiment_tb__pch.h.slow.gch -c Vbridge_experiment_tb___024root__Slow.cpp
g++   -I.  -MMD -I/Users/elliot/.local/opt/oss-cad-suite/share/verilator/include -I/Users/elliot/.local/opt/oss-cad-suite/share/verilator/include/vltstd -DVERILATOR=1 -DVM_COVERAGE=0 -DVM_SC=0 -DVM_TIMING=1 -DVM_TRACE=0 -DVM_TRACE_FST=0 -DVM_TRACE_VCD=0 -DVM_TRACE_SAIF=0 -DVM_VPI=0 -faligned-new -fbracket-depth=4096 -fcf-protection=none -Xclang -fno-pch-timestamp -Qunused-arguments  -Wno-c++11-narrowing -Wno-constant-logical-operand -Wno-int-in-bool-context -Wno-non-pod-varargs -Wno-parentheses-equality -Wno-shadow -Wno-sign-compare  -Wno-tautological-compare -Wno-uninitialized -Wno-unnecessary-virtual-specifier -Wno-unused-but-set-parameter -Wno-unused-but-set-variable -Wno-unused-parameter -Wno-unused-variable -Wno-vla-cxx-extension    -DVL_TIME_CONTEXT   -std=gnu++20 -include-pch Vbridge_experiment_tb__pch.h.slow.gch -c Vbridge_experiment_tb___024root__0__Slow.cpp
g++   -I.  -MMD -I/Users/elliot/.local/opt/oss-cad-suite/share/verilator/include -I/Users/elliot/.local/opt/oss-cad-suite/share/verilator/include/vltstd -DVERILATOR=1 -DVM_COVERAGE=0 -DVM_SC=0 -DVM_TIMING=1 -DVM_TRACE=0 -DVM_TRACE_FST=0 -DVM_TRACE_VCD=0 -DVM_TRACE_SAIF=0 -DVM_VPI=0 -faligned-new -fbracket-depth=4096 -fcf-protection=none -Xclang -fno-pch-timestamp -Qunused-arguments  -Wno-c++11-narrowing -Wno-constant-logical-operand -Wno-int-in-bool-context -Wno-non-pod-varargs -Wno-parentheses-equality -Wno-shadow -Wno-sign-compare  -Wno-tautological-compare -Wno-uninitialized -Wno-unnecessary-virtual-specifier -Wno-unused-but-set-parameter -Wno-unused-but-set-variable -Wno-unused-parameter -Wno-unused-variable -Wno-vla-cxx-extension    -DVL_TIME_CONTEXT   -std=gnu++20 -include-pch Vbridge_experiment_tb__pch.h.slow.gch -c Vbridge_experiment_tb__Syms__Slow.cpp
g++  -Wl,-U,__Z15vl_time_stamp64v,-U,__Z13sc_time_stampv,-U,_vlog_startup_routines   verilated.o verilated_timing.o verilated_threads.o Vbridge_experiment_tb__ALL.a    -pthread -lpthread   -o Vbridge_experiment_tb
rm Vbridge_experiment_tb__ALL.verilator_deplist.tmp
- V e r i l a t i o n   R e p o r t: Verilator 5.051 devel rev v5.050-155-g86fa00416 (mod)
- Verilator: Built from 1.523 MB sources in 21 modules, into 1.947 MB in 8 C++ files needing 0.007 MB
- Verilator: Walltime 10.035 s (elab=0.082, cvt=0.472, bld=9.381); cpu 0.693 s on 4 threads; allocated 38.996 MB
./impl/vlive_case6/Vbridge_experiment_tb
progress ticks 1000000 bridge 0 owner 1 frame 0 controls 0 records 0 latch 0 reason 0 scheduler 3 event 0 ready 1
progress ticks 2000000 bridge 0 owner 1 frame 2 controls 2 records 15 latch 0 reason 0 scheduler 3 event 0 ready 1
progress ticks 3000000 bridge 0 owner 1 frame 4 controls 4 records 29 latch 0 reason 0 scheduler 3 event 0 ready 1
progress ticks 4000000 bridge 0 owner 1 frame 6 controls 6 records 43 latch 0 reason 0 scheduler 3 event 0 ready 1
progress ticks 5000000 bridge 0 owner 0 frame 8 controls 8 records 57 latch 0 reason 0 scheduler 1 event 0 ready 1
PASS full UART case 6: controls 8, +100% 3, -100% 0, terminal 3; all modeled motors zero/off
- tb/bridge_experiment_tb.v:188: Verilog $finish
- S i m u l a t i o n   R e p o r t: Verilator 5.051 devel
- Verilator: $finish at 115ms; walltime 12.481 s; speed 9.196 ms/s
- Verilator: cpu 12.420 s on 1 threads; allocated 1 MB
