   Compiling sim-runtime v0.1.0 (/Users/elliot/physics-simulator/crates/sim-runtime)
warning: method `decision` is never used
  --> crates/sim-runtime/src/contact_planning/joint_steps.rs:44:12
   |
25 | impl ForceSlot {
   | -------------- method in this implementation
...
44 |     pub fn decision(&self, clock: usize, node: usize, axis: usize) -> JointContactDecision {
   |            ^^^^^^^^
   |
   = note: `#[warn(dead_code)]` (part of `#[warn(unused)]`) on by default

warning: `sim-runtime` (lib) generated 1 warning
    Finished `test` profile [optimized + debuginfo] target(s) in 11.21s
     Running unittests examples/characterize_hx_bridge.rs (target/debug/examples/characterize_hx_bridge-5073ea4fbfe20f64)

running 15 tests
test motion_tests::command_changes_only_position_time_and_speed ... ok
test motion_tests::bounded_plan_rejects_unsafe_progression ... ok
test motion_tests::pwm_pilot_is_bounded_and_progressive ... ok
test motion_tests::nine_servo_sync_packet_is_bounded_and_targeted ... ok
test motion_tests::feedback_gates_faults_temperature_voltage_and_travel ... ok
test paired_read_tests::paired_reads_preserve_order_fragmented_replies_and_queue_bound ... ok
test sweep_tests::sensor_fault_aborts_escalation_and_cleans_up_every_servo ... ok
test sweep_tests::captured_controller_commands_and_fault_cleanup_use_the_supervised_protocol ... ok
test sweep_tests::concurrent_only_keeps_all_nine_leases_and_verifies_cleanup ... ok
test sweep_tests::free_rotation_all_nine_accepts_encoder_boundary_and_verifies_stop ... ok
test device_capture_tests::full_uart_capture_and_corruption_both_verify_all_nine_stopped ... ok
test sweep_tests::late_settling_extends_zero_drive_observation_without_restarting_motion ... ok
test device_capture_tests::fast_three_motor_uart_capture_and_corruption_verify_scope_stopped ... FAILED
test sweep_tests::complete_individual_and_concurrent_protocol_and_checkpoint ... ok
test sweep_tests::all_nine_waveforms_keep_segment_order_and_distinguish_zero_from_torque_off ... ok

failures:

---- device_capture_tests::fast_three_motor_uart_capture_and_corruption_verify_scope_stopped stdout ----

thread 'device_capture_tests::fast_three_motor_uart_capture_and_corruption_verify_scope_stopped' (789715) panicked at crates/sim-runtime/examples/hx_device.rs.inc:594:13:
assertion `left == right` failed: {
  "completed": false,
  "failure": "Invalid bridge stream frame checksum",
  "frames": 0,
  "initial": {
    "10": {
      "current_a_uncalibrated": 0.0,
      "current_raw": 0,
      "load_raw": 0,
      "moving": 0,
      "position_rad": 3.077165460498596,
      "position_raw": 2006,
      "speed_rad_s": 0.0,
      "speed_raw": 0,
      "status": 0,
      "temperature_c": 40,
      "voltage_raw": 120,
      "voltage_v": 12.0
    },
    "11": {
      "current_a_uncalibrated": 0.0,
      "current_raw": 0,
      "load_raw": 0,
      "moving": 0,
      "position_rad": 3.078699441286482,
      "position_raw": 2007,
      "speed_rad_s": 0.0,
      "speed_raw": 0,
      "status": 0,
      "temperature_c": 40,
      "voltage_raw": 120,
      "voltage_v": 12.0
    },
    "12": {
      "current_a_uncalibrated": 0.0,
      "current_raw": 0,
      "load_raw": 0,
      "moving": 0,
      "position_rad": 3.0802334220743677,
      "position_raw": 2008,
      "speed_rad_s": 0.0,
      "speed_raw": 0,
      "status": 0,
      "temperature_c": 40,
      "voltage_raw": 120,
      "voltage_v": 12.0
    }
  },
  "physical_scope_ids": [
    10,
    11,
    12
  ],
  "recovery": {
    "10": {
      "final_state": {
        "Err": "foreign reply ID"
      },
      "stop_writes": {
        "Err": "foreign reply ID"
      }
    },
    "11": {
      "final_state": {
        "Err": "foreign reply ID"
      },
      "stop_writes": {
        "Err": "foreign reply ID"
      }
    },
    "12": {
      "final_state": {
        "Err": "foreign reply ID"
      },
      "stop_writes": {
        "Err": "foreign reply ID"
      }
    }
  },
  "stop": {
    "Ok": {
      "armed_mask": 0,
      "current_max_raw_uncalibrated": 2000,
      "fault_id": 254,
      "fresh_mask": 511,
      "latched": true,
      "reason": 10,
      "temperature_max_c": 60,
      "version": 1,
      "voltage_max_raw": 126,
      "voltage_min_raw": 90
    }
  },
  "stop_verified": false
}
  left: Bool(false)
 right: true
note: run with `RUST_BACKTRACE=1` environment variable to display a backtrace


failures:
    device_capture_tests::fast_three_motor_uart_capture_and_corruption_verify_scope_stopped

test result: FAILED. 14 passed; 1 failed; 0 ignored; 0 measured; 0 filtered out; finished in 27.02s

error: test failed, to rerun pass `-p sim-runtime --example characterize_hx_bridge`
