{
  "run_id": 305419896,
  "source_plan_blake3": "7a8e6e3c63ba9b5475d2e8fa9c120329f8b100eb5d4cad1050c0eb80097924eb",
  "capture_blake3": "0db4526155432f9b160b907249ac229606b0c9775eda327221bf19353397c4ec",
  "clock_hz": 50000000,
  "completion_scope": "Protocol coverage and stop-pair wire completion only. Mechanical stopping and model accuracy require separate evidence. Device-clock transaction windows are not internal sensor sample timestamps. Servo current is raw and uncalibrated.",
  "completed": false,
  "terminal_result": 3,
  "completed_frames": 8,
  "events": [
    {
      "kind": "Start",
      "run_id": 305419896,
      "frame": 0,
      "motor_id": 254,
      "outcome": 0,
      "sequence": 0,
      "request_ticks": 0,
      "completion_ticks": 0,
      "device_error": 0,
      "reported_width": 16,
      "data": [
        170,
        159,
        98,
        157,
        192,
        1,
        24,
        1,
        32,
        161,
        7,
        0,
        128,
        240,
        250,
        2
      ]
    },
    {
      "kind": "Telemetry",
      "run_id": 305419896,
      "frame": 0,
      "motor_id": 10,
      "outcome": 0,
      "sequence": 2,
      "request_ticks": 107,
      "completion_ticks": 64626,
      "device_error": 0,
      "reported_width": 15,
      "data": [
        214,
        7,
        0,
        0,
        0,
        0,
        120,
        40,
        0,
        0,
        0,
        0,
        0,
        0,
        0
      ]
    },
    {
      "kind": "Telemetry",
      "run_id": 305419896,
      "frame": 0,
      "motor_id": 11,
      "outcome": 0,
      "sequence": 2,
      "request_ticks": 65700,
      "completion_ticks": 130219,
      "device_error": 0,
      "reported_width": 15,
      "data": [
        215,
        7,
        0,
        0,
        0,
        0,
        120,
        40,
        0,
        0,
        0,
        0,
        0,
        0,
        0
      ]
    },
    {
      "kind": "Telemetry",
      "run_id": 305419896,
      "frame": 0,
      "motor_id": 12,
      "outcome": 0,
      "sequence": 2,
      "request_ticks": 131271,
      "completion_ticks": 195790,
      "device_error": 0,
      "reported_width": 15,
      "data": [
        216,
        7,
        0,
        0,
        0,
        0,
        120,
        40,
        0,
        0,
        0,
        0,
        0,
        0,
        0
      ]
    },
    {
      "kind": "Control",
      "run_id": 305419896,
      "frame": 0,
      "motor_id": 254,
      "outcome": 0,
      "sequence": 0,
      "request_ticks": 196842,
      "completion_ticks": 205593,
      "device_error": 0,
      "reported_width": 18,
      "data": [
        0,
        0,
        0,
        0,
        0,
        0,
        0,
        0,
        0,
        0,
        0,
        0,
        0,
        0,
        0,
        0,
        0,
        0
      ]
    },
    {
      "kind": "Audit",
      "run_id": 305419896,
      "frame": 0,
      "motor_id": 10,
      "outcome": 0,
      "sequence": 0,
      "request_ticks": 206599,
      "completion_ticks": 266607,
      "device_error": 0,
      "reported_width": 6,
      "data": [
        1,
        0,
        0,
        0,
        0,
        0
      ]
    },
    {
      "kind": "Audit",
      "run_id": 305419896,
      "frame": 0,
      "motor_id": 11,
      "outcome": 0,
      "sequence": 0,
      "request_ticks": 267652,
      "completion_ticks": 327660,
      "device_error": 0,
      "reported_width": 6,
      "data": [
        1,
        0,
        0,
        0,
        0,
        0
      ]
    },
    {
      "kind": "Audit",
      "run_id": 305419896,
      "frame": 0,
      "motor_id": 12,
      "outcome": 0,
      "sequence": 0,
      "request_ticks": 328705,
      "completion_ticks": 388713,
      "device_error": 0,
      "reported_width": 6,
      "data": [
        1,
        0,
        0,
        0,
        0,
        0
      ]
    },
    {
      "kind": "Telemetry",
      "run_id": 305419896,
      "frame": 1,
      "motor_id": 10,
      "outcome": 0,
      "sequence": 3,
      "request_ticks": 500018,
      "completion_ticks": 564537,
      "device_error": 0,
      "reported_width": 15,
      "data": [
        214,
        7,
        0,
        0,
        0,
        0,
        120,
        40,
        0,
        0,
        0,
        0,
        0,
        0,
        0
      ]
    },
    {
      "kind": "Telemetry",
      "run_id": 305419896,
      "frame": 1,
      "motor_id": 11,
      "outcome": 0,
      "sequence": 3,
      "request_ticks": 565589,
      "completion_ticks": 630108,
      "device_error": 0,
      "reported_width": 15,
      "data": [
        215,
        7,
        0,
        0,
        0,
        0,
        120,
        40,
        0,
        0,
        0,
        0,
        0,
        0,
        0
      ]
    },
    {
      "kind": "Telemetry",
      "run_id": 305419896,
      "frame": 1,
      "motor_id": 12,
      "outcome": 0,
      "sequence": 3,
      "request_ticks": 631160,
      "completion_ticks": 695679,
      "device_error": 0,
      "reported_width": 15,
      "data": [
        216,
        7,
        0,
        0,
        0,
        0,
        120,
        40,
        0,
        0,
        0,
        0,
        0,
        0,
        0
      ]
    },
    {
      "kind": "Control",
      "run_id": 305419896,
      "frame": 1,
      "motor_id": 254,
      "outcome": 0,
      "sequence": 0,
      "request_ticks": 696731,
      "completion_ticks": 705482,
      "device_error": 0,
      "reported_width": 18,
      "data": [
        0,
        0,
        0,
        0,
        0,
        0,
        0,
        0,
        0,
        0,
        0,
        0,
        0,
        1,
        0,
        1,
        0,
        1
      ]
    },
    {
      "kind": "Audit",
      "run_id": 305419896,
      "frame": 1,
      "motor_id": 10,
      "outcome": 0,
      "sequence": 0,
      "request_ticks": 706488,
      "completion_ticks": 766496,
      "device_error": 0,
      "reported_width": 6,
      "data": [
        1,
        0,
        0,
        0,
        0,
        1
      ]
    },
    {
      "kind": "Audit",
      "run_id": 305419896,
      "frame": 1,
      "motor_id": 11,
      "outcome": 0,
      "sequence": 0,
      "request_ticks": 767541,
      "completion_ticks": 827549,
      "device_error": 0,
      "reported_width": 6,
      "data": [
        1,
        0,
        0,
        0,
        0,
        1
      ]
    },
    {
      "kind": "Audit",
      "run_id": 305419896,
      "frame": 1,
      "motor_id": 12,
      "outcome": 0,
      "sequence": 0,
      "request_ticks": 828594,
      "completion_ticks": 888602,
      "device_error": 0,
      "reported_width": 6,
      "data": [
        1,
        0,
        0,
        0,
        0,
        1
      ]
    },
    {
      "kind": "Telemetry",
      "run_id": 305419896,
      "frame": 2,
      "motor_id": 10,
      "outcome": 0,
      "sequence": 4,
      "request_ticks": 1000018,
      "completion_ticks": 1064537,
      "device_error": 0,
      "reported_width": 15,
      "data": [
        214,
        7,
        0,
        0,
        0,
        0,
        120,
        40,
        0,
        0,
        0,
        0,
        0,
        0,
        0
      ]
    },
    {
      "kind": "Telemetry",
      "run_id": 305419896,
      "frame": 2,
      "motor_id": 11,
      "outcome": 0,
      "sequence": 4,
      "request_ticks": 1065611,
      "completion_ticks": 1130130,
      "device_error": 0,
      "reported_width": 15,
      "data": [
        215,
        7,
        0,
        0,
        0,
        0,
        120,
        40,
        0,
        0,
        0,
        0,
        0,
        0,
        0
      ]
    },
    {
      "kind": "Telemetry",
      "run_id": 305419896,
      "frame": 2,
      "motor_id": 12,
      "outcome": 0,
      "sequence": 4,
      "request_ticks": 1131182,
      "completion_ticks": 1195701,
      "device_error": 0,
      "reported_width": 15,
      "data": [
        216,
        7,
        0,
        0,
        0,
        0,
        120,
        40,
        0,
        0,
        0,
        0,
        0,
        0,
        0
      ]
    },
    {
      "kind": "Control",
      "run_id": 305419896,
      "frame": 2,
      "motor_id": 254,
      "outcome": 0,
      "sequence": 0,
      "request_ticks": 1196753,
      "completion_ticks": 1205504,
      "device_error": 0,
      "reported_width": 18,
      "data": [
        0,
        0,
        0,
        0,
        0,
        0,
        0,
        0,
        0,
        0,
        0,
        0,
        128,
        1,
        128,
        1,
        128,
        1
      ]
    },
    {
      "kind": "Audit",
      "run_id": 305419896,
      "frame": 2,
      "motor_id": 10,
      "outcome": 0,
      "sequence": 0,
      "request_ticks": 1206460,
      "completion_ticks": 1266468,
      "device_error": 0,
      "reported_width": 6,
      "data": [
        1,
        0,
        0,
        0,
        128,
        1
      ]
    },
    {
      "kind": "Audit",
      "run_id": 305419896,
      "frame": 2,
      "motor_id": 11,
      "outcome": 0,
      "sequence": 0,
      "request_ticks": 1267513,
      "completion_ticks": 1327521,
      "device_error": 0,
      "reported_width": 6,
      "data": [
        1,
        0,
        0,
        0,
        128,
        1
      ]
    },
    {
      "kind": "Audit",
      "run_id": 305419896,
      "frame": 2,
      "motor_id": 12,
      "outcome": 0,
      "sequence": 0,
      "request_ticks": 1328566,
      "completion_ticks": 1388574,
      "device_error": 0,
      "reported_width": 6,
      "data": [
        1,
        0,
        0,
        0,
        128,
        1
      ]
    },
    {
      "kind": "Telemetry",
      "run_id": 305419896,
      "frame": 3,
      "motor_id": 10,
      "outcome": 0,
      "sequence": 5,
      "request_ticks": 1500018,
      "completion_ticks": 1564537,
      "device_error": 0,
      "reported_width": 15,
      "data": [
        214,
        7,
        0,
        0,
        0,
        0,
        120,
        40,
        0,
        0,
        0,
        0,
        0,
        0,
        0
      ]
    },
    {
      "kind": "Telemetry",
      "run_id": 305419896,
      "frame": 3,
      "motor_id": 11,
      "outcome": 0,
      "sequence": 5,
      "request_ticks": 1565589,
      "completion_ticks": 1630108,
      "device_error": 0,
      "reported_width": 15,
      "data": [
        215,
        7,
        0,
        0,
        0,
        0,
        120,
        40,
        0,
        0,
        0,
        0,
        0,
        0,
        0
      ]
    },
    {
      "kind": "Telemetry",
      "run_id": 305419896,
      "frame": 3,
      "motor_id": 12,
      "outcome": 0,
      "sequence": 5,
      "request_ticks": 1631160,
      "completion_ticks": 1695679,
      "device_error": 0,
      "reported_width": 15,
      "data": [
        216,
        7,
        0,
        0,
        0,
        0,
        120,
        40,
        0,
        0,
        0,
        0,
        0,
        0,
        0
      ]
    },
    {
      "kind": "Control",
      "run_id": 305419896,
      "frame": 3,
      "motor_id": 254,
      "outcome": 0,
      "sequence": 0,
      "request_ticks": 1696731,
      "completion_ticks": 1705482,
      "device_error": 0,
      "reported_width": 18,
      "data": [
        0,
        0,
        0,
        0,
        0,
        0,
        0,
        0,
        0,
        0,
        0,
        0,
        0,
        2,
        0,
        2,
        0,
        2
      ]
    },
    {
      "kind": "Audit",
      "run_id": 305419896,
      "frame": 3,
      "motor_id": 10,
      "outcome": 0,
      "sequence": 0,
      "request_ticks": 1706488,
      "completion_ticks": 1766496,
      "device_error": 0,
      "reported_width": 6,
      "data": [
        1,
        0,
        0,
        0,
        0,
        2
      ]
    },
    {
      "kind": "Audit",
      "run_id": 305419896,
      "frame": 3,
      "motor_id": 11,
      "outcome": 0,
      "sequence": 0,
      "request_ticks": 1767541,
      "completion_ticks": 1827549,
      "device_error": 0,
      "reported_width": 6,
      "data": [
        1,
        0,
        0,
        0,
        0,
        2
      ]
    },
    {
      "kind": "Audit",
      "run_id": 305419896,
      "frame": 3,
      "motor_id": 12,
      "outcome": 0,
      "sequence": 0,
      "request_ticks": 1828594,
      "completion_ticks": 1888602,
      "device_error": 0,
      "reported_width": 6,
      "data": [
        1,
        0,
        0,
        0,
        0,
        2
      ]
    },
    {
      "kind": "Telemetry",
      "run_id": 305419896,
      "frame": 4,
      "motor_id": 10,
      "outcome": 0,
      "sequence": 6,
      "request_ticks": 2000018,
      "completion_ticks": 2064537,
      "device_error": 0,
      "reported_width": 15,
      "data": [
        214,
        7,
        0,
        0,
        0,
        0,
        120,
        40,
        0,
        0,
        0,
        0,
        0,
        0,
        0
      ]
    },
    {
      "kind": "Telemetry",
      "run_id": 305419896,
      "frame": 4,
      "motor_id": 11,
      "outcome": 0,
      "sequence": 6,
      "request_ticks": 2065611,
      "completion_ticks": 2130130,
      "device_error": 0,
      "reported_width": 15,
      "data": [
        215,
        7,
        0,
        0,
        0,
        0,
        120,
        40,
        0,
        0,
        0,
        0,
        0,
        0,
        0
      ]
    },
    {
      "kind": "Telemetry",
      "run_id": 305419896,
      "frame": 4,
      "motor_id": 12,
      "outcome": 0,
      "sequence": 6,
      "request_ticks": 2131182,
      "completion_ticks": 2195701,
      "device_error": 0,
      "reported_width": 15,
      "data": [
        216,
        7,
        0,
        0,
        0,
        0,
        120,
        40,
        0,
        0,
        0,
        0,
        0,
        0,
        0
      ]
    },
    {
      "kind": "Control",
      "run_id": 305419896,
      "frame": 4,
      "motor_id": 254,
      "outcome": 0,
      "sequence": 0,
      "request_ticks": 2196753,
      "completion_ticks": 2205504,
      "device_error": 0,
      "reported_width": 18,
      "data": [
        0,
        0,
        0,
        0,
        0,
        0,
        0,
        0,
        0,
        0,
        0,
        0,
        128,
        2,
        128,
        2,
        128,
        2
      ]
    },
    {
      "kind": "Audit",
      "run_id": 305419896,
      "frame": 4,
      "motor_id": 10,
      "outcome": 0,
      "sequence": 0,
      "request_ticks": 2206460,
      "completion_ticks": 2266468,
      "device_error": 0,
      "reported_width": 6,
      "data": [
        1,
        0,
        0,
        0,
        128,
        2
      ]
    },
    {
      "kind": "Audit",
      "run_id": 305419896,
      "frame": 4,
      "motor_id": 11,
      "outcome": 0,
      "sequence": 0,
      "request_ticks": 2267513,
      "completion_ticks": 2327521,
      "device_error": 0,
      "reported_width": 6,
      "data": [
        1,
        0,
        0,
        0,
        128,
        2
      ]
    },
    {
      "kind": "Audit",
      "run_id": 305419896,
      "frame": 4,
      "motor_id": 12,
      "outcome": 0,
      "sequence": 0,
      "request_ticks": 2328566,
      "completion_ticks": 2388574,
      "device_error": 0,
      "reported_width": 6,
      "data": [
        1,
        0,
        0,
        0,
        128,
        2
      ]
    },
    {
      "kind": "Telemetry",
      "run_id": 305419896,
      "frame": 5,
      "motor_id": 10,
      "outcome": 0,
      "sequence": 7,
      "request_ticks": 2500018,
      "completion_ticks": 2564537,
      "device_error": 0,
      "reported_width": 15,
      "data": [
        214,
        7,
        0,
        0,
        0,
        0,
        120,
        40,
        0,
        0,
        0,
        0,
        0,
        0,
        0
      ]
    },
    {
      "kind": "Telemetry",
      "run_id": 305419896,
      "frame": 5,
      "motor_id": 11,
      "outcome": 0,
      "sequence": 7,
      "request_ticks": 2565589,
      "completion_ticks": 2630108,
      "device_error": 0,
      "reported_width": 15,
      "data": [
        215,
        7,
        0,
        0,
        0,
        0,
        120,
        40,
        0,
        0,
        0,
        0,
        0,
        0,
        0
      ]
    },
    {
      "kind": "Telemetry",
      "run_id": 305419896,
      "frame": 5,
      "motor_id": 12,
      "outcome": 0,
      "sequence": 7,
      "request_ticks": 2631160,
      "completion_ticks": 2695679,
      "device_error": 0,
      "reported_width": 15,
      "data": [
        216,
        7,
        0,
        0,
        0,
        0,
        120,
        40,
        0,
        0,
        0,
        0,
        0,
        0,
        0
      ]
    },
    {
      "kind": "Control",
      "run_id": 305419896,
      "frame": 5,
      "motor_id": 254,
      "outcome": 0,
      "sequence": 0,
      "request_ticks": 2696731,
      "completion_ticks": 2705482,
      "device_error": 0,
      "reported_width": 18,
      "data": [
        0,
        0,
        0,
        0,
        0,
        0,
        0,
        0,
        0,
        0,
        0,
        0,
        0,
        3,
        0,
        3,
        0,
        3
      ]
    },
    {
      "kind": "Audit",
      "run_id": 305419896,
      "frame": 5,
      "motor_id": 10,
      "outcome": 0,
      "sequence": 0,
      "request_ticks": 2706488,
      "completion_ticks": 2766496,
      "device_error": 0,
      "reported_width": 6,
      "data": [
        1,
        0,
        0,
        0,
        0,
        3
      ]
    },
    {
      "kind": "Audit",
      "run_id": 305419896,
      "frame": 5,
      "motor_id": 11,
      "outcome": 0,
      "sequence": 0,
      "request_ticks": 2767541,
      "completion_ticks": 2827549,
      "device_error": 0,
      "reported_width": 6,
      "data": [
        1,
        0,
        0,
        0,
        0,
        3
      ]
    },
    {
      "kind": "Audit",
      "run_id": 305419896,
      "frame": 5,
      "motor_id": 12,
      "outcome": 0,
      "sequence": 0,
      "request_ticks": 2828594,
      "completion_ticks": 2888602,
      "device_error": 0,
      "reported_width": 6,
      "data": [
        1,
        0,
        0,
        0,
        0,
        3
      ]
    },
    {
      "kind": "Telemetry",
      "run_id": 305419896,
      "frame": 6,
      "motor_id": 10,
      "outcome": 0,
      "sequence": 8,
      "request_ticks": 3000018,
      "completion_ticks": 3064537,
      "device_error": 0,
      "reported_width": 15,
      "data": [
        214,
        7,
        0,
        0,
        0,
        0,
        120,
        40,
        0,
        0,
        0,
        0,
        0,
        0,
        0
      ]
    },
    {
      "kind": "Telemetry",
      "run_id": 305419896,
      "frame": 6,
      "motor_id": 11,
      "outcome": 0,
      "sequence": 8,
      "request_ticks": 3065611,
      "completion_ticks": 3130130,
      "device_error": 0,
      "reported_width": 15,
      "data": [
        215,
        7,
        0,
        0,
        0,
        0,
        120,
        40,
        0,
        0,
        0,
        0,
        0,
        0,
        0
      ]
    },
    {
      "kind": "Telemetry",
      "run_id": 305419896,
      "frame": 6,
      "motor_id": 12,
      "outcome": 0,
      "sequence": 8,
      "request_ticks": 3131182,
      "completion_ticks": 3195701,
      "device_error": 0,
      "reported_width": 15,
      "data": [
        216,
        7,
        0,
        0,
        0,
        0,
        120,
        40,
        0,
        0,
        0,
        0,
        0,
        0,
        0
      ]
    },
    {
      "kind": "Control",
      "run_id": 305419896,
      "frame": 6,
      "motor_id": 254,
      "outcome": 0,
      "sequence": 0,
      "request_ticks": 3196753,
      "completion_ticks": 3205504,
      "device_error": 0,
      "reported_width": 18,
      "data": [
        0,
        0,
        0,
        0,
        0,
        0,
        0,
        0,
        0,
        0,
        0,
        0,
        128,
        3,
        128,
        3,
        128,
        3
      ]
    },
    {
      "kind": "Audit",
      "run_id": 305419896,
      "frame": 6,
      "motor_id": 10,
      "outcome": 0,
      "sequence": 0,
      "request_ticks": 3206460,
      "completion_ticks": 3266468,
      "device_error": 0,
      "reported_width": 6,
      "data": [
        1,
        0,
        0,
        0,
        128,
        3
      ]
    },
    {
      "kind": "Audit",
      "run_id": 305419896,
      "frame": 6,
      "motor_id": 11,
      "outcome": 0,
      "sequence": 0,
      "request_ticks": 3267513,
      "completion_ticks": 3327521,
      "device_error": 0,
      "reported_width": 6,
      "data": [
        1,
        0,
        0,
        0,
        128,
        3
      ]
    },
    {
      "kind": "Audit",
      "run_id": 305419896,
      "frame": 6,
      "motor_id": 12,
      "outcome": 0,
      "sequence": 0,
      "request_ticks": 3328566,
      "completion_ticks": 3388574,
      "device_error": 0,
      "reported_width": 6,
      "data": [
        1,
        0,
        0,
        0,
        128,
        3
      ]
    },
    {
      "kind": "Telemetry",
      "run_id": 305419896,
      "frame": 7,
      "motor_id": 10,
      "outcome": 0,
      "sequence": 9,
      "request_ticks": 3500018,
      "completion_ticks": 3564537,
      "device_error": 0,
      "reported_width": 15,
      "data": [
        214,
        7,
        0,
        0,
        0,
        0,
        120,
        40,
        0,
        0,
        0,
        0,
        0,
        0,
        0
      ]
    },
    {
      "kind": "Telemetry",
      "run_id": 305419896,
      "frame": 7,
      "motor_id": 11,
      "outcome": 0,
      "sequence": 9,
      "request_ticks": 3565589,
      "completion_ticks": 3630108,
      "device_error": 0,
      "reported_width": 15,
      "data": [
        215,
        7,
        0,
        0,
        0,
        0,
        120,
        40,
        0,
        0,
        0,
        0,
        0,
        0,
        0
      ]
    },
    {
      "kind": "Telemetry",
      "run_id": 305419896,
      "frame": 7,
      "motor_id": 12,
      "outcome": 0,
      "sequence": 9,
      "request_ticks": 3631160,
      "completion_ticks": 3695679,
      "device_error": 0,
      "reported_width": 15,
      "data": [
        216,
        7,
        0,
        0,
        0,
        0,
        120,
        40,
        0,
        0,
        0,
        0,
        0,
        0,
        0
      ]
    },
    {
      "kind": "Control",
      "run_id": 305419896,
      "frame": 7,
      "motor_id": 254,
      "outcome": 0,
      "sequence": 0,
      "request_ticks": 3696731,
      "completion_ticks": 3705482,
      "device_error": 0,
      "reported_width": 18,
      "data": [
        0,
        0,
        0,
        0,
        0,
        0,
        0,
        0,
        0,
        0,
        0,
        0,
        232,
        3,
        232,
        3,
        232,
        3
      ]
    },
    {
      "kind": "Audit",
      "run_id": 305419896,
      "frame": 7,
      "motor_id": 10,
      "outcome": 0,
      "sequence": 0,
      "request_ticks": 3706488,
      "completion_ticks": 3766496,
      "device_error": 0,
      "reported_width": 6,
      "data": [
        1,
        0,
        0,
        0,
        232,
        3
      ]
    },
    {
      "kind": "Audit",
      "run_id": 305419896,
      "frame": 7,
      "motor_id": 11,
      "outcome": 0,
      "sequence": 0,
      "request_ticks": 3767541,
      "completion_ticks": 3827549,
      "device_error": 0,
      "reported_width": 6,
      "data": [
        1,
        0,
        0,
        0,
        232,
        3
      ]
    },
    {
      "kind": "Audit",
      "run_id": 305419896,
      "frame": 7,
      "motor_id": 12,
      "outcome": 0,
      "sequence": 0,
      "request_ticks": 3828594,
      "completion_ticks": 3888602,
      "device_error": 0,
      "reported_width": 6,
      "data": [
        1,
        0,
        0,
        0,
        232,
        3
      ]
    },
    {
      "kind": "Terminal",
      "run_id": 305419896,
      "frame": 8,
      "motor_id": 254,
      "outcome": 3,
      "sequence": 0,
      "request_ticks": 0,
      "completion_ticks": 4608037,
      "device_error": 0,
      "reported_width": 27,
      "data": [
        32,
        170,
        68,
        0,
        0,
        0,
        0,
        0,
        37,
        80,
        70,
        0,
        0,
        0,
        0,
        0,
        0,
        0,
        0,
        0,
        0,
        0,
        0,
        0,
        0,
        0,
        0
      ]
    }
  ]
}
