progress ticks 1000000 bridge 0 owner 1 frame 0 controls 0 records 0 latch 0 reason 0 scheduler 3 event 0 ready 1
progress ticks 2000000 bridge 0 owner 1 frame 2 controls 2 records 15 latch 0 reason 0 scheduler 3 event 0 ready 1
progress ticks 3000000 bridge 0 owner 1 frame 4 controls 4 records 29 latch 0 reason 0 scheduler 3 event 0 ready 1
progress ticks 4000000 bridge 0 owner 1 frame 6 controls 6 records 43 latch 0 reason 0 scheduler 3 event 0 ready 1
progress ticks 5000000 bridge 0 owner 1 frame 8 controls 8 records 57 latch 0 reason 0 scheduler 3 event 0 ready 1
progress ticks 6000000 bridge 0 owner 1 frame 10 controls 10 records 71 latch 0 reason 0 scheduler 3 event 0 ready 1
progress ticks 7000000 bridge 0 owner 1 frame 12 controls 12 records 85 latch 0 reason 0 scheduler 3 event 0 ready 1
progress ticks 8000000 bridge 0 owner 1 frame 14 controls 14 records 99 latch 0 reason 0 scheduler 3 event 0 ready 1
progress ticks 9000000 bridge 0 owner 1 frame 16 controls 16 records 113 latch 0 reason 0 scheduler 3 event 0 ready 1
progress ticks 10000000 bridge 0 owner 1 frame 18 controls 18 records 127 latch 0 reason 0 scheduler 3 event 0 ready 1
progress ticks 11000000 bridge 0 owner 1 frame 20 controls 20 records 141 latch 0 reason 0 scheduler 3 event 0 ready 1
progress ticks 12000000 bridge 0 owner 1 frame 22 controls 22 records 155 latch 0 reason 0 scheduler 3 event 0 ready 1
progress ticks 13000000 bridge 0 owner 1 frame 24 controls 24 records 169 latch 0 reason 0 scheduler 3 event 0 ready 1
progress ticks 14000000 bridge 0 owner 1 frame 26 controls 26 records 183 latch 0 reason 0 scheduler 3 event 0 ready 1
progress ticks 15000000 bridge 0 owner 1 frame 28 controls 28 records 197 latch 0 reason 0 scheduler 3 event 0 ready 1
progress ticks 16000000 bridge 0 owner 1 frame 30 controls 30 records 211 latch 0 reason 0 scheduler 3 event 0 ready 1
progress ticks 17000000 bridge 0 owner 1 frame 32 controls 32 records 225 latch 0 reason 0 scheduler 3 event 0 ready 1
progress ticks 18000000 bridge 0 owner 1 frame 34 controls 34 records 239 latch 0 reason 0 scheduler 3 event 0 ready 1
progress ticks 19000000 bridge 0 owner 1 frame 36 controls 36 records 253 latch 0 reason 0 scheduler 3 event 0 ready 1
progress ticks 20000000 bridge 0 owner 1 frame 38 controls 38 records 267 latch 0 reason 0 scheduler 3 event 0 ready 1
progress ticks 21000000 bridge 0 owner 1 frame 40 controls 40 records 281 latch 0 reason 0 scheduler 3 event 0 ready 1
progress ticks 22000000 bridge 0 owner 1 frame 42 controls 42 records 295 latch 0 reason 0 scheduler 3 event 0 ready 1
progress ticks 23000000 bridge 0 owner 1 frame 44 controls 44 records 309 latch 0 reason 0 scheduler 3 event 0 ready 1
progress ticks 24000000 bridge 0 owner 1 frame 46 controls 46 records 323 latch 0 reason 0 scheduler 3 event 0 ready 1
progress ticks 25000000 bridge 0 owner 1 frame 48 controls 48 records 337 latch 0 reason 0 scheduler 3 event 0 ready 1
progress ticks 26000000 bridge 0 owner 1 frame 50 controls 50 records 351 latch 0 reason 0 scheduler 3 event 0 ready 1
progress ticks 27000000 bridge 0 owner 1 frame 52 controls 52 records 365 latch 0 reason 0 scheduler 3 event 0 ready 1
progress ticks 28000000 bridge 0 owner 1 frame 54 controls 54 records 379 latch 0 reason 0 scheduler 3 event 0 ready 1
progress ticks 29000000 bridge 0 owner 1 frame 56 controls 56 records 393 latch 0 reason 0 scheduler 3 event 0 ready 1
progress ticks 30000000 bridge 0 owner 1 frame 58 controls 58 records 407 latch 0 reason 0 scheduler 3 event 0 ready 1
progress ticks 31000000 bridge 0 owner 1 frame 60 controls 60 records 421 latch 0 reason 0 scheduler 3 event 0 ready 1
progress ticks 32000000 bridge 0 owner 1 frame 62 controls 62 records 435 latch 0 reason 0 scheduler 3 event 0 ready 1
progress ticks 33000000 bridge 0 owner 1 frame 64 controls 64 records 449 latch 0 reason 0 scheduler 3 event 0 ready 1
progress ticks 34000000 bridge 0 owner 1 frame 66 controls 66 records 463 latch 0 reason 0 scheduler 3 event 0 ready 1
progress ticks 35000000 bridge 0 owner 1 frame 68 controls 68 records 477 latch 0 reason 0 scheduler 3 event 0 ready 1
progress ticks 36000000 bridge 0 owner 1 frame 70 controls 70 records 491 latch 0 reason 0 scheduler 3 event 0 ready 1
progress ticks 37000000 bridge 0 owner 1 frame 72 controls 72 records 505 latch 0 reason 0 scheduler 3 event 0 ready 1
progress ticks 38000000 bridge 0 owner 1 frame 74 controls 74 records 519 latch 0 reason 0 scheduler 3 event 0 ready 1
progress ticks 39000000 bridge 0 owner 1 frame 76 controls 76 records 533 latch 0 reason 0 scheduler 3 event 0 ready 1
progress ticks 40000000 bridge 0 owner 1 frame 78 controls 78 records 547 latch 0 reason 0 scheduler 3 event 0 ready 1
progress ticks 41000000 bridge 0 owner 1 frame 80 controls 80 records 561 latch 0 reason 0 scheduler 3 event 0 ready 1
progress ticks 42000000 bridge 0 owner 1 frame 82 controls 82 records 575 latch 0 reason 0 scheduler 3 event 0 ready 1
progress ticks 43000000 bridge 0 owner 1 frame 84 controls 84 records 589 latch 0 reason 0 scheduler 3 event 0 ready 1
progress ticks 44000000 bridge 0 owner 1 frame 86 controls 86 records 603 latch 0 reason 0 scheduler 3 event 0 ready 1
progress ticks 45000000 bridge 0 owner 1 frame 88 controls 88 records 617 latch 0 reason 0 scheduler 3 event 0 ready 1
progress ticks 46000000 bridge 0 owner 1 frame 90 controls 90 records 631 latch 0 reason 0 scheduler 3 event 0 ready 1
progress ticks 47000000 bridge 0 owner 1 frame 92 controls 92 records 645 latch 0 reason 0 scheduler 3 event 0 ready 1
progress ticks 48000000 bridge 0 owner 1 frame 94 controls 94 records 659 latch 0 reason 0 scheduler 3 event 0 ready 1
progress ticks 49000000 bridge 0 owner 1 frame 96 controls 96 records 673 latch 0 reason 0 scheduler 3 event 0 ready 1
progress ticks 50000000 bridge 0 owner 1 frame 98 controls 98 records 687 latch 0 reason 0 scheduler 3 event 0 ready 1
progress ticks 51000000 bridge 0 owner 1 frame 100 controls 100 records 701 latch 0 reason 0 scheduler 3 event 0 ready 1
progress ticks 52000000 bridge 0 owner 1 frame 102 controls 102 records 715 latch 0 reason 0 scheduler 3 event 0 ready 1
progress ticks 53000000 bridge 0 owner 1 frame 104 controls 104 records 729 latch 0 reason 0 scheduler 3 event 0 ready 1
progress ticks 54000000 bridge 0 owner 1 frame 106 controls 106 records 743 latch 0 reason 0 scheduler 3 event 0 ready 1
progress ticks 55000000 bridge 0 owner 1 frame 108 controls 108 records 757 latch 0 reason 0 scheduler 3 event 0 ready 1
progress ticks 56000000 bridge 0 owner 1 frame 110 controls 110 records 771 latch 0 reason 0 scheduler 3 event 0 ready 1
progress ticks 57000000 bridge 0 owner 1 frame 112 controls 112 records 785 latch 0 reason 0 scheduler 3 event 0 ready 1
progress ticks 58000000 bridge 0 owner 1 frame 114 controls 114 records 799 latch 0 reason 0 scheduler 3 event 0 ready 1
progress ticks 59000000 bridge 0 owner 1 frame 116 controls 116 records 813 latch 0 reason 0 scheduler 3 event 0 ready 1
progress ticks 60000000 bridge 0 owner 1 frame 118 controls 118 records 827 latch 0 reason 0 scheduler 3 event 0 ready 1
progress ticks 61000000 bridge 0 owner 1 frame 120 controls 120 records 841 latch 0 reason 0 scheduler 3 event 0 ready 1
progress ticks 62000000 bridge 0 owner 1 frame 122 controls 122 records 855 latch 0 reason 0 scheduler 3 event 0 ready 1
progress ticks 63000000 bridge 0 owner 1 frame 124 controls 124 records 869 latch 0 reason 0 scheduler 3 event 0 ready 1
progress ticks 64000000 bridge 0 owner 1 frame 126 controls 126 records 883 latch 0 reason 0 scheduler 3 event 0 ready 1
progress ticks 65000000 bridge 0 owner 1 frame 128 controls 128 records 897 latch 0 reason 0 scheduler 3 event 0 ready 1
progress ticks 66000000 bridge 0 owner 1 frame 130 controls 130 records 911 latch 0 reason 0 scheduler 3 event 0 ready 1
progress ticks 67000000 bridge 0 owner 1 frame 132 controls 132 records 925 latch 0 reason 0 scheduler 3 event 0 ready 1
progress ticks 68000000 bridge 0 owner 1 frame 134 controls 134 records 939 latch 0 reason 0 scheduler 3 event 0 ready 1
progress ticks 69000000 bridge 0 owner 1 frame 136 controls 136 records 953 latch 0 reason 0 scheduler 3 event 0 ready 1
progress ticks 70000000 bridge 0 owner 1 frame 138 controls 138 records 967 latch 0 reason 0 scheduler 3 event 0 ready 1
progress ticks 71000000 bridge 0 owner 1 frame 140 controls 140 records 981 latch 0 reason 0 scheduler 3 event 0 ready 1
progress ticks 72000000 bridge 0 owner 1 frame 142 controls 142 records 995 latch 0 reason 0 scheduler 3 event 0 ready 1
progress ticks 73000000 bridge 0 owner 1 frame 144 controls 144 records 1009 latch 0 reason 0 scheduler 3 event 0 ready 1
progress ticks 74000000 bridge 0 owner 1 frame 146 controls 146 records 1023 latch 0 reason 0 scheduler 3 event 0 ready 1
progress ticks 75000000 bridge 0 owner 1 frame 148 controls 148 records 1037 latch 0 reason 0 scheduler 3 event 0 ready 1
progress ticks 76000000 bridge 0 owner 1 frame 150 controls 150 records 1051 latch 0 reason 0 scheduler 3 event 0 ready 1
progress ticks 77000000 bridge 0 owner 1 frame 152 controls 152 records 1065 latch 0 reason 0 scheduler 3 event 0 ready 1
progress ticks 78000000 bridge 0 owner 1 frame 154 controls 154 records 1079 latch 0 reason 0 scheduler 3 event 0 ready 1
progress ticks 79000000 bridge 0 owner 1 frame 156 controls 156 records 1093 latch 0 reason 0 scheduler 3 event 0 ready 1
progress ticks 80000000 bridge 0 owner 1 frame 158 controls 158 records 1107 latch 0 reason 0 scheduler 3 event 0 ready 1
progress ticks 81000000 bridge 0 owner 1 frame 160 controls 160 records 1121 latch 0 reason 0 scheduler 3 event 0 ready 1
progress ticks 82000000 bridge 0 owner 1 frame 162 controls 162 records 1135 latch 0 reason 0 scheduler 3 event 0 ready 1
progress ticks 83000000 bridge 0 owner 1 frame 164 controls 164 records 1149 latch 0 reason 0 scheduler 3 event 0 ready 1
progress ticks 84000000 bridge 0 owner 1 frame 166 controls 166 records 1163 latch 0 reason 0 scheduler 3 event 0 ready 1
progress ticks 85000000 bridge 0 owner 1 frame 168 controls 168 records 1177 latch 0 reason 0 scheduler 3 event 0 ready 1
progress ticks 86000000 bridge 0 owner 1 frame 170 controls 170 records 1191 latch 0 reason 0 scheduler 3 event 0 ready 1
progress ticks 87000000 bridge 0 owner 1 frame 172 controls 172 records 1205 latch 0 reason 0 scheduler 3 event 0 ready 1
progress ticks 88000000 bridge 0 owner 1 frame 174 controls 174 records 1219 latch 0 reason 0 scheduler 3 event 0 ready 1
progress ticks 89000000 bridge 0 owner 1 frame 176 controls 176 records 1233 latch 0 reason 0 scheduler 3 event 0 ready 1
progress ticks 90000000 bridge 0 owner 1 frame 178 controls 178 records 1247 latch 0 reason 0 scheduler 3 event 0 ready 1
progress ticks 91000000 bridge 0 owner 1 frame 180 controls 180 records 1261 latch 0 reason 0 scheduler 3 event 0 ready 1
progress ticks 92000000 bridge 0 owner 1 frame 182 controls 182 records 1275 latch 0 reason 0 scheduler 3 event 0 ready 1
progress ticks 93000000 bridge 0 owner 1 frame 184 controls 184 records 1289 latch 0 reason 0 scheduler 3 event 0 ready 1
progress ticks 94000000 bridge 0 owner 1 frame 186 controls 186 records 1303 latch 0 reason 0 scheduler 3 event 0 ready 1
progress ticks 95000000 bridge 0 owner 1 frame 188 controls 188 records 1317 latch 0 reason 0 scheduler 3 event 0 ready 1
progress ticks 96000000 bridge 0 owner 1 frame 190 controls 190 records 1331 latch 0 reason 0 scheduler 3 event 0 ready 1
progress ticks 97000000 bridge 0 owner 1 frame 192 controls 192 records 1345 latch 0 reason 0 scheduler 3 event 0 ready 1
progress ticks 98000000 bridge 0 owner 1 frame 194 controls 194 records 1359 latch 0 reason 0 scheduler 3 event 0 ready 1
progress ticks 99000000 bridge 0 owner 1 frame 196 controls 196 records 1373 latch 0 reason 0 scheduler 3 event 0 ready 1
progress ticks 100000000 bridge 0 owner 1 frame 198 controls 198 records 1387 latch 0 reason 0 scheduler 3 event 0 ready 1
progress ticks 101000000 bridge 0 owner 1 frame 200 controls 200 records 1401 latch 0 reason 0 scheduler 3 event 0 ready 1
progress ticks 102000000 bridge 0 owner 1 frame 202 controls 202 records 1415 latch 0 reason 0 scheduler 3 event 0 ready 1
progress ticks 103000000 bridge 0 owner 1 frame 204 controls 204 records 1429 latch 0 reason 0 scheduler 3 event 0 ready 1
progress ticks 104000000 bridge 0 owner 1 frame 206 controls 206 records 1443 latch 0 reason 0 scheduler 3 event 0 ready 1
progress ticks 105000000 bridge 0 owner 1 frame 208 controls 208 records 1457 latch 0 reason 0 scheduler 3 event 0 ready 1
progress ticks 106000000 bridge 0 owner 1 frame 210 controls 210 records 1471 latch 0 reason 0 scheduler 3 event 0 ready 1
progress ticks 107000000 bridge 0 owner 1 frame 212 controls 212 records 1485 latch 0 reason 0 scheduler 3 event 0 ready 1
progress ticks 108000000 bridge 0 owner 1 frame 214 controls 214 records 1499 latch 0 reason 0 scheduler 3 event 0 ready 1
progress ticks 109000000 bridge 0 owner 1 frame 216 controls 216 records 1513 latch 0 reason 0 scheduler 3 event 0 ready 1
progress ticks 110000000 bridge 0 owner 1 frame 218 controls 218 records 1527 latch 0 reason 0 scheduler 3 event 0 ready 1
progress ticks 111000000 bridge 0 owner 1 frame 220 controls 220 records 1541 latch 0 reason 0 scheduler 3 event 0 ready 1
progress ticks 112000000 bridge 0 owner 1 frame 222 controls 222 records 1555 latch 0 reason 0 scheduler 3 event 0 ready 1
progress ticks 113000000 bridge 0 owner 1 frame 224 controls 224 records 1569 latch 0 reason 0 scheduler 3 event 0 ready 1
progress ticks 114000000 bridge 0 owner 1 frame 226 controls 226 records 1583 latch 0 reason 0 scheduler 3 event 0 ready 1
progress ticks 115000000 bridge 0 owner 1 frame 228 controls 228 records 1597 latch 0 reason 0 scheduler 3 event 0 ready 1
progress ticks 116000000 bridge 0 owner 1 frame 230 controls 230 records 1611 latch 0 reason 0 scheduler 3 event 0 ready 1
progress ticks 117000000 bridge 0 owner 1 frame 232 controls 232 records 1625 latch 0 reason 0 scheduler 3 event 0 ready 1
progress ticks 118000000 bridge 0 owner 1 frame 234 controls 234 records 1639 latch 0 reason 0 scheduler 3 event 0 ready 1
progress ticks 119000000 bridge 0 owner 1 frame 236 controls 236 records 1653 latch 0 reason 0 scheduler 3 event 0 ready 1
progress ticks 120000000 bridge 0 owner 1 frame 238 controls 238 records 1667 latch 0 reason 0 scheduler 3 event 0 ready 1
progress ticks 121000000 bridge 0 owner 1 frame 240 controls 240 records 1681 latch 0 reason 0 scheduler 3 event 0 ready 1
progress ticks 122000000 bridge 0 owner 1 frame 242 controls 242 records 1695 latch 0 reason 0 scheduler 3 event 0 ready 1
progress ticks 123000000 bridge 0 owner 1 frame 244 controls 244 records 1709 latch 0 reason 0 scheduler 3 event 0 ready 1
progress ticks 124000000 bridge 0 owner 1 frame 246 controls 246 records 1723 latch 0 reason 0 scheduler 3 event 0 ready 1
progress ticks 125000000 bridge 0 owner 1 frame 248 controls 248 records 1737 latch 0 reason 0 scheduler 3 event 0 ready 1
progress ticks 126000000 bridge 0 owner 1 frame 250 controls 250 records 1751 latch 0 reason 0 scheduler 3 event 0 ready 1
progress ticks 127000000 bridge 0 owner 1 frame 252 controls 252 records 1765 latch 0 reason 0 scheduler 3 event 0 ready 1
progress ticks 128000000 bridge 0 owner 1 frame 254 controls 254 records 1779 latch 0 reason 0 scheduler 3 event 0 ready 1
progress ticks 129000000 bridge 0 owner 1 frame 256 controls 256 records 1793 latch 0 reason 0 scheduler 3 event 0 ready 1
progress ticks 130000000 bridge 0 owner 1 frame 258 controls 258 records 1807 latch 0 reason 0 scheduler 3 event 0 ready 1
progress ticks 131000000 bridge 0 owner 1 frame 260 controls 260 records 1821 latch 0 reason 0 scheduler 3 event 0 ready 1
progress ticks 132000000 bridge 0 owner 1 frame 262 controls 262 records 1835 latch 0 reason 0 scheduler 3 event 0 ready 1
progress ticks 133000000 bridge 0 owner 1 frame 264 controls 264 records 1849 latch 0 reason 0 scheduler 3 event 0 ready 1
progress ticks 134000000 bridge 0 owner 1 frame 266 controls 266 records 1863 latch 0 reason 0 scheduler 3 event 0 ready 1
progress ticks 135000000 bridge 0 owner 1 frame 268 controls 268 records 1877 latch 0 reason 0 scheduler 3 event 0 ready 1
progress ticks 136000000 bridge 0 owner 1 frame 270 controls 270 records 1891 latch 0 reason 0 scheduler 3 event 0 ready 1
progress ticks 137000000 bridge 0 owner 1 frame 272 controls 272 records 1905 latch 0 reason 0 scheduler 3 event 0 ready 1
progress ticks 138000000 bridge 0 owner 1 frame 274 controls 274 records 1919 latch 0 reason 0 scheduler 3 event 0 ready 1
progress ticks 139000000 bridge 0 owner 1 frame 276 controls 276 records 1933 latch 0 reason 0 scheduler 3 event 0 ready 1
progress ticks 140000000 bridge 0 owner 1 frame 278 controls 278 records 1947 latch 0 reason 0 scheduler 3 event 0 ready 1
progress ticks 141000000 bridge 0 owner 0 frame 279 controls 280 records 1961 latch 1 reason 10 scheduler 7 event 0 ready 1
PASS full UART case 0: controls 280, +100% 54, -100% 51, terminal 0; all modeled motors zero/off
- tb/bridge_experiment_tb.v:188: Verilog $finish
- S i m u l a t i o n   R e p o r t: Verilator 5.051 devel
- Verilator: $finish at 3s; walltime 288.198 s; speed 9.801 ms/s
- Verilator: cpu 285.378 s on 1 threads; allocated 1 MB
