{
  "run_id": 305419896,
  "source_plan_blake3": "7a8e6e3c63ba9b5475d2e8fa9c120329f8b100eb5d4cad1050c0eb80097924eb",
  "capture_blake3": "bee958f2d0d0a44cd818bdb334cff31a7b8bc4c4e398fdff13b3550c584afae3",
  "clock_hz": 50000000,
  "completion_scope": "Protocol coverage and stop-pair wire completion only. Mechanical stopping and model accuracy require separate evidence. Device-clock transaction windows are not internal sensor sample timestamps. Servo current is raw and uncalibrated.",
  "completed": false,
  "terminal_result": 4,
  "completed_frames": 1,
  "events": [
    {
      "kind": "Start",
      "run_id": 305419896,
      "frame": 0,
      "motor_id": 254,
      "outcome": 0,
      "sequence": 0,
      "request_ticks": 0,
      "completion_ticks": 0,
      "device_error": 0,
      "reported_width": 16,
      "data": [
        170,
        159,
        98,
        157,
        192,
        1,
        24,
        1,
        32,
        161,
        7,
        0,
        128,
        240,
        250,
        2
      ]
    },
    {
      "kind": "Telemetry",
      "run_id": 305419896,
      "frame": 0,
      "motor_id": 10,
      "outcome": 0,
      "sequence": 2,
      "request_ticks": 107,
      "completion_ticks": 64626,
      "device_error": 0,
      "reported_width": 15,
      "data": [
        214,
        7,
        0,
        0,
        0,
        0,
        120,
        40,
        0,
        0,
        0,
        0,
        0,
        0,
        0
      ]
    },
    {
      "kind": "Telemetry",
      "run_id": 305419896,
      "frame": 0,
      "motor_id": 11,
      "outcome": 0,
      "sequence": 2,
      "request_ticks": 65678,
      "completion_ticks": 130197,
      "device_error": 0,
      "reported_width": 15,
      "data": [
        215,
        7,
        0,
        0,
        0,
        0,
        120,
        40,
        0,
        0,
        0,
        0,
        0,
        0,
        0
      ]
    },
    {
      "kind": "Telemetry",
      "run_id": 305419896,
      "frame": 0,
      "motor_id": 12,
      "outcome": 0,
      "sequence": 2,
      "request_ticks": 131249,
      "completion_ticks": 195768,
      "device_error": 0,
      "reported_width": 15,
      "data": [
        216,
        7,
        0,
        0,
        0,
        0,
        120,
        40,
        0,
        0,
        0,
        0,
        0,
        0,
        0
      ]
    },
    {
      "kind": "Control",
      "run_id": 305419896,
      "frame": 0,
      "motor_id": 254,
      "outcome": 0,
      "sequence": 0,
      "request_ticks": 196820,
      "completion_ticks": 205571,
      "device_error": 0,
      "reported_width": 18,
      "data": [
        0,
        0,
        0,
        0,
        0,
        0,
        0,
        0,
        0,
        0,
        0,
        0,
        0,
        0,
        0,
        0,
        0,
        0
      ]
    },
    {
      "kind": "Audit",
      "run_id": 305419896,
      "frame": 0,
      "motor_id": 10,
      "outcome": 0,
      "sequence": 0,
      "request_ticks": 206577,
      "completion_ticks": 266585,
      "device_error": 0,
      "reported_width": 6,
      "data": [
        1,
        0,
        0,
        0,
        0,
        0
      ]
    },
    {
      "kind": "Audit",
      "run_id": 305419896,
      "frame": 0,
      "motor_id": 11,
      "outcome": 0,
      "sequence": 0,
      "request_ticks": 267630,
      "completion_ticks": 327638,
      "device_error": 0,
      "reported_width": 6,
      "data": [
        1,
        0,
        0,
        0,
        0,
        0
      ]
    },
    {
      "kind": "Audit",
      "run_id": 305419896,
      "frame": 0,
      "motor_id": 12,
      "outcome": 0,
      "sequence": 0,
      "request_ticks": 328683,
      "completion_ticks": 388691,
      "device_error": 0,
      "reported_width": 6,
      "data": [
        1,
        0,
        0,
        0,
        0,
        0
      ]
    },
    {
      "kind": "Telemetry",
      "run_id": 305419896,
      "frame": 1,
      "motor_id": 10,
      "outcome": 0,
      "sequence": 3,
      "request_ticks": 500018,
      "completion_ticks": 564537,
      "device_error": 0,
      "reported_width": 15,
      "data": [
        214,
        7,
        0,
        0,
        0,
        0,
        120,
        40,
        0,
        0,
        0,
        0,
        0,
        0,
        0
      ]
    },
    {
      "kind": "Telemetry",
      "run_id": 305419896,
      "frame": 1,
      "motor_id": 11,
      "outcome": 0,
      "sequence": 3,
      "request_ticks": 565589,
      "completion_ticks": 630108,
      "device_error": 0,
      "reported_width": 15,
      "data": [
        215,
        7,
        0,
        0,
        0,
        0,
        120,
        40,
        0,
        0,
        0,
        0,
        0,
        0,
        0
      ]
    },
    {
      "kind": "Telemetry",
      "run_id": 305419896,
      "frame": 1,
      "motor_id": 12,
      "outcome": 0,
      "sequence": 3,
      "request_ticks": 631160,
      "completion_ticks": 695679,
      "device_error": 0,
      "reported_width": 15,
      "data": [
        216,
        7,
        0,
        0,
        0,
        0,
        120,
        40,
        0,
        0,
        0,
        0,
        0,
        0,
        0
      ]
    },
    {
      "kind": "Control",
      "run_id": 305419896,
      "frame": 1,
      "motor_id": 254,
      "outcome": 0,
      "sequence": 0,
      "request_ticks": 696731,
      "completion_ticks": 705482,
      "device_error": 0,
      "reported_width": 18,
      "data": [
        0,
        0,
        0,
        0,
        0,
        0,
        0,
        0,
        0,
        0,
        0,
        0,
        0,
        1,
        0,
        1,
        0,
        1
      ]
    },
    {
      "kind": "Terminal",
      "run_id": 305419896,
      "frame": 1,
      "motor_id": 254,
      "outcome": 4,
      "sequence": 0,
      "request_ticks": 0,
      "completion_ticks": 875531,
      "device_error": 0,
      "reported_width": 27,
      "data": [
        82,
        209,
        10,
        0,
        0,
        0,
        0,
        0,
        11,
        92,
        13,
        0,
        0,
        0,
        0,
        0,
        184,
        199,
        10,
        0,
        0,
        0,
        0,
        0,
        2,
        10,
        1
      ]
    }
  ]
}
