{
  "scope": "Sequential worker measurements in headless Chrome, identical three-second inputs. The old bundle predates the optional matrix lifetime and unpacked matrix kernels; its selected physical recipe is unchanged. The current default and both optional numerical routes are measured separately. No rendering cost is included here. Neither build is a converged/hardware reference.",
  "old_browser": {
    "wall_s": 26.050919999897474,
    "simulation_per_wall": 0.11515908075460701,
    "policy_step_p95_s": 0.20883500000834465
  },
  "current_browser": {
    "wall_s": 25.714914999932052,
    "simulation_per_wall": 0.11666381164425109,
    "policy_step_p95_s": 0.2055300000011921
  },
  "analytic_browser": {
    "wall_s": 23.79686499986052,
    "simulation_per_wall": 0.12606702605648196,
    "policy_step_p95_s": 0.19159999999403954
  },
  "direct_browser": {
    "wall_s": 25.6121250001788,
    "simulation_per_wall": 0.1171320224299646,
    "policy_step_p95_s": 0.20356499999761582
  },
  "current_speedup": 1.0130665413424975,
  "analytic_speedup": 1.0806009531122176,
  "direct_speedup": 1.0040133335188914,
  "old_current_max_abs": {
    "completed_steps": 0,
    "contact_history": 0,
    "contacts": 0,
    "driver_readings": 0,
    "joint_positions": 0,
    "joint_velocities": 0,
    "learning": 0,
    "motor_readings": 0,
    "motor_states": 0,
    "original_rows": 0,
    "policy_inputs": 0,
    "poses": 0,
    "requested_steps": 0,
    "servo_commands": 0,
    "servo_states": 0,
    "servo_targets_rad": 0,
    "time_s": 0,
    "policy": 0
  },
  "native_current_max_abs": {
    "completed_steps": 0,
    "contact_history": 0,
    "contacts": 1.7438450683471274e-10,
    "driver_readings": 1.7219559111936178e-13,
    "joint_positions": 2.842170943040401e-14,
    "joint_velocities": 2.530953224777477e-11,
    "motor_readings": 8.888889624358853e-12,
    "motor_states": 6.562572707480285e-11,
    "original_rows": 4.0424330549626575e-12,
    "policy_inputs": 0,
    "poses": 1.7070789226636407e-11,
    "requested_steps": 0,
    "servo_commands": 0,
    "servo_states": 0,
    "servo_targets_rad": 8.881784197001252e-15,
    "time_s": 0,
    "learning": 1.7438450683471274e-10,
    "policy": 1.7438450683471274e-10
  },
  "native_analytic_max_abs": {
    "completed_steps": 0,
    "contact_history": 0,
    "contacts": 2.3250296132815151e-10,
    "driver_readings": 2.560174294785611e-13,
    "joint_positions": 6.417089082333405e-14,
    "joint_velocities": 4.136957443279243e-11,
    "motor_readings": 1.4546586157848651e-11,
    "motor_states": 9.779910215002019e-11,
    "original_rows": 4.9755755071601016e-12,
    "policy_inputs": 0,
    "poses": 2.7901236876459734e-11,
    "requested_steps": 0,
    "servo_commands": 0,
    "servo_states": 0,
    "servo_targets_rad": 1.765254609153999e-14,
    "time_s": 0,
    "learning": 2.3250296132815151e-10,
    "policy": 2.3250296132815151e-10
  },
  "native_direct_max_abs": {
    "completed_steps": 0,
    "contact_history": 0,
    "contacts": 1.743805100318241e-10,
    "driver_readings": 1.4521717162097048e-13,
    "joint_positions": 3.108624468950438e-14,
    "joint_velocities": 2.0792256805179932e-11,
    "motor_readings": 7.30171478835473e-12,
    "motor_states": 5.53370682609966e-11,
    "original_rows": 4.4190207049155106e-12,
    "policy_inputs": 0,
    "poses": 1.4019008176546777e-11,
    "requested_steps": 0,
    "servo_commands": 0,
    "servo_states": 0,
    "servo_targets_rad": 8.881784197001252e-15,
    "time_s": 0,
    "learning": 1.743805100318241e-10,
    "policy": 1.743805100318241e-10
  },
  "default_direct_max_abs": {
    "completed_steps": 0,
    "contact_history": 0,
    "contacts": 0,
    "driver_readings": 0,
    "joint_positions": 0,
    "joint_velocities": 0,
    "learning": 0,
    "motor_readings": 0,
    "motor_states": 0,
    "original_rows": 0,
    "policy_inputs": 0,
    "poses": 0,
    "requested_steps": 0,
    "servo_commands": 0,
    "servo_states": 0,
    "servo_targets_rad": 0,
    "time_s": 0,
    "policy": 0
  },
  "default_analytic_max_abs": {
    "completed_steps": 0,
    "contact_history": 0,
    "contacts": 1.743789557195896e-10,
    "driver_readings": 1.638689184346731e-13,
    "joint_positions": 3.907985046680551e-14,
    "joint_velocities": 2.063060833279451e-11,
    "learning": 1.743789557195896e-10,
    "motor_readings": 7.253753153690923e-12,
    "motor_states": 6.178879630169831e-11,
    "original_rows": 5.751121801012005e-12,
    "policy_inputs": 0,
    "poses": 1.3923973085638863e-11,
    "requested_steps": 0,
    "servo_commands": 0,
    "servo_states": 0,
    "servo_targets_rad": 1.2212453270876722e-14,
    "time_s": 0,
    "policy": 1.743789557195896e-10
  },
  "native_worker_transition_comparisons": 151,
  "initial_worker_learning_scope": "Native transitions include reset at index zero. All 151 complete transition records are compared against worker frame.learning.",
  "exact_browser_parity": true,
  "native_worker_all_saved_fields_within_1e_7": true
}
