candidate limit=350 kp=4096 kd=1024 kv=256 score=0.8746
candidate limit=350 kp=4096 kd=1024 kv=512 score=0.8683
candidate limit=350 kp=4096 kd=1024 kv=1024 score=0.8608
candidate limit=350 kp=4096 kd=1024 kv=2048 score=0.8385
candidate limit=350 kp=0 kd=1024 kv=4096 score=2.2466
candidate limit=350 kp=64 kd=1024 kv=4096 score=2.2391
candidate limit=350 kp=128 kd=1024 kv=4096 score=2.2225
candidate limit=350 kp=256 kd=1024 kv=4096 score=2.2017
candidate limit=350 kp=512 kd=1024 kv=4096 score=2.1362
candidate limit=350 kp=1024 kd=1024 kv=4096 score=1.8508
candidate limit=350 kp=2048 kd=1024 kv=4096 score=1.1528
candidate limit=350 kp=1024 kd=2048 kv=0 score=1.9880
candidate limit=350 kp=0 kd=2048 kv=0 score=2.3191
candidate limit=350 kp=64 kd=2048 kv=0 score=2.3075
candidate limit=350 kp=128 kd=2048 kv=0 score=2.2876
candidate limit=350 kp=256 kd=2048 kv=0 score=2.2651
candidate limit=350 kp=512 kd=2048 kv=0 score=2.2022
candidate limit=350 kp=2048 kd=2048 kv=0 score=1.3266
candidate limit=350 kp=4096 kd=2048 kv=0 score=0.8755
candidate limit=350 kp=4096 kd=0 kv=0 score=0.8822
candidate limit=350 kp=4096 kd=64 kv=0 score=0.8833
candidate limit=350 kp=4096 kd=128 kv=0 score=0.8818
candidate limit=350 kp=4096 kd=256 kv=0 score=0.8810
candidate limit=350 kp=4096 kd=512 kv=0 score=0.8798
candidate limit=350 kp=4096 kd=4096 kv=0 score=0.8742
candidate limit=350 kp=4096 kd=4096 kv=64 score=0.8749
candidate limit=350 kp=4096 kd=4096 kv=128 score=0.8723
candidate limit=350 kp=4096 kd=4096 kv=256 score=0.8707
candidate limit=350 kp=4096 kd=4096 kv=512 score=0.8640
candidate limit=350 kp=4096 kd=4096 kv=1024 score=0.8516
candidate limit=350 kp=4096 kd=4096 kv=2048 score=0.8345
candidate limit=350 kp=0 kd=4096 kv=4096 score=2.1821
candidate limit=350 kp=64 kd=4096 kv=4096 score=2.1804
candidate limit=350 kp=128 kd=4096 kv=4096 score=2.1573
candidate limit=350 kp=256 kd=4096 kv=4096 score=2.1373
candidate limit=350 kp=512 kd=4096 kv=4096 score=2.0643
candidate limit=350 kp=1024 kd=4096 kv=4096 score=1.7654
candidate limit=350 kp=2048 kd=4096 kv=4096 score=1.1091
validated baseline-hold-nominal-original-100
validated baseline-hold-nominal-selected-100
validated baseline-hold-low-voltage-delay-load-original-100
validated baseline-hold-low-voltage-delay-load-selected-100
validated baseline-reversal-nominal-original-100
validated baseline-reversal-nominal-selected-100
validated baseline-reversal-low-voltage-delay-load-original-100
validated baseline-reversal-low-voltage-delay-load-selected-100
validated baseline-chirp-nominal-original-100
validated baseline-chirp-nominal-selected-100
validated baseline-chirp-low-voltage-delay-load-original-100
validated baseline-chirp-low-voltage-delay-load-selected-100
validated baseline-gait-nominal-original-100
validated baseline-gait-nominal-selected-100
validated baseline-gait-low-voltage-delay-load-original-100
validated baseline-gait-low-voltage-delay-load-selected-100
validated baseline-full-gait-nominal-original-100
validated baseline-full-gait-nominal-selected-100
validated baseline-full-gait-low-voltage-delay-load-original-100
validated baseline-full-gait-low-voltage-delay-load-selected-100
validated id10-hold-nominal-original-100
validated id10-hold-nominal-selected-100
validated id10-hold-low-voltage-delay-load-original-100
validated id10-hold-low-voltage-delay-load-selected-100
validated id10-reversal-nominal-original-100
validated id10-reversal-nominal-selected-100
validated id10-reversal-low-voltage-delay-load-original-100
validated id10-reversal-low-voltage-delay-load-selected-100
validated id10-chirp-nominal-original-100
validated id10-chirp-nominal-selected-100
validated id10-chirp-low-voltage-delay-load-original-100
validated id10-chirp-low-voltage-delay-load-selected-100
validated id10-gait-nominal-original-100
validated id10-gait-nominal-selected-100
validated id10-gait-low-voltage-delay-load-original-100
validated id10-gait-low-voltage-delay-load-selected-100
validated id10-full-gait-nominal-original-100
validated id10-full-gait-nominal-selected-100
validated id10-full-gait-low-voltage-delay-load-original-100
validated id10-full-gait-low-voltage-delay-load-selected-100
validated id11-hold-nominal-original-100
validated id11-hold-nominal-selected-100
validated id11-hold-low-voltage-delay-load-original-100
validated id11-hold-low-voltage-delay-load-selected-100
validated id11-reversal-nominal-original-100
validated id11-reversal-nominal-selected-100
validated id11-reversal-low-voltage-delay-load-original-100
validated id11-reversal-low-voltage-delay-load-selected-100
validated id11-chirp-nominal-original-100
validated id11-chirp-nominal-selected-100
validated id11-chirp-low-voltage-delay-load-original-100
validated id11-chirp-low-voltage-delay-load-selected-100
validated id11-gait-nominal-original-100
validated id11-gait-nominal-selected-100
validated id11-gait-low-voltage-delay-load-original-100
validated id11-gait-low-voltage-delay-load-selected-100
validated id11-full-gait-nominal-original-100
validated id11-full-gait-nominal-selected-100
validated id11-full-gait-low-voltage-delay-load-original-100
validated id11-full-gait-low-voltage-delay-load-selected-100
validated id12-hold-nominal-original-100
validated id12-hold-nominal-selected-100
validated id12-hold-low-voltage-delay-load-original-100
validated id12-hold-low-voltage-delay-load-selected-100
validated id12-reversal-nominal-original-100
validated id12-reversal-nominal-selected-100
validated id12-reversal-low-voltage-delay-load-original-100
validated id12-reversal-low-voltage-delay-load-selected-100
validated id12-chirp-nominal-original-100
validated id12-chirp-nominal-selected-100
validated id12-chirp-low-voltage-delay-load-original-100
validated id12-chirp-low-voltage-delay-load-selected-100
validated id12-gait-nominal-original-100
validated id12-gait-nominal-selected-100
validated id12-gait-low-voltage-delay-load-original-100
validated id12-gait-low-voltage-delay-load-selected-100
validated id12-full-gait-nominal-original-100
validated id12-full-gait-nominal-selected-100
validated id12-full-gait-low-voltage-delay-load-original-100
validated id12-full-gait-low-voltage-delay-load-selected-100
validated baseline-hold-nominal-original-350
validated baseline-hold-nominal-selected-350
validated baseline-hold-low-voltage-delay-load-original-350
validated baseline-hold-low-voltage-delay-load-selected-350
validated baseline-reversal-nominal-original-350
validated baseline-reversal-nominal-selected-350
validated baseline-reversal-low-voltage-delay-load-original-350
validated baseline-reversal-low-voltage-delay-load-selected-350
validated baseline-chirp-nominal-original-350
validated baseline-chirp-nominal-selected-350
validated baseline-chirp-low-voltage-delay-load-original-350
validated baseline-chirp-low-voltage-delay-load-selected-350
validated baseline-gait-nominal-original-350
validated baseline-gait-nominal-selected-350
validated baseline-gait-low-voltage-delay-load-original-350
validated baseline-gait-low-voltage-delay-load-selected-350
validated baseline-full-gait-nominal-original-350
validated baseline-full-gait-nominal-selected-350
validated baseline-full-gait-low-voltage-delay-load-original-350
validated baseline-full-gait-low-voltage-delay-load-selected-350
validated id10-hold-nominal-original-350
validated id10-hold-nominal-selected-350
validated id10-hold-low-voltage-delay-load-original-350
validated id10-hold-low-voltage-delay-load-selected-350
validated id10-reversal-nominal-original-350
validated id10-reversal-nominal-selected-350
validated id10-reversal-low-voltage-delay-load-original-350
validated id10-reversal-low-voltage-delay-load-selected-350
validated id10-chirp-nominal-original-350
validated id10-chirp-nominal-selected-350
validated id10-chirp-low-voltage-delay-load-original-350
validated id10-chirp-low-voltage-delay-load-selected-350
validated id10-gait-nominal-original-350
validated id10-gait-nominal-selected-350
validated id10-gait-low-voltage-delay-load-original-350
validated id10-gait-low-voltage-delay-load-selected-350
validated id10-full-gait-nominal-original-350
validated id10-full-gait-nominal-selected-350
validated id10-full-gait-low-voltage-delay-load-original-350
validated id10-full-gait-low-voltage-delay-load-selected-350
validated id11-hold-nominal-original-350
validated id11-hold-nominal-selected-350
validated id11-hold-low-voltage-delay-load-original-350
validated id11-hold-low-voltage-delay-load-selected-350
validated id11-reversal-nominal-original-350
validated id11-reversal-nominal-selected-350
validated id11-reversal-low-voltage-delay-load-original-350
validated id11-reversal-low-voltage-delay-load-selected-350
validated id11-chirp-nominal-original-350
validated id11-chirp-nominal-selected-350
validated id11-chirp-low-voltage-delay-load-original-350
validated id11-chirp-low-voltage-delay-load-selected-350
validated id11-gait-nominal-original-350
validated id11-gait-nominal-selected-350
validated id11-gait-low-voltage-delay-load-original-350
validated id11-gait-low-voltage-delay-load-selected-350
validated id11-full-gait-nominal-original-350
validated id11-full-gait-nominal-selected-350
validated id11-full-gait-low-voltage-delay-load-original-350
validated id11-full-gait-low-voltage-delay-load-selected-350
validated id12-hold-nominal-original-350
validated id12-hold-nominal-selected-350
validated id12-hold-low-voltage-delay-load-original-350
validated id12-hold-low-voltage-delay-load-selected-350
validated id12-reversal-nominal-original-350
validated id12-reversal-nominal-selected-350
validated id12-reversal-low-voltage-delay-load-original-350
validated id12-reversal-low-voltage-delay-load-selected-350
validated id12-chirp-nominal-original-350
validated id12-chirp-nominal-selected-350
validated id12-chirp-low-voltage-delay-load-original-350
validated id12-chirp-low-voltage-delay-load-selected-350
validated id12-gait-nominal-original-350
validated id12-gait-nominal-selected-350
validated id12-gait-low-voltage-delay-load-original-350
validated id12-gait-low-voltage-delay-load-selected-350
validated id12-full-gait-nominal-original-350
validated id12-full-gait-nominal-selected-350
validated id12-full-gait-low-voltage-delay-load-original-350
validated id12-full-gait-low-voltage-delay-load-selected-350
