Loading pinned CAD baseline
Saved /Users/elliot/physics-simulator/examples/full-robot/measured-actuator-integration/cad-profiles/robot-provisional.rcad; verifying reload
Deriving physical model from reloaded CAD
Mass: -Y | Timing belt
Mass: -Y | Hip servo internal geometry
Mass: -Y | Hip motor pulley and shaft
Mass: -Y | Hip output shaft and pulley
Mass: -Y | Hip motor pulley and shaft 25a3
Mass: -Y | Hip motor pulley and shaft a77a
Mass: -Y · Hip swing (belt) · HX-30HM
Mass: -Y | Thigh sector gear
Mass: -Y | Worm and input spindle
Mass: -Y | Worm enclosure and motor mount
Mass: -Y | Worm and input spindle b4c1
Mass: -Y | Worm and input spindle d867
Mass: -Y | Thigh cross-shaft
Mass: -Y | Worm servo internal geometry
Mass: -Y · Worm drive · HX-30HM
Mass: -Y | Fixed knee frame
Mass: -Y | Thigh root yoke
Mass: -Y | Carbon-fiber knee guide tube
Mass: -Y | Fixed lower foot guide
Mass: -Y | Foot servo crank
Mass: -Y | Rigid curved connecting link
Mass: -Y | Sliding foot crosshead
Mass: -Y | Sliding foot rod
Mass: -Y | Foot servo internal geometry
Mass: -Y · Foot slide · HX-30HM
Mass: +X | Hip servo internal geometry
Mass: +X | Hip output shaft and pulley
Mass: +X | Hip motor pulley and shaft
Mass: +X | Timing belt
Mass: +X | Hip output shaft and pulley b6c0
Mass: +X | Hip motor pulley and shaft 5bea
Mass: +X | Hip motor pulley and shaft 2acd
Mass: +X · Hip swing (belt) · HX-30HM
Mass: +X | Worm enclosure and motor mount
Mass: +X | Worm servo internal geometry
Mass: +X | Worm and input spindle
Mass: +X | Thigh cross-shaft
Mass: +X | Worm and input spindle 3a48
Mass: +X | Thigh sector gear
Mass: +X | Thigh cross-shaft 3b16
Mass: +X | Worm enclosure and motor mount 2bed
Mass: +X | Worm and input spindle 3c6b
Mass: +X | Worm and input spindle 6873
Mass: +X · Worm drive · HX-30HM
Mass: +X | Fixed knee frame
Mass: +X | Thigh root yoke
Mass: +X | Upper carbon-fiber thigh tube
Mass: +X | Lower carbon-fiber thigh tube
Mass: +X | Fixed knee frame 69dd
Mass: +X | Sliding foot crosshead
Mass: +X | Fixed lower foot guide
Mass: +X | Rigid curved connecting link
Mass: +X | Foot servo crank
Mass: +X | Sliding foot rod
Mass: +X | Foot servo internal geometry
Mass: +X | Carbon-fiber knee guide tube
Mass: +X | Foot servo crank 7900
Mass: +X · Foot slide · HX-30HM
Mass: +Y | Timing belt
Mass: +Y | Hip servo internal geometry
Mass: +Y | Hip motor pulley and shaft
Mass: +Y | Hip output shaft and pulley
Mass: +Y | Hip motor pulley and shaft 125c
Mass: +Y | Hip support surface
Mass: +Y · Hip swing (belt) · HX-30HM
Mass: +Y | Thigh sector gear
Mass: +Y | Worm and input spindle
Mass: +Y | Worm enclosure and motor mount
Mass: +Y | Worm and input spindle b816
Mass: +Y | Worm and input spindle 8e55
Mass: +Y | Thigh cross-shaft
Mass: +Y | Worm servo internal geometry
Mass: +Y · Worm drive · HX-30HM
Mass: +Y | Fixed knee frame
Mass: +Y | Lower carbon-fiber thigh tube
Mass: +Y | Upper carbon-fiber thigh tube
Mass: +Y | Thigh root yoke
Mass: +Y | Sliding foot crosshead
Mass: +Y | Fixed lower foot guide
Mass: +Y | Rigid curved connecting link
Mass: +Y | Foot servo crank
Mass: +Y | Foot servo internal geometry
Mass: +Y | Carbon-fiber knee guide tube
Mass: +Y | Sliding foot rod
Mass: +Y | Foot servo crank 3689
Mass: +Y · Foot slide · HX-30HM
Mass: -X | Timing belt
Mass: -X | Hip motor pulley and shaft
Mass: -X | Hip output shaft and pulley
Mass: -X | Hip motor pulley and shaft 3090
Mass: -X | Hip servo internal geometry
Mass: -X · Hip swing (belt) · HX-30HM
Mass: -X | Thigh sector gear
Mass: -X | Worm and input spindle
Mass: -X | Worm enclosure and motor mount
Mass: -X | Worm and input spindle 5276
Mass: -X | Worm and input spindle 305c
Mass: -X | Thigh cross-shaft
Mass: -X | Worm servo internal geometry
Mass: -X · Worm drive · HX-30HM
Mass: -X | Fixed knee frame
Mass: -X | Lower carbon-fiber thigh tube
Mass: -X | Upper carbon-fiber thigh tube
Mass: -X | Thigh root yoke
Mass: -X | Sliding foot crosshead
Mass: -X | Fixed lower foot guide
Mass: -X | Rigid curved connecting link
Mass: -X | Foot servo crank
Mass: -X | Foot servo internal geometry
Mass: -X | Carbon-fiber knee guide tube
Mass: -X | Sliding foot rod
Mass: -X | Foot servo crank 9a9b
Mass: -X · Foot slide · HX-30HM
Mass: Robot | Chassis and hip mounts
Joint: -Y | worm secondary fixed
Joint: -Y | worm secondary fixed
Joint: -Y | hip_input secondary fixed
Joint: -Y | hip_input secondary fixed
Joint: -Y | Belt path mass carried by chassis
Joint: -Y | Hip servo output
Joint: -Y | Hip swing
Joint: -Y | Hip output carries worm enclosure
Joint: -Y | Worm servo output
Joint: -Y | Thigh elevation
Joint: -Y | Sector fixed to cross-shaft
Joint: -Y | Cross-shaft fixed to root yoke
Joint: -Y | Thigh carries fixed knee frame
Joint: -Y | hip_motor_internal follows motor housing
Joint: -Y | worm_motor_internal follows motor housing
Joint: -Y | foot_motor_internal follows motor housing
Joint: -Y | Knee frame carries guide tube
Joint: -Y | Guide tube carries lower block
Joint: -Y | Foot servo output
Joint: -Y | Crank to curved link
Joint: -Y | Foot translation
Joint: -Y | Crosshead carries foot rod
Joint: -Y | Curved link closes foot loop
Joint: +X | knee_frame secondary fixed
Joint: +X | crank secondary fixed
Joint: +X | housing secondary fixed
Joint: +X | worm secondary fixed
Joint: +X | worm secondary fixed
Joint: +X | worm secondary fixed
Joint: +X | shaft secondary fixed
Joint: +X | hip_output secondary fixed
Joint: +X | hip_input secondary fixed
Joint: +X | hip_input secondary fixed
Joint: +X | Belt path mass carried by chassis
Joint: +X | Hip servo output
Joint: +X | Hip swing
Joint: +X | Hip output carries worm enclosure
Joint: +X | Worm servo output
Joint: +X | Knee frame carries guide tube
Joint: +X | Guide tube carries lower block
Joint: +X | Foot servo output
Joint: +X | Crank to curved link
Joint: +X | Foot translation
Joint: +X | Crosshead carries foot rod
Joint: +X | Curved link closes foot loop
Joint: +X | hip_motor_internal follows motor housing
Joint: +X | worm_motor_internal follows motor housing
Joint: +X | foot_motor_internal follows motor housing
Joint: +X | Thigh elevation
Joint: +X | Sector fixed to cross-shaft
Joint: +X | Cross-shaft fixed to root yoke
Joint: +X | upper_tube fixed to yoke
Joint: +X | lower_tube fixed to yoke
Joint: +X | Thigh carries fixed knee frame
Joint: +Y | worm secondary fixed
Joint: +Y | worm secondary fixed
Joint: +Y | crank secondary fixed
Joint: +Y | hip_input secondary fixed
Joint: +Y | Belt path mass carried by chassis
Joint: +Y | Hip servo output
Joint: +Y | Hip swing
Joint: +Y | Hip output carries worm enclosure
Joint: +Y | Worm servo output
Joint: +Y | Thigh elevation
Joint: +Y | Sector fixed to cross-shaft
Joint: +Y | Cross-shaft fixed to root yoke
Joint: +Y | upper_tube fixed to yoke
Joint: +Y | lower_tube fixed to yoke
Joint: +Y | Thigh carries fixed knee frame
Joint: +Y | Knee frame carries guide tube
Joint: +Y | Guide tube carries lower block
Joint: +Y | Foot servo output
Joint: +Y | Crank to curved link
Joint: +Y | Foot translation
Joint: +Y | Crosshead carries foot rod
Joint: +Y | Curved link closes foot loop
Joint: +Y | hip_motor_internal follows motor housing
Joint: +Y | worm_motor_internal follows motor housing
Joint: +Y | foot_motor_internal follows motor housing
Joint: +Y | Hip support surface fixed
Joint: -X | worm secondary fixed
Joint: -X | worm secondary fixed
Joint: -X | crank secondary fixed
Joint: -X | hip_input secondary fixed
Joint: -X | Belt path mass carried by chassis
Joint: -X | Hip servo output
Joint: -X | Hip swing
Joint: -X | Hip output carries worm enclosure
Joint: -X | Worm servo output
Joint: -X | Thigh elevation
Joint: -X | Sector fixed to cross-shaft
Joint: -X | Cross-shaft fixed to root yoke
Joint: -X | upper_tube fixed to yoke
Joint: -X | lower_tube fixed to yoke
Joint: -X | Thigh carries fixed knee frame
Joint: -X | Knee frame carries guide tube
Joint: -X | Guide tube carries lower block
Joint: -X | Foot servo output
Joint: -X | Crank to curved link
Joint: -X | Foot translation
Joint: -X | Crosshead carries foot rod
Joint: -X | Curved link closes foot loop
Joint: -X | hip_motor_internal follows motor housing
Joint: -X | worm_motor_internal follows motor housing
Joint: -X | foot_motor_internal follows motor housing
  link -Y | Hip output shaft and pulley: 1450 vertices, sdf [18, 37, 48], flex no in 30.1 s
  link -Y | Hip motor pulley and shaft 25a3: 994 vertices, sdf [22, 21, 44], flex no in 12.3 s
  link -Y | Thigh sector gear: 363 vertices, sdf [15, 36, 48], flex no in 66.5 s
  link -Y | Worm and input spindle b4c1: 1716 vertices, sdf [16, 16, 48], flex no in 8.9 s
  link -Y | Foot servo crank: 819 vertices, sdf [9, 13, 48], flex no in 0.8 s
  link -Y | Rigid curved connecting link: 1038 vertices, sdf [13, 14, 48], flex no in 2.0 s
  link -Y | Sliding foot crosshead: 1258 vertices, sdf [8, 10, 49], flex no in 1.9 s
  link +X | Hip motor pulley and shaft: 989 vertices, sdf [22, 22, 44], flex no in 12.9 s
  link +X | Hip output shaft and pulley b6c0: 1440 vertices, sdf [37, 17, 48], flex no in 27.3 s
  link +X | Worm and input spindle 3a48: 1711 vertices, sdf [16, 16, 48], flex no in 9.2 s
Traceback (most recent call last):
  File "/Users/elliot/physics-simulator/cad/scripts/prepare_measured_actuator_revision.py", line 89, in <module>
    main()
  File "/Users/elliot/physics-simulator/cad/scripts/prepare_measured_actuator_revision.py", line 73, in main
    model = export_physical_model(restored, str(model_path), flex=False, verbose=True)
  File "/Users/elliot/physics-simulator/cad/robocad/physical.py", line 837, in export_physical_model
    artifact = cached('collision', collision_inputs, build_collision)
  File "/Users/elliot/physics-simulator/cad/robocad/physical.py", line 669, in cached
    return cache.get(stage, dependencies, build) if cache else build()
  File "/Users/elliot/physics-simulator/cad/robocad/physical.py", line 835, in build_collision
    block, meshes = collision_block(doc, members_of[lid], np.array(l['com']), cache, geometry_keys)
  File "/Users/elliot/physics-simulator/cad/robocad/physical.py", line 321, in collision_block
    'tolerance_mm': .15}, tessellate_solids) if cache else tessellate_solids()
  File "/Users/elliot/physics-simulator/cad/robocad/physical.py", line 319, in tessellate_solids
    return [[v.tolist(), t.tolist()] for v, t in solid_collision_meshes(doc.kernel, body, np.zeros(3))]
  File "/Users/elliot/physics-simulator/cad/robocad/physical.py", line 234, in solid_collision_meshes
    raise KernelError(f'Collision solid {index} has a non-watertight tessellation; repair or explicitly derive its collision volume')
robocad.kernel.base.KernelError: Collision solid 0 has a non-watertight tessellation; repair or explicitly derive its collision volume
