progress ticks 1000000 bridge 0 owner 0 frame 0 controls 0 records 0 latch 1 reason 1 scheduler 0 event 0 ready 0
EVENT 0 0 10 54 16073
EVENT 0 0 11 17072 33091
EVENT 0 0 12 34090 50109
EVENT 0 1 254 51108 59859
EVENT 0 2 10 60809 72317
EVENT 0 2 11 73318 84826
EVENT 0 2 12 85827 97335
EVENT 1 0 10 250018 266037
EVENT 1 0 11 267036 283055
EVENT 1 0 12 284054 300073
EVENT 1 1 254 301072 309823
EVENT 1 2 10 310773 322281
EVENT 1 2 11 323282 334790
EVENT 1 2 12 335791 347299
progress ticks 2000000 bridge 0 owner 0 frame 1 controls 2 records 8 latch 0 reason 0 scheduler 6 event 0 ready 1
EVENT 2 0 10 500018 516037
EVENT 2 0 11 517036 533055
EVENT 2 0 12 534054 550073
EVENT 2 1 254 551072 559823
EVENT 2 2 10 560773 572281
EVENT 2 2 11 573282 584790
EVENT 2 2 12 585791 597299
EVENT 3 0 10 750018 766037
EVENT 3 0 11 767036 783055
EVENT 3 0 12 784054 800073
EVENT 3 1 254 801072 809823
EVENT 3 2 10 810773 822281
EVENT 3 2 11 823282 834790
EVENT 3 2 12 835791 847299
EVENT 4 0 10 1000018 1016037
EVENT 4 0 11 1017036 1033055
EVENT 4 0 12 1034054 1050073
EVENT 4 1 254 1051072 1059823
EVENT 4 2 10 1060773 1072281
EVENT 4 2 11 1073282 1084790
EVENT 4 2 12 1085791 1097299
EVENT 5 0 10 1250018 1266037
EVENT 5 0 11 1267036 1283055
EVENT 5 0 12 1284054 1300073
EVENT 5 1 254 1301072 1309823
EVENT 5 2 10 1310773 1322281
EVENT 5 2 11 1323282 1334790
EVENT 5 2 12 1335791 1347299
progress ticks 3000000 bridge 0 owner 0 frame 5 controls 6 records 22 latch 0 reason 0 scheduler 6 event 0 ready 1
EVENT 6 0 10 1500018 1516037
EVENT 6 0 11 1517036 1533055
EVENT 6 0 12 1534054 1550073
EVENT 6 1 254 1551072 1559823
EVENT 6 2 10 1560773 1572281
EVENT 6 2 11 1573282 1584790
EVENT 6 2 12 1585791 1597299
EVENT 7 0 10 1750018 1766037
EVENT 7 0 11 1767036 1783055
EVENT 7 0 12 1784054 1800073
EVENT 7 1 254 1801072 1809823
EVENT 7 2 10 1810773 1822281
EVENT 7 2 11 1823282 1834790
EVENT 7 2 12 1835791 1847299
EVENT 8 0 10 2000018 2016037
EVENT 8 0 11 2017036 2033055
EVENT 8 0 12 2034054 2050073
EVENT 8 1 254 2051072 2059823
EVENT 8 2 10 2060773 2072281
EVENT 8 2 11 2073282 2084790
EVENT 8 2 12 2085791 2097299
EVENT 9 0 10 2250018 2266037
EVENT 9 0 11 2267036 2283055
EVENT 9 0 12 2284054 2300073
EVENT 9 1 254 2301072 2309823
EVENT 9 2 10 2310773 2322281
EVENT 9 2 11 2323282 2334790
EVENT 9 2 12 2335791 2347299
progress ticks 4000000 bridge 0 owner 0 frame 9 controls 10 records 36 latch 0 reason 0 scheduler 6 event 0 ready 1
EVENT 10 0 10 2500018 2516037
EVENT 10 0 11 2517036 2533055
EVENT 10 0 12 2534054 2550073
EVENT 10 1 254 2551072 2559823
EVENT 10 2 10 2560773 2572281
EVENT 10 2 11 2573282 2584790
EVENT 10 2 12 2585791 2597299
EVENT 11 0 10 2750018 2766037
EVENT 11 0 11 2767036 2783055
EVENT 11 0 12 2784054 2800073
EVENT 11 1 254 2801072 2809823
EVENT 11 2 10 2810773 2822281
EVENT 11 2 11 2823282 2834790
EVENT 11 2 12 2835791 2847299
EVENT 12 0 10 3000018 3016037
EVENT 12 0 11 3017036 3033055
EVENT 12 0 12 3034054 3050073
EVENT 12 1 254 3051072 3059823
EVENT 12 2 10 3060773 3072281
EVENT 12 2 11 3073282 3084790
EVENT 12 2 12 3085791 3097299
EVENT 13 0 10 3250018 3266037
EVENT 13 0 11 3267036 3283055
EVENT 13 0 12 3284054 3300073
EVENT 13 1 254 3301072 3309823
EVENT 13 2 10 3310773 3322281
EVENT 13 2 11 3323282 3334790
EVENT 13 2 12 3335791 3347299
progress ticks 5000000 bridge 0 owner 0 frame 13 controls 14 records 50 latch 0 reason 0 scheduler 6 event 0 ready 1
EVENT 14 0 10 3500018 3516037
EVENT 14 0 11 3517036 3533055
EVENT 14 0 12 3534054 3550073
EVENT 14 1 254 3551072 3559823
EVENT 14 2 10 3560773 3572281
EVENT 14 2 11 3573282 3584790
PASS full UART case 2: controls 15, +100% 12, -100% 9, terminal 2; all modeled motors zero/off
- tb/bridge_experiment_tb.v:181: Verilog $finish
- S i m u l a t i o n   R e p o r t: Verilator 5.051 devel
- Verilator: $finish at 112ms; walltime 52.349 s; speed 2.142 ms/s
- Verilator: cpu 44.511 s on 1 threads; allocated 1 MB
