evaluation 10: speed 0.078749, force 0.0482 N, moment 0.0156 Nm, torque margin -0.0869 Nm, penetration 0.000027 m
evaluation 20: speed 0.078749, force 0.0482 N, moment 0.0156 Nm, torque margin -0.0869 Nm, penetration 0.000027 m
evaluation 30: speed 0.078749, force 0.0482 N, moment 0.0156 Nm, torque margin -0.0869 Nm, penetration 0.000027 m
evaluation 40: speed 0.078749, force 0.0482 N, moment 0.0156 Nm, torque margin -0.0869 Nm, penetration 0.000027 m
evaluation 50: speed 0.078749, force 0.0482 N, moment 0.0156 Nm, torque margin -0.0869 Nm, penetration 0.000027 m
evaluation 60: speed 0.078749, force 0.0482 N, moment 0.0156 Nm, torque margin -0.0869 Nm, penetration 0.000027 m
evaluation 70: speed 0.078749, force 0.0482 N, moment 0.0156 Nm, torque margin -0.0869 Nm, penetration 0.000027 m
evaluation 80: speed 0.078749, force 0.0481 N, moment 0.0156 Nm, torque margin -0.0869 Nm, penetration 0.000027 m
evaluation 90: speed 0.078749, force 0.0481 N, moment 0.0156 Nm, torque margin -0.0869 Nm, penetration 0.000027 m
evaluation 100: speed 0.078749, force 0.0482 N, moment 0.0156 Nm, torque margin -0.0869 Nm, penetration 0.000027 m
evaluation 110: speed 0.067670, force 0.0420 N, moment 0.0136 Nm, torque margin -0.0532 Nm, penetration 0.000020 m
evaluation 120: speed 0.067676, force 0.0419 N, moment 0.0136 Nm, torque margin -0.0532 Nm, penetration 0.000020 m
evaluation 130: speed 0.067676, force 0.0419 N, moment 0.0136 Nm, torque margin -0.0532 Nm, penetration 0.000020 m
evaluation 140: speed 0.067676, force 0.0418 N, moment 0.0135 Nm, torque margin -0.0534 Nm, penetration 0.000020 m
evaluation 150: speed 0.067676, force 0.0419 N, moment 0.0136 Nm, torque margin -0.0532 Nm, penetration 0.000020 m
evaluation 160: speed 0.067676, force 0.0419 N, moment 0.0136 Nm, torque margin -0.0532 Nm, penetration 0.000020 m
evaluation 170: speed 0.067676, force 0.0419 N, moment 0.0136 Nm, torque margin -0.0532 Nm, penetration 0.000020 m
evaluation 180: speed 0.067676, force 0.0417 N, moment 0.0135 Nm, torque margin -0.0532 Nm, penetration 0.000020 m
evaluation 190: speed 0.067676, force 0.0419 N, moment 0.0136 Nm, torque margin -0.0532 Nm, penetration 0.000020 m
evaluation 200: speed 0.067676, force 0.0421 N, moment 0.0136 Nm, torque margin -0.0532 Nm, penetration 0.000020 m
evaluation 210: speed 0.067676, force 0.0419 N, moment 0.0136 Nm, torque margin -0.0532 Nm, penetration 0.000020 m
evaluation 220: speed 0.067796, force 0.0331 N, moment 0.0107 Nm, torque margin 0.0005 Nm, penetration 0.000005 m
evaluation 230: speed 0.067796, force 0.0330 N, moment 0.0107 Nm, torque margin -0.0001 Nm, penetration 0.000005 m
evaluation 240: speed 0.067796, force 0.0330 N, moment 0.0107 Nm, torque margin -0.0001 Nm, penetration 0.000005 m
evaluation 250: speed 0.067796, force 0.0330 N, moment 0.0107 Nm, torque margin -0.0001 Nm, penetration 0.000005 m
evaluation 260: speed 0.067796, force 0.0330 N, moment 0.0107 Nm, torque margin -0.0001 Nm, penetration 0.000005 m
evaluation 270: speed 0.067796, force 0.0330 N, moment 0.0107 Nm, torque margin -0.0001 Nm, penetration 0.000005 m
evaluation 280: speed 0.067796, force 0.0331 N, moment 0.0107 Nm, torque margin -0.0001 Nm, penetration 0.000005 m
evaluation 290: speed 0.067796, force 0.0330 N, moment 0.0107 Nm, torque margin -0.0001 Nm, penetration 0.000005 m
evaluation 300: speed 0.067796, force 0.0331 N, moment 0.0107 Nm, torque margin -0.0001 Nm, penetration 0.000005 m
evaluation 310: speed 0.067796, force 0.0330 N, moment 0.0107 Nm, torque margin 0.0000 Nm, penetration 0.000005 m
evaluation 320: speed 0.066736, force 0.0231 N, moment 0.0075 Nm, torque margin -0.0335 Nm, penetration 0.000002 m
evaluation 330: speed 0.067493, force 0.0322 N, moment 0.0104 Nm, torque margin -0.0052 Nm, penetration 0.000003 m
evaluation 340: speed 0.067493, force 0.0322 N, moment 0.0104 Nm, torque margin -0.0052 Nm, penetration 0.000003 m
evaluation 350: speed 0.067493, force 0.0322 N, moment 0.0104 Nm, torque margin -0.0052 Nm, penetration 0.000003 m
evaluation 360: speed 0.067493, force 0.0322 N, moment 0.0104 Nm, torque margin -0.0047 Nm, penetration 0.000003 m
evaluation 370: speed 0.067493, force 0.0322 N, moment 0.0104 Nm, torque margin -0.0052 Nm, penetration 0.000003 m
evaluation 380: speed 0.067493, force 0.0322 N, moment 0.0104 Nm, torque margin -0.0053 Nm, penetration 0.000003 m
evaluation 390: speed 0.067493, force 0.0324 N, moment 0.0105 Nm, torque margin -0.0052 Nm, penetration 0.000003 m
evaluation 400: speed 0.067493, force 0.0322 N, moment 0.0104 Nm, torque margin -0.0052 Nm, penetration 0.000003 m
evaluation 410: speed 0.067493, force 0.0320 N, moment 0.0104 Nm, torque margin -0.0052 Nm, penetration 0.000003 m
evaluation 420: speed 0.067493, force 0.0322 N, moment 0.0104 Nm, torque margin -0.0051 Nm, penetration 0.000003 m
evaluation 430: speed 0.066659, force 0.0277 N, moment 0.0090 Nm, torque margin 0.0003 Nm, penetration 0.000001 m
evaluation 440: speed 0.066649, force 0.0276 N, moment 0.0089 Nm, torque margin 0.0005 Nm, penetration 0.000001 m
evaluation 450: speed 0.066649, force 0.0276 N, moment 0.0089 Nm, torque margin 0.0005 Nm, penetration 0.000001 m
evaluation 460: speed 0.066649, force 0.0275 N, moment 0.0089 Nm, torque margin 0.0005 Nm, penetration 0.000001 m
evaluation 470: speed 0.066649, force 0.0276 N, moment 0.0089 Nm, torque margin 0.0005 Nm, penetration 0.000001 m
evaluation 480: speed 0.066649, force 0.0276 N, moment 0.0089 Nm, torque margin 0.0005 Nm, penetration 0.000001 m
evaluation 490: speed 0.066649, force 0.0276 N, moment 0.0089 Nm, torque margin 0.0008 Nm, penetration 0.000001 m
evaluation 500: speed 0.066649, force 0.0276 N, moment 0.0089 Nm, torque margin 0.0005 Nm, penetration 0.000001 m
evaluation 510: speed 0.066649, force 0.0276 N, moment 0.0089 Nm, torque margin 0.0005 Nm, penetration 0.000001 m
evaluation 520: speed 0.066649, force 0.0275 N, moment 0.0089 Nm, torque margin 0.0005 Nm, penetration 0.000001 m
evaluation 530: speed 0.066649, force 0.0276 N, moment 0.0089 Nm, torque margin 0.0005 Nm, penetration 0.000001 m
evaluation 540: speed 0.065328, force 0.0206 N, moment 0.0067 Nm, torque margin 0.0282 Nm, penetration 0.000000 m
evaluation 550: speed 0.065328, force 0.0206 N, moment 0.0067 Nm, torque margin 0.0282 Nm, penetration 0.000000 m
evaluation 560: speed 0.065328, force 0.0206 N, moment 0.0067 Nm, torque margin 0.0282 Nm, penetration 0.000000 m
evaluation 570: speed 0.065328, force 0.0206 N, moment 0.0067 Nm, torque margin 0.0288 Nm, penetration 0.000000 m
evaluation 580: speed 0.065328, force 0.0206 N, moment 0.0067 Nm, torque margin 0.0282 Nm, penetration 0.000000 m
evaluation 590: speed 0.065328, force 0.0206 N, moment 0.0067 Nm, torque margin 0.0281 Nm, penetration 0.000000 m
evaluation 600: speed 0.065328, force 0.0208 N, moment 0.0067 Nm, torque margin 0.0282 Nm, penetration 0.000000 m
evaluation 610: speed 0.065328, force 0.0206 N, moment 0.0067 Nm, torque margin 0.0282 Nm, penetration 0.000000 m
evaluation 620: speed 0.065328, force 0.0204 N, moment 0.0066 Nm, torque margin 0.0283 Nm, penetration 0.000000 m
evaluation 630: speed 0.065328, force 0.0206 N, moment 0.0067 Nm, torque margin 0.0284 Nm, penetration 0.000000 m
evaluation 640: speed 0.062892, force 0.0121 N, moment 0.0039 Nm, torque margin 0.0886 Nm, penetration 0.000000 m
evaluation 650: speed 0.062881, force 0.0121 N, moment 0.0039 Nm, torque margin 0.0894 Nm, penetration 0.000000 m
evaluation 660: speed 0.062881, force 0.0121 N, moment 0.0039 Nm, torque margin 0.0889 Nm, penetration 0.000000 m
evaluation 670: speed 0.062881, force 0.0120 N, moment 0.0039 Nm, torque margin 0.0889 Nm, penetration 0.000000 m
evaluation 680: speed 0.062881, force 0.0121 N, moment 0.0039 Nm, torque margin 0.0889 Nm, penetration 0.000000 m
evaluation 690: speed 0.062881, force 0.0121 N, moment 0.0039 Nm, torque margin 0.0889 Nm, penetration 0.000000 m
evaluation 700: speed 0.062881, force 0.0121 N, moment 0.0039 Nm, torque margin 0.0890 Nm, penetration 0.000000 m
evaluation 710: speed 0.062881, force 0.0121 N, moment 0.0039 Nm, torque margin 0.0889 Nm, penetration 0.000000 m
evaluation 720: speed 0.062881, force 0.0121 N, moment 0.0039 Nm, torque margin 0.0889 Nm, penetration 0.000000 m
evaluation 730: speed 0.062881, force 0.0120 N, moment 0.0039 Nm, torque margin 0.0889 Nm, penetration 0.000000 m
evaluation 740: speed 0.062881, force 0.0121 N, moment 0.0039 Nm, torque margin 0.0889 Nm, penetration 0.000000 m
evaluation 750: speed 0.059791, force 0.0105 N, moment 0.0034 Nm, torque margin 0.1237 Nm, penetration 0.000000 m
evaluation 760: speed 0.059791, force 0.0105 N, moment 0.0034 Nm, torque margin 0.1237 Nm, penetration 0.000000 m
evaluation 770: speed 0.059791, force 0.0105 N, moment 0.0034 Nm, torque margin 0.1237 Nm, penetration 0.000000 m
evaluation 780: speed 0.059791, force 0.0105 N, moment 0.0034 Nm, torque margin 0.1237 Nm, penetration 0.000000 m
evaluation 790: speed 0.059791, force 0.0105 N, moment 0.0034 Nm, torque margin 0.1237 Nm, penetration 0.000000 m
evaluation 800: speed 0.059791, force 0.0105 N, moment 0.0034 Nm, torque margin 0.1237 Nm, penetration 0.000000 m
evaluation 810: speed 0.059791, force 0.0105 N, moment 0.0034 Nm, torque margin 0.1237 Nm, penetration 0.000000 m
evaluation 820: speed 0.059791, force 0.0104 N, moment 0.0034 Nm, torque margin 0.1237 Nm, penetration 0.000000 m
evaluation 830: speed 0.059791, force 0.0104 N, moment 0.0034 Nm, torque margin 0.1237 Nm, penetration 0.000000 m
evaluation 840: speed 0.059791, force 0.0105 N, moment 0.0034 Nm, torque margin 0.1237 Nm, penetration 0.000000 m
evaluation 850: speed 0.059243, force 0.0086 N, moment 0.0028 Nm, torque margin 0.1274 Nm, penetration 0.000000 m
evaluation 860: speed 0.059254, force 0.0087 N, moment 0.0028 Nm, torque margin 0.1266 Nm, penetration 0.000000 m
evaluation 870: speed 0.059254, force 0.0087 N, moment 0.0028 Nm, torque margin 0.1271 Nm, penetration 0.000000 m
evaluation 880: speed 0.059254, force 0.0088 N, moment 0.0029 Nm, torque margin 0.1271 Nm, penetration 0.000000 m
evaluation 890: speed 0.059254, force 0.0087 N, moment 0.0028 Nm, torque margin 0.1271 Nm, penetration 0.000000 m
evaluation 900: speed 0.059254, force 0.0087 N, moment 0.0028 Nm, torque margin 0.1271 Nm, penetration 0.000000 m
evaluation 910: speed 0.059254, force 0.0087 N, moment 0.0028 Nm, torque margin 0.1270 Nm, penetration 0.000000 m
evaluation 920: speed 0.059254, force 0.0087 N, moment 0.0028 Nm, torque margin 0.1271 Nm, penetration 0.000000 m
evaluation 930: speed 0.059254, force 0.0087 N, moment 0.0028 Nm, torque margin 0.1271 Nm, penetration 0.000000 m
evaluation 940: speed 0.059254, force 0.0088 N, moment 0.0029 Nm, torque margin 0.1271 Nm, penetration 0.000000 m
evaluation 950: speed 0.059254, force 0.0087 N, moment 0.0028 Nm, torque margin 0.1271 Nm, penetration 0.000000 m
evaluation 960: speed 0.059122, force 0.0081 N, moment 0.0026 Nm, torque margin 0.1276 Nm, penetration 0.000000 m
evaluation 970: speed 0.059122, force 0.0089 N, moment 0.0029 Nm, torque margin 0.1276 Nm, penetration 0.000000 m
evaluation 980: speed 0.059122, force 0.0082 N, moment 0.0027 Nm, torque margin 0.1276 Nm, penetration 0.000000 m
evaluation 990: speed 0.059122, force 0.0082 N, moment 0.0027 Nm, torque margin 0.1276 Nm, penetration 0.000000 m
evaluation 1000: speed 0.059122, force 0.0082 N, moment 0.0027 Nm, torque margin 0.1276 Nm, penetration 0.000000 m
evaluation 1010: speed 0.059122, force 0.0082 N, moment 0.0027 Nm, torque margin 0.1276 Nm, penetration 0.000000 m
evaluation 1020: speed 0.059122, force 0.0082 N, moment 0.0027 Nm, torque margin 0.1276 Nm, penetration 0.000000 m
evaluation 1030: speed 0.059122, force 0.0081 N, moment 0.0026 Nm, torque margin 0.1276 Nm, penetration 0.000000 m
evaluation 1040: speed 0.059122, force 0.0082 N, moment 0.0026 Nm, torque margin 0.1276 Nm, penetration 0.000000 m
evaluation 1050: speed 0.059122, force 0.0082 N, moment 0.0027 Nm, torque margin 0.1276 Nm, penetration 0.000000 m
evaluation 1060: speed 0.059078, force 0.0080 N, moment 0.0026 Nm, torque margin 0.1278 Nm, penetration 0.000000 m
evaluation 1070: speed 0.059088, force 0.0080 N, moment 0.0026 Nm, torque margin 0.1270 Nm, penetration 0.000000 m
evaluation 1080: speed 0.059088, force 0.0080 N, moment 0.0026 Nm, torque margin 0.1275 Nm, penetration 0.000000 m
evaluation 1090: speed 0.059088, force 0.0081 N, moment 0.0026 Nm, torque margin 0.1275 Nm, penetration 0.000000 m
evaluation 1100: speed 0.059088, force 0.0080 N, moment 0.0026 Nm, torque margin 0.1275 Nm, penetration 0.000000 m
evaluation 1110: speed 0.059088, force 0.0080 N, moment 0.0026 Nm, torque margin 0.1275 Nm, penetration 0.000000 m
evaluation 1120: speed 0.059088, force 0.0080 N, moment 0.0026 Nm, torque margin 0.1274 Nm, penetration 0.000000 m
evaluation 1130: speed 0.059088, force 0.0080 N, moment 0.0026 Nm, torque margin 0.1275 Nm, penetration 0.000000 m
evaluation 1140: speed 0.059088, force 0.0080 N, moment 0.0026 Nm, torque margin 0.1275 Nm, penetration 0.000000 m
evaluation 1150: speed 0.059088, force 0.0081 N, moment 0.0026 Nm, torque margin 0.1275 Nm, penetration 0.000000 m
evaluation 1160: speed 0.059088, force 0.0080 N, moment 0.0026 Nm, torque margin 0.1275 Nm, penetration 0.000000 m
evaluation 1170: speed 0.058981, force 0.0075 N, moment 0.0024 Nm, torque margin 0.1279 Nm, penetration 0.000000 m
evaluation 1180: speed 0.058981, force 0.0083 N, moment 0.0027 Nm, torque margin 0.1279 Nm, penetration 0.000000 m
evaluation 1190: speed 0.058981, force 0.0076 N, moment 0.0025 Nm, torque margin 0.1279 Nm, penetration 0.000000 m
evaluation 1200: speed 0.058981, force 0.0076 N, moment 0.0025 Nm, torque margin 0.1279 Nm, penetration 0.000000 m
evaluation 1210: speed 0.058981, force 0.0076 N, moment 0.0025 Nm, torque margin 0.1279 Nm, penetration 0.000000 m
evaluation 1220: speed 0.058981, force 0.0076 N, moment 0.0025 Nm, torque margin 0.1279 Nm, penetration 0.000000 m
evaluation 1230: speed 0.058981, force 0.0076 N, moment 0.0025 Nm, torque margin 0.1279 Nm, penetration 0.000000 m
evaluation 1240: speed 0.058981, force 0.0075 N, moment 0.0024 Nm, torque margin 0.1279 Nm, penetration 0.000000 m
evaluation 1250: speed 0.058981, force 0.0076 N, moment 0.0025 Nm, torque margin 0.1279 Nm, penetration 0.000000 m
evaluation 1260: speed 0.058981, force 0.0076 N, moment 0.0025 Nm, torque margin 0.1279 Nm, penetration 0.000000 m
evaluation 1270: speed 0.058943, force 0.0074 N, moment 0.0024 Nm, torque margin 0.1281 Nm, penetration 0.000000 m
evaluation 1280: speed 0.058953, force 0.0074 N, moment 0.0024 Nm, torque margin 0.1273 Nm, penetration 0.000000 m
evaluation 1290: speed 0.058953, force 0.0074 N, moment 0.0024 Nm, torque margin 0.1278 Nm, penetration 0.000000 m
evaluation 1300: speed 0.058953, force 0.0075 N, moment 0.0024 Nm, torque margin 0.1278 Nm, penetration 0.000000 m
evaluation 1310: speed 0.058953, force 0.0074 N, moment 0.0024 Nm, torque margin 0.1278 Nm, penetration 0.000000 m
evaluation 1320: speed 0.058953, force 0.0074 N, moment 0.0024 Nm, torque margin 0.1278 Nm, penetration 0.000000 m
evaluation 1330: speed 0.058953, force 0.0074 N, moment 0.0024 Nm, torque margin 0.1277 Nm, penetration 0.000000 m
evaluation 1340: speed 0.058953, force 0.0074 N, moment 0.0024 Nm, torque margin 0.1278 Nm, penetration 0.000000 m
evaluation 1350: speed 0.058953, force 0.0074 N, moment 0.0024 Nm, torque margin 0.1278 Nm, penetration 0.000000 m
evaluation 1360: speed 0.058953, force 0.0076 N, moment 0.0025 Nm, torque margin 0.1278 Nm, penetration 0.000000 m
evaluation 1370: speed 0.058953, force 0.0074 N, moment 0.0024 Nm, torque margin 0.1278 Nm, penetration 0.000000 m
evaluation 1380: speed 0.058946, force 0.0073 N, moment 0.0024 Nm, torque margin 0.1285 Nm, penetration 0.000000 m
evaluation 1390: speed 0.058946, force 0.0082 N, moment 0.0027 Nm, torque margin 0.1285 Nm, penetration 0.000000 m
evaluation 1400: speed 0.058946, force 0.0074 N, moment 0.0024 Nm, torque margin 0.1285 Nm, penetration 0.000000 m
evaluation 1410: speed 0.058946, force 0.0074 N, moment 0.0024 Nm, torque margin 0.1285 Nm, penetration 0.000000 m
evaluation 1420: speed 0.058946, force 0.0074 N, moment 0.0024 Nm, torque margin 0.1285 Nm, penetration 0.000000 m
evaluation 1430: speed 0.058946, force 0.0074 N, moment 0.0024 Nm, torque margin 0.1285 Nm, penetration 0.000000 m
evaluation 1440: speed 0.058946, force 0.0074 N, moment 0.0024 Nm, torque margin 0.1285 Nm, penetration 0.000000 m
evaluation 1450: speed 0.058946, force 0.0073 N, moment 0.0024 Nm, torque margin 0.1285 Nm, penetration 0.000000 m
evaluation 1460: speed 0.058946, force 0.0074 N, moment 0.0024 Nm, torque margin 0.1285 Nm, penetration 0.000000 m
evaluation 1470: speed 0.058946, force 0.0074 N, moment 0.0024 Nm, torque margin 0.1285 Nm, penetration 0.000000 m
evaluation 1480: speed 0.058940, force 0.0075 N, moment 0.0024 Nm, torque margin 0.1284 Nm, penetration 0.000000 m
evaluation 1490: speed 0.058945, force 0.0074 N, moment 0.0024 Nm, torque margin 0.1282 Nm, penetration 0.000000 m
evaluation 1500: speed 0.058945, force 0.0074 N, moment 0.0024 Nm, torque margin 0.1282 Nm, penetration 0.000000 m
evaluation 1510: speed 0.058945, force 0.0073 N, moment 0.0024 Nm, torque margin 0.1282 Nm, penetration 0.000000 m
evaluation 1520: speed 0.058945, force 0.0074 N, moment 0.0024 Nm, torque margin 0.1282 Nm, penetration 0.000000 m
evaluation 1530: speed 0.058945, force 0.0074 N, moment 0.0024 Nm, torque margin 0.1282 Nm, penetration 0.000000 m
evaluation 1540: speed 0.058945, force 0.0074 N, moment 0.0024 Nm, torque margin 0.1282 Nm, penetration 0.000000 m
evaluation 1550: speed 0.058945, force 0.0074 N, moment 0.0024 Nm, torque margin 0.1282 Nm, penetration 0.000000 m
evaluation 1560: speed 0.058945, force 0.0078 N, moment 0.0025 Nm, torque margin 0.1282 Nm, penetration 0.000000 m
evaluation 1570: speed 0.058945, force 0.0074 N, moment 0.0024 Nm, torque margin 0.1282 Nm, penetration 0.000000 m
evaluation 1580: speed 0.058945, force 0.0073 N, moment 0.0024 Nm, torque margin 0.1282 Nm, penetration 0.000000 m
evaluation 1590: speed 0.058937, force 0.0075 N, moment 0.0024 Nm, torque margin 0.1281 Nm, penetration 0.000000 m
evaluation 1600: speed 0.058937, force 0.0066 N, moment 0.0021 Nm, torque margin 0.1281 Nm, penetration 0.000000 m
evaluation 1610: speed 0.058937, force 0.0074 N, moment 0.0024 Nm, torque margin 0.1281 Nm, penetration 0.000000 m
evaluation 1620: speed 0.058937, force 0.0074 N, moment 0.0024 Nm, torque margin 0.1281 Nm, penetration 0.000000 m
evaluation 1630: speed 0.058937, force 0.0074 N, moment 0.0024 Nm, torque margin 0.1281 Nm, penetration 0.000000 m
evaluation 1640: speed 0.058937, force 0.0074 N, moment 0.0024 Nm, torque margin 0.1281 Nm, penetration 0.000000 m
evaluation 1650: speed 0.058937, force 0.0074 N, moment 0.0024 Nm, torque margin 0.1281 Nm, penetration 0.000000 m
evaluation 1660: speed 0.058937, force 0.0074 N, moment 0.0024 Nm, torque margin 0.1281 Nm, penetration 0.000000 m
evaluation 1670: speed 0.058937, force 0.0074 N, moment 0.0024 Nm, torque margin 0.1281 Nm, penetration 0.000000 m
evaluation 1680: speed 0.058937, force 0.0074 N, moment 0.0024 Nm, torque margin 0.1281 Nm, penetration 0.000000 m
real 497.09
user 493.49
sys 0.66
