evaluation 10: speed 0.041099, force 0.0192 N, moment 0.0062 Nm, torque margin 0.2325 Nm, penetration 0.000006 m
evaluation 20: speed 0.041099, force 0.0192 N, moment 0.0062 Nm, torque margin 0.2325 Nm, penetration 0.000006 m
evaluation 30: speed 0.041099, force 0.0192 N, moment 0.0062 Nm, torque margin 0.2325 Nm, penetration 0.000006 m
evaluation 40: speed 0.041099, force 0.0192 N, moment 0.0062 Nm, torque margin 0.2325 Nm, penetration 0.000006 m
evaluation 50: speed 0.041099, force 0.0192 N, moment 0.0062 Nm, torque margin 0.2325 Nm, penetration 0.000006 m
evaluation 60: speed 0.041099, force 0.0192 N, moment 0.0062 Nm, torque margin 0.2325 Nm, penetration 0.000006 m
evaluation 70: speed 0.041099, force 0.0193 N, moment 0.0063 Nm, torque margin 0.2325 Nm, penetration 0.000006 m
evaluation 80: speed 0.041099, force 0.0192 N, moment 0.0062 Nm, torque margin 0.2325 Nm, penetration 0.000006 m
evaluation 90: speed 0.041099, force 0.0190 N, moment 0.0062 Nm, torque margin 0.2325 Nm, penetration 0.000006 m
evaluation 100: speed 0.041099, force 0.0192 N, moment 0.0062 Nm, torque margin 0.2327 Nm, penetration 0.000006 m
evaluation 110: speed 0.069614, force 0.0479 N, moment 0.0155 Nm, torque margin -0.0827 Nm, penetration 0.000034 m
evaluation 120: speed 0.069604, force 0.0479 N, moment 0.0155 Nm, torque margin -0.0827 Nm, penetration 0.000034 m
evaluation 130: speed 0.069604, force 0.0479 N, moment 0.0155 Nm, torque margin -0.0827 Nm, penetration 0.000034 m
evaluation 140: speed 0.069604, force 0.0478 N, moment 0.0154 Nm, torque margin -0.0827 Nm, penetration 0.000034 m
evaluation 150: speed 0.069604, force 0.0479 N, moment 0.0155 Nm, torque margin -0.0827 Nm, penetration 0.000034 m
evaluation 160: speed 0.069604, force 0.0479 N, moment 0.0155 Nm, torque margin -0.0827 Nm, penetration 0.000034 m
evaluation 170: speed 0.069604, force 0.0479 N, moment 0.0155 Nm, torque margin -0.0827 Nm, penetration 0.000034 m
evaluation 180: speed 0.069604, force 0.0479 N, moment 0.0155 Nm, torque margin -0.0827 Nm, penetration 0.000034 m
evaluation 190: speed 0.069604, force 0.0479 N, moment 0.0155 Nm, torque margin -0.0827 Nm, penetration 0.000034 m
evaluation 200: speed 0.069604, force 0.0477 N, moment 0.0154 Nm, torque margin -0.0827 Nm, penetration 0.000034 m
evaluation 210: speed 0.069604, force 0.0479 N, moment 0.0155 Nm, torque margin -0.0827 Nm, penetration 0.000034 m
evaluation 220: speed 0.072501, force 0.0499 N, moment 0.0161 Nm, torque margin -0.0852 Nm, penetration 0.000030 m
evaluation 230: speed 0.072501, force 0.0511 N, moment 0.0165 Nm, torque margin -0.0852 Nm, penetration 0.000030 m
evaluation 240: speed 0.072501, force 0.0500 N, moment 0.0162 Nm, torque margin -0.0852 Nm, penetration 0.000030 m
evaluation 250: speed 0.072501, force 0.0500 N, moment 0.0162 Nm, torque margin -0.0852 Nm, penetration 0.000030 m
evaluation 260: speed 0.072501, force 0.0500 N, moment 0.0162 Nm, torque margin -0.0852 Nm, penetration 0.000030 m
evaluation 270: speed 0.072501, force 0.0500 N, moment 0.0162 Nm, torque margin -0.0852 Nm, penetration 0.000030 m
evaluation 280: speed 0.072501, force 0.0500 N, moment 0.0162 Nm, torque margin -0.0852 Nm, penetration 0.000030 m
evaluation 290: speed 0.072501, force 0.0501 N, moment 0.0162 Nm, torque margin -0.0852 Nm, penetration 0.000030 m
evaluation 300: speed 0.072501, force 0.0500 N, moment 0.0162 Nm, torque margin -0.0852 Nm, penetration 0.000030 m
evaluation 310: speed 0.072501, force 0.0500 N, moment 0.0162 Nm, torque margin -0.0852 Nm, penetration 0.000030 m
evaluation 320: speed 0.073360, force 0.0502 N, moment 0.0163 Nm, torque margin -0.0847 Nm, penetration 0.000030 m
evaluation 330: speed 0.073354, force 0.0504 N, moment 0.0163 Nm, torque margin -0.0847 Nm, penetration 0.000030 m
evaluation 340: speed 0.073354, force 0.0504 N, moment 0.0163 Nm, torque margin -0.0847 Nm, penetration 0.000030 m
evaluation 350: speed 0.073354, force 0.0503 N, moment 0.0163 Nm, torque margin -0.0850 Nm, penetration 0.000030 m
evaluation 360: speed 0.073354, force 0.0504 N, moment 0.0163 Nm, torque margin -0.0847 Nm, penetration 0.000030 m
evaluation 370: speed 0.073354, force 0.0504 N, moment 0.0163 Nm, torque margin -0.0847 Nm, penetration 0.000030 m
evaluation 380: speed 0.073354, force 0.0504 N, moment 0.0163 Nm, torque margin -0.0847 Nm, penetration 0.000030 m
evaluation 390: speed 0.073354, force 0.0502 N, moment 0.0162 Nm, torque margin -0.0847 Nm, penetration 0.000030 m
evaluation 400: speed 0.073354, force 0.0504 N, moment 0.0163 Nm, torque margin -0.0847 Nm, penetration 0.000030 m
evaluation 410: speed 0.073354, force 0.0506 N, moment 0.0164 Nm, torque margin -0.0847 Nm, penetration 0.000030 m
evaluation 420: speed 0.073354, force 0.0504 N, moment 0.0163 Nm, torque margin -0.0847 Nm, penetration 0.000030 m
evaluation 430: speed 0.075965, force 0.0520 N, moment 0.0168 Nm, torque margin -0.0849 Nm, penetration 0.000028 m
evaluation 440: speed 0.075965, force 0.0520 N, moment 0.0168 Nm, torque margin -0.0849 Nm, penetration 0.000028 m
evaluation 450: speed 0.075965, force 0.0520 N, moment 0.0168 Nm, torque margin -0.0849 Nm, penetration 0.000028 m
evaluation 460: speed 0.075965, force 0.0519 N, moment 0.0168 Nm, torque margin -0.0849 Nm, penetration 0.000028 m
evaluation 470: speed 0.075965, force 0.0520 N, moment 0.0168 Nm, torque margin -0.0849 Nm, penetration 0.000028 m
evaluation 480: speed 0.075965, force 0.0520 N, moment 0.0168 Nm, torque margin -0.0849 Nm, penetration 0.000028 m
evaluation 490: speed 0.075965, force 0.0520 N, moment 0.0168 Nm, torque margin -0.0849 Nm, penetration 0.000028 m
evaluation 500: speed 0.075965, force 0.0520 N, moment 0.0168 Nm, torque margin -0.0849 Nm, penetration 0.000028 m
evaluation 510: speed 0.075965, force 0.0520 N, moment 0.0168 Nm, torque margin -0.0849 Nm, penetration 0.000028 m
evaluation 520: speed 0.075965, force 0.0518 N, moment 0.0168 Nm, torque margin -0.0849 Nm, penetration 0.000028 m
evaluation 530: speed 0.075965, force 0.0520 N, moment 0.0168 Nm, torque margin -0.0849 Nm, penetration 0.000028 m
evaluation 540: speed 0.076777, force 0.0526 N, moment 0.0170 Nm, torque margin -0.0854 Nm, penetration 0.000028 m
evaluation 550: speed 0.076777, force 0.0538 N, moment 0.0174 Nm, torque margin -0.0854 Nm, penetration 0.000028 m
evaluation 560: speed 0.076777, force 0.0527 N, moment 0.0171 Nm, torque margin -0.0854 Nm, penetration 0.000028 m
evaluation 570: speed 0.076777, force 0.0527 N, moment 0.0171 Nm, torque margin -0.0854 Nm, penetration 0.000028 m
evaluation 580: speed 0.076777, force 0.0527 N, moment 0.0171 Nm, torque margin -0.0854 Nm, penetration 0.000028 m
evaluation 590: speed 0.076777, force 0.0527 N, moment 0.0171 Nm, torque margin -0.0854 Nm, penetration 0.000028 m
evaluation 600: speed 0.076777, force 0.0527 N, moment 0.0171 Nm, torque margin -0.0854 Nm, penetration 0.000028 m
evaluation 610: speed 0.076777, force 0.0528 N, moment 0.0171 Nm, torque margin -0.0854 Nm, penetration 0.000028 m
evaluation 620: speed 0.076777, force 0.0527 N, moment 0.0171 Nm, torque margin -0.0854 Nm, penetration 0.000028 m
evaluation 630: speed 0.076777, force 0.0527 N, moment 0.0171 Nm, torque margin -0.0854 Nm, penetration 0.000028 m
evaluation 640: speed 0.077030, force 0.0528 N, moment 0.0171 Nm, torque margin -0.0855 Nm, penetration 0.000027 m
evaluation 650: speed 0.077023, force 0.0529 N, moment 0.0171 Nm, torque margin -0.0855 Nm, penetration 0.000027 m
evaluation 660: speed 0.077023, force 0.0529 N, moment 0.0171 Nm, torque margin -0.0855 Nm, penetration 0.000027 m
evaluation 670: speed 0.077023, force 0.0528 N, moment 0.0171 Nm, torque margin -0.0855 Nm, penetration 0.000027 m
evaluation 680: speed 0.077023, force 0.0529 N, moment 0.0171 Nm, torque margin -0.0855 Nm, penetration 0.000027 m
evaluation 690: speed 0.077023, force 0.0529 N, moment 0.0171 Nm, torque margin -0.0855 Nm, penetration 0.000027 m
evaluation 700: speed 0.077023, force 0.0529 N, moment 0.0171 Nm, torque margin -0.0855 Nm, penetration 0.000027 m
evaluation 710: speed 0.077023, force 0.0528 N, moment 0.0171 Nm, torque margin -0.0855 Nm, penetration 0.000027 m
evaluation 720: speed 0.077023, force 0.0529 N, moment 0.0171 Nm, torque margin -0.0855 Nm, penetration 0.000027 m
evaluation 730: speed 0.077023, force 0.0531 N, moment 0.0172 Nm, torque margin -0.0855 Nm, penetration 0.000027 m
evaluation 740: speed 0.077023, force 0.0529 N, moment 0.0171 Nm, torque margin -0.0855 Nm, penetration 0.000027 m
evaluation 750: speed 0.077764, force 0.0536 N, moment 0.0173 Nm, torque margin -0.0861 Nm, penetration 0.000027 m
evaluation 760: speed 0.077764, force 0.0536 N, moment 0.0173 Nm, torque margin -0.0860 Nm, penetration 0.000027 m
evaluation 770: speed 0.077764, force 0.0536 N, moment 0.0173 Nm, torque margin -0.0860 Nm, penetration 0.000027 m
evaluation 780: speed 0.077764, force 0.0535 N, moment 0.0173 Nm, torque margin -0.0860 Nm, penetration 0.000027 m
evaluation 790: speed 0.077764, force 0.0536 N, moment 0.0173 Nm, torque margin -0.0860 Nm, penetration 0.000027 m
evaluation 800: speed 0.077764, force 0.0536 N, moment 0.0173 Nm, torque margin -0.0860 Nm, penetration 0.000027 m
evaluation 810: speed 0.077764, force 0.0536 N, moment 0.0173 Nm, torque margin -0.0860 Nm, penetration 0.000027 m
evaluation 820: speed 0.077764, force 0.0536 N, moment 0.0173 Nm, torque margin -0.0860 Nm, penetration 0.000027 m
evaluation 830: speed 0.077764, force 0.0536 N, moment 0.0173 Nm, torque margin -0.0860 Nm, penetration 0.000027 m
evaluation 840: speed 0.077764, force 0.0535 N, moment 0.0173 Nm, torque margin -0.0860 Nm, penetration 0.000027 m
evaluation 850: speed 0.077764, force 0.0536 N, moment 0.0173 Nm, torque margin -0.0860 Nm, penetration 0.000027 m
evaluation 860: speed 0.077981, force 0.0535 N, moment 0.0173 Nm, torque margin -0.0862 Nm, penetration 0.000027 m
evaluation 870: speed 0.077981, force 0.0547 N, moment 0.0177 Nm, torque margin -0.0862 Nm, penetration 0.000027 m
evaluation 880: speed 0.077981, force 0.0536 N, moment 0.0173 Nm, torque margin -0.0862 Nm, penetration 0.000027 m
evaluation 890: speed 0.077981, force 0.0536 N, moment 0.0173 Nm, torque margin -0.0862 Nm, penetration 0.000027 m
evaluation 900: speed 0.077981, force 0.0536 N, moment 0.0173 Nm, torque margin -0.0862 Nm, penetration 0.000027 m
evaluation 910: speed 0.077981, force 0.0536 N, moment 0.0173 Nm, torque margin -0.0862 Nm, penetration 0.000027 m
evaluation 920: speed 0.077981, force 0.0536 N, moment 0.0173 Nm, torque margin -0.0862 Nm, penetration 0.000027 m
evaluation 930: speed 0.077981, force 0.0537 N, moment 0.0174 Nm, torque margin -0.0862 Nm, penetration 0.000027 m
evaluation 940: speed 0.077981, force 0.0536 N, moment 0.0173 Nm, torque margin -0.0862 Nm, penetration 0.000027 m
evaluation 950: speed 0.077981, force 0.0536 N, moment 0.0173 Nm, torque margin -0.0862 Nm, penetration 0.000027 m
evaluation 960: speed 0.078174, force 0.0504 N, moment 0.0163 Nm, torque margin -0.0864 Nm, penetration 0.000027 m
evaluation 970: speed 0.078180, force 0.0502 N, moment 0.0163 Nm, torque margin -0.0864 Nm, penetration 0.000027 m
evaluation 980: speed 0.078180, force 0.0502 N, moment 0.0163 Nm, torque margin -0.0864 Nm, penetration 0.000027 m
evaluation 990: speed 0.078180, force 0.0503 N, moment 0.0163 Nm, torque margin -0.0864 Nm, penetration 0.000027 m
evaluation 1000: speed 0.078180, force 0.0502 N, moment 0.0163 Nm, torque margin -0.0864 Nm, penetration 0.000027 m
evaluation 1010: speed 0.078180, force 0.0502 N, moment 0.0163 Nm, torque margin -0.0864 Nm, penetration 0.000027 m
evaluation 1020: speed 0.078180, force 0.0502 N, moment 0.0163 Nm, torque margin -0.0864 Nm, penetration 0.000027 m
evaluation 1030: speed 0.078180, force 0.0502 N, moment 0.0163 Nm, torque margin -0.0864 Nm, penetration 0.000027 m
evaluation 1040: speed 0.078180, force 0.0498 N, moment 0.0161 Nm, torque margin -0.0864 Nm, penetration 0.000027 m
evaluation 1050: speed 0.078180, force 0.0502 N, moment 0.0162 Nm, torque margin -0.0864 Nm, penetration 0.000027 m
evaluation 1060: speed 0.078180, force 0.0503 N, moment 0.0163 Nm, torque margin -0.0864 Nm, penetration 0.000027 m
evaluation 1070: speed 0.078246, force 0.0515 N, moment 0.0167 Nm, torque margin -0.0865 Nm, penetration 0.000027 m
evaluation 1080: speed 0.078246, force 0.0515 N, moment 0.0167 Nm, torque margin -0.0865 Nm, penetration 0.000027 m
evaluation 1090: speed 0.078246, force 0.0515 N, moment 0.0167 Nm, torque margin -0.0865 Nm, penetration 0.000027 m
evaluation 1100: speed 0.078246, force 0.0514 N, moment 0.0166 Nm, torque margin -0.0865 Nm, penetration 0.000027 m
evaluation 1110: speed 0.078246, force 0.0515 N, moment 0.0167 Nm, torque margin -0.0865 Nm, penetration 0.000027 m
evaluation 1120: speed 0.078246, force 0.0515 N, moment 0.0167 Nm, torque margin -0.0865 Nm, penetration 0.000027 m
evaluation 1130: speed 0.078246, force 0.0515 N, moment 0.0167 Nm, torque margin -0.0865 Nm, penetration 0.000027 m
evaluation 1140: speed 0.078246, force 0.0515 N, moment 0.0167 Nm, torque margin -0.0865 Nm, penetration 0.000027 m
evaluation 1150: speed 0.078246, force 0.0515 N, moment 0.0167 Nm, torque margin -0.0865 Nm, penetration 0.000027 m
evaluation 1160: speed 0.078246, force 0.0513 N, moment 0.0166 Nm, torque margin -0.0865 Nm, penetration 0.000027 m
evaluation 1170: speed 0.078246, force 0.0515 N, moment 0.0167 Nm, torque margin -0.0865 Nm, penetration 0.000027 m
evaluation 1180: speed 0.078426, force 0.0493 N, moment 0.0160 Nm, torque margin -0.0866 Nm, penetration 0.000027 m
evaluation 1190: speed 0.078426, force 0.0493 N, moment 0.0159 Nm, torque margin -0.0866 Nm, penetration 0.000027 m
evaluation 1200: speed 0.078426, force 0.0493 N, moment 0.0159 Nm, torque margin -0.0866 Nm, penetration 0.000027 m
evaluation 1210: speed 0.078426, force 0.0493 N, moment 0.0159 Nm, torque margin -0.0866 Nm, penetration 0.000027 m
evaluation 1220: speed 0.078426, force 0.0493 N, moment 0.0159 Nm, torque margin -0.0866 Nm, penetration 0.000027 m
evaluation 1230: speed 0.078426, force 0.0493 N, moment 0.0159 Nm, torque margin -0.0866 Nm, penetration 0.000027 m
evaluation 1240: speed 0.078426, force 0.0493 N, moment 0.0159 Nm, torque margin -0.0866 Nm, penetration 0.000027 m
evaluation 1250: speed 0.078426, force 0.0492 N, moment 0.0159 Nm, torque margin -0.0866 Nm, penetration 0.000027 m
evaluation 1260: speed 0.078426, force 0.0493 N, moment 0.0159 Nm, torque margin -0.0866 Nm, penetration 0.000027 m
evaluation 1270: speed 0.078426, force 0.0493 N, moment 0.0159 Nm, torque margin -0.0866 Nm, penetration 0.000027 m
evaluation 1280: speed 0.078478, force 0.0510 N, moment 0.0165 Nm, torque margin -0.0867 Nm, penetration 0.000027 m
evaluation 1290: speed 0.078484, force 0.0508 N, moment 0.0164 Nm, torque margin -0.0867 Nm, penetration 0.000027 m
evaluation 1300: speed 0.078484, force 0.0509 N, moment 0.0164 Nm, torque margin -0.0867 Nm, penetration 0.000027 m
evaluation 1310: speed 0.078484, force 0.0509 N, moment 0.0165 Nm, torque margin -0.0867 Nm, penetration 0.000027 m
evaluation 1320: speed 0.078484, force 0.0508 N, moment 0.0164 Nm, torque margin -0.0867 Nm, penetration 0.000027 m
evaluation 1330: speed 0.078484, force 0.0508 N, moment 0.0164 Nm, torque margin -0.0867 Nm, penetration 0.000027 m
evaluation 1340: speed 0.078484, force 0.0508 N, moment 0.0164 Nm, torque margin -0.0867 Nm, penetration 0.000027 m
evaluation 1350: speed 0.078484, force 0.0508 N, moment 0.0164 Nm, torque margin -0.0867 Nm, penetration 0.000027 m
evaluation 1360: speed 0.078484, force 0.0504 N, moment 0.0163 Nm, torque margin -0.0867 Nm, penetration 0.000027 m
evaluation 1370: speed 0.078484, force 0.0508 N, moment 0.0164 Nm, torque margin -0.0867 Nm, penetration 0.000027 m
evaluation 1380: speed 0.078484, force 0.0509 N, moment 0.0165 Nm, torque margin -0.0867 Nm, penetration 0.000027 m
evaluation 1390: speed 0.078537, force 0.0486 N, moment 0.0157 Nm, torque margin -0.0867 Nm, penetration 0.000027 m
evaluation 1400: speed 0.078537, force 0.0487 N, moment 0.0157 Nm, torque margin -0.0867 Nm, penetration 0.000027 m
evaluation 1410: speed 0.078537, force 0.0487 N, moment 0.0157 Nm, torque margin -0.0867 Nm, penetration 0.000027 m
evaluation 1420: speed 0.078537, force 0.0487 N, moment 0.0157 Nm, torque margin -0.0867 Nm, penetration 0.000027 m
evaluation 1430: speed 0.078537, force 0.0487 N, moment 0.0157 Nm, torque margin -0.0867 Nm, penetration 0.000027 m
evaluation 1440: speed 0.078537, force 0.0487 N, moment 0.0157 Nm, torque margin -0.0867 Nm, penetration 0.000027 m
evaluation 1450: speed 0.078537, force 0.0487 N, moment 0.0157 Nm, torque margin -0.0867 Nm, penetration 0.000027 m
evaluation 1460: speed 0.078537, force 0.0487 N, moment 0.0157 Nm, torque margin -0.0867 Nm, penetration 0.000027 m
evaluation 1470: speed 0.078537, force 0.0487 N, moment 0.0157 Nm, torque margin -0.0867 Nm, penetration 0.000027 m
evaluation 1480: speed 0.078537, force 0.0487 N, moment 0.0157 Nm, torque margin -0.0867 Nm, penetration 0.000027 m
evaluation 1490: speed 0.078711, force 0.0520 N, moment 0.0168 Nm, torque margin -0.0869 Nm, penetration 0.000027 m
evaluation 1500: speed 0.078554, force 0.0494 N, moment 0.0160 Nm, torque margin -0.0867 Nm, penetration 0.000027 m
evaluation 1510: speed 0.078554, force 0.0494 N, moment 0.0160 Nm, torque margin -0.0867 Nm, penetration 0.000027 m
evaluation 1520: speed 0.078554, force 0.0494 N, moment 0.0160 Nm, torque margin -0.0867 Nm, penetration 0.000027 m
evaluation 1530: speed 0.078554, force 0.0494 N, moment 0.0160 Nm, torque margin -0.0867 Nm, penetration 0.000027 m
evaluation 1540: speed 0.078554, force 0.0494 N, moment 0.0160 Nm, torque margin -0.0867 Nm, penetration 0.000027 m
evaluation 1550: speed 0.078554, force 0.0494 N, moment 0.0160 Nm, torque margin -0.0867 Nm, penetration 0.000027 m
evaluation 1560: speed 0.078554, force 0.0494 N, moment 0.0160 Nm, torque margin -0.0867 Nm, penetration 0.000027 m
evaluation 1570: speed 0.078554, force 0.0493 N, moment 0.0160 Nm, torque margin -0.0867 Nm, penetration 0.000027 m
evaluation 1580: speed 0.078554, force 0.0494 N, moment 0.0160 Nm, torque margin -0.0867 Nm, penetration 0.000027 m
evaluation 1590: speed 0.078554, force 0.0494 N, moment 0.0160 Nm, torque margin -0.0867 Nm, penetration 0.000027 m
evaluation 1600: speed 0.078595, force 0.0496 N, moment 0.0160 Nm, torque margin -0.0868 Nm, penetration 0.000027 m
evaluation 1610: speed 0.078606, force 0.0496 N, moment 0.0161 Nm, torque margin -0.0868 Nm, penetration 0.000027 m
evaluation 1620: speed 0.078606, force 0.0496 N, moment 0.0161 Nm, torque margin -0.0868 Nm, penetration 0.000027 m
evaluation 1630: speed 0.078606, force 0.0496 N, moment 0.0161 Nm, torque margin -0.0868 Nm, penetration 0.000027 m
evaluation 1640: speed 0.078606, force 0.0496 N, moment 0.0161 Nm, torque margin -0.0868 Nm, penetration 0.000027 m
evaluation 1650: speed 0.078606, force 0.0496 N, moment 0.0161 Nm, torque margin -0.0868 Nm, penetration 0.000027 m
evaluation 1660: speed 0.078606, force 0.0496 N, moment 0.0161 Nm, torque margin -0.0868 Nm, penetration 0.000027 m
evaluation 1670: speed 0.078606, force 0.0496 N, moment 0.0161 Nm, torque margin -0.0868 Nm, penetration 0.000027 m
evaluation 1680: speed 0.078606, force 0.0501 N, moment 0.0162 Nm, torque margin -0.0868 Nm, penetration 0.000027 m
evaluation 1690: speed 0.078606, force 0.0496 N, moment 0.0161 Nm, torque margin -0.0868 Nm, penetration 0.000027 m
evaluation 1700: speed 0.078606, force 0.0496 N, moment 0.0160 Nm, torque margin -0.0868 Nm, penetration 0.000027 m
real 517.22
user 513.59
sys 0.86
