   Compiling sim-runtime v0.1.0 (/Users/elliot/physics-simulator-gait-exploration/crates/sim-runtime)
    Finished `test` profile [optimized + debuginfo] target(s) in 45.33s
     Running tests/initial_base_pose.rs (/Users/elliot/physics-simulator/target/gait-exploration/debug/deps/initial_base_pose-ac1b4ddeb82c4445)

running 1 test
test explicit_initial_rotation_preserves_mechanism_and_replays ... ok

test result: ok. 1 passed; 0 failed; 0 ignored; 0 measured; 0 filtered out; finished in 0.06s

     Running tests/lift.rs (/Users/elliot/physics-simulator/target/gait-exploration/debug/deps/lift-dc4b2c1d6a07fba3)

running 3 tests
test clearance_only_scope_is_explicit_and_cannot_claim_support ... ok
test lift_requires_simultaneous_conditions_and_consecutive_duration ... ok
test incomplete_or_invalid_evidence_cannot_pass_lift_checks ... ok

test result: ok. 3 passed; 0 failed; 0 ignored; 0 measured; 0 filtered out; finished in 0.00s

     Running tests/motion_tracking.rs (/Users/elliot/physics-simulator/target/gait-exploration/debug/deps/motion_tracking-7a869750194c23d2)

running 5 tests
test ordinary_reference_still_uses_simulation_time ... ok
test typed_numeric_metadata_accepts_json_representation_but_not_changed_values ... ok
test body_pose_error_retains_world_translation_and_rotation ... ok
test pause_and_final_hold_align_with_plan_but_world_drift_stays_visible ... ok
test incomplete_mismatched_or_invented_phase_cannot_pass ... ok

test result: ok. 5 passed; 0 failed; 0 ignored; 0 measured; 0 filtered out; finished in 0.00s

     Running tests/walking_task.rs (/Users/elliot/physics-simulator/target/gait-exploration/debug/deps/walking_task-3656273fd2aaa949)

running 6 tests
test invalid_scales_and_missing_geometry_are_rejected ... ok
test far_body_errors_have_an_explicit_bounded_cost ... ok
test canceled_prelift_recentering_earns_no_step_credit_or_failure ... ok
test truncated_swing_is_not_rewarded_as_a_completed_step ... ok
test heading_cost_wraps_angles_uses_declared_offset_and_is_bounded ... ok
test objective_checks_simultaneous_support_and_awards_each_completed_step_once ... ok

test result: ok. 6 passed; 0 failed; 0 ignored; 0 measured; 0 filtered out; finished in 0.00s
