   Compiling sim-domain-control v0.1.0 (/Users/elliot/physics-simulator-gait-exploration/crates/sim-domain-control)
    Finished `test` profile [optimized + debuginfo] target(s) in 3.08s
     Running unittests src/lib.rs (/Users/elliot/physics-simulator/target/gait-exploration/debug/deps/sim_domain_control-a95756fb84132527)

running 4 tests
test contact_phase::tests::derivatives_and_c2_phase_boundaries ... ok
test contact_phase::tests::retimed_derivatives_include_reversal_and_clock_acceleration ... ok
test contact_phase::tests::periodic_progress_and_stationary_stance ... ok
test contact_phase::tests::intervals_expose_short_flight_and_preserve_coincident_events ... ok

test result: ok. 4 passed; 0 failed; 0 ignored; 0 measured; 0 filtered out; finished in 0.00s

     Running tests/angle_integral.rs (/Users/elliot/physics-simulator/target/gait-exploration/debug/deps/angle_integral-fd9706bf96ef7852)

running 0 tests

test result: ok. 0 passed; 0 failed; 0 ignored; 0 measured; 4 filtered out; finished in 0.00s

     Running tests/command_lease.rs (/Users/elliot/physics-simulator/target/gait-exploration/debug/deps/command_lease-6e6a57827c528c19)

running 0 tests

test result: ok. 0 passed; 0 failed; 0 ignored; 0 measured; 2 filtered out; finished in 0.00s

     Running tests/load_damping.rs (/Users/elliot/physics-simulator/target/gait-exploration/debug/deps/load_damping-43cf9d51f1641aa9)

running 0 tests

test result: ok. 0 passed; 0 failed; 0 ignored; 0 measured; 2 filtered out; finished in 0.00s

     Running tests/motion_clock.rs (/Users/elliot/physics-simulator/target/gait-exploration/debug/deps/motion_clock-7a3947bef93157cc)

running 0 tests

test result: ok. 0 passed; 0 failed; 0 ignored; 0 measured; 4 filtered out; finished in 0.00s

     Running tests/neural.rs (/Users/elliot/physics-simulator/target/gait-exploration/debug/deps/neural-eb6c93dfc721fad6)

running 0 tests

test result: ok. 0 passed; 0 failed; 0 ignored; 0 measured; 4 filtered out; finished in 0.00s

     Running tests/stepping.rs (/Users/elliot/physics-simulator/target/gait-exploration/debug/deps/stepping-5547953f79ba5ca3)

running 0 tests

test result: ok. 0 passed; 0 failed; 0 ignored; 0 measured; 20 filtered out; finished in 0.00s

     Running tests/support_preload.rs (/Users/elliot/physics-simulator/target/gait-exploration/debug/deps/support_preload-960f83f25e7e87db)

running 0 tests

test result: ok. 0 passed; 0 failed; 0 ignored; 0 measured; 4 filtered out; finished in 0.00s

     Running tests/trajectory.rs (/Users/elliot/physics-simulator/target/gait-exploration/debug/deps/trajectory-0016bfced091143b)

running 0 tests

test result: ok. 0 passed; 0 failed; 0 ignored; 0 measured; 13 filtered out; finished in 0.00s
