evaluation 10: speed 0.184177, force 0.5347 N, moment 0.1730 Nm, torque margin -0.0803 Nm, penetration 0.000197 m
evaluation 20: speed 0.184177, force 0.5348 N, moment 0.1730 Nm, torque margin -0.0803 Nm, penetration 0.000197 m
evaluation 30: speed 0.184177, force 0.5347 N, moment 0.1730 Nm, torque margin -0.0803 Nm, penetration 0.000197 m
evaluation 40: speed 0.184177, force 0.5347 N, moment 0.1730 Nm, torque margin -0.0803 Nm, penetration 0.000197 m
evaluation 50: speed 0.184177, force 0.5348 N, moment 0.1731 Nm, torque margin -0.0803 Nm, penetration 0.000197 m
evaluation 60: speed 0.184177, force 0.5337 N, moment 0.1727 Nm, torque margin -0.0803 Nm, penetration 0.000197 m
evaluation 70: speed 0.184177, force 0.5348 N, moment 0.1730 Nm, torque margin -0.0803 Nm, penetration 0.000197 m
evaluation 80: speed 0.184177, force 0.5348 N, moment 0.1730 Nm, torque margin -0.0803 Nm, penetration 0.000197 m
evaluation 90: speed 0.184177, force 0.5347 N, moment 0.1730 Nm, torque margin -0.0803 Nm, penetration 0.000197 m
evaluation 100: speed 0.184177, force 0.5345 N, moment 0.1729 Nm, torque margin -0.0803 Nm, penetration 0.000197 m
evaluation 110: speed 0.133104, force 0.1786 N, moment 0.0574 Nm, torque margin -0.0929 Nm, penetration 0.000014 m
evaluation 120: speed 0.133090, force 0.1786 N, moment 0.0574 Nm, torque margin -0.0929 Nm, penetration 0.000014 m
evaluation 130: speed 0.133090, force 0.1786 N, moment 0.0575 Nm, torque margin -0.0929 Nm, penetration 0.000014 m
evaluation 140: speed 0.133090, force 0.1786 N, moment 0.0574 Nm, torque margin -0.0929 Nm, penetration 0.000014 m
evaluation 150: speed 0.133090, force 0.1784 N, moment 0.0574 Nm, torque margin -0.0929 Nm, penetration 0.000014 m
evaluation 160: speed 0.133090, force 0.1786 N, moment 0.0574 Nm, torque margin -0.0929 Nm, penetration 0.000014 m
evaluation 170: speed 0.133090, force 0.1785 N, moment 0.0574 Nm, torque margin -0.0929 Nm, penetration 0.000014 m
evaluation 180: speed 0.133090, force 0.1786 N, moment 0.0574 Nm, torque margin -0.0929 Nm, penetration 0.000014 m
evaluation 190: speed 0.133090, force 0.1783 N, moment 0.0573 Nm, torque margin -0.0929 Nm, penetration 0.000014 m
evaluation 200: speed 0.133090, force 0.1786 N, moment 0.0574 Nm, torque margin -0.0929 Nm, penetration 0.000014 m
evaluation 210: speed 0.133090, force 0.1786 N, moment 0.0574 Nm, torque margin -0.0929 Nm, penetration 0.000014 m
evaluation 220: speed 0.100638, force 0.2904 N, moment 0.0937 Nm, torque margin -0.0873 Nm, penetration 0.000008 m
evaluation 230: speed 0.100638, force 0.2904 N, moment 0.0937 Nm, torque margin -0.0873 Nm, penetration 0.000008 m
evaluation 240: speed 0.100638, force 0.2903 N, moment 0.0936 Nm, torque margin -0.0873 Nm, penetration 0.000008 m
evaluation 250: speed 0.100638, force 0.2904 N, moment 0.0937 Nm, torque margin -0.0873 Nm, penetration 0.000008 m
evaluation 260: speed 0.100638, force 0.2904 N, moment 0.0937 Nm, torque margin -0.0873 Nm, penetration 0.000008 m
evaluation 270: speed 0.100638, force 0.2904 N, moment 0.0937 Nm, torque margin -0.0873 Nm, penetration 0.000008 m
evaluation 280: speed 0.100638, force 0.2904 N, moment 0.0937 Nm, torque margin -0.0873 Nm, penetration 0.000008 m
evaluation 290: speed 0.100638, force 0.2899 N, moment 0.0935 Nm, torque margin -0.0873 Nm, penetration 0.000008 m
evaluation 300: speed 0.100638, force 0.2904 N, moment 0.0936 Nm, torque margin -0.0873 Nm, penetration 0.000008 m
evaluation 310: speed 0.100638, force 0.2904 N, moment 0.0937 Nm, torque margin -0.0873 Nm, penetration 0.000008 m
evaluation 320: speed 0.090662, force 0.0708 N, moment 0.0228 Nm, torque margin -0.0822 Nm, penetration 0.000006 m
evaluation 330: speed 0.090662, force 0.0708 N, moment 0.0229 Nm, torque margin -0.0822 Nm, penetration 0.000006 m
evaluation 340: speed 0.090662, force 0.0708 N, moment 0.0229 Nm, torque margin -0.0822 Nm, penetration 0.000006 m
evaluation 350: speed 0.090662, force 0.0708 N, moment 0.0229 Nm, torque margin -0.0822 Nm, penetration 0.000006 m
evaluation 360: speed 0.090662, force 0.0708 N, moment 0.0228 Nm, torque margin -0.0822 Nm, penetration 0.000006 m
evaluation 370: speed 0.090662, force 0.0708 N, moment 0.0228 Nm, torque margin -0.0822 Nm, penetration 0.000006 m
evaluation 380: speed 0.090662, force 0.0708 N, moment 0.0229 Nm, torque margin -0.0822 Nm, penetration 0.000006 m
evaluation 390: speed 0.090662, force 0.0708 N, moment 0.0229 Nm, torque margin -0.0822 Nm, penetration 0.000006 m
evaluation 400: speed 0.090662, force 0.0708 N, moment 0.0228 Nm, torque margin -0.0822 Nm, penetration 0.000006 m
evaluation 410: speed 0.090662, force 0.0708 N, moment 0.0229 Nm, torque margin -0.0822 Nm, penetration 0.000006 m
evaluation 420: speed 0.089044, force 0.0808 N, moment 0.0261 Nm, torque margin -0.0807 Nm, penetration 0.000003 m
evaluation 430: speed 0.089044, force 0.0808 N, moment 0.0261 Nm, torque margin -0.0807 Nm, penetration 0.000003 m
evaluation 440: speed 0.089044, force 0.0808 N, moment 0.0261 Nm, torque margin -0.0807 Nm, penetration 0.000003 m
evaluation 450: speed 0.089044, force 0.0807 N, moment 0.0261 Nm, torque margin -0.0807 Nm, penetration 0.000003 m
evaluation 460: speed 0.089044, force 0.0808 N, moment 0.0261 Nm, torque margin -0.0807 Nm, penetration 0.000003 m
evaluation 470: speed 0.089044, force 0.0808 N, moment 0.0261 Nm, torque margin -0.0807 Nm, penetration 0.000003 m
evaluation 480: speed 0.089044, force 0.0808 N, moment 0.0261 Nm, torque margin -0.0807 Nm, penetration 0.000003 m
evaluation 490: speed 0.089044, force 0.0806 N, moment 0.0260 Nm, torque margin -0.0807 Nm, penetration 0.000003 m
evaluation 500: speed 0.089044, force 0.0808 N, moment 0.0261 Nm, torque margin -0.0807 Nm, penetration 0.000003 m
evaluation 510: speed 0.089044, force 0.0811 N, moment 0.0262 Nm, torque margin -0.0807 Nm, penetration 0.000003 m
evaluation 520: speed 0.089044, force 0.0808 N, moment 0.0261 Nm, torque margin -0.0807 Nm, penetration 0.000003 m
evaluation 530: speed 0.088496, force 0.0785 N, moment 0.0254 Nm, torque margin -0.0798 Nm, penetration 0.000004 m
evaluation 540: speed 0.088484, force 0.0785 N, moment 0.0254 Nm, torque margin -0.0798 Nm, penetration 0.000004 m
evaluation 550: speed 0.088484, force 0.0785 N, moment 0.0254 Nm, torque margin -0.0798 Nm, penetration 0.000004 m
evaluation 560: speed 0.088484, force 0.0786 N, moment 0.0254 Nm, torque margin -0.0798 Nm, penetration 0.000004 m
evaluation 570: speed 0.088484, force 0.0785 N, moment 0.0254 Nm, torque margin -0.0798 Nm, penetration 0.000004 m
evaluation 580: speed 0.088484, force 0.0785 N, moment 0.0254 Nm, torque margin -0.0798 Nm, penetration 0.000004 m
evaluation 590: speed 0.088484, force 0.0785 N, moment 0.0254 Nm, torque margin -0.0798 Nm, penetration 0.000004 m
evaluation 600: speed 0.088484, force 0.0785 N, moment 0.0254 Nm, torque margin -0.0798 Nm, penetration 0.000004 m
evaluation 610: speed 0.088484, force 0.0785 N, moment 0.0254 Nm, torque margin -0.0798 Nm, penetration 0.000004 m
evaluation 620: speed 0.088484, force 0.0787 N, moment 0.0254 Nm, torque margin -0.0798 Nm, penetration 0.000004 m
evaluation 630: speed 0.088484, force 0.0785 N, moment 0.0254 Nm, torque margin -0.0798 Nm, penetration 0.000004 m
evaluation 640: speed 0.087601, force 0.0767 N, moment 0.0248 Nm, torque margin -0.0789 Nm, penetration 0.000004 m
evaluation 650: speed 0.087601, force 0.0768 N, moment 0.0248 Nm, torque margin -0.0789 Nm, penetration 0.000004 m
evaluation 660: speed 0.087601, force 0.0768 N, moment 0.0248 Nm, torque margin -0.0789 Nm, penetration 0.000004 m
evaluation 670: speed 0.087601, force 0.0768 N, moment 0.0248 Nm, torque margin -0.0789 Nm, penetration 0.000004 m
evaluation 680: speed 0.087601, force 0.0768 N, moment 0.0248 Nm, torque margin -0.0789 Nm, penetration 0.000004 m
evaluation 690: speed 0.087601, force 0.0768 N, moment 0.0248 Nm, torque margin -0.0789 Nm, penetration 0.000004 m
evaluation 700: speed 0.087601, force 0.0768 N, moment 0.0248 Nm, torque margin -0.0789 Nm, penetration 0.000004 m
evaluation 710: speed 0.087601, force 0.0769 N, moment 0.0248 Nm, torque margin -0.0789 Nm, penetration 0.000004 m
evaluation 720: speed 0.087601, force 0.0768 N, moment 0.0248 Nm, torque margin -0.0789 Nm, penetration 0.000004 m
evaluation 730: speed 0.087601, force 0.0768 N, moment 0.0248 Nm, torque margin -0.0789 Nm, penetration 0.000004 m
evaluation 740: speed 0.087446, force 0.0761 N, moment 0.0246 Nm, torque margin -0.0787 Nm, penetration 0.000004 m
evaluation 750: speed 0.087438, force 0.0762 N, moment 0.0246 Nm, torque margin -0.0787 Nm, penetration 0.000004 m
evaluation 760: speed 0.087438, force 0.0762 N, moment 0.0246 Nm, torque margin -0.0787 Nm, penetration 0.000004 m
evaluation 770: speed 0.087438, force 0.0761 N, moment 0.0246 Nm, torque margin -0.0787 Nm, penetration 0.000004 m
evaluation 780: speed 0.087438, force 0.0762 N, moment 0.0246 Nm, torque margin -0.0787 Nm, penetration 0.000004 m
evaluation 790: speed 0.087438, force 0.0762 N, moment 0.0246 Nm, torque margin -0.0787 Nm, penetration 0.000004 m
evaluation 800: speed 0.087438, force 0.0762 N, moment 0.0246 Nm, torque margin -0.0787 Nm, penetration 0.000004 m
evaluation 810: speed 0.087438, force 0.0760 N, moment 0.0246 Nm, torque margin -0.0787 Nm, penetration 0.000004 m
evaluation 820: speed 0.087438, force 0.0762 N, moment 0.0246 Nm, torque margin -0.0787 Nm, penetration 0.000004 m
evaluation 830: speed 0.087438, force 0.0765 N, moment 0.0247 Nm, torque margin -0.0787 Nm, penetration 0.000004 m
evaluation 840: speed 0.087438, force 0.0762 N, moment 0.0246 Nm, torque margin -0.0787 Nm, penetration 0.000004 m
evaluation 850: speed 0.086789, force 0.0748 N, moment 0.0242 Nm, torque margin -0.0780 Nm, penetration 0.000004 m
evaluation 860: speed 0.086789, force 0.0748 N, moment 0.0241 Nm, torque margin -0.0780 Nm, penetration 0.000004 m
evaluation 870: speed 0.086789, force 0.0748 N, moment 0.0241 Nm, torque margin -0.0780 Nm, penetration 0.000004 m
evaluation 880: speed 0.086789, force 0.0747 N, moment 0.0241 Nm, torque margin -0.0780 Nm, penetration 0.000004 m
evaluation 890: speed 0.086789, force 0.0748 N, moment 0.0241 Nm, torque margin -0.0780 Nm, penetration 0.000004 m
evaluation 900: speed 0.086789, force 0.0748 N, moment 0.0241 Nm, torque margin -0.0780 Nm, penetration 0.000004 m
evaluation 910: speed 0.086789, force 0.0748 N, moment 0.0241 Nm, torque margin -0.0780 Nm, penetration 0.000004 m
evaluation 920: speed 0.086789, force 0.0748 N, moment 0.0241 Nm, torque margin -0.0780 Nm, penetration 0.000004 m
evaluation 930: speed 0.086789, force 0.0748 N, moment 0.0241 Nm, torque margin -0.0780 Nm, penetration 0.000004 m
evaluation 940: speed 0.086789, force 0.0746 N, moment 0.0241 Nm, torque margin -0.0780 Nm, penetration 0.000004 m
evaluation 950: speed 0.086789, force 0.0748 N, moment 0.0241 Nm, torque margin -0.0780 Nm, penetration 0.000004 m
evaluation 960: speed 0.086014, force 0.0730 N, moment 0.0236 Nm, torque margin -0.0774 Nm, penetration 0.000004 m
evaluation 970: speed 0.086014, force 0.0730 N, moment 0.0236 Nm, torque margin -0.0774 Nm, penetration 0.000004 m
evaluation 980: speed 0.086014, force 0.0730 N, moment 0.0236 Nm, torque margin -0.0774 Nm, penetration 0.000004 m
evaluation 990: speed 0.086014, force 0.0730 N, moment 0.0236 Nm, torque margin -0.0774 Nm, penetration 0.000004 m
evaluation 1000: speed 0.086014, force 0.0730 N, moment 0.0236 Nm, torque margin -0.0774 Nm, penetration 0.000004 m
evaluation 1010: speed 0.086014, force 0.0730 N, moment 0.0236 Nm, torque margin -0.0774 Nm, penetration 0.000004 m
evaluation 1020: speed 0.086014, force 0.0732 N, moment 0.0236 Nm, torque margin -0.0774 Nm, penetration 0.000004 m
evaluation 1030: speed 0.086014, force 0.0730 N, moment 0.0236 Nm, torque margin -0.0774 Nm, penetration 0.000004 m
evaluation 1040: speed 0.086014, force 0.0727 N, moment 0.0235 Nm, torque margin -0.0774 Nm, penetration 0.000004 m
evaluation 1050: speed 0.086014, force 0.0730 N, moment 0.0236 Nm, torque margin -0.0774 Nm, penetration 0.000004 m
evaluation 1060: speed 0.084138, force 0.0683 N, moment 0.0221 Nm, torque margin -0.0755 Nm, penetration 0.000004 m
evaluation 1070: speed 0.084127, force 0.0683 N, moment 0.0221 Nm, torque margin -0.0755 Nm, penetration 0.000003 m
evaluation 1080: speed 0.084127, force 0.0683 N, moment 0.0221 Nm, torque margin -0.0755 Nm, penetration 0.000003 m
evaluation 1090: speed 0.084127, force 0.0684 N, moment 0.0221 Nm, torque margin -0.0755 Nm, penetration 0.000003 m
evaluation 1100: speed 0.084127, force 0.0683 N, moment 0.0221 Nm, torque margin -0.0755 Nm, penetration 0.000003 m
evaluation 1110: speed 0.084127, force 0.0683 N, moment 0.0221 Nm, torque margin -0.0755 Nm, penetration 0.000003 m
evaluation 1120: speed 0.084127, force 0.0683 N, moment 0.0221 Nm, torque margin -0.0755 Nm, penetration 0.000003 m
evaluation 1130: speed 0.084127, force 0.0683 N, moment 0.0221 Nm, torque margin -0.0755 Nm, penetration 0.000003 m
evaluation 1140: speed 0.084127, force 0.0683 N, moment 0.0221 Nm, torque margin -0.0755 Nm, penetration 0.000003 m
evaluation 1150: speed 0.084127, force 0.0684 N, moment 0.0221 Nm, torque margin -0.0755 Nm, penetration 0.000003 m
evaluation 1160: speed 0.084127, force 0.0683 N, moment 0.0221 Nm, torque margin -0.0755 Nm, penetration 0.000003 m
evaluation 1170: speed 0.079486, force 0.0580 N, moment 0.0187 Nm, torque margin -0.0698 Nm, penetration 0.000003 m
evaluation 1180: speed 0.079486, force 0.0593 N, moment 0.0192 Nm, torque margin -0.0698 Nm, penetration 0.000003 m
evaluation 1190: speed 0.079486, force 0.0581 N, moment 0.0188 Nm, torque margin -0.0698 Nm, penetration 0.000003 m
evaluation 1200: speed 0.079486, force 0.0581 N, moment 0.0188 Nm, torque margin -0.0698 Nm, penetration 0.000003 m
evaluation 1210: speed 0.079486, force 0.0581 N, moment 0.0188 Nm, torque margin -0.0698 Nm, penetration 0.000003 m
evaluation 1220: speed 0.079486, force 0.0581 N, moment 0.0188 Nm, torque margin -0.0698 Nm, penetration 0.000003 m
evaluation 1230: speed 0.079486, force 0.0581 N, moment 0.0188 Nm, torque margin -0.0698 Nm, penetration 0.000003 m
evaluation 1240: speed 0.079486, force 0.0582 N, moment 0.0188 Nm, torque margin -0.0698 Nm, penetration 0.000003 m
evaluation 1250: speed 0.079486, force 0.0581 N, moment 0.0188 Nm, torque margin -0.0698 Nm, penetration 0.000003 m
evaluation 1260: speed 0.079486, force 0.0581 N, moment 0.0188 Nm, torque margin -0.0698 Nm, penetration 0.000003 m
evaluation 1270: speed 0.071115, force 0.0402 N, moment 0.0130 Nm, torque margin -0.0720 Nm, penetration 0.000001 m
evaluation 1280: speed 0.071109, force 0.0404 N, moment 0.0131 Nm, torque margin -0.0720 Nm, penetration 0.000001 m
evaluation 1290: speed 0.071109, force 0.0404 N, moment 0.0131 Nm, torque margin -0.0720 Nm, penetration 0.000001 m
evaluation 1300: speed 0.071109, force 0.0404 N, moment 0.0131 Nm, torque margin -0.0720 Nm, penetration 0.000001 m
evaluation 1310: speed 0.071109, force 0.0404 N, moment 0.0131 Nm, torque margin -0.0720 Nm, penetration 0.000001 m
evaluation 1320: speed 0.071109, force 0.0404 N, moment 0.0131 Nm, torque margin -0.0720 Nm, penetration 0.000001 m
evaluation 1330: speed 0.071109, force 0.0404 N, moment 0.0131 Nm, torque margin -0.0720 Nm, penetration 0.000001 m
evaluation 1340: speed 0.071109, force 0.0404 N, moment 0.0131 Nm, torque margin -0.0720 Nm, penetration 0.000001 m
evaluation 1350: speed 0.071109, force 0.0399 N, moment 0.0129 Nm, torque margin -0.0720 Nm, penetration 0.000001 m
evaluation 1360: speed 0.071109, force 0.0404 N, moment 0.0131 Nm, torque margin -0.0720 Nm, penetration 0.000001 m
evaluation 1370: speed 0.071109, force 0.0404 N, moment 0.0131 Nm, torque margin -0.0720 Nm, penetration 0.000001 m
evaluation 1380: speed 0.059088, force 0.0300 N, moment 0.0096 Nm, torque margin -0.0628 Nm, penetration 0.000008 m
evaluation 1390: speed 0.059088, force 0.0294 N, moment 0.0094 Nm, torque margin -0.0628 Nm, penetration 0.000008 m
evaluation 1400: speed 0.059088, force 0.0294 N, moment 0.0094 Nm, torque margin -0.0628 Nm, penetration 0.000008 m
evaluation 1410: speed 0.059088, force 0.0294 N, moment 0.0094 Nm, torque margin -0.0628 Nm, penetration 0.000008 m
evaluation 1420: speed 0.059088, force 0.0295 N, moment 0.0094 Nm, torque margin -0.0628 Nm, penetration 0.000008 m
evaluation 1430: speed 0.059088, force 0.0294 N, moment 0.0094 Nm, torque margin -0.0628 Nm, penetration 0.000008 m
evaluation 1440: speed 0.059088, force 0.0294 N, moment 0.0094 Nm, torque margin -0.0628 Nm, penetration 0.000008 m
evaluation 1450: speed 0.059088, force 0.0294 N, moment 0.0094 Nm, torque margin -0.0628 Nm, penetration 0.000008 m
evaluation 1460: speed 0.059088, force 0.0294 N, moment 0.0094 Nm, torque margin -0.0628 Nm, penetration 0.000008 m
evaluation 1470: speed 0.059088, force 0.0291 N, moment 0.0093 Nm, torque margin -0.0628 Nm, penetration 0.000008 m
evaluation 1480: speed 0.042951, force 0.1200 N, moment 0.0384 Nm, torque margin 0.1422 Nm, penetration 0.000013 m
evaluation 1490: speed 0.042951, force 0.1200 N, moment 0.0384 Nm, torque margin 0.1422 Nm, penetration 0.000013 m
evaluation 1500: speed 0.042951, force 0.1200 N, moment 0.0384 Nm, torque margin 0.1422 Nm, penetration 0.000013 m
evaluation 1510: speed 0.042951, force 0.1222 N, moment 0.0391 Nm, torque margin 0.1422 Nm, penetration 0.000013 m
evaluation 1520: speed 0.042951, force 0.1200 N, moment 0.0384 Nm, torque margin 0.1422 Nm, penetration 0.000013 m
evaluation 1530: speed 0.042951, force 0.1201 N, moment 0.0384 Nm, torque margin 0.1422 Nm, penetration 0.000013 m
evaluation 1540: speed 0.042951, force 0.1201 N, moment 0.0384 Nm, torque margin 0.1422 Nm, penetration 0.000013 m
evaluation 1550: speed 0.042951, force 0.1200 N, moment 0.0384 Nm, torque margin 0.1422 Nm, penetration 0.000013 m
evaluation 1560: speed 0.042951, force 0.1200 N, moment 0.0384 Nm, torque margin 0.1422 Nm, penetration 0.000013 m
evaluation 1570: speed 0.042951, force 0.1200 N, moment 0.0384 Nm, torque margin 0.1422 Nm, penetration 0.000013 m
evaluation 1580: speed 0.042951, force 0.1202 N, moment 0.0385 Nm, torque margin 0.1420 Nm, penetration 0.000013 m
evaluation 1590: speed 0.041089, force 0.0192 N, moment 0.0062 Nm, torque margin 0.2336 Nm, penetration 0.000007 m
evaluation 1600: speed 0.041089, force 0.0192 N, moment 0.0062 Nm, torque margin 0.2327 Nm, penetration 0.000007 m
evaluation 1610: speed 0.041089, force 0.0192 N, moment 0.0062 Nm, torque margin 0.2327 Nm, penetration 0.000007 m
evaluation 1620: speed 0.041089, force 0.0192 N, moment 0.0062 Nm, torque margin 0.2327 Nm, penetration 0.000007 m
evaluation 1630: speed 0.041089, force 0.0192 N, moment 0.0062 Nm, torque margin 0.2327 Nm, penetration 0.000007 m
evaluation 1640: speed 0.041089, force 0.0192 N, moment 0.0062 Nm, torque margin 0.2327 Nm, penetration 0.000007 m
evaluation 1650: speed 0.041089, force 0.0192 N, moment 0.0062 Nm, torque margin 0.2327 Nm, penetration 0.000006 m
evaluation 1660: speed 0.041089, force 0.0192 N, moment 0.0062 Nm, torque margin 0.2326 Nm, penetration 0.000006 m
evaluation 1670: speed 0.041089, force 0.0192 N, moment 0.0062 Nm, torque margin 0.2327 Nm, penetration 0.000007 m
evaluation 1680: speed 0.041089, force 0.0192 N, moment 0.0062 Nm, torque margin 0.2328 Nm, penetration 0.000007 m
evaluation 1690: speed 0.040900, force 0.0203 N, moment 0.0066 Nm, torque margin 0.2559 Nm, penetration 0.000005 m
evaluation 1700: speed 0.040900, force 0.0203 N, moment 0.0066 Nm, torque margin 0.2559 Nm, penetration 0.000005 m
evaluation 1710: speed 0.040900, force 0.0203 N, moment 0.0066 Nm, torque margin 0.2559 Nm, penetration 0.000005 m
evaluation 1720: speed 0.040900, force 0.0203 N, moment 0.0066 Nm, torque margin 0.2559 Nm, penetration 0.000005 m
evaluation 1730: speed 0.040900, force 0.0203 N, moment 0.0066 Nm, torque margin 0.2559 Nm, penetration 0.000005 m
evaluation 1740: speed 0.040900, force 0.0203 N, moment 0.0066 Nm, torque margin 0.2559 Nm, penetration 0.000005 m
evaluation 1750: speed 0.040900, force 0.0203 N, moment 0.0066 Nm, torque margin 0.2559 Nm, penetration 0.000005 m
evaluation 1760: speed 0.040900, force 0.0202 N, moment 0.0065 Nm, torque margin 0.2559 Nm, penetration 0.000005 m
evaluation 1770: speed 0.040900, force 0.0203 N, moment 0.0066 Nm, torque margin 0.2559 Nm, penetration 0.000005 m
evaluation 1780: speed 0.040900, force 0.0205 N, moment 0.0067 Nm, torque margin 0.2559 Nm, penetration 0.000005 m
evaluation 1790: speed 0.040900, force 0.0204 N, moment 0.0066 Nm, torque margin 0.2557 Nm, penetration 0.000005 m
evaluation 1800: speed 0.040561, force 0.0197 N, moment 0.0064 Nm, torque margin 0.2937 Nm, penetration 0.000003 m
evaluation 1810: speed 0.040561, force 0.0197 N, moment 0.0064 Nm, torque margin 0.2929 Nm, penetration 0.000003 m
evaluation 1820: speed 0.040561, force 0.0197 N, moment 0.0064 Nm, torque margin 0.2929 Nm, penetration 0.000003 m
evaluation 1830: speed 0.040561, force 0.0197 N, moment 0.0064 Nm, torque margin 0.2929 Nm, penetration 0.000003 m
evaluation 1840: speed 0.040561, force 0.0197 N, moment 0.0064 Nm, torque margin 0.2929 Nm, penetration 0.000003 m
evaluation 1850: speed 0.040561, force 0.0197 N, moment 0.0064 Nm, torque margin 0.2929 Nm, penetration 0.000003 m
evaluation 1860: speed 0.040561, force 0.0197 N, moment 0.0064 Nm, torque margin 0.2928 Nm, penetration 0.000003 m
evaluation 1870: speed 0.040561, force 0.0197 N, moment 0.0064 Nm, torque margin 0.2928 Nm, penetration 0.000003 m
evaluation 1880: speed 0.040561, force 0.0197 N, moment 0.0064 Nm, torque margin 0.2929 Nm, penetration 0.000003 m
evaluation 1890: speed 0.040561, force 0.0197 N, moment 0.0064 Nm, torque margin 0.2930 Nm, penetration 0.000003 m
evaluation 1900: speed 0.040520, force 0.0204 N, moment 0.0066 Nm, torque margin 0.3001 Nm, penetration 0.000003 m
evaluation 1910: speed 0.040520, force 0.0204 N, moment 0.0066 Nm, torque margin 0.3001 Nm, penetration 0.000003 m
evaluation 1920: speed 0.040520, force 0.0204 N, moment 0.0066 Nm, torque margin 0.3001 Nm, penetration 0.000003 m
evaluation 1930: speed 0.040520, force 0.0203 N, moment 0.0066 Nm, torque margin 0.3001 Nm, penetration 0.000003 m
evaluation 1940: speed 0.040520, force 0.0204 N, moment 0.0066 Nm, torque margin 0.3001 Nm, penetration 0.000003 m
evaluation 1950: speed 0.040520, force 0.0204 N, moment 0.0066 Nm, torque margin 0.3001 Nm, penetration 0.000003 m
evaluation 1960: speed 0.040520, force 0.0204 N, moment 0.0066 Nm, torque margin 0.3002 Nm, penetration 0.000003 m
evaluation 1970: speed 0.040520, force 0.0202 N, moment 0.0066 Nm, torque margin 0.3001 Nm, penetration 0.000003 m
evaluation 1980: speed 0.040520, force 0.0204 N, moment 0.0066 Nm, torque margin 0.3001 Nm, penetration 0.000003 m
evaluation 1990: speed 0.040520, force 0.0206 N, moment 0.0067 Nm, torque margin 0.3001 Nm, penetration 0.000003 m
evaluation 2000: speed 0.040520, force 0.0204 N, moment 0.0066 Nm, torque margin 0.2999 Nm, penetration 0.000003 m
evaluation 2010: speed 0.040520, force 0.0207 N, moment 0.0067 Nm, torque margin 0.3027 Nm, penetration 0.000003 m
evaluation 2020: speed 0.040520, force 0.0206 N, moment 0.0067 Nm, torque margin 0.3018 Nm, penetration 0.000003 m
evaluation 2030: speed 0.040520, force 0.0206 N, moment 0.0067 Nm, torque margin 0.3018 Nm, penetration 0.000003 m
evaluation 2040: speed 0.040520, force 0.0206 N, moment 0.0067 Nm, torque margin 0.3018 Nm, penetration 0.000003 m
evaluation 2050: speed 0.040520, force 0.0206 N, moment 0.0067 Nm, torque margin 0.3018 Nm, penetration 0.000003 m
evaluation 2060: speed 0.040520, force 0.0206 N, moment 0.0067 Nm, torque margin 0.3018 Nm, penetration 0.000003 m
evaluation 2070: speed 0.040520, force 0.0206 N, moment 0.0067 Nm, torque margin 0.3018 Nm, penetration 0.000003 m
evaluation 2080: speed 0.040520, force 0.0206 N, moment 0.0067 Nm, torque margin 0.3017 Nm, penetration 0.000003 m
evaluation 2090: speed 0.040520, force 0.0207 N, moment 0.0067 Nm, torque margin 0.3018 Nm, penetration 0.000003 m
evaluation 2100: speed 0.040520, force 0.0207 N, moment 0.0067 Nm, torque margin 0.3019 Nm, penetration 0.000003 m
evaluation 2110: speed 0.040471, force 0.0215 N, moment 0.0070 Nm, torque margin 0.3076 Nm, penetration 0.000002 m
evaluation 2120: speed 0.040471, force 0.0215 N, moment 0.0070 Nm, torque margin 0.3076 Nm, penetration 0.000002 m
evaluation 2130: speed 0.040471, force 0.0215 N, moment 0.0070 Nm, torque margin 0.3076 Nm, penetration 0.000002 m
evaluation 2140: speed 0.040471, force 0.0215 N, moment 0.0070 Nm, torque margin 0.3076 Nm, penetration 0.000002 m
evaluation 2150: speed 0.040471, force 0.0215 N, moment 0.0070 Nm, torque margin 0.3076 Nm, penetration 0.000002 m
evaluation 2160: speed 0.040471, force 0.0215 N, moment 0.0070 Nm, torque margin 0.3076 Nm, penetration 0.000002 m
evaluation 2170: speed 0.040471, force 0.0215 N, moment 0.0070 Nm, torque margin 0.3077 Nm, penetration 0.000002 m
evaluation 2180: speed 0.040471, force 0.0214 N, moment 0.0069 Nm, torque margin 0.3076 Nm, penetration 0.000002 m
evaluation 2190: speed 0.040471, force 0.0215 N, moment 0.0070 Nm, torque margin 0.3076 Nm, penetration 0.000002 m
evaluation 2200: speed 0.040471, force 0.0217 N, moment 0.0070 Nm, torque margin 0.3076 Nm, penetration 0.000002 m
evaluation 2210: speed 0.040471, force 0.0215 N, moment 0.0070 Nm, torque margin 0.3074 Nm, penetration 0.000002 m
evaluation 2220: speed 0.040465, force 0.0214 N, moment 0.0069 Nm, torque margin 0.3098 Nm, penetration 0.000002 m
evaluation 2230: speed 0.040465, force 0.0214 N, moment 0.0069 Nm, torque margin 0.3090 Nm, penetration 0.000002 m
evaluation 2240: speed 0.040465, force 0.0214 N, moment 0.0069 Nm, torque margin 0.3090 Nm, penetration 0.000002 m
evaluation 2250: speed 0.040465, force 0.0214 N, moment 0.0069 Nm, torque margin 0.3090 Nm, penetration 0.000002 m
evaluation 2260: speed 0.040465, force 0.0214 N, moment 0.0069 Nm, torque margin 0.3090 Nm, penetration 0.000002 m
evaluation 2270: speed 0.040465, force 0.0214 N, moment 0.0069 Nm, torque margin 0.3090 Nm, penetration 0.000002 m
evaluation 2280: speed 0.040465, force 0.0214 N, moment 0.0069 Nm, torque margin 0.3090 Nm, penetration 0.000002 m
evaluation 2290: speed 0.040465, force 0.0214 N, moment 0.0069 Nm, torque margin 0.3089 Nm, penetration 0.000002 m
evaluation 2300: speed 0.040465, force 0.0214 N, moment 0.0069 Nm, torque margin 0.3090 Nm, penetration 0.000002 m
evaluation 2310: speed 0.040465, force 0.0214 N, moment 0.0069 Nm, torque margin 0.3091 Nm, penetration 0.000002 m
evaluation 2320: speed 0.040466, force 0.0212 N, moment 0.0069 Nm, torque margin 0.3093 Nm, penetration 0.000002 m
evaluation 2330: speed 0.040466, force 0.0212 N, moment 0.0069 Nm, torque margin 0.3093 Nm, penetration 0.000002 m
evaluation 2340: speed 0.040466, force 0.0212 N, moment 0.0069 Nm, torque margin 0.3093 Nm, penetration 0.000002 m
evaluation 2350: speed 0.040466, force 0.0212 N, moment 0.0069 Nm, torque margin 0.3093 Nm, penetration 0.000002 m
evaluation 2360: speed 0.040466, force 0.0212 N, moment 0.0069 Nm, torque margin 0.3093 Nm, penetration 0.000002 m
evaluation 2370: speed 0.040466, force 0.0212 N, moment 0.0069 Nm, torque margin 0.3093 Nm, penetration 0.000002 m
evaluation 2380: speed 0.040466, force 0.0212 N, moment 0.0069 Nm, torque margin 0.3094 Nm, penetration 0.000002 m
evaluation 2390: speed 0.040466, force 0.0211 N, moment 0.0068 Nm, torque margin 0.3093 Nm, penetration 0.000002 m
evaluation 2400: speed 0.040466, force 0.0212 N, moment 0.0069 Nm, torque margin 0.3093 Nm, penetration 0.000002 m
evaluation 2410: speed 0.040466, force 0.0214 N, moment 0.0069 Nm, torque margin 0.3093 Nm, penetration 0.000002 m
evaluation 2420: speed 0.040466, force 0.0212 N, moment 0.0069 Nm, torque margin 0.3091 Nm, penetration 0.000002 m
evaluation 2430: speed 0.040455, force 0.0219 N, moment 0.0071 Nm, torque margin 0.3115 Nm, penetration 0.000002 m
evaluation 2440: speed 0.040455, force 0.0219 N, moment 0.0071 Nm, torque margin 0.3107 Nm, penetration 0.000002 m
evaluation 2450: speed 0.040455, force 0.0219 N, moment 0.0071 Nm, torque margin 0.3107 Nm, penetration 0.000002 m
evaluation 2460: speed 0.040455, force 0.0218 N, moment 0.0071 Nm, torque margin 0.3107 Nm, penetration 0.000002 m
evaluation 2470: speed 0.040455, force 0.0218 N, moment 0.0071 Nm, torque margin 0.3107 Nm, penetration 0.000002 m
evaluation 2480: speed 0.040455, force 0.0219 N, moment 0.0071 Nm, torque margin 0.3107 Nm, penetration 0.000002 m
evaluation 2490: speed 0.040455, force 0.0219 N, moment 0.0071 Nm, torque margin 0.3106 Nm, penetration 0.000002 m
evaluation 2500: speed 0.040455, force 0.0218 N, moment 0.0071 Nm, torque margin 0.3106 Nm, penetration 0.000002 m
evaluation 2510: speed 0.040455, force 0.0219 N, moment 0.0071 Nm, torque margin 0.3107 Nm, penetration 0.000002 m
evaluation 2520: speed 0.040455, force 0.0219 N, moment 0.0071 Nm, torque margin 0.3107 Nm, penetration 0.000002 m
evaluation 2530: speed 0.040454, force 0.0217 N, moment 0.0070 Nm, torque margin 0.3110 Nm, penetration 0.000002 m
real 816.98
user 800.48
sys 3.59
