screened 1/257: reference
screened 2/257: reference-d0.5-p0_0_0_0
screened 3/257: reference-d0.5-p0_0_0_0.25
screened 4/257: reference-d0.5-p0_0_0_0.5
screened 5/257: reference-d0.5-p0_0_0_0.75
screened 6/257: reference-d0.5-p0_0_0.25_0
screened 7/257: reference-d0.5-p0_0_0.25_0.25
screened 8/257: reference-d0.5-p0_0_0.25_0.5
screened 9/257: reference-d0.5-p0_0_0.25_0.75
screened 10/257: reference-d0.5-p0_0_0.5_0
screened 11/257: reference-d0.5-p0_0_0.5_0.25
screened 12/257: reference-d0.5-p0_0_0.5_0.5
screened 13/257: reference-d0.5-p0_0_0.5_0.75
screened 14/257: reference-d0.5-p0_0_0.75_0
screened 15/257: reference-d0.5-p0_0_0.75_0.25
screened 16/257: reference-d0.5-p0_0_0.75_0.5
screened 17/257: reference-d0.5-p0_0_0.75_0.75
screened 18/257: reference-d0.5-p0_0.25_0_0
screened 19/257: reference-d0.5-p0_0.25_0_0.25
screened 20/257: reference-d0.5-p0_0.25_0_0.5
screened 21/257: reference-d0.5-p0_0.25_0_0.75
screened 22/257: reference-d0.5-p0_0.25_0.25_0
screened 23/257: reference-d0.5-p0_0.25_0.25_0.25
screened 24/257: reference-d0.5-p0_0.25_0.25_0.5
screened 25/257: reference-d0.5-p0_0.25_0.25_0.75
screened 26/257: reference-d0.5-p0_0.25_0.5_0
screened 27/257: reference-d0.5-p0_0.25_0.5_0.25
screened 28/257: reference-d0.5-p0_0.25_0.5_0.5
screened 29/257: reference-d0.5-p0_0.25_0.5_0.75
screened 30/257: reference-d0.5-p0_0.25_0.75_0
screened 31/257: reference-d0.5-p0_0.25_0.75_0.25
screened 32/257: reference-d0.5-p0_0.25_0.75_0.5
screened 33/257: reference-d0.5-p0_0.25_0.75_0.75
screened 34/257: reference-d0.5-p0_0.5_0_0
screened 35/257: reference-d0.5-p0_0.5_0_0.25
screened 36/257: reference-d0.5-p0_0.5_0_0.5
screened 37/257: reference-d0.5-p0_0.5_0_0.75
screened 38/257: reference-d0.5-p0_0.5_0.25_0
screened 39/257: reference-d0.5-p0_0.5_0.25_0.25
screened 40/257: reference-d0.5-p0_0.5_0.25_0.5
screened 41/257: reference-d0.5-p0_0.5_0.25_0.75
screened 42/257: reference-d0.5-p0_0.5_0.5_0
screened 43/257: reference-d0.5-p0_0.5_0.5_0.25
screened 44/257: reference-d0.5-p0_0.5_0.5_0.5
screened 45/257: reference-d0.5-p0_0.5_0.5_0.75
screened 46/257: reference-d0.5-p0_0.5_0.75_0
screened 47/257: reference-d0.5-p0_0.5_0.75_0.25
screened 48/257: reference-d0.5-p0_0.5_0.75_0.5
screened 49/257: reference-d0.5-p0_0.5_0.75_0.75
screened 50/257: reference-d0.5-p0_0.75_0_0
screened 51/257: reference-d0.5-p0_0.75_0_0.25
screened 52/257: reference-d0.5-p0_0.75_0_0.5
screened 53/257: reference-d0.5-p0_0.75_0_0.75
screened 54/257: reference-d0.5-p0_0.75_0.25_0
screened 55/257: reference-d0.5-p0_0.75_0.25_0.25
screened 56/257: reference-d0.5-p0_0.75_0.25_0.5
screened 57/257: reference-d0.5-p0_0.75_0.25_0.75
screened 58/257: reference-d0.5-p0_0.75_0.5_0
screened 59/257: reference-d0.5-p0_0.75_0.5_0.25
screened 60/257: reference-d0.5-p0_0.75_0.5_0.5
screened 61/257: reference-d0.5-p0_0.75_0.5_0.75
screened 62/257: reference-d0.5-p0_0.75_0.75_0
screened 63/257: reference-d0.5-p0_0.75_0.75_0.25
screened 64/257: reference-d0.5-p0_0.75_0.75_0.5
screened 65/257: reference-d0.5-p0_0.75_0.75_0.75
screened 66/257: reference-d0.75-p0_0_0_0
screened 67/257: reference-d0.75-p0_0_0_0.25
screened 68/257: reference-d0.75-p0_0_0_0.5
screened 69/257: reference-d0.75-p0_0_0_0.75
screened 70/257: reference-d0.75-p0_0_0.25_0
screened 71/257: reference-d0.75-p0_0_0.25_0.25
screened 72/257: reference-d0.75-p0_0_0.25_0.5
screened 73/257: reference-d0.75-p0_0_0.25_0.75
screened 74/257: reference-d0.75-p0_0_0.5_0
screened 75/257: reference-d0.75-p0_0_0.5_0.25
screened 76/257: reference-d0.75-p0_0_0.5_0.5
screened 77/257: reference-d0.75-p0_0_0.5_0.75
screened 78/257: reference-d0.75-p0_0_0.75_0
screened 79/257: reference-d0.75-p0_0_0.75_0.25
screened 80/257: reference-d0.75-p0_0_0.75_0.5
screened 81/257: reference-d0.75-p0_0_0.75_0.75
screened 82/257: reference-d0.75-p0_0.25_0_0
screened 83/257: reference-d0.75-p0_0.25_0_0.25
screened 84/257: reference-d0.75-p0_0.25_0_0.5
screened 85/257: reference-d0.75-p0_0.25_0_0.75
screened 86/257: reference-d0.75-p0_0.25_0.25_0
screened 87/257: reference-d0.75-p0_0.25_0.25_0.25
screened 88/257: reference-d0.75-p0_0.25_0.25_0.5
screened 89/257: reference-d0.75-p0_0.25_0.25_0.75
screened 90/257: reference-d0.75-p0_0.25_0.5_0
screened 91/257: reference-d0.75-p0_0.25_0.5_0.25
screened 92/257: reference-d0.75-p0_0.25_0.5_0.5
screened 93/257: reference-d0.75-p0_0.25_0.5_0.75
screened 94/257: reference-d0.75-p0_0.25_0.75_0
screened 95/257: reference-d0.75-p0_0.25_0.75_0.25
screened 96/257: reference-d0.75-p0_0.25_0.75_0.5
screened 97/257: reference-d0.75-p0_0.25_0.75_0.75
screened 98/257: reference-d0.75-p0_0.5_0_0
screened 99/257: reference-d0.75-p0_0.5_0_0.25
screened 100/257: reference-d0.75-p0_0.5_0_0.5
screened 101/257: reference-d0.75-p0_0.5_0_0.75
screened 102/257: reference-d0.75-p0_0.5_0.25_0
screened 103/257: reference-d0.75-p0_0.5_0.25_0.25
screened 104/257: reference-d0.75-p0_0.5_0.25_0.5
screened 105/257: reference-d0.75-p0_0.5_0.25_0.75
screened 106/257: reference-d0.75-p0_0.5_0.5_0
screened 107/257: reference-d0.75-p0_0.5_0.5_0.25
screened 108/257: reference-d0.75-p0_0.5_0.5_0.5
screened 109/257: reference-d0.75-p0_0.5_0.5_0.75
screened 110/257: reference-d0.75-p0_0.5_0.75_0
screened 111/257: reference-d0.75-p0_0.5_0.75_0.25
screened 112/257: reference-d0.75-p0_0.5_0.75_0.5
screened 113/257: reference-d0.75-p0_0.5_0.75_0.75
screened 114/257: reference-d0.75-p0_0.75_0_0
screened 115/257: reference-d0.75-p0_0.75_0_0.25
screened 116/257: reference-d0.75-p0_0.75_0_0.5
screened 117/257: reference-d0.75-p0_0.75_0_0.75
screened 118/257: reference-d0.75-p0_0.75_0.25_0
screened 119/257: reference-d0.75-p0_0.75_0.25_0.25
screened 120/257: reference-d0.75-p0_0.75_0.25_0.5
screened 121/257: reference-d0.75-p0_0.75_0.25_0.75
screened 122/257: reference-d0.75-p0_0.75_0.5_0
screened 123/257: reference-d0.75-p0_0.75_0.5_0.25
screened 124/257: reference-d0.75-p0_0.75_0.5_0.5
screened 125/257: reference-d0.75-p0_0.75_0.5_0.75
screened 126/257: reference-d0.75-p0_0.75_0.75_0
screened 127/257: reference-d0.75-p0_0.75_0.75_0.25
screened 128/257: reference-d0.75-p0_0.75_0.75_0.5
screened 129/257: reference-d0.75-p0_0.75_0.75_0.75
screened 130/257: constant_mean-d0.5-p0_0_0_0
screened 131/257: constant_mean-d0.5-p0_0_0_0.25
screened 132/257: constant_mean-d0.5-p0_0_0_0.5
screened 133/257: constant_mean-d0.5-p0_0_0_0.75
screened 134/257: constant_mean-d0.5-p0_0_0.25_0
screened 135/257: constant_mean-d0.5-p0_0_0.25_0.25
screened 136/257: constant_mean-d0.5-p0_0_0.25_0.5
screened 137/257: constant_mean-d0.5-p0_0_0.25_0.75
screened 138/257: constant_mean-d0.5-p0_0_0.5_0
screened 139/257: constant_mean-d0.5-p0_0_0.5_0.25
screened 140/257: constant_mean-d0.5-p0_0_0.5_0.5
screened 141/257: constant_mean-d0.5-p0_0_0.5_0.75
screened 142/257: constant_mean-d0.5-p0_0_0.75_0
screened 143/257: constant_mean-d0.5-p0_0_0.75_0.25
screened 144/257: constant_mean-d0.5-p0_0_0.75_0.5
screened 145/257: constant_mean-d0.5-p0_0_0.75_0.75
screened 146/257: constant_mean-d0.5-p0_0.25_0_0
screened 147/257: constant_mean-d0.5-p0_0.25_0_0.25
screened 148/257: constant_mean-d0.5-p0_0.25_0_0.5
screened 149/257: constant_mean-d0.5-p0_0.25_0_0.75
screened 150/257: constant_mean-d0.5-p0_0.25_0.25_0
screened 151/257: constant_mean-d0.5-p0_0.25_0.25_0.25
screened 152/257: constant_mean-d0.5-p0_0.25_0.25_0.5
screened 153/257: constant_mean-d0.5-p0_0.25_0.25_0.75
screened 154/257: constant_mean-d0.5-p0_0.25_0.5_0
screened 155/257: constant_mean-d0.5-p0_0.25_0.5_0.25
screened 156/257: constant_mean-d0.5-p0_0.25_0.5_0.5
screened 157/257: constant_mean-d0.5-p0_0.25_0.5_0.75
screened 158/257: constant_mean-d0.5-p0_0.25_0.75_0
screened 159/257: constant_mean-d0.5-p0_0.25_0.75_0.25
screened 160/257: constant_mean-d0.5-p0_0.25_0.75_0.5
screened 161/257: constant_mean-d0.5-p0_0.25_0.75_0.75
screened 162/257: constant_mean-d0.5-p0_0.5_0_0
screened 163/257: constant_mean-d0.5-p0_0.5_0_0.25
screened 164/257: constant_mean-d0.5-p0_0.5_0_0.5
screened 165/257: constant_mean-d0.5-p0_0.5_0_0.75
screened 166/257: constant_mean-d0.5-p0_0.5_0.25_0
screened 167/257: constant_mean-d0.5-p0_0.5_0.25_0.25
screened 168/257: constant_mean-d0.5-p0_0.5_0.25_0.5
screened 169/257: constant_mean-d0.5-p0_0.5_0.25_0.75
screened 170/257: constant_mean-d0.5-p0_0.5_0.5_0
screened 171/257: constant_mean-d0.5-p0_0.5_0.5_0.25
screened 172/257: constant_mean-d0.5-p0_0.5_0.5_0.5
screened 173/257: constant_mean-d0.5-p0_0.5_0.5_0.75
screened 174/257: constant_mean-d0.5-p0_0.5_0.75_0
screened 175/257: constant_mean-d0.5-p0_0.5_0.75_0.25
screened 176/257: constant_mean-d0.5-p0_0.5_0.75_0.5
screened 177/257: constant_mean-d0.5-p0_0.5_0.75_0.75
screened 178/257: constant_mean-d0.5-p0_0.75_0_0
screened 179/257: constant_mean-d0.5-p0_0.75_0_0.25
screened 180/257: constant_mean-d0.5-p0_0.75_0_0.5
screened 181/257: constant_mean-d0.5-p0_0.75_0_0.75
screened 182/257: constant_mean-d0.5-p0_0.75_0.25_0
screened 183/257: constant_mean-d0.5-p0_0.75_0.25_0.25
screened 184/257: constant_mean-d0.5-p0_0.75_0.25_0.5
screened 185/257: constant_mean-d0.5-p0_0.75_0.25_0.75
screened 186/257: constant_mean-d0.5-p0_0.75_0.5_0
screened 187/257: constant_mean-d0.5-p0_0.75_0.5_0.25
screened 188/257: constant_mean-d0.5-p0_0.75_0.5_0.5
screened 189/257: constant_mean-d0.5-p0_0.75_0.5_0.75
screened 190/257: constant_mean-d0.5-p0_0.75_0.75_0
screened 191/257: constant_mean-d0.5-p0_0.75_0.75_0.25
screened 192/257: constant_mean-d0.5-p0_0.75_0.75_0.5
screened 193/257: constant_mean-d0.5-p0_0.75_0.75_0.75
screened 194/257: constant_mean-d0.75-p0_0_0_0
screened 195/257: constant_mean-d0.75-p0_0_0_0.25
screened 196/257: constant_mean-d0.75-p0_0_0_0.5
screened 197/257: constant_mean-d0.75-p0_0_0_0.75
screened 198/257: constant_mean-d0.75-p0_0_0.25_0
screened 199/257: constant_mean-d0.75-p0_0_0.25_0.25
screened 200/257: constant_mean-d0.75-p0_0_0.25_0.5
screened 201/257: constant_mean-d0.75-p0_0_0.25_0.75
screened 202/257: constant_mean-d0.75-p0_0_0.5_0
screened 203/257: constant_mean-d0.75-p0_0_0.5_0.25
screened 204/257: constant_mean-d0.75-p0_0_0.5_0.5
screened 205/257: constant_mean-d0.75-p0_0_0.5_0.75
screened 206/257: constant_mean-d0.75-p0_0_0.75_0
screened 207/257: constant_mean-d0.75-p0_0_0.75_0.25
screened 208/257: constant_mean-d0.75-p0_0_0.75_0.5
screened 209/257: constant_mean-d0.75-p0_0_0.75_0.75
screened 210/257: constant_mean-d0.75-p0_0.25_0_0
screened 211/257: constant_mean-d0.75-p0_0.25_0_0.25
screened 212/257: constant_mean-d0.75-p0_0.25_0_0.5
screened 213/257: constant_mean-d0.75-p0_0.25_0_0.75
screened 214/257: constant_mean-d0.75-p0_0.25_0.25_0
screened 215/257: constant_mean-d0.75-p0_0.25_0.25_0.25
screened 216/257: constant_mean-d0.75-p0_0.25_0.25_0.5
screened 217/257: constant_mean-d0.75-p0_0.25_0.25_0.75
screened 218/257: constant_mean-d0.75-p0_0.25_0.5_0
screened 219/257: constant_mean-d0.75-p0_0.25_0.5_0.25
screened 220/257: constant_mean-d0.75-p0_0.25_0.5_0.5
screened 221/257: constant_mean-d0.75-p0_0.25_0.5_0.75
screened 222/257: constant_mean-d0.75-p0_0.25_0.75_0
screened 223/257: constant_mean-d0.75-p0_0.25_0.75_0.25
screened 224/257: constant_mean-d0.75-p0_0.25_0.75_0.5
screened 225/257: constant_mean-d0.75-p0_0.25_0.75_0.75
screened 226/257: constant_mean-d0.75-p0_0.5_0_0
screened 227/257: constant_mean-d0.75-p0_0.5_0_0.25
screened 228/257: constant_mean-d0.75-p0_0.5_0_0.5
screened 229/257: constant_mean-d0.75-p0_0.5_0_0.75
screened 230/257: constant_mean-d0.75-p0_0.5_0.25_0
screened 231/257: constant_mean-d0.75-p0_0.5_0.25_0.25
screened 232/257: constant_mean-d0.75-p0_0.5_0.25_0.5
screened 233/257: constant_mean-d0.75-p0_0.5_0.25_0.75
screened 234/257: constant_mean-d0.75-p0_0.5_0.5_0
screened 235/257: constant_mean-d0.75-p0_0.5_0.5_0.25
screened 236/257: constant_mean-d0.75-p0_0.5_0.5_0.5
screened 237/257: constant_mean-d0.75-p0_0.5_0.5_0.75
screened 238/257: constant_mean-d0.75-p0_0.5_0.75_0
screened 239/257: constant_mean-d0.75-p0_0.5_0.75_0.25
screened 240/257: constant_mean-d0.75-p0_0.5_0.75_0.5
screened 241/257: constant_mean-d0.75-p0_0.5_0.75_0.75
screened 242/257: constant_mean-d0.75-p0_0.75_0_0
screened 243/257: constant_mean-d0.75-p0_0.75_0_0.25
screened 244/257: constant_mean-d0.75-p0_0.75_0_0.5
screened 245/257: constant_mean-d0.75-p0_0.75_0_0.75
screened 246/257: constant_mean-d0.75-p0_0.75_0.25_0
screened 247/257: constant_mean-d0.75-p0_0.75_0.25_0.25
screened 248/257: constant_mean-d0.75-p0_0.75_0.25_0.5
screened 249/257: constant_mean-d0.75-p0_0.75_0.25_0.75
screened 250/257: constant_mean-d0.75-p0_0.75_0.5_0
screened 251/257: constant_mean-d0.75-p0_0.75_0.5_0.25
screened 252/257: constant_mean-d0.75-p0_0.75_0.5_0.5
screened 253/257: constant_mean-d0.75-p0_0.75_0.5_0.75
screened 254/257: constant_mean-d0.75-p0_0.75_0.75_0
screened 255/257: constant_mean-d0.75-p0_0.75_0.75_0.25
screened 256/257: constant_mean-d0.75-p0_0.75_0.75_0.5
screened 257/257: constant_mean-d0.75-p0_0.75_0.75_0.75
