   Compiling sim-core v0.1.0 (/Users/elliot/physics-simulator-gait-exploration/crates/sim-core)
   Compiling sim-solve v0.1.0 (/Users/elliot/physics-simulator-gait-exploration/crates/sim-solve)
   Compiling sim-domain-multibody v0.1.0 (/Users/elliot/physics-simulator-gait-exploration/crates/sim-domain-multibody)
   Compiling sim-domain-electrical v0.1.0 (/Users/elliot/physics-simulator-gait-exploration/crates/sim-domain-electrical)
   Compiling sim-couple v0.1.0 (/Users/elliot/physics-simulator-gait-exploration/crates/sim-couple)
   Compiling sim-domain-control v0.1.0 (/Users/elliot/physics-simulator-gait-exploration/crates/sim-domain-control)
   Compiling sim-domain-translational v0.1.0 (/Users/elliot/physics-simulator-gait-exploration/crates/sim-domain-translational)
   Compiling sim-domain-rotational v0.1.0 (/Users/elliot/physics-simulator-gait-exploration/crates/sim-domain-rotational)
   Compiling sim-domain-hydraulic v0.1.0 (/Users/elliot/physics-simulator-gait-exploration/crates/sim-domain-hydraulic)
   Compiling sim-domain-line v0.1.0 (/Users/elliot/physics-simulator-gait-exploration/crates/sim-domain-line)
   Compiling sim-domain-acoustic v0.1.0 (/Users/elliot/physics-simulator-gait-exploration/crates/sim-domain-acoustic)
   Compiling sim-domain-chemical v0.1.0 (/Users/elliot/physics-simulator-gait-exploration/crates/sim-domain-chemical)
   Compiling sim-domain-sensing v0.1.0 (/Users/elliot/physics-simulator-gait-exploration/crates/sim-domain-sensing)
   Compiling sim-domain-fluid v0.1.0 (/Users/elliot/physics-simulator-gait-exploration/crates/sim-domain-fluid)
   Compiling sim-domain-granular v0.1.0 (/Users/elliot/physics-simulator-gait-exploration/crates/sim-domain-granular)
   Compiling sim-domain-magnetic v0.1.0 (/Users/elliot/physics-simulator-gait-exploration/crates/sim-domain-magnetic)
   Compiling sim-domain-bridges v0.1.0 (/Users/elliot/physics-simulator-gait-exploration/crates/sim-domain-bridges)
   Compiling sim-domain-radiative v0.1.0 (/Users/elliot/physics-simulator-gait-exploration/crates/sim-domain-radiative)
   Compiling sim-domain-thermal v0.1.0 (/Users/elliot/physics-simulator-gait-exploration/crates/sim-domain-thermal)
   Compiling sim-dynamics v0.1.0 (/Users/elliot/physics-simulator-gait-exploration/crates/sim-dynamics)
   Compiling sim-script v0.1.0 (/Users/elliot/physics-simulator-gait-exploration/crates/sim-script)
   Compiling sim-compile v0.1.0 (/Users/elliot/physics-simulator-gait-exploration/crates/sim-compile)
   Compiling sim-domain-robot v0.1.0 (/Users/elliot/physics-simulator-gait-exploration/crates/sim-domain-robot)
   Compiling sim-runtime v0.1.0 (/Users/elliot/physics-simulator-gait-exploration/crates/sim-runtime)
    Finished `release` profile [optimized] target(s) in 55.46s
