evaluation 10: speed 0.104000, force 1.7043 N, moment 0.5514 Nm, torque margin 0.7468 Nm, penetration 0.000248 m
evaluation 20: speed 0.104000, force 1.7043 N, moment 0.5514 Nm, torque margin 0.7468 Nm, penetration 0.000248 m
evaluation 30: speed 0.104000, force 1.7042 N, moment 0.5514 Nm, torque margin 0.7468 Nm, penetration 0.000248 m
evaluation 40: speed 0.104000, force 1.7043 N, moment 0.5514 Nm, torque margin 0.7468 Nm, penetration 0.000248 m
evaluation 50: speed 0.104000, force 1.7043 N, moment 0.5514 Nm, torque margin 0.7468 Nm, penetration 0.000248 m
evaluation 60: speed 0.104000, force 1.7042 N, moment 0.5514 Nm, torque margin 0.7468 Nm, penetration 0.000249 m
evaluation 70: speed 0.104000, force 1.7043 N, moment 0.5514 Nm, torque margin 0.7468 Nm, penetration 0.000248 m
evaluation 80: speed 0.104000, force 1.7043 N, moment 0.5514 Nm, torque margin 0.7468 Nm, penetration 0.000248 m
evaluation 90: speed 0.104000, force 1.7043 N, moment 0.5514 Nm, torque margin 0.7468 Nm, penetration 0.000248 m
evaluation 100: speed 0.104000, force 1.7043 N, moment 0.5514 Nm, torque margin 0.7467 Nm, penetration 0.000248 m
evaluation 110: speed 0.165366, force 0.7778 N, moment 0.2514 Nm, torque margin -0.0828 Nm, penetration 0.000246 m
evaluation 120: speed 0.165344, force 0.7773 N, moment 0.2513 Nm, torque margin -0.0828 Nm, penetration 0.000246 m
evaluation 130: speed 0.165344, force 0.7773 N, moment 0.2513 Nm, torque margin -0.0828 Nm, penetration 0.000246 m
evaluation 140: speed 0.165344, force 0.7774 N, moment 0.2513 Nm, torque margin -0.0828 Nm, penetration 0.000246 m
evaluation 150: speed 0.165344, force 0.7773 N, moment 0.2513 Nm, torque margin -0.0828 Nm, penetration 0.000246 m
evaluation 160: speed 0.165344, force 0.7773 N, moment 0.2513 Nm, torque margin -0.0828 Nm, penetration 0.000246 m
evaluation 170: speed 0.165344, force 0.7773 N, moment 0.2513 Nm, torque margin -0.0828 Nm, penetration 0.000246 m
evaluation 180: speed 0.165344, force 0.7773 N, moment 0.2513 Nm, torque margin -0.0828 Nm, penetration 0.000246 m
evaluation 190: speed 0.165344, force 0.7773 N, moment 0.2513 Nm, torque margin -0.0828 Nm, penetration 0.000246 m
evaluation 200: speed 0.165344, force 0.7769 N, moment 0.2511 Nm, torque margin -0.0828 Nm, penetration 0.000246 m
evaluation 210: speed 0.165344, force 0.7772 N, moment 0.2513 Nm, torque margin -0.0828 Nm, penetration 0.000246 m
evaluation 220: speed 0.183569, force 0.0614 N, moment 0.0199 Nm, torque margin -0.0897 Nm, penetration 0.000195 m
evaluation 230: speed 0.183550, force 0.0613 N, moment 0.0199 Nm, torque margin -0.0897 Nm, penetration 0.000195 m
evaluation 240: speed 0.183550, force 0.0613 N, moment 0.0199 Nm, torque margin -0.0897 Nm, penetration 0.000195 m
evaluation 250: speed 0.183550, force 0.0614 N, moment 0.0199 Nm, torque margin -0.0897 Nm, penetration 0.000195 m
evaluation 260: speed 0.183550, force 0.0614 N, moment 0.0199 Nm, torque margin -0.0897 Nm, penetration 0.000195 m
evaluation 270: speed 0.183550, force 0.0613 N, moment 0.0199 Nm, torque margin -0.0897 Nm, penetration 0.000195 m
evaluation 280: speed 0.183550, force 0.0613 N, moment 0.0199 Nm, torque margin -0.0897 Nm, penetration 0.000195 m
evaluation 290: speed 0.183550, force 0.0613 N, moment 0.0199 Nm, torque margin -0.0897 Nm, penetration 0.000195 m
evaluation 300: speed 0.183550, force 0.0613 N, moment 0.0199 Nm, torque margin -0.0897 Nm, penetration 0.000195 m
evaluation 310: speed 0.183550, force 0.0618 N, moment 0.0200 Nm, torque margin -0.0897 Nm, penetration 0.000195 m
evaluation 320: speed 0.183550, force 0.0613 N, moment 0.0199 Nm, torque margin -0.0897 Nm, penetration 0.000195 m
evaluation 330: speed 0.186354, force 0.0752 N, moment 0.0243 Nm, torque margin -0.0617 Nm, penetration 0.000214 m
evaluation 340: speed 0.186354, force 0.0752 N, moment 0.0243 Nm, torque margin -0.0617 Nm, penetration 0.000214 m
evaluation 350: speed 0.186354, force 0.0752 N, moment 0.0243 Nm, torque margin -0.0617 Nm, penetration 0.000214 m
evaluation 360: speed 0.186354, force 0.0752 N, moment 0.0243 Nm, torque margin -0.0617 Nm, penetration 0.000214 m
evaluation 370: speed 0.186354, force 0.0752 N, moment 0.0243 Nm, torque margin -0.0617 Nm, penetration 0.000214 m
evaluation 380: speed 0.186354, force 0.0752 N, moment 0.0243 Nm, torque margin -0.0617 Nm, penetration 0.000214 m
evaluation 390: speed 0.186354, force 0.0751 N, moment 0.0243 Nm, torque margin -0.0617 Nm, penetration 0.000214 m
evaluation 400: speed 0.186354, force 0.0752 N, moment 0.0243 Nm, torque margin -0.0617 Nm, penetration 0.000214 m
evaluation 410: speed 0.186354, force 0.0752 N, moment 0.0243 Nm, torque margin -0.0617 Nm, penetration 0.000214 m
evaluation 420: speed 0.186354, force 0.0752 N, moment 0.0243 Nm, torque margin -0.0617 Nm, penetration 0.000214 m
evaluation 430: speed 0.193649, force 0.0719 N, moment 0.0232 Nm, torque margin -0.0439 Nm, penetration 0.000240 m
evaluation 440: speed 0.193649, force 0.0719 N, moment 0.0232 Nm, torque margin -0.0439 Nm, penetration 0.000240 m
evaluation 450: speed 0.193649, force 0.0720 N, moment 0.0233 Nm, torque margin -0.0439 Nm, penetration 0.000240 m
evaluation 460: speed 0.193649, force 0.0721 N, moment 0.0233 Nm, torque margin -0.0439 Nm, penetration 0.000240 m
evaluation 470: speed 0.193649, force 0.0719 N, moment 0.0232 Nm, torque margin -0.0439 Nm, penetration 0.000240 m
evaluation 480: speed 0.193649, force 0.0719 N, moment 0.0232 Nm, torque margin -0.0439 Nm, penetration 0.000240 m
evaluation 490: speed 0.193649, force 0.0719 N, moment 0.0232 Nm, torque margin -0.0439 Nm, penetration 0.000240 m
evaluation 500: speed 0.193649, force 0.0728 N, moment 0.0235 Nm, torque margin -0.0439 Nm, penetration 0.000240 m
evaluation 510: speed 0.193649, force 0.0719 N, moment 0.0232 Nm, torque margin -0.0439 Nm, penetration 0.000240 m
evaluation 520: speed 0.193649, force 0.0717 N, moment 0.0232 Nm, torque margin -0.0439 Nm, penetration 0.000240 m
evaluation 530: speed 0.193649, force 0.0719 N, moment 0.0232 Nm, torque margin -0.0439 Nm, penetration 0.000240 m
real 10.81
user 10.70
sys 0.06
