   Compiling proc-macro2 v1.0.107
   Compiling quote v1.0.47
   Compiling unicode-ident v1.0.24
   Compiling version_check v0.9.5
   Compiling autocfg v1.5.1
   Compiling libc v0.2.189
   Compiling syn v2.0.119
   Compiling cfg-if v1.0.4
   Compiling libm v0.2.16
   Compiling num-traits v0.2.19
   Compiling zerocopy v0.8.56
   Compiling syn v3.0.4
   Compiling serde_core v1.0.229
   Compiling getrandom v0.2.17
   Compiling serde v1.0.229
   Compiling rand_core v0.6.4
   Compiling ppv-lite86 v0.2.21
   Compiling serde_derive v1.0.229
   Compiling bytemuck v1.25.2
   Compiling rand_chacha v0.3.1
   Compiling rand v0.8.8
   Compiling thiserror v2.0.20
   Compiling thiserror-impl v2.0.20
   Compiling num-complex v0.4.6
   Compiling slotmap v1.1.1
   Compiling crossbeam-utils v0.8.22
   Compiling sim-core v0.1.0 (/Users/elliot/physics-simulator-gait-exploration/crates/sim-core)
   Compiling crossbeam-epoch v0.9.20
   Compiling crossbeam-deque v0.8.7
   Compiling nano-gemm-codegen v0.1.0
   Compiling paste v1.0.15
   Compiling portable-atomic v1.15.0
   Compiling rayon-core v1.13.0
   Compiling bitflags v2.13.1
   Compiling pulp v0.21.5
   Compiling thiserror v1.0.69
   Compiling once_cell v1.21.4
   Compiling thiserror-impl v1.0.69
   Compiling heck v0.5.0
   Compiling byteorder v1.5.0
   Compiling reborrow v0.5.5
   Compiling either v1.18.0
   Compiling rayon v1.12.0
   Compiling enum-as-inner v0.6.1
   Compiling dyn-stack-macros v0.1.3
   Compiling sysctl v0.6.0
   Compiling dyn-stack v0.13.2
   Compiling raw-cpuid v11.6.0
   Compiling num-integer v0.1.47
   Compiling memchr v2.8.3
   Compiling seq-macro v0.3.6
   Compiling ucd-trie v0.1.7
   Compiling syn v1.0.109
   Compiling pest v2.9.0
   Compiling gemm-common v0.18.2
   Compiling nano-gemm-core v0.1.0
   Compiling pest_meta v2.9.0
   Compiling safe_arch v0.7.4
   Compiling matrixmultiply v0.3.11
   Compiling wide v0.7.33
   Compiling interpol v0.2.1
   Compiling pest_generator v2.9.0
   Compiling nano-gemm-c32 v0.1.0
   Compiling nano-gemm-c64 v0.1.0
   Compiling nano-gemm-f64 v0.1.0
   Compiling nano-gemm-f32 v0.1.0
   Compiling crossbeam-queue v0.3.13
   Compiling crossbeam-channel v0.5.16
   Compiling approx v0.5.1
   Compiling equator-macro v0.4.2
   Compiling zmij v1.0.23
   Compiling crunchy v0.2.4
   Compiling defer v0.2.1
   Compiling rawpointer v0.2.1
   Compiling private-gemm-x86 v0.1.20
   Compiling equator v0.4.2
   Compiling crossbeam v0.8.4
   Compiling simba v0.9.1
   Compiling pest_derive v2.9.0
   Compiling num-bigint v0.4.8
   Compiling num-rational v0.4.2
   Compiling equator-macro v0.2.1
   Compiling nalgebra-macros v0.3.0
   Compiling atomic-wait v1.1.0
   Compiling serde_json v1.0.151
   Compiling tiny-keccak v2.0.2
   Compiling typenum v1.20.1
   Compiling spindle v0.2.6
   Compiling nalgebra v0.34.2
   Compiling equator v0.2.2
   Compiling py_literal v0.4.0
   Compiling gemm-f64 v0.18.2
   Compiling gemm-f32 v0.18.2
   Compiling gemm-c64 v0.18.2
   Compiling gemm-c32 v0.18.2
   Compiling qd v0.7.7
   Compiling faer-macros v0.21.0
   Compiling num_cpus v1.17.0
   Compiling generativity v1.2.1
   Compiling itoa v1.0.18
   Compiling faer-traits v0.22.1
   Compiling gemm v0.18.2
   Compiling nano-gemm v0.1.3
   Compiling npyz v0.8.4
   Compiling rand_distr v0.4.3
   Compiling getrandom v0.3.4
   Compiling const-random-macro v0.1.16
   Compiling faer v0.22.6
   Compiling smartstring v1.0.1
   Compiling ahash v0.8.12
   Compiling web-time v1.1.0
   Compiling const-random v0.1.18
   Compiling equivalent v1.0.2
   Compiling hashbrown v0.17.1
   Compiling static_assertions v1.1.0
   Compiling foldhash v0.1.5
   Compiling hashbrown v0.15.5
   Compiling indexmap v2.14.1
   Compiling smallvec v1.15.2
   Compiling rhai_codegen v3.2.0
   Compiling libloading v0.8.9
   Compiling thin-vec v0.2.19
   Compiling fixedbitset v0.5.7
   Compiling petgraph v0.8.3
   Compiling rhai v1.26.0
   Compiling sim-solve v0.1.0 (/Users/elliot/physics-simulator-gait-exploration/crates/sim-solve)
   Compiling sim-dynamics v0.1.0 (/Users/elliot/physics-simulator-gait-exploration/crates/sim-dynamics)
   Compiling sim-couple v0.1.0 (/Users/elliot/physics-simulator-gait-exploration/crates/sim-couple)
   Compiling sim-domain-multibody v0.1.0 (/Users/elliot/physics-simulator-gait-exploration/crates/sim-domain-multibody)
   Compiling sim-domain-translational v0.1.0 (/Users/elliot/physics-simulator-gait-exploration/crates/sim-domain-translational)
   Compiling sim-domain-electrical v0.1.0 (/Users/elliot/physics-simulator-gait-exploration/crates/sim-domain-electrical)
   Compiling sim-domain-rotational v0.1.0 (/Users/elliot/physics-simulator-gait-exploration/crates/sim-domain-rotational)
   Compiling sim-domain-control v0.1.0 (/Users/elliot/physics-simulator-gait-exploration/crates/sim-domain-control)
   Compiling sim-script v0.1.0 (/Users/elliot/physics-simulator-gait-exploration/crates/sim-script)
   Compiling sim-domain-bridges v0.1.0 (/Users/elliot/physics-simulator-gait-exploration/crates/sim-domain-bridges)
   Compiling sim-domain-robot v0.1.0 (/Users/elliot/physics-simulator-gait-exploration/crates/sim-domain-robot)
   Compiling sim-compile v0.1.0 (/Users/elliot/physics-simulator-gait-exploration/crates/sim-compile)
   Compiling sim-domain-magnetic v0.1.0 (/Users/elliot/physics-simulator-gait-exploration/crates/sim-domain-magnetic)
   Compiling sim-domain-granular v0.1.0 (/Users/elliot/physics-simulator-gait-exploration/crates/sim-domain-granular)
   Compiling sim-domain-acoustic v0.1.0 (/Users/elliot/physics-simulator-gait-exploration/crates/sim-domain-acoustic)
   Compiling sim-domain-radiative v0.1.0 (/Users/elliot/physics-simulator-gait-exploration/crates/sim-domain-radiative)
   Compiling sim-domain-line v0.1.0 (/Users/elliot/physics-simulator-gait-exploration/crates/sim-domain-line)
   Compiling sim-domain-fluid v0.1.0 (/Users/elliot/physics-simulator-gait-exploration/crates/sim-domain-fluid)
   Compiling sim-domain-hydraulic v0.1.0 (/Users/elliot/physics-simulator-gait-exploration/crates/sim-domain-hydraulic)
   Compiling sim-domain-sensing v0.1.0 (/Users/elliot/physics-simulator-gait-exploration/crates/sim-domain-sensing)
   Compiling sim-domain-thermal v0.1.0 (/Users/elliot/physics-simulator-gait-exploration/crates/sim-domain-thermal)
   Compiling sim-domain-chemical v0.1.0 (/Users/elliot/physics-simulator-gait-exploration/crates/sim-domain-chemical)
   Compiling sim-runtime v0.1.0 (/Users/elliot/physics-simulator-gait-exploration/crates/sim-runtime)
    Finished `release` profile [optimized] target(s) in 5m 48s
