    Checking either v1.18.0
    Checking num-traits v0.2.19
    Checking sim-core v0.1.0 (/Users/elliot/physics-simulator-gait-exploration/crates/sim-core)
    Checking serde-big-array v0.5.1
    Checking lazy_static v1.5.0
    Checking derive_builder v0.11.2
   Compiling const-random-macro v0.1.16
    Checking rayon v1.12.0
    Checking itertools v0.11.0
    Checking sim-domain-electrical v0.1.0 (/Users/elliot/physics-simulator-gait-exploration/crates/sim-domain-electrical)
    Checking sim-domain-control v0.1.0 (/Users/elliot/physics-simulator-gait-exploration/crates/sim-domain-control)
    Checking sim-couple v0.1.0 (/Users/elliot/physics-simulator-gait-exploration/crates/sim-couple)
    Checking sim-domain-rotational v0.1.0 (/Users/elliot/physics-simulator-gait-exploration/crates/sim-domain-rotational)
    Checking sim-domain-translational v0.1.0 (/Users/elliot/physics-simulator-gait-exploration/crates/sim-domain-translational)
    Checking sim-domain-hydraulic v0.1.0 (/Users/elliot/physics-simulator-gait-exploration/crates/sim-domain-hydraulic)
    Checking sim-domain-line v0.1.0 (/Users/elliot/physics-simulator-gait-exploration/crates/sim-domain-line)
    Checking sim-domain-fluid v0.1.0 (/Users/elliot/physics-simulator-gait-exploration/crates/sim-domain-fluid)
    Checking sim-domain-granular v0.1.0 (/Users/elliot/physics-simulator-gait-exploration/crates/sim-domain-granular)
    Checking sim-domain-sensing v0.1.0 (/Users/elliot/physics-simulator-gait-exploration/crates/sim-domain-sensing)
    Checking sim-domain-radiative v0.1.0 (/Users/elliot/physics-simulator-gait-exploration/crates/sim-domain-radiative)
    Checking sim-domain-acoustic v0.1.0 (/Users/elliot/physics-simulator-gait-exploration/crates/sim-domain-acoustic)
    Checking sim-domain-chemical v0.1.0 (/Users/elliot/physics-simulator-gait-exploration/crates/sim-domain-chemical)
    Checking sim-domain-thermal v0.1.0 (/Users/elliot/physics-simulator-gait-exploration/crates/sim-domain-thermal)
    Checking sim-domain-bridges v0.1.0 (/Users/elliot/physics-simulator-gait-exploration/crates/sim-domain-bridges)
    Checking num-complex v0.4.6
    Checking num-integer v0.1.47
    Checking approx v0.5.1
    Checking rand_distr v0.4.3
    Checking amd v0.2.2
    Checking const-random v0.1.18
    Checking num-bigint v0.4.8
    Checking pulp v0.21.5
    Checking simba v0.9.1
    Checking num-rational v0.4.2
    Checking nano-gemm-c64 v0.1.0
    Checking nano-gemm-c32 v0.1.0
    Checking ahash v0.8.12
    Checking clarabel v0.11.1
    Checking rhai v1.26.0
    Checking spindle v0.2.6
    Checking private-gemm-x86 v0.1.20
    Checking py_literal v0.4.0
    Checking npyz v0.8.4
    Checking gemm-common v0.18.2
    Checking qd v0.7.7
    Checking faer-traits v0.22.1
    Checking gemm-f32 v0.18.2
    Checking gemm-c32 v0.18.2
    Checking gemm-c64 v0.18.2
    Checking gemm-f64 v0.18.2
    Checking gemm v0.18.2
    Checking nalgebra v0.34.2
    Checking nano-gemm v0.1.3
    Checking faer v0.22.6
    Checking sim-domain-multibody v0.1.0 (/Users/elliot/physics-simulator-gait-exploration/crates/sim-domain-multibody)
    Checking sim-domain-magnetic v0.1.0 (/Users/elliot/physics-simulator-gait-exploration/crates/sim-domain-magnetic)
    Checking sim-script v0.1.0 (/Users/elliot/physics-simulator-gait-exploration/crates/sim-script)
    Checking sim-solve v0.1.0 (/Users/elliot/physics-simulator-gait-exploration/crates/sim-solve)
    Checking sim-dynamics v0.1.0 (/Users/elliot/physics-simulator-gait-exploration/crates/sim-dynamics)
    Checking sim-compile v0.1.0 (/Users/elliot/physics-simulator-gait-exploration/crates/sim-compile)
    Checking sim-domain-robot v0.1.0 (/Users/elliot/physics-simulator-gait-exploration/crates/sim-domain-robot)
    Checking sim-runtime v0.1.0 (/Users/elliot/physics-simulator-gait-exploration/crates/sim-runtime)
    Finished `dev` profile [optimized + debuginfo] target(s) in 45.81s
