   Compiling gemm-common v0.18.2
   Compiling serde-big-array v0.5.1
   Compiling clarabel v0.11.1
   Compiling gemm-c32 v0.18.2
   Compiling gemm-f32 v0.18.2
   Compiling gemm-c64 v0.18.2
   Compiling gemm-f64 v0.18.2
   Compiling gemm v0.18.2
   Compiling faer v0.22.6
   Compiling const-random-macro v0.1.16
   Compiling const-random v0.1.18
   Compiling ahash v0.8.12
   Compiling rhai v1.26.0
   Compiling sim-solve v0.1.0 (/Users/elliot/physics-simulator-gait-exploration/crates/sim-solve)
   Compiling sim-dynamics v0.1.0 (/Users/elliot/physics-simulator-gait-exploration/crates/sim-dynamics)
   Compiling sim-domain-multibody v0.1.0 (/Users/elliot/physics-simulator-gait-exploration/crates/sim-domain-multibody)
   Compiling sim-script v0.1.0 (/Users/elliot/physics-simulator-gait-exploration/crates/sim-script)
   Compiling sim-domain-robot v0.1.0 (/Users/elliot/physics-simulator-gait-exploration/crates/sim-domain-robot)
   Compiling sim-compile v0.1.0 (/Users/elliot/physics-simulator-gait-exploration/crates/sim-compile)
   Compiling sim-domain-magnetic v0.1.0 (/Users/elliot/physics-simulator-gait-exploration/crates/sim-domain-magnetic)
   Compiling sim-runtime v0.1.0 (/Users/elliot/physics-simulator-gait-exploration/crates/sim-runtime)
    Finished `release` profile [optimized] target(s) in 2m 53s
