3301 Bayesian attempt 2: 1 candidates screened
3301 Bayesian 2: 0.02s simulated
3301 Bayesian 2: 1.02s simulated
3301 Bayesian 2: 2.02s simulated
3301 Bayesian 2: 3.02s simulated
{"attempts":3,"failed_attempts":0,"wall_hours":0.07520689145166667,"charged_simulation_s":10.8,"actual_simulation_s":10.8,"best_speed_m_s":0.10010800496383758,"improvement_m_s":0.0,"improvement_per_wall_hour":0.0,"screened_candidates":1,"screened_preparation_wall_hours":0.0029622500855555557}
3301 CmaEs attempt 2: 1 candidates screened
3301 CmaEs 2: 0.02s simulated
3301 CmaEs 2: 1.02s simulated
3301 CmaEs 2: 2.02s simulated
3301 CmaEs 2: 3.02s simulated
{"attempts":3,"failed_attempts":0,"wall_hours":0.07375615449944445,"charged_simulation_s":10.8,"actual_simulation_s":10.8,"best_speed_m_s":0.10010800496383758,"improvement_m_s":0.0,"improvement_per_wall_hour":0.0,"screened_candidates":7,"screened_preparation_wall_hours":0.005231304614444444}
3301 Bayesian attempt 3: 2 candidates screened
3301 Bayesian 3: 0.02s simulated
3301 Bayesian 3: 1.02s simulated
3301 Bayesian 3: 2.02s simulated
3301 Bayesian 3: 3.02s simulated
{"attempts":4,"failed_attempts":0,"wall_hours":0.0999591126875,"charged_simulation_s":14.4,"actual_simulation_s":14.4,"best_speed_m_s":0.10010800496383758,"improvement_m_s":0.0,"improvement_per_wall_hour":0.0,"screened_candidates":3,"screened_preparation_wall_hours":0.0184288944525}
3301 CmaEs attempt 3: 2 candidates screened
3301 CmaEs 3: 0.02s simulated
3301 CmaEs 3: 1.02s simulated
3301 CmaEs 3: 2.02s simulated
3301 CmaEs 3: 3.02s simulated
{"attempts":4,"failed_attempts":0,"wall_hours":0.09875297329194445,"charged_simulation_s":14.4,"actual_simulation_s":14.4,"best_speed_m_s":0.10010800496383758,"improvement_m_s":0.0,"improvement_per_wall_hour":0.0,"screened_candidates":9,"screened_preparation_wall_hours":0.005231304614444444}
3301 Bayesian attempt 4: 1 candidates screened
3301 Bayesian 4: 0.02s simulated
3301 Bayesian 4: 1.02s simulated
3301 Bayesian 4: 2.02s simulated
3301 Bayesian 4: 3.02s simulated
{"attempts":5,"failed_attempts":0,"wall_hours":0.12373320608916667,"charged_simulation_s":18.0,"actual_simulation_s":18.0,"best_speed_m_s":0.10010800496383758,"improvement_m_s":0.0,"improvement_per_wall_hour":0.0,"screened_candidates":4,"screened_preparation_wall_hours":0.0184288944525}
3301 CmaEs attempt 4: 0 candidates screened
3301 CmaEs 4: 0.02s simulated
3301 CmaEs 4: 1.02s simulated
3301 CmaEs 4: 2.02s simulated
3301 CmaEs 4: 3.02s simulated
{"attempts":5,"failed_attempts":0,"wall_hours":0.1240914464638889,"charged_simulation_s":18.0,"actual_simulation_s":18.0,"best_speed_m_s":0.10010800496383758,"improvement_m_s":0.0,"improvement_per_wall_hour":0.0,"screened_candidates":9,"screened_preparation_wall_hours":0.005231304614444444}
3301 Bayesian attempt 5: 0 candidates screened
3301 Bayesian 5: 0.02s simulated
3301 Bayesian 5: 1.02s simulated
3301 Bayesian 5: 2.02s simulated
3301 Bayesian 5: 3.02s simulated
{"attempts":6,"failed_attempts":0,"wall_hours":0.1495911588613889,"charged_simulation_s":21.6,"actual_simulation_s":21.6,"best_speed_m_s":0.10010800496383758,"improvement_m_s":0.0,"improvement_per_wall_hour":0.0,"screened_candidates":4,"screened_preparation_wall_hours":0.0184288944525}
3301 CmaEs attempt 5: 2 candidates screened
3301 CmaEs 5: 0.02s simulated
3301 CmaEs 5: 1.02s simulated
3301 CmaEs 5: 2.02s simulated
3301 CmaEs 5: 3.02s simulated
{"attempts":6,"failed_attempts":0,"wall_hours":0.150433835635,"charged_simulation_s":21.6,"actual_simulation_s":21.6,"best_speed_m_s":0.10010800496383758,"improvement_m_s":0.0,"improvement_per_wall_hour":0.0,"screened_candidates":11,"screened_preparation_wall_hours":0.006560909619166666}
3301 Bayesian attempt 6: 2 candidates screened
3301 Bayesian 6: 0.02s simulated
3301 Bayesian 6: 1.02s simulated
3301 Bayesian 6: 2.02s simulated
3301 Bayesian 6: 3.02s simulated
{"attempts":7,"failed_attempts":0,"wall_hours":0.1775296204752778,"charged_simulation_s":25.200000000000003,"actual_simulation_s":25.200000000000003,"best_speed_m_s":0.10010800496383758,"improvement_m_s":0.0,"improvement_per_wall_hour":0.0,"screened_candidates":6,"screened_preparation_wall_hours":0.022980778070555555}
3301 CmaEs attempt 6: 0 candidates screened
3301 CmaEs 6: 0.02s simulated
3301 CmaEs 6: 1.02s simulated
3301 CmaEs 6: 2.02s simulated
3301 CmaEs 6: 3.02s simulated
{"attempts":7,"failed_attempts":0,"wall_hours":0.17861896344305556,"charged_simulation_s":25.200000000000003,"actual_simulation_s":25.200000000000003,"best_speed_m_s":0.10010800496383758,"improvement_m_s":0.0,"improvement_per_wall_hour":0.0,"screened_candidates":11,"screened_preparation_wall_hours":0.006560909619166666}
3301 Bayesian attempt 7: 1 candidates screened
3301 Bayesian 7: 0.02s simulated
3301 Bayesian 7: 1.02s simulated
3301 Bayesian 7: 2.02s simulated
3301 Bayesian 7: 3.02s simulated
{"attempts":8,"failed_attempts":0,"wall_hours":0.20576194174666668,"charged_simulation_s":28.800000000000004,"actual_simulation_s":28.800000000000004,"best_speed_m_s":0.10010800496383758,"improvement_m_s":0.0,"improvement_per_wall_hour":0.0,"screened_candidates":7,"screened_preparation_wall_hours":0.024490502334722223}
3301 CmaEs attempt 7: 0 candidates screened
3301 CmaEs 7: 0.02s simulated
3301 CmaEs 7: 1.02s simulated
3301 CmaEs 7: 2.02s simulated
3301 CmaEs 7: 3.02s simulated
{"attempts":8,"failed_attempts":0,"wall_hours":0.20600930114916666,"charged_simulation_s":28.800000000000004,"actual_simulation_s":28.800000000000004,"best_speed_m_s":0.10010800496383758,"improvement_m_s":0.0,"improvement_per_wall_hour":0.0,"screened_candidates":11,"screened_preparation_wall_hours":0.006560909619166666}
3301 Bayesian attempt 8: 0 candidates screened
3301 Bayesian 8: 0.02s simulated
3301 Bayesian 8: 1.02s simulated
3301 Bayesian 8: 2.02s simulated
3301 Bayesian 8: 3.02s simulated
{"attempts":9,"failed_attempts":0,"wall_hours":0.23400032622,"charged_simulation_s":32.400000000000006,"actual_simulation_s":32.400000000000006,"best_speed_m_s":0.10010800496383758,"improvement_m_s":0.0,"improvement_per_wall_hour":0.0,"screened_candidates":7,"screened_preparation_wall_hours":0.024490502334722223}
3301 CmaEs attempt 8: 0 candidates screened
3301 CmaEs 8: 0.02s simulated
3301 CmaEs 8: 1.02s simulated
3301 CmaEs 8: 2.02s simulated
3301 CmaEs 8: 3.02s simulated
{"attempts":9,"failed_attempts":0,"wall_hours":0.2329921285547222,"charged_simulation_s":32.400000000000006,"actual_simulation_s":32.400000000000006,"best_speed_m_s":0.10010800496383758,"improvement_m_s":0.0,"improvement_per_wall_hour":0.0,"screened_candidates":11,"screened_preparation_wall_hours":0.006560909619166666}
3301 Bayesian attempt 9: 0 candidates screened
3301 Bayesian 9: 0.02s simulated
3301 Bayesian 9: 1.02s simulated
3301 Bayesian 9: 2.02s simulated
3301 Bayesian 9: 3.02s simulated
{"attempts":10,"failed_attempts":0,"wall_hours":0.26180381547888887,"charged_simulation_s":36.00000000000001,"actual_simulation_s":36.00000000000001,"best_speed_m_s":0.10010800496383758,"improvement_m_s":0.0,"improvement_per_wall_hour":0.0,"screened_candidates":7,"screened_preparation_wall_hours":0.024490502334722223}
3301 CmaEs attempt 9: 1 candidates screened
3301 CmaEs 9: 0.02s simulated
3301 CmaEs 9: 1.02s simulated
3301 CmaEs 9: 2.02s simulated
3301 CmaEs 9: 3.02s simulated
{"attempts":10,"failed_attempts":0,"wall_hours":0.2595679100580555,"charged_simulation_s":36.00000000000001,"actual_simulation_s":36.00000000000001,"best_speed_m_s":0.10010800496383758,"improvement_m_s":0.0,"improvement_per_wall_hour":0.0,"screened_candidates":12,"screened_preparation_wall_hours":0.006560909619166666}
3301 Bayesian attempt 10: 0 candidates screened
3301 Bayesian 10: 0.02s simulated
3301 Bayesian 10: 1.02s simulated
3301 Bayesian 10: 2.02s simulated
3301 Bayesian 10: 3.02s simulated
{"attempts":11,"failed_attempts":0,"wall_hours":0.28890113418749996,"charged_simulation_s":39.60000000000001,"actual_simulation_s":39.60000000000001,"best_speed_m_s":0.10063736594404452,"improvement_m_s":0.000529360980206936,"improvement_per_wall_hour":0.0018323257251851943,"screened_candidates":7,"screened_preparation_wall_hours":0.024490502334722223}
3301 CmaEs attempt 10: 0 candidates screened
3301 CmaEs 10: 0.02s simulated
3301 CmaEs 10: 1.02s simulated
3301 CmaEs 10: 2.02s simulated
3301 CmaEs 10: 3.02s simulated
{"attempts":11,"failed_attempts":0,"wall_hours":0.2843988168430555,"charged_simulation_s":39.60000000000001,"actual_simulation_s":39.60000000000001,"best_speed_m_s":0.10010800496383758,"improvement_m_s":0.0,"improvement_per_wall_hour":0.0,"screened_candidates":12,"screened_preparation_wall_hours":0.006560909619166666}
3301 Bayesian attempt 11: 0 candidates screened
3301 Bayesian 11: 0.02s simulated
3301 Bayesian 11: 1.02s simulated
3301 Bayesian 11: 2.02s simulated
3301 Bayesian 11: 3.02s simulated
{"attempts":12,"failed_attempts":0,"wall_hours":0.3155725438011111,"charged_simulation_s":43.20000000000001,"actual_simulation_s":43.20000000000001,"best_speed_m_s":0.10726479014213786,"improvement_m_s":0.007156785178300276,"improvement_per_wall_hour":0.022678732097843164,"screened_candidates":7,"screened_preparation_wall_hours":0.024490502334722223}
3301 CmaEs attempt 11: 0 candidates screened
3301 CmaEs 11: 0.02s simulated
3301 CmaEs 11: 1.02s simulated
3301 CmaEs 11: 2.02s simulated
3301 CmaEs 11: 3.02s simulated
{"attempts":12,"failed_attempts":0,"wall_hours":0.31012125969972215,"charged_simulation_s":43.20000000000001,"actual_simulation_s":43.20000000000001,"best_speed_m_s":0.10010800496383758,"improvement_m_s":0.0,"improvement_per_wall_hour":0.0,"screened_candidates":12,"screened_preparation_wall_hours":0.006560909619166666}
3301 Bayesian attempt 12: 4 candidates screened
3301 Bayesian 12: 0.02s simulated
3301 Bayesian 12: 1.02s simulated
3301 Bayesian 12: 2.02s simulated
3301 Bayesian 12: 3.02s simulated
{"attempts":13,"failed_attempts":0,"wall_hours":0.34095213153,"charged_simulation_s":46.80000000000001,"actual_simulation_s":46.80000000000001,"best_speed_m_s":0.10726479014213786,"improvement_m_s":0.007156785178300276,"improvement_per_wall_hour":0.020990586409255396,"screened_candidates":11,"screened_preparation_wall_hours":0.03575745468388889}
3301 CmaEs attempt 12: 0 candidates screened
3301 CmaEs 12: 0.02s simulated
3301 CmaEs 12: 1.02s simulated
3301 CmaEs 12: 2.02s simulated
3301 CmaEs 12: 3.02s simulated
{"attempts":13,"failed_attempts":0,"wall_hours":0.3361681993513888,"charged_simulation_s":46.80000000000001,"actual_simulation_s":46.80000000000001,"best_speed_m_s":0.10010800496383758,"improvement_m_s":0.0,"improvement_per_wall_hour":0.0,"screened_candidates":12,"screened_preparation_wall_hours":0.006560909619166666}
3301 Bayesian attempt 13: 0 candidates screened
3301 Bayesian 13: 0.02s simulated
3301 Bayesian 13: 1.02s simulated
3301 Bayesian 13: 2.02s simulated
3301 Bayesian 13: 3.02s simulated
{"attempts":14,"failed_attempts":0,"wall_hours":0.3660120534308333,"charged_simulation_s":50.40000000000001,"actual_simulation_s":50.40000000000001,"best_speed_m_s":0.10726479014213786,"improvement_m_s":0.007156785178300276,"improvement_per_wall_hour":0.019553413914147832,"screened_candidates":11,"screened_preparation_wall_hours":0.03575745468388889}
3301 CmaEs attempt 13: 4 candidates screened
3301 CmaEs 13: 0.02s simulated
3301 CmaEs 13: 1.02s simulated
3301 CmaEs 13: 2.02s simulated
3301 CmaEs 13: 3.02s simulated
{"attempts":14,"failed_attempts":0,"wall_hours":0.3607629550219444,"charged_simulation_s":50.40000000000001,"actual_simulation_s":50.40000000000001,"best_speed_m_s":0.10010800496383758,"improvement_m_s":0.0,"improvement_per_wall_hour":0.0,"screened_candidates":16,"screened_preparation_wall_hours":0.015520529228888887}
3301 Bayesian attempt 14: 1 candidates screened
3301 Bayesian 14: 0.02s simulated
3301 Bayesian 14: 1.02s simulated
3301 Bayesian 14: 2.02s simulated
3301 Bayesian 14: 3.02s simulated
{"attempts":15,"failed_attempts":0,"wall_hours":0.3923288301675,"charged_simulation_s":54.000000000000014,"actual_simulation_s":54.000000000000014,"best_speed_m_s":0.14188857666560967,"improvement_m_s":0.04178057170177209,"improvement_per_wall_hour":0.10649375852377299,"screened_candidates":12,"screened_preparation_wall_hours":0.03575745468388889}
3301 CmaEs attempt 14: 2 candidates screened
3301 CmaEs 14: 0.02s simulated
3301 CmaEs 14: 1.02s simulated
3301 CmaEs 14: 2.02s simulated
3301 CmaEs 14: 3.02s simulated
{"attempts":15,"failed_attempts":0,"wall_hours":0.3867521338383333,"charged_simulation_s":54.000000000000014,"actual_simulation_s":54.000000000000014,"best_speed_m_s":0.10575090761109422,"improvement_m_s":0.005642902647256642,"improvement_per_wall_hour":0.014590488722721407,"screened_candidates":18,"screened_preparation_wall_hours":0.015520529228888887}
3301 Bayesian attempt 15: 6 candidates screened
3301 Bayesian 15: 0.02s simulated
3301 Bayesian 15: 1.02s simulated
3301 Bayesian 15: 2.02s simulated
3301 Bayesian 15: 3.02s simulated
{"attempts":16,"failed_attempts":0,"wall_hours":0.41654540635166665,"charged_simulation_s":57.600000000000016,"actual_simulation_s":57.600000000000016,"best_speed_m_s":0.14188857666560967,"improvement_m_s":0.04178057170177209,"improvement_per_wall_hour":0.10030256261306365,"screened_candidates":18,"screened_preparation_wall_hours":0.043744484791111114}
3301 CmaEs attempt 15: 0 candidates screened
3301 CmaEs 15: 0.02s simulated
3301 CmaEs 15: 1.02s simulated
3301 CmaEs 15: 2.02s simulated
3301 CmaEs 15: 3.02s simulated
{"attempts":16,"failed_attempts":0,"wall_hours":0.4117444167647222,"charged_simulation_s":57.600000000000016,"actual_simulation_s":57.600000000000016,"best_speed_m_s":0.10575090761109422,"improvement_m_s":0.005642902647256642,"improvement_per_wall_hour":0.013704867431101303,"screened_candidates":18,"screened_preparation_wall_hours":0.015520529228888887}
3301 Bayesian attempt 16: 11 candidates screened
3301 Bayesian 16: 0.02s simulated
3301 Bayesian 16: 1.02s simulated
3301 Bayesian 16: 2.02s simulated
3301 Bayesian 16: 3.02s simulated
{"attempts":17,"failed_attempts":0,"wall_hours":0.45108504715,"charged_simulation_s":61.20000000000002,"actual_simulation_s":61.20000000000002,"best_speed_m_s":0.14188857666560967,"improvement_m_s":0.04178057170177209,"improvement_per_wall_hour":0.09262238233287909,"screened_candidates":29,"screened_preparation_wall_hours":0.06543021990138889}
3301 CmaEs attempt 16: 3 candidates screened
3301 CmaEs 16: 0.02s simulated
3301 CmaEs 16: 1.02s simulated
3301 CmaEs 16: 2.02s simulated
3301 CmaEs 16: 3.02s simulated
{"attempts":17,"failed_attempts":0,"wall_hours":0.4402800562655555,"charged_simulation_s":61.20000000000002,"actual_simulation_s":61.20000000000002,"best_speed_m_s":0.11159531459678135,"improvement_m_s":0.011487309632943768,"improvement_per_wall_hour":0.02609091524694269,"screened_candidates":21,"screened_preparation_wall_hours":0.017187086506388886}
3301 Bayesian attempt 17: 8 candidates screened
3301 Bayesian 17: 0.02s simulated
3301 Bayesian 17: 1.02s simulated
3301 Bayesian 17: 2.02s simulated
3301 Bayesian 17: 3.02s simulated
{"attempts":18,"failed_attempts":0,"wall_hours":0.4853381837833333,"charged_simulation_s":64.80000000000001,"actual_simulation_s":64.80000000000001,"best_speed_m_s":0.14188857666560967,"improvement_m_s":0.04178057170177209,"improvement_per_wall_hour":0.08608548244871651,"screened_candidates":37,"screened_preparation_wall_hours":0.09407612145527777}
3301 CmaEs attempt 17: 6 candidates screened
3301 CmaEs 17: 0.02s simulated
3301 CmaEs 17: 1.02s simulated
3301 CmaEs 17: 2.02s simulated
3301 CmaEs 17: 3.02s simulated
{"attempts":18,"failed_attempts":0,"wall_hours":0.4704591373333333,"charged_simulation_s":64.80000000000001,"actual_simulation_s":64.80000000000001,"best_speed_m_s":0.11342911527947305,"improvement_m_s":0.013321110315635473,"improvement_per_wall_hour":0.02831512719923452,"screened_candidates":27,"screened_preparation_wall_hours":0.017187086506388886}
3301 Bayesian attempt 18: 48 candidates screened
{"attempts":19,"failed_attempts":1,"wall_hours":0.5060743668855555,"charged_simulation_s":68.4,"actual_simulation_s":64.80000000000001,"best_speed_m_s":0.14188857666560967,"improvement_m_s":0.04178057170177209,"improvement_per_wall_hour":0.08255816622148818,"screened_candidates":84,"screened_preparation_wall_hours":0.15141045864666666}
3301 CmaEs attempt 18: 4 candidates screened
3301 CmaEs 18: 0.02s simulated
3301 CmaEs 18: 1.02s simulated
3301 CmaEs 18: 2.02s simulated
3301 CmaEs 18: 3.02s simulated
{"attempts":19,"failed_attempts":0,"wall_hours":0.4994233127558333,"charged_simulation_s":68.4,"actual_simulation_s":68.4,"best_speed_m_s":0.11342911527947305,"improvement_m_s":0.013321110315635473,"improvement_per_wall_hour":0.02667298457120308,"screened_candidates":31,"screened_preparation_wall_hours":0.017187086506388886}
3301 Bayesian attempt 19: 48 candidates screened
{"attempts":20,"failed_attempts":2,"wall_hours":0.529835685391111,"charged_simulation_s":72.0,"actual_simulation_s":64.80000000000001,"best_speed_m_s":0.14188857666560967,"improvement_m_s":0.04178057170177209,"improvement_per_wall_hour":0.0788557148069986,"screened_candidates":131,"screened_preparation_wall_hours":0.21190532717472224}
3301 CmaEs attempt 19: 0 candidates screened
3301 CmaEs 19: 0.02s simulated
3301 CmaEs 19: 1.02s simulated
3301 CmaEs 19: 2.02s simulated
3301 CmaEs 19: 3.02s simulated
{"attempts":20,"failed_attempts":0,"wall_hours":0.5283316256397221,"charged_simulation_s":72.0,"actual_simulation_s":72.0,"best_speed_m_s":0.11342911527947305,"improvement_m_s":0.013321110315635473,"improvement_per_wall_hour":0.025213539506566192,"screened_candidates":31,"screened_preparation_wall_hours":0.017187086506388886}
3301 Bayesian attempt 20: 48 candidates screened
{"attempts":21,"failed_attempts":3,"wall_hours":0.5414417832949999,"charged_simulation_s":75.6,"actual_simulation_s":64.80000000000001,"best_speed_m_s":0.14188857666560967,"improvement_m_s":0.04178057170177209,"improvement_per_wall_hour":0.07716539984689047,"screened_candidates":178,"screened_preparation_wall_hours":0.25053131315694444}
3301 CmaEs attempt 20: 0 candidates screened
3301 CmaEs 20: 0.02s simulated
3301 CmaEs 20: 1.02s simulated
3301 CmaEs 20: 2.02s simulated
3301 CmaEs 20: 3.02s simulated
{"attempts":21,"failed_attempts":0,"wall_hours":0.5573275227666665,"charged_simulation_s":75.6,"actual_simulation_s":75.6,"best_speed_m_s":0.11342911527947305,"improvement_m_s":0.013321110315635473,"improvement_per_wall_hour":0.023901762915829575,"screened_candidates":31,"screened_preparation_wall_hours":0.017187086506388886}
3301 Bayesian attempt 21: 48 candidates screened
{"attempts":22,"failed_attempts":4,"wall_hours":0.5760747376252777,"charged_simulation_s":79.19999999999999,"actual_simulation_s":64.80000000000001,"best_speed_m_s":0.14188857666560967,"improvement_m_s":0.04178057170177209,"improvement_per_wall_hour":0.07252630426739752,"screened_candidates":225,"screened_preparation_wall_hours":0.3209940711563889}
3301 CmaEs attempt 21: 0 candidates screened
3301 CmaEs 21: 0.02s simulated
3301 CmaEs 21: 1.02s simulated
3301 CmaEs 21: 2.02s simulated
3301 CmaEs 21: 3.02s simulated
{"attempts":22,"failed_attempts":0,"wall_hours":0.5859808343730554,"charged_simulation_s":79.19999999999999,"actual_simulation_s":79.19999999999999,"best_speed_m_s":0.11342911527947305,"improvement_m_s":0.013321110315635473,"improvement_per_wall_hour":0.022733013665690645,"screened_candidates":31,"screened_preparation_wall_hours":0.017187086506388886}
3301 Bayesian attempt 22: 48 candidates screened
{"attempts":23,"failed_attempts":5,"wall_hours":0.5996983225749999,"charged_simulation_s":82.79999999999998,"actual_simulation_s":64.80000000000001,"best_speed_m_s":0.14188857666560967,"improvement_m_s":0.04178057170177209,"improvement_per_wall_hour":0.06966931560250762,"screened_candidates":272,"screened_preparation_wall_hours":0.377014403995}
3301 CmaEs attempt 22: 0 candidates screened
3301 CmaEs 22: 0.02s simulated
3301 CmaEs 22: 1.02s simulated
3301 CmaEs 22: 2.02s simulated
3301 CmaEs 22: 3.02s simulated
{"attempts":23,"failed_attempts":0,"wall_hours":0.6132990715683332,"charged_simulation_s":82.79999999999998,"actual_simulation_s":82.79999999999998,"best_speed_m_s":0.11342911527947305,"improvement_m_s":0.013321110315635473,"improvement_per_wall_hour":0.021720414938132263,"screened_candidates":31,"screened_preparation_wall_hours":0.017187086506388886}
3301 Bayesian attempt 23: 6 candidates screened
3301 Bayesian 23: 0.02s simulated
3301 Bayesian 23: 1.02s simulated
3301 Bayesian 23: 2.02s simulated
3301 Bayesian 23: 3.02s simulated
{"attempts":24,"failed_attempts":5,"wall_hours":0.6254326787647221,"charged_simulation_s":86.39999999999998,"actual_simulation_s":68.4,"best_speed_m_s":0.14188857666560967,"improvement_m_s":0.04178057170177209,"improvement_per_wall_hour":0.06680266816932551,"screened_candidates":278,"screened_preparation_wall_hours":0.3859996161222222}
3301 CmaEs attempt 23: 0 candidates screened
3301 CmaEs 23: 0.02s simulated
3301 CmaEs 23: 1.02s simulated
3301 CmaEs 23: 2.02s simulated
3301 CmaEs 23: 3.02s simulated
{"attempts":24,"failed_attempts":0,"wall_hours":0.6411478575099998,"charged_simulation_s":86.39999999999998,"actual_simulation_s":86.39999999999998,"best_speed_m_s":0.11342911527947305,"improvement_m_s":0.013321110315635473,"improvement_per_wall_hour":0.020776970802601033,"screened_candidates":31,"screened_preparation_wall_hours":0.017187086506388886}
3301 Bayesian attempt 24: 1 candidates screened
3301 Bayesian 24: 0.02s simulated
3301 Bayesian 24: 1.02s simulated
3301 Bayesian 24: 2.02s simulated
3301 Bayesian 24: 3.02s simulated
{"attempts":25,"failed_attempts":5,"wall_hours":0.6545953527591666,"charged_simulation_s":89.99999999999997,"actual_simulation_s":72.0,"best_speed_m_s":0.14205355018110752,"improvement_m_s":0.04194554521726994,"improvement_per_wall_hour":0.06407858693231848,"screened_candidates":279,"screened_preparation_wall_hours":0.3888694916502778}
3301 CmaEs attempt 24: 0 candidates screened
3301 CmaEs 24: 0.02s simulated
3301 CmaEs 24: 1.02s simulated
3301 CmaEs 24: 2.02s simulated
3301 CmaEs 24: 3.02s simulated
{"attempts":25,"failed_attempts":0,"wall_hours":0.6691777884863886,"charged_simulation_s":89.99999999999997,"actual_simulation_s":89.99999999999997,"best_speed_m_s":0.11342911527947305,"improvement_m_s":0.013321110315635473,"improvement_per_wall_hour":0.01990668331321405,"screened_candidates":31,"screened_preparation_wall_hours":0.017187086506388886}
3301 Bayesian attempt 25: 48 candidates screened
{"attempts":26,"failed_attempts":6,"wall_hours":0.6668875131372222,"charged_simulation_s":93.59999999999997,"actual_simulation_s":72.0,"best_speed_m_s":0.14205355018110752,"improvement_m_s":0.04194554521726994,"improvement_per_wall_hour":0.06289748179561282,"screened_candidates":326,"screened_preparation_wall_hours":0.43343419213583334}
3301 CmaEs attempt 25: 0 candidates screened
3301 CmaEs 25: 0.02s simulated
3301 CmaEs 25: 1.02s simulated
3301 CmaEs 25: 2.02s simulated
3301 CmaEs 25: 3.02s simulated
{"attempts":26,"failed_attempts":0,"wall_hours":0.6951643861327775,"charged_simulation_s":93.59999999999997,"actual_simulation_s":93.59999999999997,"best_speed_m_s":0.11342911527947305,"improvement_m_s":0.013321110315635473,"improvement_per_wall_hour":0.019162532749615168,"screened_candidates":31,"screened_preparation_wall_hours":0.017187086506388886}
3301 Bayesian attempt 26: 48 candidates screened
{"attempts":27,"failed_attempts":7,"wall_hours":0.6825223187263888,"charged_simulation_s":97.19999999999996,"actual_simulation_s":72.0,"best_speed_m_s":0.14205355018110752,"improvement_m_s":0.04194554521726994,"improvement_per_wall_hour":0.061456664590165834,"screened_candidates":373,"screened_preparation_wall_hours":0.4774330447955556}
3301 CmaEs attempt 26: 0 candidates screened
3301 CmaEs 26: 0.02s simulated
3301 CmaEs 26: 1.02s simulated
3301 CmaEs 26: 2.02s simulated
3301 CmaEs 26: 3.02s simulated
{"attempts":27,"failed_attempts":0,"wall_hours":0.722450735129722,"charged_simulation_s":97.19999999999996,"actual_simulation_s":97.19999999999996,"best_speed_m_s":0.11342911527947305,"improvement_m_s":0.013321110315635473,"improvement_per_wall_hour":0.018438780207267084,"screened_candidates":31,"screened_preparation_wall_hours":0.017187086506388886}
3301 Bayesian attempt 27: 26 candidates screened
3301 Bayesian 27: 0.02s simulated
3301 Bayesian 27: 1.02s simulated
3301 Bayesian 27: 2.02s simulated
3301 Bayesian 27: 3.02s simulated
{"attempts":28,"failed_attempts":7,"wall_hours":0.7153403777258333,"charged_simulation_s":100.79999999999995,"actual_simulation_s":75.6,"best_speed_m_s":0.14205355018110752,"improvement_m_s":0.04194554521726994,"improvement_per_wall_hour":0.058637183812579784,"screened_candidates":399,"screened_preparation_wall_hours":0.4984689028022223}
3301 CmaEs attempt 27: 2 candidates screened
3301 CmaEs 27: 0.02s simulated
3301 CmaEs 27: 1.02s simulated
3301 CmaEs 27: 2.02s simulated
3301 CmaEs 27: 3.02s simulated
{"attempts":28,"failed_attempts":0,"wall_hours":0.748108873013611,"charged_simulation_s":100.79999999999995,"actual_simulation_s":100.79999999999995,"best_speed_m_s":0.11342911527947305,"improvement_m_s":0.013321110315635473,"improvement_per_wall_hour":0.01780637925329501,"screened_candidates":33,"screened_preparation_wall_hours":0.017187086506388886}
3301 Bayesian attempt 28: 48 candidates screened
{"attempts":29,"failed_attempts":8,"wall_hours":0.7375925800855555,"charged_simulation_s":104.39999999999995,"actual_simulation_s":75.6,"best_speed_m_s":0.14205355018110752,"improvement_m_s":0.04194554521726994,"improvement_per_wall_hour":0.05686817675471268,"screened_candidates":446,"screened_preparation_wall_hours":0.5509747998361112}
3301 CmaEs attempt 28: 3 candidates screened
3301 CmaEs 28: 0.02s simulated
3301 CmaEs 28: 1.02s simulated
3301 CmaEs 28: 2.02s simulated
3301 CmaEs 28: 3.02s simulated
{"attempts":29,"failed_attempts":0,"wall_hours":0.7843396608413887,"charged_simulation_s":104.39999999999995,"actual_simulation_s":104.39999999999995,"best_speed_m_s":0.11342911527947305,"improvement_m_s":0.013321110315635473,"improvement_per_wall_hour":0.016983854037605915,"screened_candidates":36,"screened_preparation_wall_hours":0.03020384454722222}
3301 Bayesian attempt 29: 48 candidates screened
{"attempts":30,"failed_attempts":9,"wall_hours":0.7553379568949999,"charged_simulation_s":107.99999999999994,"actual_simulation_s":75.6,"best_speed_m_s":0.14205355018110752,"improvement_m_s":0.04194554521726994,"improvement_per_wall_hour":0.05553215595002969,"screened_candidates":493,"screened_preparation_wall_hours":0.608379787443889}
3301 CmaEs attempt 29: 2 candidates screened
3301 CmaEs 29: 0.02s simulated
3301 CmaEs 29: 1.02s simulated
3301 CmaEs 29: 2.02s simulated
3301 CmaEs 29: 3.02s simulated
{"attempts":30,"failed_attempts":0,"wall_hours":0.8214376374277776,"charged_simulation_s":107.99999999999994,"actual_simulation_s":107.99999999999994,"best_speed_m_s":0.11342911527947305,"improvement_m_s":0.013321110315635473,"improvement_per_wall_hour":0.016216824879547464,"screened_candidates":38,"screened_preparation_wall_hours":0.03020384454722222}
3301 Bayesian attempt 30: 48 candidates screened
{"attempts":31,"failed_attempts":10,"wall_hours":0.7822845265308332,"charged_simulation_s":111.59999999999994,"actual_simulation_s":75.6,"best_speed_m_s":0.14205355018110752,"improvement_m_s":0.04194554521726994,"improvement_per_wall_hour":0.05361929553085271,"screened_candidates":540,"screened_preparation_wall_hours":0.6997297596883335}
3301 CmaEs attempt 30: 1 candidates screened
3301 CmaEs 30: 0.02s simulated
3301 CmaEs 30: 1.02s simulated
3301 CmaEs 30: 2.02s simulated
3301 CmaEs 30: 3.02s simulated
{"attempts":31,"failed_attempts":0,"wall_hours":0.8597758142563887,"charged_simulation_s":111.59999999999994,"actual_simulation_s":111.59999999999994,"best_speed_m_s":0.12082094130839062,"improvement_m_s":0.02071293634455304,"improvement_per_wall_hour":0.024091089794689616,"screened_candidates":39,"screened_preparation_wall_hours":0.03020384454722222}
3301 Bayesian attempt 31: 48 candidates screened
{"attempts":32,"failed_attempts":11,"wall_hours":0.8027057453652777,"charged_simulation_s":115.19999999999993,"actual_simulation_s":75.6,"best_speed_m_s":0.14205355018110752,"improvement_m_s":0.04194554521726994,"improvement_per_wall_hour":0.052255194957128756,"screened_candidates":587,"screened_preparation_wall_hours":0.7577882491100002}
3301 CmaEs attempt 31: 0 candidates screened
3301 CmaEs 31: 0.02s simulated
3301 CmaEs 31: 1.02s simulated
3301 CmaEs 31: 2.02s simulated
3301 CmaEs 31: 3.02s simulated
{"attempts":32,"failed_attempts":0,"wall_hours":0.9015292685016665,"charged_simulation_s":115.19999999999993,"actual_simulation_s":115.19999999999993,"best_speed_m_s":0.12082094130839062,"improvement_m_s":0.02071293634455304,"improvement_per_wall_hour":0.02297533432162192,"screened_candidates":39,"screened_preparation_wall_hours":0.03020384454722222}
3301 Bayesian attempt 32: 48 candidates screened
{"attempts":33,"failed_attempts":12,"wall_hours":0.838692529001111,"charged_simulation_s":118.79999999999993,"actual_simulation_s":75.6,"best_speed_m_s":0.14205355018110752,"improvement_m_s":0.04194554521726994,"improvement_per_wall_hour":0.050013018796325026,"screened_candidates":634,"screened_preparation_wall_hours":0.856869592481389}
3301 CmaEs attempt 32: 4 candidates screened
3301 CmaEs 32: 0.02s simulated
3301 CmaEs 32: 1.02s simulated
3301 CmaEs 32: 2.02s simulated
3301 CmaEs 32: 3.02s simulated
{"attempts":33,"failed_attempts":0,"wall_hours":0.9512362163044442,"charged_simulation_s":118.79999999999993,"actual_simulation_s":118.79999999999993,"best_speed_m_s":0.12082094130839062,"improvement_m_s":0.02071293634455304,"improvement_per_wall_hour":0.021774755827761547,"screened_candidates":43,"screened_preparation_wall_hours":0.03020384454722222}
All declared comparison attempts completed; detailed finalist validation is still separate.
