    Checking once_cell v1.21.4
   Compiling serde_json v1.0.151
    Checking gemm-common v0.18.2
    Checking wasm-bindgen v0.2.127
    Checking sim-core v0.1.0 (/Users/elliot/physics-simulator/crates/sim-core)
    Checking gemm-f32 v0.18.2
    Checking gemm-c64 v0.18.2
    Checking gemm-f64 v0.18.2
    Checking gemm-c32 v0.18.2
    Checking js-sys v0.3.104
    Checking gemm v0.18.2
    Checking faer v0.22.6
    Checking sim-domain-control v0.1.0 (/Users/elliot/physics-simulator/crates/sim-domain-control)
    Checking sim-domain-electrical v0.1.0 (/Users/elliot/physics-simulator/crates/sim-domain-electrical)
    Checking sim-domain-multibody v0.1.0 (/Users/elliot/physics-simulator/crates/sim-domain-multibody)
    Checking web-time v1.1.0
    Checking sim-solve v0.1.0 (/Users/elliot/physics-simulator/crates/sim-solve)
    Checking sim-dynamics v0.1.0 (/Users/elliot/physics-simulator/crates/sim-dynamics)
    Checking sim-domain-robot v0.1.0 (/Users/elliot/physics-simulator/crates/sim-domain-robot)
    Finished `dev` profile [optimized + debuginfo] target(s) in 54.90s
