    Blocking waiting for file lock on build directory
   Compiling syn v1.0.109
    Checking either v1.18.0
   Compiling fnv v1.0.7
   Compiling strsim v0.10.0
   Compiling ident_case v1.0.1
   Compiling once_cell v1.21.4
    Checking num-complex v0.4.6
    Checking sim-core v0.1.0 (/Users/elliot/physics-simulator/crates/sim-core)
   Compiling clarabel v0.11.1
    Checking rand_distr v0.4.3
    Checking serde-big-array v0.5.1
    Checking amd v0.2.2
   Compiling sim-runtime v0.1.0 (/Users/elliot/physics-simulator/crates/sim-runtime)
    Checking rayon v1.12.0
    Checking itertools v0.11.0
   Compiling enum_dispatch v0.3.13
   Compiling const-random-macro v0.1.16
    Checking pulp v0.21.5
    Checking simba v0.9.1
    Checking nano-gemm-c64 v0.1.0
    Checking py_literal v0.4.0
    Checking nano-gemm-c32 v0.1.0
    Checking sim-domain-control v0.1.0 (/Users/elliot/physics-simulator/crates/sim-domain-control)
    Checking sim-domain-rotational v0.1.0 (/Users/elliot/physics-simulator/crates/sim-domain-rotational)
    Checking sim-couple v0.1.0 (/Users/elliot/physics-simulator/crates/sim-couple)
    Checking sim-domain-translational v0.1.0 (/Users/elliot/physics-simulator/crates/sim-domain-translational)
    Checking sim-domain-electrical v0.1.0 (/Users/elliot/physics-simulator/crates/sim-domain-electrical)
    Checking sim-domain-thermal v0.1.0 (/Users/elliot/physics-simulator/crates/sim-domain-thermal)
    Checking const-random v0.1.18
    Checking sim-domain-radiative v0.1.0 (/Users/elliot/physics-simulator/crates/sim-domain-radiative)
    Checking sim-domain-hydraulic v0.1.0 (/Users/elliot/physics-simulator/crates/sim-domain-hydraulic)
    Checking sim-domain-fluid v0.1.0 (/Users/elliot/physics-simulator/crates/sim-domain-fluid)
    Checking sim-domain-sensing v0.1.0 (/Users/elliot/physics-simulator/crates/sim-domain-sensing)
    Checking sim-domain-bridges v0.1.0 (/Users/elliot/physics-simulator/crates/sim-domain-bridges)
    Checking sim-domain-chemical v0.1.0 (/Users/elliot/physics-simulator/crates/sim-domain-chemical)
    Checking spindle v0.2.6
    Checking sim-domain-granular v0.1.0 (/Users/elliot/physics-simulator/crates/sim-domain-granular)
    Checking sim-domain-acoustic v0.1.0 (/Users/elliot/physics-simulator/crates/sim-domain-acoustic)
    Checking sim-domain-line v0.1.0 (/Users/elliot/physics-simulator/crates/sim-domain-line)
    Checking gemm-common v0.18.2
    Checking qd v0.7.7
    Checking faer-traits v0.22.1
    Checking gemm-f64 v0.18.2
    Checking gemm-c64 v0.18.2
   Compiling darling_core v0.14.4
    Checking gemm-c32 v0.18.2
    Checking gemm-f32 v0.18.2
    Checking ahash v0.8.12
    Checking nalgebra v0.34.2
    Checking rhai v1.26.0
    Checking gemm v0.18.2
   Compiling interpol v0.2.1
    Checking nano-gemm v0.1.3
    Checking npyz v0.8.4
   Compiling darling_macro v0.14.4
   Compiling private-gemm-x86 v0.1.20
    Checking sim-domain-multibody v0.1.0 (/Users/elliot/physics-simulator/crates/sim-domain-multibody)
    Checking sim-domain-magnetic v0.1.0 (/Users/elliot/physics-simulator/crates/sim-domain-magnetic)
   Compiling darling v0.14.4
   Compiling derive_builder_core v0.11.2
    Checking sim-script v0.1.0 (/Users/elliot/physics-simulator/crates/sim-script)
   Compiling derive_builder_macro v0.11.2
    Checking derive_builder v0.11.2
    Checking faer v0.22.6
    Checking sim-solve v0.1.0 (/Users/elliot/physics-simulator/crates/sim-solve)
    Checking sim-dynamics v0.1.0 (/Users/elliot/physics-simulator/crates/sim-dynamics)
    Checking sim-compile v0.1.0 (/Users/elliot/physics-simulator/crates/sim-compile)
    Checking sim-domain-robot v0.1.0 (/Users/elliot/physics-simulator/crates/sim-domain-robot)
    Finished `dev` profile [optimized + debuginfo] target(s) in 3m 01s
