   Compiling proc-macro2 v1.0.107
   Compiling unicode-ident v1.0.24
   Compiling quote v1.0.47
   Compiling version_check v0.9.5
    Checking cfg-if v1.0.4
   Compiling autocfg v1.5.1
   Compiling serde_core v1.0.229
   Compiling find-msvc-tools v0.1.11
   Compiling shlex v2.0.1
   Compiling serde v1.0.229
   Compiling thiserror v2.0.20
   Compiling zmij v1.0.23
   Compiling serde_json v1.0.151
    Checking bytemuck v1.25.2
    Checking memchr v2.8.3
    Checking itoa v1.0.18
    Checking arrayvec v0.7.8
    Checking constant_time_eq v0.4.2
   Compiling cc v1.4.4
   Compiling portable-atomic v1.15.0
   Compiling wasm-bindgen-shared v0.2.127
   Compiling nano-gemm-codegen v0.1.0
   Compiling paste v1.0.15
   Compiling libm v0.2.16
   Compiling rustversion v1.0.23
    Checking bitflags v2.13.1
    Checking reborrow v0.5.5
   Compiling bumpalo v3.20.3
   Compiling dyn-stack-macros v0.1.3
    Checking raw-cpuid v11.6.0
   Compiling slotmap v1.1.1
   Compiling pulp v0.21.5
    Checking dyn-stack v0.13.2
   Compiling seq-macro v0.3.6
   Compiling num-traits v0.2.19
   Compiling syn v3.0.4
   Compiling syn v2.0.119
    Checking nano-gemm-core v0.1.0
   Compiling matrixmultiply v0.3.11
    Checking safe_arch v0.7.4
    Checking futures-task v0.3.34
    Checking slab v0.4.12
    Checking futures-core v0.3.34
    Checking pin-project-lite v0.2.17
    Checking wide v0.7.33
    Checking futures-util v0.3.34
   Compiling nano-gemm-f32 v0.1.0
   Compiling nano-gemm-c64 v0.1.0
   Compiling nano-gemm-c32 v0.1.0
    Checking once_cell v1.21.4
   Compiling nano-gemm-f64 v0.1.0
   Compiling libc v0.2.189
   Compiling crunchy v0.2.4
    Checking rawpointer v0.2.1
    Checking typenum v1.20.1
   Compiling tiny-keccak v2.0.2
    Checking num-complex v0.4.6
    Checking approx v0.5.1
    Checking num-integer v0.1.47
    Checking generativity v1.2.1
   Compiling getrandom v0.3.4
   Compiling zerocopy v0.8.56
   Compiling wasm-bindgen v0.2.127
   Compiling smartstring v1.0.1
    Checking num-rational v0.4.2
    Checking simba v0.9.1
   Compiling ahash v0.8.12
    Checking hashbrown v0.17.1
    Checking gemm-common v0.18.2
    Checking qd v0.7.7
    Checking foldhash v0.1.5
    Checking equivalent v1.0.2
    Checking static_assertions v1.1.0
    Checking hashbrown v0.15.5
    Checking fixedbitset v0.5.7
    Checking thin-vec v0.2.19
    Checking indexmap v2.14.1
   Compiling wasm-bindgen-macro-support v0.2.127
    Checking petgraph v0.8.3
   Compiling getrandom v0.2.17
   Compiling const-random-macro v0.1.16
   Compiling blake3 v1.8.7
    Checking gemm-c32 v0.18.2
    Checking gemm-c64 v0.18.2
    Checking gemm-f32 v0.18.2
    Checking gemm-f64 v0.18.2
    Checking const-random v0.1.18
    Checking gemm v0.18.2
   Compiling serde_derive v1.0.229
   Compiling thiserror-impl v2.0.20
   Compiling sim-runtime v0.1.0 (/Users/elliot/physics-simulator/crates/sim-runtime)
   Compiling equator-macro v0.2.1
   Compiling nalgebra-macros v0.3.0
   Compiling equator-macro v0.4.2
   Compiling faer-macros v0.21.0
   Compiling rhai_codegen v3.2.0
    Checking equator v0.2.2
    Checking nano-gemm v0.1.3
    Checking nalgebra v0.34.2
    Checking smallvec v1.15.2
    Checking sim-core v0.1.0 (/Users/elliot/physics-simulator/crates/sim-core)
    Checking equator v0.4.2
    Checking faer-traits v0.22.1
    Checking sim-domain-translational v0.1.0 (/Users/elliot/physics-simulator/crates/sim-domain-translational)
    Checking sim-domain-control v0.1.0 (/Users/elliot/physics-simulator/crates/sim-domain-control)
    Checking faer v0.22.6
    Checking sim-couple v0.1.0 (/Users/elliot/physics-simulator/crates/sim-couple)
    Checking sim-domain-rotational v0.1.0 (/Users/elliot/physics-simulator/crates/sim-domain-rotational)
    Checking sim-domain-electrical v0.1.0 (/Users/elliot/physics-simulator/crates/sim-domain-electrical)
    Checking sim-inspect v0.1.0 (/Users/elliot/physics-simulator/crates/sim-inspect)
    Checking sim-domain-sensing v0.1.0 (/Users/elliot/physics-simulator/crates/sim-domain-sensing)
    Checking sim-domain-granular v0.1.0 (/Users/elliot/physics-simulator/crates/sim-domain-granular)
    Checking sim-domain-line v0.1.0 (/Users/elliot/physics-simulator/crates/sim-domain-line)
    Checking sim-domain-bridges v0.1.0 (/Users/elliot/physics-simulator/crates/sim-domain-bridges)
    Checking sim-domain-thermal v0.1.0 (/Users/elliot/physics-simulator/crates/sim-domain-thermal)
    Checking sim-domain-fluid v0.1.0 (/Users/elliot/physics-simulator/crates/sim-domain-fluid)
    Checking sim-domain-acoustic v0.1.0 (/Users/elliot/physics-simulator/crates/sim-domain-acoustic)
    Checking sim-domain-hydraulic v0.1.0 (/Users/elliot/physics-simulator/crates/sim-domain-hydraulic)
    Checking sim-domain-radiative v0.1.0 (/Users/elliot/physics-simulator/crates/sim-domain-radiative)
    Checking sim-domain-chemical v0.1.0 (/Users/elliot/physics-simulator/crates/sim-domain-chemical)
   Compiling wasm-bindgen-macro v0.2.127
    Checking js-sys v0.3.104
    Checking sim-domain-multibody v0.1.0 (/Users/elliot/physics-simulator/crates/sim-domain-multibody)
    Checking sim-domain-magnetic v0.1.0 (/Users/elliot/physics-simulator/crates/sim-domain-magnetic)
    Checking web-time v1.1.0
    Checking rhai v1.26.0
    Checking sim-solve v0.1.0 (/Users/elliot/physics-simulator/crates/sim-solve)
    Checking sim-dynamics v0.1.0 (/Users/elliot/physics-simulator/crates/sim-dynamics)
    Checking sim-compile v0.1.0 (/Users/elliot/physics-simulator/crates/sim-compile)
    Checking sim-domain-robot v0.1.0 (/Users/elliot/physics-simulator/crates/sim-domain-robot)
    Checking sim-script v0.1.0 (/Users/elliot/physics-simulator/crates/sim-script)
warning: method `decision` is never used
  --> crates/sim-runtime/src/contact_planning/joint_steps.rs:44:12
   |
25 | impl ForceSlot {
   | -------------- method in this implementation
...
44 |     pub fn decision(&self, clock: usize, node: usize, axis: usize) -> JointContactDecision {
   |            ^^^^^^^^
   |
   = note: `#[warn(dead_code)]` (part of `#[warn(unused)]`) on by default

warning: field `rotor_speed` is never read
   --> crates/sim-runtime/src/physical.rs:113:5
    |
 96 | struct MotorIds {
    |        -------- field in this struct
...
113 |     rotor_speed: StateId,
    |     ^^^^^^^^^^^

warning: `sim-runtime` (lib) generated 2 warnings
    Finished `dev` profile [optimized + debuginfo] target(s) in 1m 17s
