   Compiling sim-runtime v0.1.0 (/Users/elliot/physics-simulator/crates/sim-runtime)
    Checking bevy_internal v0.16.1
    Checking sim-compile v0.1.0 (/Users/elliot/physics-simulator/crates/sim-compile)
    Checking sim-inspect v0.1.0 (/Users/elliot/physics-simulator/crates/sim-inspect)
    Checking bevy v0.16.1
warning: method `decision` is never used
  --> crates/sim-runtime/src/contact_planning/joint_steps.rs:44:12
   |
25 | impl ForceSlot {
   | -------------- method in this implementation
...
44 |     pub fn decision(&self, clock: usize, node: usize, axis: usize) -> JointContactDecision {
   |            ^^^^^^^^
   |
   = note: `#[warn(dead_code)]` (part of `#[warn(unused)]`) on by default

warning: `sim-runtime` (lib) generated 1 warning
    Checking sim-phenomena v0.1.0 (/Users/elliot/physics-simulator/crates/sim-phenomena)
warning: `sim-runtime` (lib test) generated 1 warning (1 duplicate)
    Checking sim-viewer v0.1.0 (/Users/elliot/physics-simulator/crates/sim-viewer)
    Checking sim-app v0.1.0 (/Users/elliot/physics-simulator/crates/sim-app)
    Checking sim-web v0.1.0 (/Users/elliot/physics-simulator/crates/sim-web)
    Finished `dev` profile [optimized + debuginfo] target(s) in 5.79s
warning: the following packages contain code that will be rejected by a future version of Rust: block v0.1.6
note: to see what the problems were, use the option `--future-incompat-report`, or run `cargo report future-incompatibilities --id 1`
