    Blocking waiting for file lock on build directory
   Compiling bitflags v2.13.1
   Compiling num-traits v0.2.19
   Compiling objc2-encode v4.1.0
   Compiling once_cell v1.21.4
   Compiling bytemuck v1.25.2
   Compiling zerocopy v0.8.56
   Compiling serde v1.0.229
   Compiling thiserror v2.0.20
   Compiling objc-sys v0.3.5
   Compiling simd-adler32 v0.3.10
   Compiling adler2 v2.0.1
   Compiling dispatch v0.2.0
   Compiling core-foundation-sys v0.8.7
   Compiling crc32fast v1.5.1
   Compiling bitflags v1.3.2
   Compiling foreign-types-shared v0.3.1
   Compiling winit v0.30.13
   Compiling foreign-types v0.5.0
   Compiling sysctl v0.6.0
   Compiling raw-cpuid v11.6.0
   Compiling miniz_oxide v0.9.1
   Compiling pin-project-lite v0.2.17
   Compiling tracing-core v0.1.36
   Compiling dyn-stack v0.13.2
   Compiling objc2 v0.6.4
   Compiling safe_arch v0.7.4
   Compiling objc2 v0.5.2
   Compiling font-types v0.12.4
   Compiling color v0.3.3
   Compiling emath v0.36.2
   Compiling core-foundation v0.9.4
   Compiling slotmap v1.1.1
   Compiling smallvec v1.15.2
   Compiling num-integer v0.1.47
   Compiling approx v0.5.1
   Compiling euclid v0.22.14
   Compiling wide v0.7.33
   Compiling read-fonts v0.41.0
   Compiling kurbo v0.13.1
   Compiling parking_lot_core v0.9.12
   Compiling core-graphics-types v0.1.3
   Compiling num-rational v0.4.2
   Compiling num-bigint v0.4.8
   Compiling block2 v0.5.1
   Compiling parking_lot v0.12.5
   Compiling ecolor v0.36.2
   Compiling sim-core v0.1.0 (/Users/elliot/physics-simulator/crates/sim-core)
   Compiling guillotiere v0.7.0
   Compiling objc2-core-foundation v0.3.2
   Compiling objc2-foundation v0.2.2
   Compiling peniko v0.6.1
   Compiling block2 v0.6.2
   Compiling private-gemm-x86 v0.1.20
   Compiling vello_common v0.1.0
   Compiling flate2 v1.1.10
   Compiling raw-window-handle v0.6.2
   Compiling zune-core v0.5.3
   Compiling core-graphics v0.23.2
   Compiling zune-jpeg v0.5.15
   Compiling tracing v0.1.44
   Compiling fdeflate v0.3.7
   Compiling objc2-core-graphics v0.3.2
   Compiling objc2-foundation v0.3.2
   Compiling miniz_oxide v0.8.9
   Compiling hashbrown v0.16.1
   Compiling vello_cpu v0.1.0
   Compiling weezl v0.1.12
   Compiling ppv-lite86 v0.2.21
   Compiling ahash v0.8.12
   Compiling half v2.7.1
   Compiling dpi v0.1.2
   Compiling rand_chacha v0.3.1
   Compiling quick-error v2.0.1
   Compiling cursor-icon v1.2.0
   Compiling pxfm v0.1.30
   Compiling rand v0.8.8
   Compiling fax v0.2.7
   Compiling smol_str v0.2.2
   Compiling tiff v0.11.3
   Compiling accesskit_consumer v0.38.0
   Compiling num-complex v0.4.6
   Compiling rand_distr v0.4.3
   Compiling png v0.18.1
   Compiling byteorder-lite v0.1.0
   Compiling dispatch2 v0.3.1
   Compiling objc2-app-kit v0.2.2
   Compiling pulp v0.21.5
   Compiling simba v0.9.1
   Compiling nano-gemm-c64 v0.1.0
   Compiling nano-gemm-c32 v0.1.0
   Compiling gemm-common v0.18.2
   Compiling gemm-c64 v0.18.2
   Compiling gemm-f64 v0.18.2
   Compiling gemm-f32 v0.18.2
   Compiling nalgebra v0.34.2
   Compiling gemm-c32 v0.18.2
   Compiling qd v0.7.7
   Compiling py_literal v0.4.0
   Compiling faer-traits v0.22.1
   Compiling npyz v0.8.4
   Compiling gemm v0.18.2
   Compiling skrifa v0.44.0
   Compiling harfrust v0.12.0
   Compiling objc2-app-kit v0.3.2
   Compiling moxcms v0.8.1
   Compiling accesskit_macos v0.26.3
   Compiling cgl v0.3.2
   Compiling rhai v1.26.0
   Compiling nano-gemm v0.1.3
   Compiling faer v0.22.6
   Compiling epaint v0.36.2
   Compiling image v0.25.10
   Compiling sim-domain-multibody v0.1.0 (/Users/elliot/physics-simulator/crates/sim-domain-multibody)
   Compiling accesskit_winit v0.32.2
   Compiling glutin v0.32.3
   Compiling sim-couple v0.1.0 (/Users/elliot/physics-simulator/crates/sim-couple)
   Compiling sim-domain-translational v0.1.0 (/Users/elliot/physics-simulator/crates/sim-domain-translational)
   Compiling egui v0.36.2
   Compiling sim-domain-rotational v0.1.0 (/Users/elliot/physics-simulator/crates/sim-domain-rotational)
   Compiling arboard v3.6.1
   Compiling sim-inspect v0.1.0 (/Users/elliot/physics-simulator/crates/sim-inspect)
   Compiling sim-domain-electrical v0.1.0 (/Users/elliot/physics-simulator/crates/sim-domain-electrical)
   Compiling sim-domain-control v0.1.0 (/Users/elliot/physics-simulator/crates/sim-domain-control)
   Compiling glow v0.17.0
   Compiling egui_glow v0.36.2
   Compiling egui-winit v0.36.2
   Compiling sim-domain-bridges v0.1.0 (/Users/elliot/physics-simulator/crates/sim-domain-bridges)
   Compiling glutin-winit v0.5.0
   Compiling sim-domain-magnetic v0.1.0 (/Users/elliot/physics-simulator/crates/sim-domain-magnetic)
   Compiling sim-domain-chemical v0.1.0 (/Users/elliot/physics-simulator/crates/sim-domain-chemical)
   Compiling sim-domain-sensing v0.1.0 (/Users/elliot/physics-simulator/crates/sim-domain-sensing)
   Compiling sim-domain-thermal v0.1.0 (/Users/elliot/physics-simulator/crates/sim-domain-thermal)
   Compiling sim-domain-radiative v0.1.0 (/Users/elliot/physics-simulator/crates/sim-domain-radiative)
   Compiling sim-domain-acoustic v0.1.0 (/Users/elliot/physics-simulator/crates/sim-domain-acoustic)
   Compiling sim-domain-hydraulic v0.1.0 (/Users/elliot/physics-simulator/crates/sim-domain-hydraulic)
   Compiling sim-domain-fluid v0.1.0 (/Users/elliot/physics-simulator/crates/sim-domain-fluid)
   Compiling sim-domain-granular v0.1.0 (/Users/elliot/physics-simulator/crates/sim-domain-granular)
   Compiling sim-domain-line v0.1.0 (/Users/elliot/physics-simulator/crates/sim-domain-line)
   Compiling sim-script v0.1.0 (/Users/elliot/physics-simulator/crates/sim-script)
   Compiling eframe v0.36.2
   Compiling sim-diagram v0.1.0 (/Users/elliot/physics-simulator/crates/sim-diagram)
   Compiling sim-solve v0.1.0 (/Users/elliot/physics-simulator/crates/sim-solve)
   Compiling sim-dynamics v0.1.0 (/Users/elliot/physics-simulator/crates/sim-dynamics)
   Compiling sim-compile v0.1.0 (/Users/elliot/physics-simulator/crates/sim-compile)
   Compiling sim-domain-robot v0.1.0 (/Users/elliot/physics-simulator/crates/sim-domain-robot)
   Compiling sim-runtime v0.1.0 (/Users/elliot/physics-simulator/crates/sim-runtime)
warning: method `decision` is never used
  --> crates/sim-runtime/src/contact_planning/joint_steps.rs:44:12
   |
25 | impl ForceSlot {
   | -------------- method in this implementation
...
44 |     pub fn decision(&self, clock: usize, node: usize, axis: usize) -> JointContactDecision {
   |            ^^^^^^^^
   |
   = note: `#[warn(dead_code)]` (part of `#[warn(unused)]`) on by default

warning: `sim-runtime` (lib) generated 1 warning
   Compiling sim-viewer v0.1.0 (/Users/elliot/physics-simulator/crates/sim-viewer)
    Finished `dev` profile [optimized + debuginfo] target(s) in 5m 19s
