   Compiling sim-runtime v0.1.0 (/Users/elliot/physics-simulator/crates/sim-runtime)
    Checking sim-compile v0.1.0 (/Users/elliot/physics-simulator/crates/sim-compile)
    Checking sim-inspect v0.1.0 (/Users/elliot/physics-simulator/crates/sim-inspect)
    Checking sim-domain-sensing v0.1.0 (/Users/elliot/physics-simulator/crates/sim-domain-sensing)
    Checking sim-domain-robot v0.1.0 (/Users/elliot/physics-simulator/crates/sim-domain-robot)
    Checking sim-script v0.1.0 (/Users/elliot/physics-simulator/crates/sim-script)
    Checking sim-diagram v0.1.0 (/Users/elliot/physics-simulator/crates/sim-diagram)
    Checking sim-example-diffusion v0.1.0 (/Users/elliot/physics-simulator/crates/sim-example-diffusion)
    Checking sim-domain-magnetic v0.1.0 (/Users/elliot/physics-simulator/crates/sim-domain-magnetic)
warning: method `decision` is never used
  --> crates/sim-runtime/src/contact_planning/joint_steps.rs:44:12
   |
25 | impl ForceSlot {
   | -------------- method in this implementation
...
44 |     pub fn decision(&self, clock: usize, node: usize, axis: usize) -> JointContactDecision {
   |            ^^^^^^^^
   |
   = note: `#[warn(dead_code)]` (part of `#[warn(unused)]`) on by default

warning: `sim-runtime` (lib) generated 1 warning
    Checking sim-phenomena v0.1.0 (/Users/elliot/physics-simulator/crates/sim-phenomena)
warning: `sim-runtime` (lib test) generated 1 warning (1 duplicate)
    Checking sim-app v0.1.0 (/Users/elliot/physics-simulator/crates/sim-app)
    Checking sim-viewer v0.1.0 (/Users/elliot/physics-simulator/crates/sim-viewer)
    Checking sim-web v0.1.0 (/Users/elliot/physics-simulator/crates/sim-web)
    Finished `dev` profile [optimized + debuginfo] target(s) in 11.80s
warning: the following packages contain code that will be rejected by a future version of Rust: block v0.1.6
note: to see what the problems were, use the option `--future-incompat-report`, or run `cargo report future-incompatibilities --id 1`
