detailed: constructing production environment
detailed: 0.02s simulated, 0.99s wall
detailed: 0.52s simulated, 29.32s wall
detailed: 1.02s simulated, 61.78s wall
detailed: 1.52s simulated, 92.89s wall
detailed: 2.02s simulated, 122.01s wall
detailed: 2.52s simulated, 151.99s wall
detailed: 3.02s simulated, 182.98s wall
detailed: 3.52s simulated, 216.77s wall
reduced: constructing production environment
reduced: 0.02s simulated, 0.48s wall
reduced: 0.52s simulated, 11.42s wall
reduced: 1.02s simulated, 23.03s wall
reduced: 1.52s simulated, 34.95s wall
reduced: 2.02s simulated, 46.65s wall
reduced: 2.52s simulated, 57.16s wall
reduced: 3.02s simulated, 68.40s wall
reduced: 3.52s simulated, 79.89s wall
{"qualified":true,"reasons":[],"speedup":2.7162612794152663}
exit 0
