   Compiling proc-macro2 v1.0.107
   Compiling unicode-ident v1.0.24
   Compiling quote v1.0.47
   Compiling cfg-if v1.0.4
   Compiling libc v0.2.189
   Compiling serde_core v1.0.229
   Compiling autocfg v1.5.1
   Compiling libm v0.2.16
   Compiling num-traits v0.2.19
   Compiling syn v3.0.4
   Compiling zerocopy v0.8.56
   Compiling getrandom v0.2.17
   Compiling rand_core v0.6.4
   Compiling serde v1.0.229
   Compiling serde_derive v1.0.229
   Compiling ppv-lite86 v0.2.21
   Compiling bytemuck v1.25.2
   Compiling rand_chacha v0.3.1
   Compiling rand v0.8.8
   Compiling syn v2.0.119
   Compiling version_check v0.9.5
   Compiling num-complex v0.4.6
   Compiling memchr v2.8.3
   Compiling crossbeam-utils v0.8.22
   Compiling thiserror v2.0.20
   Compiling thiserror-impl v2.0.20
   Compiling crossbeam-epoch v0.9.20
   Compiling num-integer v0.1.47
   Compiling crossbeam-deque v0.8.7
   Compiling rayon-core v1.13.0
   Compiling either v1.18.0
   Compiling find-msvc-tools v0.1.11
   Compiling shlex v2.0.1
   Compiling zmij v1.0.23
   Compiling rayon v1.12.0
   Compiling cc v1.4.4
   Compiling serde_json v1.0.151
   Compiling blake3 v1.8.7
   Compiling matrixmultiply v0.3.11
   Compiling itoa v1.0.18
   Compiling approx v0.5.1
   Compiling rawpointer v0.2.1
   Compiling paste v1.0.15
   Compiling slotmap v1.1.1
   Compiling thiserror v1.0.69
   Compiling thiserror-impl v1.0.69
   Compiling bitflags v2.13.1
   Compiling constant_time_eq v0.4.2
   Compiling cpufeatures v0.3.1
   Compiling arrayvec v0.7.8
   Compiling portable-atomic v1.15.0
   Compiling sim-core v0.1.0 (/Users/elliot/physics-simulator/crates/sim-core)
   Compiling ndarray v0.16.1
   Compiling num-bigint v0.4.8
   Compiling once_cell v1.21.4
   Compiling nano-gemm-codegen v0.1.0
   Compiling byteorder v1.5.0
   Compiling equivalent v1.0.2
   Compiling heck v0.5.0
   Compiling hashbrown v0.17.1
   Compiling getrandom v0.3.4
   Compiling pulp v0.21.5
   Compiling indexmap v2.14.1
   Compiling smallvec v1.15.2
   Compiling ucd-trie v0.1.7
   Compiling pest v2.9.0
   Compiling num-rational v0.4.2
   Compiling rand_distr v0.4.3
   Compiling reborrow v0.5.5
   Compiling pest_meta v2.9.0
   Compiling enum-as-inner v0.6.1
   Compiling safe_arch v0.7.4
   Compiling linfa v0.8.1
   Compiling dyn-stack-macros v0.1.3
   Compiling crc32fast v1.5.1
   Compiling dyn-stack v0.13.2
   Compiling wide v0.7.33
   Compiling sysctl v0.6.0
   Compiling pest_generator v2.9.0
   Compiling sprs v0.11.2
   Compiling raw-cpuid v11.6.0
   Compiling itertools v0.13.0
   Compiling aho-corasick v1.1.5
   Compiling noisy_float v0.2.1
   Compiling regex-syntax v0.8.11
   Compiling simd-adler32 v0.3.10
   Compiling anyhow v1.0.104
   Compiling log v0.4.34
   Compiling regex-automata v0.4.18
   Compiling ndarray-stats v0.6.0
   Compiling pest_derive v2.9.0
   Compiling simba v0.9.1
   Compiling utf8parse v0.2.2
   Compiling typeid v1.0.3
   Compiling typenum v1.20.1
   Compiling objc2 v0.6.4
   Compiling seq-macro v0.3.6
   Compiling syn v1.0.109
   Compiling doc-comment v0.3.4
   Compiling adler2 v2.0.1
   Compiling miniz_oxide v0.9.1
   Compiling gemm-common v0.18.2
   Compiling anstyle-parse v1.0.0
   Compiling py_literal v0.4.0
   Compiling regex v1.13.1
   Compiling ndarray-rand v0.15.0
   Compiling rand_core v0.9.5
   Compiling colorchoice v1.0.5
   Compiling allocator-api2 v0.2.21
   Compiling bumpalo v3.20.3
   Compiling objc2-encode v4.1.0
   Compiling zip v2.4.2
   Compiling erased-serde v0.4.10
   Compiling cfg_aliases v0.2.2
   Compiling anstyle-query v1.1.5
   Compiling is_terminal_polyfill v1.70.2
   Compiling anstyle v1.0.14
   Compiling nano-gemm-core v0.1.0
   Compiling foldhash v0.1.5
   Compiling hashbrown v0.15.5
   Compiling anstream v1.0.0
   Compiling nix v0.31.3
   Compiling zopfli v0.8.3
   Compiling flate2 v1.1.10
   Compiling linfa-linalg v0.2.1
   Compiling num-iter v0.1.46
   Compiling rand_xoshiro v0.6.0
   Compiling displaydoc v0.2.7
   Compiling typetag v0.2.23
   Compiling interpol v0.2.1
   Compiling num v0.4.3
   Compiling pgat v0.3.0
   Compiling block2 v0.6.2
   Compiling rand_chacha v0.9.0
   Compiling nano-gemm-f64 v0.1.0
   Compiling nano-gemm-c64 v0.1.0
   Compiling nano-gemm-f32 v0.1.0
   Compiling nano-gemm-c32 v0.1.0
   Compiling kdtree v0.7.0
   Compiling equator-macro v0.4.2
   Compiling crossbeam-queue v0.3.13
   Compiling crossbeam-channel v0.5.16
   Compiling typetag-impl v0.2.23
   Compiling lazy_static v1.5.0
   Compiling defer v0.2.1
   Compiling virtue v0.0.18
   Compiling inventory v0.3.24
   Compiling order-stat v0.1.3
   Compiling jiff-core v0.1.0
   Compiling bincode_derive v2.0.1
   Compiling jiff v0.2.35
   Compiling linfa-nn v0.8.1
   Compiling private-gemm-x86 v0.1.20
   Compiling ndarray-einsum v0.8.0
   Compiling crossbeam v0.8.4
   Compiling equator v0.4.2
   Compiling rand v0.9.5
   Compiling dispatch2 v0.3.1
   Compiling ndarray-npy v0.9.1
   Compiling space v0.19.0
   Compiling finitediff v0.2.0
   Compiling egobox-doe v0.35.1
   Compiling linfa-pls v0.8.1
   Compiling env_filter v2.0.0
   Compiling nalgebra v0.33.3
   Compiling nalgebra-macros v0.3.0
   Compiling equator-macro v0.2.1
   Compiling strsim v0.11.1
   Compiling clap_lex v1.1.0
   Compiling cobyla v1.0.4
   Compiling atomic-wait v1.1.0
   Compiling unty v0.0.4
   Compiling crunchy v0.2.4
   Compiling bincode v2.0.1
   Compiling spindle v0.2.6
   Compiling statrs v0.18.0
   Compiling egobox-gp v0.36.3
   Compiling clap_builder v4.6.6
   Compiling equator v0.2.2
   Compiling nalgebra v0.34.2
   Compiling env_logger v0.11.11
   Compiling linfa-clustering v0.8.1
   Compiling ctrlc v3.5.2
   Compiling argmin-math v0.5.1
   Compiling rand_xoshiro v0.7.0
   Compiling gemm-c32 v0.18.2
   Compiling gemm-f32 v0.18.2
   Compiling gemm-c64 v0.18.2
   Compiling gemm-f64 v0.18.2
   Compiling qd v0.7.7
   Compiling clap_derive v4.6.4
   Compiling faer-macros v0.21.0
   Compiling dyn-clonable-impl v0.9.2
   Compiling num_cpus v1.17.0
   Compiling dyn-clone v1.0.20
   Compiling web-time v1.1.0
   Compiling generativity v1.2.1
   Compiling tiny-keccak v2.0.2
   Compiling faer-traits v0.22.1
   Compiling clap v4.6.6
   Compiling argmin v0.11.0
   Compiling dyn-clonable v0.9.2
   Compiling gemm v0.18.2
   Compiling nano-gemm v0.1.3
   Compiling egobox-moe v0.35.4
   Compiling npyz v0.8.4
   Compiling slsqp v1.0.2
   Compiling egobox-ego v0.38.1
   Compiling faer v0.22.6
   Compiling const-random-macro v0.1.16
   Compiling sim-solve v0.1.0 (/Users/elliot/physics-simulator/crates/sim-solve)
   Compiling smartstring v1.0.1
   Compiling ahash v0.8.12
   Compiling sim-dynamics v0.1.0 (/Users/elliot/physics-simulator/crates/sim-dynamics)
   Compiling const-random v0.1.18
   Compiling libloading v0.8.9
   Compiling static_assertions v1.1.0
   Compiling fixedbitset v0.5.7
   Compiling petgraph v0.8.3
   Compiling sim-couple v0.1.0 (/Users/elliot/physics-simulator/crates/sim-couple)
   Compiling sim-domain-control v0.1.0 (/Users/elliot/physics-simulator/crates/sim-domain-control)
   Compiling sim-domain-electrical v0.1.0 (/Users/elliot/physics-simulator/crates/sim-domain-electrical)
   Compiling rhai_codegen v3.2.0
   Compiling thin-vec v0.2.19
   Compiling rhai v1.26.0
   Compiling sim-compile v0.1.0 (/Users/elliot/physics-simulator/crates/sim-compile)
   Compiling sim-runtime v0.1.0 (/Users/elliot/physics-simulator/crates/sim-runtime)
   Compiling sim-domain-multibody v0.1.0 (/Users/elliot/physics-simulator/crates/sim-domain-multibody)
   Compiling sim-domain-translational v0.1.0 (/Users/elliot/physics-simulator/crates/sim-domain-translational)
   Compiling sim-domain-rotational v0.1.0 (/Users/elliot/physics-simulator/crates/sim-domain-rotational)
   Compiling sim-domain-bridges v0.1.0 (/Users/elliot/physics-simulator/crates/sim-domain-bridges)
   Compiling sim-domain-robot v0.1.0 (/Users/elliot/physics-simulator/crates/sim-domain-robot)
   Compiling sim-script v0.1.0 (/Users/elliot/physics-simulator/crates/sim-script)
   Compiling sim-inspect v0.1.0 (/Users/elliot/physics-simulator/crates/sim-inspect)
   Compiling sim-domain-magnetic v0.1.0 (/Users/elliot/physics-simulator/crates/sim-domain-magnetic)
   Compiling sim-domain-sensing v0.1.0 (/Users/elliot/physics-simulator/crates/sim-domain-sensing)
   Compiling sim-domain-acoustic v0.1.0 (/Users/elliot/physics-simulator/crates/sim-domain-acoustic)
   Compiling sim-domain-granular v0.1.0 (/Users/elliot/physics-simulator/crates/sim-domain-granular)
   Compiling sim-domain-chemical v0.1.0 (/Users/elliot/physics-simulator/crates/sim-domain-chemical)
   Compiling sim-domain-fluid v0.1.0 (/Users/elliot/physics-simulator/crates/sim-domain-fluid)
   Compiling sim-domain-line v0.1.0 (/Users/elliot/physics-simulator/crates/sim-domain-line)
   Compiling sim-domain-hydraulic v0.1.0 (/Users/elliot/physics-simulator/crates/sim-domain-hydraulic)
   Compiling sim-domain-thermal v0.1.0 (/Users/elliot/physics-simulator/crates/sim-domain-thermal)
   Compiling sim-domain-radiative v0.1.0 (/Users/elliot/physics-simulator/crates/sim-domain-radiative)
warning: method `decision` is never used
  --> crates/sim-runtime/src/contact_planning/joint_steps.rs:44:12
   |
25 | impl ForceSlot {
   | -------------- method in this implementation
...
44 |     pub fn decision(&self, clock: usize, node: usize, axis: usize) -> JointContactDecision {
   |            ^^^^^^^^
   |
   = note: `#[warn(dead_code)]` (part of `#[warn(unused)]`) on by default

warning: `sim-runtime` (lib) generated 1 warning
    Finished `release` profile [optimized] target(s) in 14m 40s
