progress ticks 1000000 bridge 0 owner 0 frame 0 controls 0 records 0 latch 1 reason 1 scheduler 0 event 0 ready 0
EVENT 0 0 10 54 16073
EVENT 0 0 11 17072 33091
EVENT 0 0 12 34090 50109
EVENT 0 1 254 51130 59881
EVENT 0 2 10 60831 72339
EVENT 0 2 11 73340 84848
EVENT 0 2 12 85849 97357
EVENT 1 0 10 125018 141037
EVENT 1 0 11 142036 158055
EVENT 1 0 12 159054 175073
EVENT 1 1 254 176072 184823
EVENT 1 2 10 185773 197281
EVENT 1 2 11 198282 209790
EVENT 1 2 12 210791 222299
EVENT 2 0 10 250018 266037
EVENT 2 0 11 267036 283055
EVENT 2 0 12 284054 300073
EVENT 2 1 254 301072 309823
EVENT 2 2 10 310773 322281
EVENT 2 2 11 323282 334790
EVENT 2 2 12 335791 347299
progress ticks 2000000 bridge 0 owner 0 frame 2 controls 3 records 15 latch 0 reason 0 scheduler 6 event 0 ready 1
EVENT 3 0 10 375018 391037
EVENT 3 0 11 392036 408055
EVENT 3 0 12 409054 425073
EVENT 3 1 254 426072 434823
EVENT 3 2 10 435773 447281
EVENT 3 2 11 448282 459790
EVENT 3 2 12 460791 472299
EVENT 4 0 10 500018 516037
EVENT 4 0 11 517036 533055
EVENT 4 0 12 534054 550073
EVENT 4 1 254 551072 559823
EVENT 4 2 10 560773 572281
EVENT 4 2 11 573282 584790
EVENT 4 2 12 585791 597299
EVENT 5 0 10 625018 641037
EVENT 5 0 11 642036 658055
EVENT 5 0 12 659054 675073
EVENT 5 1 254 676072 684823
EVENT 5 2 10 685773 697281
EVENT 5 2 11 698282 709790
EVENT 5 2 12 710791 722299
EVENT 6 0 10 750018 766037
EVENT 6 0 11 767036 783055
EVENT 6 0 12 784054 800073
EVENT 6 1 254 801072 809823
EVENT 6 2 10 810773 822281
EVENT 6 2 11 823282 834790
EVENT 6 2 12 835791 847299
EVENT 7 0 10 875018 891037
EVENT 7 0 11 892036 908055
EVENT 7 0 12 909054 925073
EVENT 7 1 254 926072 934823
EVENT 7 2 10 935773 947281
EVENT 7 2 11 948282 959790
EVENT 7 2 12 960791 972299
EVENT 8 0 10 1000018 1016037
EVENT 8 0 11 1017036 1033055
EVENT 8 0 12 1034054 1050073
EVENT 8 1 254 1051072 1059823
EVENT 8 2 10 1060773 1072281
EVENT 8 2 11 1073282 1084790
EVENT 8 2 12 1085791 1097299
EVENT 9 0 10 1125018 1141037
EVENT 9 0 11 1142036 1158055
EVENT 9 0 12 1159054 1175073
EVENT 9 1 254 1176072 1184823
EVENT 9 2 10 1185773 1197281
EVENT 9 2 11 1198282 1209790
EVENT 9 2 12 1210791 1222299
EVENT 10 0 10 1250018 1266037
EVENT 10 0 11 1267036 1283055
EVENT 10 0 12 1284054 1300073
EVENT 10 1 254 1301072 1309823
EVENT 10 2 10 1310773 1322281
EVENT 10 2 11 1323282 1334790
EVENT 10 2 12 1335791 1347299
progress ticks 3000000 bridge 0 owner 0 frame 10 controls 11 records 71 latch 0 reason 0 scheduler 6 event 0 ready 1
EVENT 11 0 10 1375018 1391037
EVENT 11 0 11 1392036 1408055
EVENT 11 0 12 1409054 1425073
EVENT 11 1 254 1426072 1434823
EVENT 11 2 10 1435773 1447281
EVENT 11 2 11 1448282 1459790
EVENT 11 2 12 1460791 1472299
EVENT 12 0 10 1500018 1516037
EVENT 12 0 11 1517036 1533055
EVENT 12 0 12 1534054 1550073
EVENT 12 1 254 1551072 1559823
EVENT 12 2 10 1560773 1572281
EVENT 12 2 11 1573282 1584790
EVENT 12 2 12 1585791 1597299
EVENT 13 0 10 1625018 1641037
EVENT 13 0 11 1642036 1658055
EVENT 13 0 12 1659054 1675073
EVENT 13 1 254 1676072 1684823
EVENT 13 2 10 1685773 1697281
EVENT 13 2 11 1698282 1709790
EVENT 13 2 12 1710791 1722299
EVENT 14 0 10 1750018 1766037
EVENT 14 0 11 1767036 1783055
EVENT 14 0 12 1784054 1800073
EVENT 14 1 254 1801072 1809823
EVENT 14 2 10 1810773 1822281
EVENT 14 2 11 1823282 1834790
EVENT 14 2 12 1835791 1847299
EVENT 15 0 10 1875018 1891037
EVENT 15 0 11 1892036 1908055
EVENT 15 0 12 1909054 1925073
EVENT 15 1 254 1926072 1934823
EVENT 15 2 10 1935773 1947281
EVENT 15 2 11 1948282 1959790
EVENT 15 2 12 1960791 1972299
EVENT 16 0 10 2000018 2016037
EVENT 16 0 11 2017036 2033055
EVENT 16 0 12 2034054 2050073
EVENT 16 1 254 2051072 2059823
EVENT 16 2 10 2060773 2072281
EVENT 16 2 11 2073282 2084790
EVENT 16 2 12 2085791 2097299
EVENT 17 0 10 2125018 2141037
EVENT 17 0 11 2142036 2158055
EVENT 17 0 12 2159054 2175073
EVENT 17 1 254 2176072 2184823
EVENT 17 2 10 2185773 2197281
EVENT 17 2 11 2198282 2209790
EVENT 17 2 12 2210791 2222299
EVENT 18 0 10 2250018 2266037
EVENT 18 0 11 2267036 2283055
EVENT 18 0 12 2284054 2300073
EVENT 18 1 254 2301072 2309823
EVENT 18 2 10 2310773 2322281
EVENT 18 2 11 2323282 2334790
EVENT 18 2 12 2335791 2347299
progress ticks 4000000 bridge 0 owner 0 frame 18 controls 19 records 127 latch 0 reason 0 scheduler 6 event 0 ready 1
EVENT 19 0 10 2375018 2391037
EVENT 19 0 11 2392036 2408055
EVENT 19 0 12 2409054 2425073
EVENT 19 1 254 2426072 2434823
EVENT 19 2 10 2435773 2447281
EVENT 19 2 11 2448282 2459790
EVENT 19 2 12 2460791 2472299
EVENT 20 0 10 2500018 2516037
EVENT 20 0 11 2517036 2533055
EVENT 20 0 12 2534054 2550073
EVENT 20 1 254 2551072 2559823
EVENT 20 2 10 2560795 2572303
EVENT 20 2 11 2573304 2584812
EVENT 20 2 12 2585813 2597321
EVENT 21 0 10 2625018 2641037
EVENT 21 0 11 2642036 2658055
EVENT 21 0 12 2659054 2675073
EVENT 21 1 254 2676072 2684823
EVENT 21 2 10 2685773 2697281
EVENT 21 2 11 2698282 2709790
EVENT 21 2 12 2710791 2722299
EVENT 22 0 10 2750018 2766037
EVENT 22 0 11 2767036 2783055
EVENT 22 0 12 2784054 2800073
EVENT 22 1 254 2801072 2809823
EVENT 22 2 10 2810773 2822281
EVENT 22 2 11 2823282 2834790
EVENT 22 2 12 2835791 2847299
EVENT 23 0 10 2875018 2891037
EVENT 23 0 11 2892036 2908055
EVENT 23 0 12 2909054 2925073
EVENT 23 1 254 2926072 2934823
EVENT 23 2 10 2935773 2947281
EVENT 23 2 11 2948282 2959790
EVENT 23 2 12 2960791 2972299
EVENT 24 0 10 3000018 3016037
EVENT 24 0 11 3017036 3033055
EVENT 24 0 12 3034054 3050073
EVENT 24 1 254 3051072 3059823
EVENT 24 2 10 3060773 3072281
EVENT 24 2 11 3073282 3084790
EVENT 24 2 12 3085791 3097299
progress ticks 5000000 bridge 0 owner 0 frame 24 controls 25 records 176 latch 1 reason 10 scheduler 0 event 0 ready 0
PASS full UART case 0: controls 25, +100% 18, -100% 18, terminal 0; all modeled motors zero/off
- tb/bridge_experiment_tb.v:181: Verilog $finish
- S i m u l a t i o n   R e p o r t: Verilator 5.051 devel
- Verilator: $finish at 101ms; walltime 24.767 s; speed 4.058 ms/s
- Verilator: cpu 23.816 s on 1 threads; allocated 1 MB
