Combined objective 1/30
Combined objective 2/30
Combined objective 3/30
Combined objective 4/30
Combined objective 5/30
Combined objective 6/30
Combined objective 7/30
Combined objective 8/30
Combined objective 9/30
Combined objective 10/30
Combined objective 11/30
Combined objective 12/30
Combined objective 13/30
Combined objective 14/30
Combined objective 15/30
Combined objective 16/30
Combined objective 17/30
Combined objective 18/30
Combined objective 19/30
Combined objective 20/30
Combined objective 21/30
Combined objective 22/30
Combined objective 23/30
Combined objective 24/30
Combined objective 25/30
Combined objective 26/30
Combined objective 27/30
Combined objective 28/30
Combined objective 29/30
Combined objective 30/30
Fitted parameters: [-0.031402974674192036,-1.965311335709092e-8]
ID4 train release-id4/4/0: Some(0.01402823533576371) → Some(0.0020100814893020125) rad RMS
ID4 train release-id4/4/1: Some(0.018251774926596336) → Some(0.005666875065844688) rad RMS
ID4 train release-id4/4/2: Some(0.011129025055655262) → Some(0.0025851965755114884) rad RMS
ID4 train release-id4/4/3: Some(0.016821755566046932) → Some(0.004385023335911846) rad RMS
ID4 train release-id4/4/4: Some(0.01125192211338822) → Some(0.002409239967375622) rad RMS
ID4 train release-id4/4/5: Some(0.016736228476008492) → Some(0.004441563869938164) rad RMS
ID4 train release-id4/4/6: Some(0.011189242325152782) → Some(0.002368099880989752) rad RMS
ID4 train release-id4/4/7: Some(0.015426673822293402) → Some(0.0030701999710410206) rad RMS
ID4 train nine-motor-onset/4/0: Some(0.003780345099870088) → Some(0.002568651645172956) rad RMS
ID4 train nine-motor-onset/4/1: Some(0.00188151913746105) → Some(0.0031201088664818584) rad RMS
ID4 train nine-motor-onset/4/2: Some(0.0018773948690852416) → Some(0.003113242987081511) rad RMS
ID4 train nine-motor-onset/4/3: Some(0.0018822027491863069) → Some(0.00312129108539695) rad RMS
ID4 train nine-motor-onset/4/6: Some(0.0048246629447134684) → Some(0.0023183938007336185) rad RMS
ID4 train nine-motor-onset/4/7: Some(0.004904798721230483) → Some(0.002028030009067255) rad RMS
ID4 train nine-motor-onset/4/8: Some(0.004877499244959557) → Some(0.0019568173387221814) rad RMS
ID4 train nine-motor-onset/4/9: Some(0.0049045031294136935) → Some(0.0020863557165288304) rad RMS
ID4 train 0a61b691899c745c40bc871841ecf6adffc23b4b853466c445088b70a044cde8: Some(0.014738727105858978) → Some(0.005376232465603964) rad RMS
ID4 held_out_repetition release-id4/4/8: Some(0.009801007064169628) → Some(0.0038018243741735425) rad RMS
ID4 held_out_repetition release-id4/4/9: Some(0.015472467115329088) → Some(0.003244771456077048) rad RMS
ID4 held_out_repetition release-id4/4/10: Some(0.012718860869806186) → Some(0.001561246253176071) rad RMS
ID4 held_out_repetition release-id4/4/11: Some(0.014099033118154457) → Some(0.0024013319576488947) rad RMS
ID4 held_out_repetition nine-motor-onset/4/4: Some(0.0018793892901002457) → Some(0.0031166027120709153) rad RMS
ID4 held_out_repetition nine-motor-onset/4/5: Some(0.001877267462157452) → Some(0.0031113072080322744) rad RMS
ID4 held_out_repetition nine-motor-onset/4/10: Some(0.004874256827216059) → Some(0.0019609807624749306) rad RMS
ID4 held_out_repetition nine-motor-onset/4/11: Some(0.004880345719506391) → Some(0.0021141961707478512) rad RMS
ID4 held_out_recording 8ccc319de47d50157e5a8255f40bfff6970fac3574834c81662c6ade328b4fdb: Some(0.01599593358641569) → Some(0.01496614266170519) rad RMS
ID4 held_out_recording a9fb280f51dd5f54228626958a1ac05f203f940c10f1d91da9be705b95428d01: Some(0.02263921272613047) → Some(0.023499839695326184) rad RMS
ID4 held_out_recording 44438a8de7e21e7804a3aebd54ca654cb3d8c853ad7dd9235334db19d56181e0: Some(0.01810812179594754) → Some(0.016819663901226703) rad RMS
