Combined objective 1/50
Combined objective 2/50
Combined objective 3/50
Combined objective 4/50
Combined objective 5/50
Combined objective 6/50
Combined objective 7/50
Combined objective 8/50
Combined objective 9/50
Combined objective 10/50
Combined objective 11/50
Combined objective 12/50
Combined objective 13/50
Combined objective 14/50
Combined objective 15/50
Combined objective 16/50
Combined objective 17/50
Combined objective 18/50
Combined objective 19/50
Combined objective 20/50
Combined objective 21/50
Combined objective 22/50
Combined objective 23/50
Combined objective 24/50
Combined objective 25/50
Combined objective 26/50
Combined objective 27/50
Combined objective 28/50
Combined objective 29/50
Combined objective 30/50
Combined objective 31/50
Combined objective 32/50
Combined objective 33/50
Combined objective 34/50
Combined objective 35/50
Combined objective 36/50
Combined objective 37/50
Combined objective 38/50
Combined objective 39/50
Combined objective 40/50
Combined objective 41/50
Combined objective 42/50
Combined objective 43/50
Combined objective 44/50
Combined objective 45/50
Combined objective 46/50
Combined objective 47/50
Combined objective 48/50
Combined objective 49/50
Combined objective 50/50
Fitted parameters: [-0.03996398091066562,1.7212964517873994e-7,0.02]
ID4 train release-id4/4/0: Some(0.0020100814893020125) → Some(0.0010815554567934309) rad RMS
ID4 train release-id4/4/1: Some(0.005666875065844688) → Some(0.0044801139744827835) rad RMS
ID4 train release-id4/4/2: Some(0.0025851965755114884) → Some(0.002909932995533675) rad RMS
ID4 train release-id4/4/3: Some(0.004385023335911846) → Some(0.003166899211611781) rad RMS
ID4 train release-id4/4/4: Some(0.002409239967375622) → Some(0.002759347443747888) rad RMS
ID4 train release-id4/4/5: Some(0.004441563869938164) → Some(0.0032099461198783603) rad RMS
ID4 train release-id4/4/6: Some(0.002368099880989752) → Some(0.0027114847604865874) rad RMS
ID4 train release-id4/4/7: Some(0.0030701999710410206) → Some(0.001848994463481029) rad RMS
ID4 train nine-motor-onset/4/0: Some(0.002568651645172956) → Some(0.003236640064076982) rad RMS
ID4 train nine-motor-onset/4/1: Some(0.0031201088664818584) → Some(0.002427109825877635) rad RMS
ID4 train nine-motor-onset/4/2: Some(0.003113242987081511) → Some(0.002420855978968087) rad RMS
ID4 train nine-motor-onset/4/3: Some(0.00312129108539695) → Some(0.0024282436927547772) rad RMS
ID4 train nine-motor-onset/4/6: Some(0.0023183938007336185) → Some(0.0013503770758294766) rad RMS
ID4 train nine-motor-onset/4/7: Some(0.002028030009067255) → Some(0.0010320262095076774) rad RMS
ID4 train nine-motor-onset/4/8: Some(0.0019568173387221814) → Some(0.000976037852475856) rad RMS
ID4 train nine-motor-onset/4/9: Some(0.0020863557165288304) → Some(0.001084458055627417) rad RMS
ID4 train 0a61b691899c745c40bc871841ecf6adffc23b4b853466c445088b70a044cde8: Some(0.005376232465603964) → Some(0.0035646492269299397) rad RMS
ID4 held_out_repetition release-id4/4/8: Some(0.0038018243741735425) → Some(0.004264443058221621) rad RMS
ID4 held_out_repetition release-id4/4/9: Some(0.003244771456077048) → Some(0.0020095363382622313) rad RMS
ID4 held_out_repetition release-id4/4/10: Some(0.001561246253176071) → Some(0.0014143755691598326) rad RMS
ID4 held_out_repetition release-id4/4/11: Some(0.0024013319576488947) → Some(0.00147651894165408) rad RMS
ID4 held_out_repetition nine-motor-onset/4/4: Some(0.0031166027120709153) → Some(0.0024238921649537477) rad RMS
ID4 held_out_repetition nine-motor-onset/4/5: Some(0.0031113072080322744) → Some(0.0024072521526720984) rad RMS
ID4 held_out_repetition nine-motor-onset/4/10: Some(0.0019609807624749306) → Some(0.0009801133269599508) rad RMS
ID4 held_out_repetition nine-motor-onset/4/11: Some(0.0021141961707478512) → Some(0.0011165053575337297) rad RMS
ID4 held_out_recording 8ccc319de47d50157e5a8255f40bfff6970fac3574834c81662c6ade328b4fdb: Some(0.01496614266170519) → Some(0.01279173509118347) rad RMS
ID4 held_out_recording a9fb280f51dd5f54228626958a1ac05f203f940c10f1d91da9be705b95428d01: Some(0.023499839695326184) → Some(0.024312506675982313) rad RMS
ID4 held_out_recording 44438a8de7e21e7804a3aebd54ca654cb3d8c853ad7dd9235334db19d56181e0: Some(0.016819663901226703) → Some(0.015814702131557747) rad RMS
