   Compiling sim-runtime v0.1.0 (/Users/elliot/physics-simulator/crates/sim-runtime)
warning: method `decision` is never used
  --> crates/sim-runtime/src/contact_planning/joint_steps.rs:44:12
   |
25 | impl ForceSlot {
   | -------------- method in this implementation
...
44 |     pub fn decision(&self, clock: usize, node: usize, axis: usize) -> JointContactDecision {
   |            ^^^^^^^^
   |
   = note: `#[warn(dead_code)]` (part of `#[warn(unused)]`) on by default

warning: `sim-runtime` (lib) generated 1 warning
    Finished `test` profile [optimized + debuginfo] target(s) in 20.96s
     Running unittests examples/characterize_hx_bridge.rs (target/debug/examples/characterize_hx_bridge-aeb624459a183c01)

running 2 tests
test device_capture_tests::full_uart_capture_and_corruption_both_verify_all_nine_stopped ... ok
test device_capture_tests::fast_three_motor_uart_capture_and_corruption_verify_scope_stopped ... FAILED

failures:

---- device_capture_tests::fast_three_motor_uart_capture_and_corruption_verify_scope_stopped stdout ----

thread 'device_capture_tests::fast_three_motor_uart_capture_and_corruption_verify_scope_stopped' (254961) panicked at crates/sim-runtime/examples/hx_device.rs.inc:504:13:
assertion `left == right` failed: {
  "completed": false,
  "failure": "Physical stop not verified",
  "frames": 25,
  "initial": {
    "10": {
      "current_a_uncalibrated": 0.0,
      "current_raw": 0,
      "load_raw": 0,
      "moving": 0,
      "position_rad": 3.077165460498596,
      "position_raw": 2006,
      "speed_rad_s": 0.0,
      "speed_raw": 0,
      "status": 0,
      "temperature_c": 40,
      "voltage_raw": 120,
      "voltage_v": 12.0
    },
    "11": {
      "current_a_uncalibrated": 0.0,
      "current_raw": 0,
      "load_raw": 0,
      "moving": 0,
      "position_rad": 3.078699441286482,
      "position_raw": 2007,
      "speed_rad_s": 0.0,
      "speed_raw": 0,
      "status": 0,
      "temperature_c": 40,
      "voltage_raw": 120,
      "voltage_v": 12.0
    },
    "12": {
      "current_a_uncalibrated": 0.0,
      "current_raw": 0,
      "load_raw": 0,
      "moving": 0,
      "position_rad": 3.0802334220743677,
      "position_raw": 2008,
      "speed_rad_s": 0.0,
      "speed_raw": 0,
      "status": 0,
      "temperature_c": 40,
      "voltage_raw": 120,
      "voltage_v": 12.0
    }
  },
  "physical_scope_ids": [
    10,
    11,
    12
  ],
  "recovery": {
    "10": {
      "final_state": {
        "Err": "Final stationary PWM-zero/torque-off state not verified"
      },
      "stop_writes": {
        "Ok": null
      }
    },
    "11": {
      "final_state": {
        "Err": "Final stationary PWM-zero/torque-off state not verified"
      },
      "stop_writes": {
        "Ok": null
      }
    },
    "12": {
      "final_state": {
        "Err": "Final stationary PWM-zero/torque-off state not verified"
      },
      "stop_writes": {
        "Ok": null
      }
    }
  },
  "stop": {
    "Ok": {
      "armed_mask": 0,
      "current_max_raw_uncalibrated": 2000,
      "fault_id": 254,
      "fresh_mask": 511,
      "latched": true,
      "reason": 10,
      "temperature_max_c": 60,
      "version": 1,
      "voltage_max_raw": 126,
      "voltage_min_raw": 90
    }
  },
  "stop_verified": false
}
  left: Bool(false)
 right: true
note: run with `RUST_BACKTRACE=1` environment variable to display a backtrace


failures:
    device_capture_tests::fast_three_motor_uart_capture_and_corruption_verify_scope_stopped

test result: FAILED. 1 passed; 1 failed; 0 ignored; 0 measured; 12 filtered out; finished in 2.89s

error: test failed, to rerun pass `-p sim-runtime --example characterize_hx_bridge`
