   Compiling sim-runtime v0.1.0 (/Users/elliot/physics-simulator/crates/sim-runtime)
warning: method `decision` is never used
  --> crates/sim-runtime/src/contact_planning/joint_steps.rs:44:12
   |
25 | impl ForceSlot {
   | -------------- method in this implementation
...
44 |     pub fn decision(&self, clock: usize, node: usize, axis: usize) -> JointContactDecision {
   |            ^^^^^^^^
   |
   = note: `#[warn(dead_code)]` (part of `#[warn(unused)]`) on by default

warning: `sim-runtime` (lib) generated 1 warning
    Finished `test` profile [optimized + debuginfo] target(s) in 49.99s
     Running tests/fpga_events.rs (target/debug/deps/fpga_events-cf52ebdcd8c252cc)

running 6 tests
test rtl_bytes_cover_all_nine_axes_and_full_width_clocks ... FAILED
test interrupted_prefixes_remain_unscored_and_missing_middle_is_rejected ... FAILED
test sparse_selection_keeps_canonical_unselected_pwm ... FAILED
test malformed_frames_and_terminal_metadata_fail_without_panics ... FAILED
test source_identity_sequence_timing_and_arithmetic_are_enforced ... FAILED
test failed_audit_retains_raw_readback_and_cannot_be_promoted ... FAILED

failures:

---- rtl_bytes_cover_all_nine_axes_and_full_width_clocks stdout ----

thread 'rtl_bytes_cover_all_nine_axes_and_full_width_clocks' (880545) panicked at crates/sim-runtime/tests/fpga_events.rs:6:107:
called `Result::unwrap()` on an `Err` value: Os { code: 2, kind: NotFound, message: "No such file or directory" }

---- interrupted_prefixes_remain_unscored_and_missing_middle_is_rejected stdout ----

thread 'interrupted_prefixes_remain_unscored_and_missing_middle_is_rejected' (880543) panicked at crates/sim-runtime/tests/fpga_events.rs:6:107:
called `Result::unwrap()` on an `Err` value: Os { code: 2, kind: NotFound, message: "No such file or directory" }

---- sparse_selection_keeps_canonical_unselected_pwm stdout ----

thread 'sparse_selection_keeps_canonical_unselected_pwm' (880547) panicked at crates/sim-runtime/tests/fpga_events.rs:6:107:
called `Result::unwrap()` on an `Err` value: Os { code: 2, kind: NotFound, message: "No such file or directory" }

---- malformed_frames_and_terminal_metadata_fail_without_panics stdout ----

thread 'malformed_frames_and_terminal_metadata_fail_without_panics' (880544) panicked at crates/sim-runtime/tests/fpga_events.rs:6:107:
called `Result::unwrap()` on an `Err` value: Os { code: 2, kind: NotFound, message: "No such file or directory" }
note: run with `RUST_BACKTRACE=1` environment variable to display a backtrace

---- source_identity_sequence_timing_and_arithmetic_are_enforced stdout ----

thread 'source_identity_sequence_timing_and_arithmetic_are_enforced' (880546) panicked at crates/sim-runtime/tests/fpga_events.rs:6:107:
called `Result::unwrap()` on an `Err` value: Os { code: 2, kind: NotFound, message: "No such file or directory" }

---- failed_audit_retains_raw_readback_and_cannot_be_promoted stdout ----

thread 'failed_audit_retains_raw_readback_and_cannot_be_promoted' (880542) panicked at crates/sim-runtime/tests/fpga_events.rs:6:107:
called `Result::unwrap()` on an `Err` value: Os { code: 2, kind: NotFound, message: "No such file or directory" }


failures:
    failed_audit_retains_raw_readback_and_cannot_be_promoted
    interrupted_prefixes_remain_unscored_and_missing_middle_is_rejected
    malformed_frames_and_terminal_metadata_fail_without_panics
    rtl_bytes_cover_all_nine_axes_and_full_width_clocks
    source_identity_sequence_timing_and_arithmetic_are_enforced
    sparse_selection_keeps_canonical_unselected_pwm

test result: FAILED. 0 passed; 6 failed; 0 ignored; 0 measured; 0 filtered out; finished in 0.00s

error: test failed, to rerun pass `-p sim-runtime --test fpga_events`
