   Compiling sim-runtime v0.1.0 (/Users/elliot/physics-simulator/crates/sim-runtime)
warning: method `decision` is never used
  --> crates/sim-runtime/src/contact_planning/joint_steps.rs:44:12
   |
25 | impl ForceSlot {
   | -------------- method in this implementation
...
44 |     pub fn decision(&self, clock: usize, node: usize, axis: usize) -> JointContactDecision {
   |            ^^^^^^^^
   |
   = note: `#[warn(dead_code)]` (part of `#[warn(unused)]`) on by default

warning: `sim-runtime` (lib) generated 1 warning
    Finished `test` profile [optimized + debuginfo] target(s) in 26.56s
     Running tests/fpga_events.rs (target/debug/deps/fpga_events-cf52ebdcd8c252cc)

running 6 tests
test sparse_selection_keeps_canonical_unselected_pwm ... ok
test malformed_frames_and_terminal_metadata_fail_without_panics ... ok
test source_identity_sequence_timing_and_arithmetic_are_enforced ... FAILED
test rtl_bytes_cover_all_nine_axes_and_full_width_clocks ... ok
test failed_audit_retains_raw_readback_and_cannot_be_promoted ... ok
test interrupted_prefixes_remain_unscored_and_missing_middle_is_rejected ... ok

failures:

---- source_identity_sequence_timing_and_arithmetic_are_enforced stdout ----

thread 'source_identity_sequence_timing_and_arithmetic_are_enforced' (882109) panicked at crates/sim-runtime/tests/fpga_events.rs:161:17:
attempt to subtract with overflow
note: run with `RUST_BACKTRACE=1` environment variable to display a backtrace


failures:
    source_identity_sequence_timing_and_arithmetic_are_enforced

test result: FAILED. 5 passed; 1 failed; 0 ignored; 0 measured; 0 filtered out; finished in 0.00s

error: test failed, to rerun pass `-p sim-runtime --test fpga_events`
