progress ticks 1000000 bridge 0 owner 0 frame 0 controls 0 records 0 latch 1 reason 1 scheduler 0 event 0 ready 0
EVENT 0 0 10 54 16073
EVENT 0 0 11 17072 33091
EVENT 0 0 12 34090 50109
EVENT 0 1 254 51130 59881
EVENT 0 2 10 60831 72339
EVENT 0 2 11 73340 84848
EVENT 0 2 12 85849 97357
progress ticks 2000000 bridge 0 owner 0 frame 0 controls 1 records 8 latch 0 reason 0 scheduler 6 event 0 ready 1
EVENT 1 0 10 500018 516037
EVENT 1 0 11 517036 533055
EVENT 1 0 12 534054 550073
EVENT 1 1 254 551072 559823
EVENT 1 2 10 560773 572281
EVENT 1 2 11 573282 584790
EVENT 1 2 12 585791 597299
EVENT 2 0 10 1000018 1016037
EVENT 2 0 11 1017036 1033055
EVENT 2 0 12 1034054 1050073
EVENT 2 1 254 1051072 1059823
EVENT 2 2 10 1060773 1072281
EVENT 2 2 11 1073282 1084790
EVENT 2 2 12 1085791 1097299
progress ticks 3000000 bridge 0 owner 0 frame 2 controls 3 records 22 latch 0 reason 0 scheduler 6 event 0 ready 1
EVENT 3 0 10 1500018 1516037
EVENT 3 0 11 1517036 1533055
EVENT 3 0 12 1534054 1550073
EVENT 3 1 254 1551072 1559823
EVENT 3 2 10 1560773 1572281
EVENT 3 2 11 1573282 1584790
EVENT 3 2 12 1585791 1597299
EVENT 4 0 10 2000018 2016037
EVENT 4 0 11 2017036 2033055
EVENT 4 0 12 2034054 2050073
EVENT 4 1 254 2051072 2059823
EVENT 4 2 10 2060773 2072281
EVENT 4 2 11 2073282 2084790
EVENT 4 2 12 2085791 2097299
progress ticks 4000000 bridge 0 owner 0 frame 4 controls 5 records 36 latch 0 reason 0 scheduler 6 event 0 ready 1
EVENT 5 0 10 2500018 2516037
EVENT 5 0 11 2517036 2533055
EVENT 5 0 12 2534054 2550073
EVENT 5 1 254 2551072 2559823
EVENT 5 2 10 2560795 2572303
EVENT 5 2 11 2573304 2584812
EVENT 5 2 12 2585813 2597321
EVENT 6 0 10 3000018 3016037
EVENT 6 0 11 3017036 3033055
EVENT 6 0 12 3034054 3050073
EVENT 6 1 254 3051072 3059823
EVENT 6 2 10 3060773 3072281
EVENT 6 2 11 3073282 3084790
EVENT 6 2 12 3085791 3097299
progress ticks 5000000 bridge 0 owner 0 frame 6 controls 7 records 50 latch 0 reason 0 scheduler 6 event 0 ready 1
EVENT 7 0 10 3500018 3516037
EVENT 7 0 11 3517036 3533055
EVENT 7 0 12 3534054 3550073
EVENT 7 1 254 3551072 3559823
EVENT 7 2 10 3560773 3572281
EVENT 7 2 11 3573282 3584790
EVENT 7 2 12 3585791 3597299
EVENT 8 0 10 4000018 4016037
EVENT 8 0 11 4017036 4033055
EVENT 8 0 12 4034054 4050073
EVENT 8 1 254 4051072 4059823
EVENT 8 2 10 4060773 4072281
EVENT 8 2 11 4073282 4084790
EVENT 8 2 12 4085791 4097299
progress ticks 6000000 bridge 0 owner 0 frame 8 controls 9 records 64 latch 0 reason 0 scheduler 6 event 0 ready 1
EVENT 9 0 10 4500018 4516037
EVENT 9 0 11 4517036 4533055
EVENT 9 0 12 4534054 4550073
EVENT 9 1 254 4551072 4559823
EVENT 9 2 10 4560773 4572281
EVENT 9 2 11 4573282 4584790
EVENT 9 2 12 4585791 4597299
EVENT 10 0 10 5000018 5016037
EVENT 10 0 11 5017036 5033055
EVENT 10 0 12 5034054 5050073
EVENT 10 1 254 5051072 5059823
EVENT 10 2 10 5060795 5072303
EVENT 10 2 11 5073304 5084812
EVENT 10 2 12 5085813 5097321
progress ticks 7000000 bridge 0 owner 0 frame 10 controls 11 records 78 latch 0 reason 0 scheduler 6 event 0 ready 1
EVENT 11 0 10 5500018 5516037
EVENT 11 0 11 5517036 5533055
EVENT 11 0 12 5534054 5550073
EVENT 11 1 254 5551072 5559823
EVENT 11 2 10 5560773 5572281
EVENT 11 2 11 5573282 5584790
EVENT 11 2 12 5585791 5597299
EVENT 12 0 10 6000018 6016037
EVENT 12 0 11 6017036 6033055
EVENT 12 0 12 6034054 6050073
EVENT 12 1 254 6051072 6059823
EVENT 12 2 10 6060773 6072281
EVENT 12 2 11 6073282 6084790
EVENT 12 2 12 6085791 6097299
progress ticks 8000000 bridge 0 owner 0 frame 12 controls 13 records 92 latch 0 reason 0 scheduler 6 event 0 ready 1
EVENT 13 0 10 6500018 6516037
EVENT 13 0 11 6517036 6533055
EVENT 13 0 12 6534054 6550073
EVENT 13 1 254 6551072 6559823
EVENT 13 2 10 6560773 6572281
EVENT 13 2 11 6573282 6584790
EVENT 13 2 12 6585791 6597299
EVENT 14 0 10 7000018 7016037
EVENT 14 0 11 7017036 7033055
EVENT 14 0 12 7034054 7050073
EVENT 14 1 254 7051072 7059823
EVENT 14 2 10 7060773 7072281
EVENT 14 2 11 7073282 7084790
EVENT 14 2 12 7085791 7097299
progress ticks 9000000 bridge 0 owner 0 frame 14 controls 15 records 106 latch 0 reason 0 scheduler 6 event 0 ready 1
EVENT 15 0 10 7500018 7516037
EVENT 15 0 11 7517036 7533055
EVENT 15 0 12 7534054 7550073
EVENT 15 1 254 7551072 7559823
EVENT 15 2 10 7560773 7572281
EVENT 15 2 11 7573304 7584812
EVENT 15 2 12 7585813 7597321
EVENT 16 0 10 8000018 8016037
EVENT 16 0 11 8017036 8033055
EVENT 16 0 12 8034054 8050073
EVENT 16 1 254 8051072 8059823
EVENT 16 2 10 8060773 8072281
EVENT 16 2 11 8073282 8084790
EVENT 16 2 12 8085791 8097299
progress ticks 10000000 bridge 0 owner 0 frame 16 controls 17 records 120 latch 0 reason 0 scheduler 6 event 0 ready 1
EVENT 17 0 10 8500018 8516037
EVENT 17 0 11 8517036 8533055
EVENT 17 0 12 8534054 8550073
EVENT 17 1 254 8551072 8559823
EVENT 17 2 10 8560773 8572281
EVENT 17 2 11 8573282 8584790
EVENT 17 2 12 8585791 8597299
EVENT 18 0 10 9000018 9016037
EVENT 18 0 11 9017036 9033055
EVENT 18 0 12 9034054 9050073
EVENT 18 1 254 9051072 9059823
EVENT 18 2 10 9060773 9072281
EVENT 18 2 11 9073282 9084790
EVENT 18 2 12 9085791 9097299
progress ticks 11000000 bridge 0 owner 0 frame 18 controls 19 records 134 latch 0 reason 0 scheduler 6 event 0 ready 1
EVENT 19 0 10 9500018 9516037
EVENT 19 0 11 9517036 9533055
EVENT 19 0 12 9534054 9550073
EVENT 19 1 254 9551072 9559823
EVENT 19 2 10 9560773 9572281
EVENT 19 2 11 9573282 9584790
EVENT 19 2 12 9585791 9597299
EVENT 20 0 10 10000018 10016037
EVENT 20 0 11 10017036 10033055
EVENT 20 0 12 10034054 10050073
EVENT 20 1 254 10051072 10059823
EVENT 20 2 10 10060773 10072281
EVENT 20 2 11 10073304 10084812
EVENT 20 2 12 10085813 10097321
progress ticks 12000000 bridge 0 owner 0 frame 20 controls 21 records 148 latch 0 reason 0 scheduler 6 event 0 ready 1
EVENT 21 0 10 10500018 10516037
EVENT 21 0 11 10517036 10533055
EVENT 21 0 12 10534054 10550073
EVENT 21 1 254 10551072 10559823
EVENT 21 2 10 10560773 10572281
EVENT 21 2 11 10573282 10584790
EVENT 21 2 12 10585791 10597299
EVENT 22 0 10 11000018 11016037
EVENT 22 0 11 11017036 11033055
EVENT 22 0 12 11034054 11050073
EVENT 22 1 254 11051072 11059823
EVENT 22 2 10 11060773 11072281
EVENT 22 2 11 11073282 11084790
EVENT 22 2 12 11085791 11097299
progress ticks 13000000 bridge 0 owner 0 frame 22 controls 23 records 162 latch 0 reason 0 scheduler 6 event 0 ready 1
EVENT 23 0 10 11500018 11516037
EVENT 23 0 11 11517036 11533055
EVENT 23 0 12 11534054 11550073
EVENT 23 1 254 11551072 11559823
EVENT 23 2 10 11560773 11572281
EVENT 23 2 11 11573282 11584790
EVENT 23 2 12 11585791 11597299
EVENT 24 0 10 12000018 12016037
EVENT 24 0 11 12017036 12033055
EVENT 24 0 12 12034054 12050073
EVENT 24 1 254 12051072 12059823
EVENT 24 2 10 12060773 12072281
EVENT 24 2 11 12073282 12084790
EVENT 24 2 12 12085791 12097299
progress ticks 14000000 bridge 0 owner 0 frame 24 controls 25 records 176 latch 0 reason 0 scheduler 6 event 0 ready 1
PASS full UART case 0: controls 25, +100% 18, -100% 18, terminal 0; all modeled motors zero/off
- tb/bridge_experiment_tb.v:181: Verilog $finish
- S i m u l a t i o n   R e p o r t: Verilator 5.051 devel
- Verilator: $finish at 288ms; walltime 129.980 s; speed 2.216 ms/s
- Verilator: cpu 117.730 s on 1 threads; allocated 2 MB
