   Compiling proc-macro2 v1.0.107
   Compiling quote v1.0.47
   Compiling unicode-ident v1.0.24
   Compiling cfg-if v1.0.4
   Compiling serde_core v1.0.229
   Compiling libc v0.2.189
   Compiling serde v1.0.229
   Compiling equivalent v1.0.2
   Compiling cfg_aliases v0.2.2
   Compiling parking_lot_core v0.9.12
   Compiling scopeguard v1.2.0
   Compiling libm v0.2.16
   Compiling hashbrown v0.17.1
   Compiling pin-project-lite v0.2.17
   Compiling zerocopy v0.8.56
   Compiling arrayvec v0.7.8
   Compiling log v0.4.34
   Compiling smallvec v1.15.2
   Compiling lock_api v0.4.14
   Compiling toml_datetime v0.6.11
   Compiling thiserror v2.0.20
   Compiling winnow v0.7.15
   Compiling indexmap v2.14.1
   Compiling unicode-xid v0.2.6
   Compiling objc2-encode v4.1.0
   Compiling foldhash v0.1.5
   Compiling parking v2.2.1
   Compiling crossbeam-utils v0.8.22
   Compiling getrandom v0.4.3
   Compiling futures-core v0.3.34
   Compiling spin v0.9.9
   Compiling event-listener v5.4.2
   Compiling futures-io v0.3.34
   Compiling once_cell v1.21.4
   Compiling fastrand v2.5.0
   Compiling typeid v1.0.3
   Compiling thread_local v1.1.10
   Compiling erased-serde v0.4.10
   Compiling toml_edit v0.22.27
   Compiling event-listener-strategy v0.5.4
   Compiling async-task v4.7.1
   Compiling atomic-waker v1.1.2
   Compiling syn v3.0.4
   Compiling syn v2.0.119
   Compiling getrandom v0.2.17
   Compiling futures-lite v2.6.1
   Compiling objc2 v0.6.4
   Compiling concurrent-queue v2.5.0
   Compiling autocfg v1.5.1
   Compiling uuid v1.26.0
   Compiling downcast-rs v2.0.2
   Compiling parking_lot v0.12.5
   Compiling bevy_ptr v0.16.1
   Compiling disqualified v1.0.0
   Compiling bitflags v2.13.1
   Compiling rand_core v0.6.4
   Compiling nix v0.31.3
   Compiling async-channel v2.5.0
   Compiling slab v0.4.12
   Compiling crossbeam-queue v0.3.13
   Compiling nonmax v0.5.5
   Compiling bumpalo v3.20.3
   Compiling fixedbitset v0.5.7
   Compiling memchr v2.8.3
   Compiling tracing-core v0.1.36
   Compiling either v1.18.0
   Compiling async-executor v1.14.0
   Compiling core-foundation-sys v0.8.7
   Compiling foreign-types-shared v0.3.1
   Compiling num-traits v0.2.19
   Compiling find-msvc-tools v0.1.11
   Compiling bitflags v1.3.2
   Compiling shlex v2.0.1
   Compiling heck v0.5.0
   Compiling block2 v0.6.2
   Compiling itertools v0.14.0
   Compiling core-foundation v0.9.4
   Compiling aho-corasick v1.1.5
   Compiling regex-syntax v0.8.11
   Compiling rustversion v1.0.23
   Compiling cc v1.4.4
   Compiling bevy_macro_utils v0.16.1
   Compiling simd-adler32 v0.3.10
   Compiling raw-window-handle v0.6.2
   Compiling dispatch2 v0.3.1
   Compiling core-graphics-types v0.1.3
   Compiling thiserror v1.0.69
   Compiling adler2 v2.0.1
   Compiling crc32fast v1.5.1
   Compiling ctrlc v3.5.2
   Compiling typewit v1.15.2
   Compiling encase_derive_impl v0.10.0
   Compiling wgpu-types v24.0.0
   Compiling naga v24.0.0
   Compiling regex-automata v0.4.18
   Compiling bit-vec v0.8.0
   Compiling const_panic v0.2.17
   Compiling unicode-width v0.1.14
   Compiling constant_time_eq v0.4.2
   Compiling paste v1.0.15
   Compiling lazy_static v1.5.0
   Compiling termcolor v1.4.1
   Compiling cpufeatures v0.3.1
   Compiling rustc-hash v1.1.0
   Compiling sharded-slab v0.1.7
   Compiling codespan-reporting v0.11.1
   Compiling bit-set v0.8.0
   Compiling miniz_oxide v0.9.1
   Compiling tracing-log v0.2.0
   Compiling piper v0.2.5
   Compiling crossbeam-channel v0.5.16
   Compiling malloc_buf v0.0.6
   Compiling tinyvec_macros v0.1.1
   Compiling hexf-parse v0.2.1
   Compiling nu-ansi-term v0.50.3
   Compiling blocking v1.7.0
   Compiling flate2 v1.1.10
   Compiling tinyvec v1.12.0
   Compiling objc v0.2.7
   Compiling miniz_oxide v0.8.9
   Compiling matchers v0.2.0
   Compiling fdeflate v0.3.7
   Compiling async-lock v3.4.2
   Compiling wgpu-hal v24.0.4
   Compiling pxfm v0.1.30
   Compiling base64 v0.21.7
   Compiling block v0.1.6
   Compiling stackfuture v0.3.1
   Compiling blake3 v1.8.7
   Compiling async-fs v2.2.0
   Compiling png v0.18.1
   Compiling euclid v0.22.14
   Compiling async-broadcast v0.7.2
   Compiling wgpu-core v24.0.5
   Compiling libloading v0.8.9
   Compiling atomicow v1.2.0
   Compiling litrs v1.0.0
   Compiling const_soft_float v0.1.4
   Compiling profiling v1.0.18
   Compiling byteorder-lite v0.1.0
   Compiling svg_fmt v0.4.5
   Compiling wgpu v24.0.5
   Compiling objc-sys v0.3.5
   Compiling constgebra v0.1.4
   Compiling bit-vec v0.6.3
   Compiling rectangle-pack v0.4.2
   Compiling version_check v0.9.5
   Compiling regex v1.13.1
   Compiling data-encoding v2.11.1
   Compiling guillotiere v0.6.2
   Compiling moxcms v0.8.1
   Compiling document-features v0.2.12
   Compiling const-fnv1a-hash v1.1.0
   Compiling bit-set v0.5.3
   Compiling static_assertions v1.1.0
   Compiling offset-allocator v0.2.0
   Compiling dispatch v0.2.0
   Compiling radsort v0.1.1
   Compiling accesskit v0.18.0
   Compiling memmap2 v0.9.11
   Compiling slotmap v1.1.1
   Compiling immutable-chunkmap v2.1.3
   Compiling objc2 v0.5.2
   Compiling winit v0.30.13
   Compiling unicode-bidi-mirroring v0.2.0
   Compiling ttf-parser v0.21.1
   Compiling zeno v0.3.3
   Compiling unicode-ccc v0.2.0
   Compiling ttf-parser v0.20.0
   Compiling unicode-script v0.5.8
   Compiling unicode-properties v0.1.4
   Compiling yazi v0.2.1
   Compiling unicode-segmentation v1.13.3
   Compiling unicode-linebreak v0.1.5
   Compiling block2 v0.5.1
   Compiling zmij v1.0.23
   Compiling self_cell v1.3.0
   Compiling cursor-icon v1.2.0
   Compiling rangemap v1.8.0
   Compiling objc2-foundation v0.2.2
   Compiling dpi v0.1.2
   Compiling sys-locale v0.3.2
   Compiling unicode-bidi v0.3.18
   Compiling serde_json v1.0.151
   Compiling grid v0.15.0
   Compiling utf8parse v0.2.2
   Compiling approx v0.5.1
   Compiling anstyle v1.0.14
   Compiling colorchoice v1.0.5
   Compiling anstyle-parse v1.0.0
   Compiling anstyle-query v1.1.5
   Compiling is_terminal_polyfill v1.70.2
   Compiling itoa v1.0.18
   Compiling clap_lex v1.1.0
   Compiling strsim v0.11.1
   Compiling anstream v1.0.0
   Compiling clap_builder v4.6.6
   Compiling objc2-app-kit v0.2.2
   Compiling serde_derive v1.0.229
   Compiling bytemuck_derive v1.12.0
   Compiling zerocopy-derive v0.8.56
   Compiling thiserror-impl v2.0.20
   Compiling derive_more-impl v1.0.0
   Compiling variadics_please v1.1.0
   Compiling bevy_reflect_derive v0.16.1
   Compiling assert_type_match v0.1.1
   Compiling bevy_ecs_macros v0.16.1
   Compiling bevy_derive v0.16.1
   Compiling tracing-attributes v0.1.31
   Compiling foreign-types-macros v0.2.4
   Compiling strum_macros v0.26.4
   Compiling thiserror-impl v1.0.69
   Compiling encase_derive v0.10.0
   Compiling foreign-types v0.5.0
   Compiling bevy_asset_macros v0.16.1
   Compiling metal v0.31.0
   Compiling bevy_render_macros v0.16.1
   Compiling bevy_encase_derive v0.16.1
   Compiling core-graphics v0.23.2
   Compiling bevy_gizmos_macros v0.16.1
   Compiling clap_derive v4.6.4
   Compiling bytemuck v1.25.2
   Compiling tracing v0.1.44
   Compiling image v0.25.10
   Compiling font-types v0.12.4
   Compiling rustybuzz v0.14.1
   Compiling strum v0.26.3
   Compiling read-fonts v0.41.0
   Compiling derive_more v1.0.0
   Compiling tracing-subscriber v0.3.23
   Compiling clap v4.6.6
   Compiling hashbrown v0.15.5
   Compiling smol_str v0.2.2
   Compiling ron v0.8.1
   Compiling ppv-lite86 v0.2.21
   Compiling half v2.7.1
   Compiling fontdb v0.16.2
   Compiling taffy v0.7.7
   Compiling sim-core v0.1.0 (/Users/elliot/physics-simulator/crates/sim-core)
   Compiling bevy_platform v0.16.1
   Compiling accesskit_consumer v0.27.0
   Compiling rand_chacha v0.3.1
   Compiling skrifa v0.44.0
   Compiling bevy_utils v0.16.1
   Compiling bevy_tasks v0.16.1
   Compiling rand v0.8.8
   Compiling accesskit_macos v0.19.0
   Compiling accesskit_winit v0.25.0
   Compiling sim-inspect v0.1.0 (/Users/elliot/physics-simulator/crates/sim-inspect)
   Compiling glam v0.29.3
   Compiling rand_distr v0.4.3
   Compiling naga_oil v0.17.1
   Compiling swash v0.2.10
   Compiling bevy_reflect v0.16.1
   Compiling encase v0.10.0
   Compiling hexasphere v15.1.0
   Compiling bevy_mikktspace v0.16.1
   Compiling cosmic-text v0.13.2
   Compiling bevy_ecs v0.16.1
   Compiling bevy_math v0.16.1
   Compiling bevy_color v0.16.2
   Compiling bevy_app v0.16.1
   Compiling bevy_log v0.16.1
   Compiling bevy_input v0.16.1
   Compiling bevy_asset v0.16.1
   Compiling bevy_time v0.16.1
   Compiling bevy_a11y v0.16.1
   Compiling bevy_transform v0.16.1
   Compiling bevy_diagnostic v0.16.1
   Compiling bevy_window v0.16.1
   Compiling bevy_image v0.16.1
   Compiling bevy_input_focus v0.16.1
   Compiling bevy_mesh v0.16.1
   Compiling bevy_winit v0.16.1
   Compiling bevy_render v0.16.1
   Compiling bevy_core_pipeline v0.16.1
   Compiling bevy_picking v0.16.1
   Compiling bevy_sprite v0.16.1
   Compiling bevy_pbr v0.16.1
   Compiling bevy_text v0.16.1
   Compiling bevy_ui v0.16.1
   Compiling bevy_gizmos v0.16.1
   Compiling bevy_internal v0.16.1
   Compiling bevy v0.16.1
   Compiling sim-spatial v0.1.0 (/Users/elliot/physics-simulator/crates/sim-spatial)
warning: falling back to `f32` as the trait bound `f32: From<f64>` is not satisfied
   --> crates/sim-spatial/src/lib.rs:136:30
    |
136 |                 resolution: (1440.0, 900.0).into(),
    |                              ^^^^^^ help: explicitly specify the type as `f32`: `1440.0_f32`
    |
    = warning: this was previously accepted by the compiler but is being phased out; it will become a hard error in a future release!
    = note: for more information, see issue #154024 <https://github.com/rust-lang/rust/issues/154024>
    = note: `#[warn(float_literal_f32_fallback)]` (part of `#[warn(future_incompatible)]`) on by default

warning: falling back to `f32` as the trait bound `f32: From<f64>` is not satisfied
   --> crates/sim-spatial/src/lib.rs:136:38
    |
136 |                 resolution: (1440.0, 900.0).into(),
    |                                      ^^^^^ help: explicitly specify the type as `f32`: `900.0_f32`
    |
    = warning: this was previously accepted by the compiler but is being phased out; it will become a hard error in a future release!
    = note: for more information, see issue #154024 <https://github.com/rust-lang/rust/issues/154024>

warning: `sim-spatial` (lib) generated 2 warnings (run `cargo fix --lib -p sim-spatial` to apply 2 suggestions)
    Finished `dev` profile [optimized] target(s) in 8m 10s
warning: the following packages contain code that will be rejected by a future version of Rust: block v0.1.6
note: to see what the problems were, use the option `--future-incompat-report`, or run `cargo report future-incompatibilities --id 1`
