warning: method `decision` is never used
  --> crates/sim-runtime/src/contact_planning/joint_steps.rs:44:12
   |
25 | impl ForceSlot {
   | -------------- method in this implementation
...
44 |     pub fn decision(&self, clock: usize, node: usize, axis: usize) -> JointContactDecision {
   |            ^^^^^^^^
   |
   = note: `#[warn(dead_code)]` (part of `#[warn(unused)]`) on by default

warning: `sim-runtime` (lib) generated 1 warning
   Compiling sim-runtime v0.1.0 (/Users/elliot/physics-simulator/crates/sim-runtime)
    Finished `test` profile [optimized + debuginfo] target(s) in 5.76s
     Running tests/controller_refinement.rs (target/debug/deps/controller_refinement-540aa9228266a68c)

running 25 tests
test encoder_unwrap_and_held_observations_do_not_invent_velocity ... ok
test controller_rejects_stale_feedback_and_records_command_delay ... ok
test electrical_controller_uses_declared_voltage_and_limits_without_inventing_current ... ok
test rust_and_rhai_share_observations_and_bounded_commands ... ok
test saturated_pid_does_not_wind_up_and_can_reverse ... ok
test setup_context_keeps_unknowns_and_coverage_marks_new_trajectories ... ok
test cad_proposal_preserves_source_requires_review_and_feeds_shared_motor_mapping ... ok
test battery_supply_sag_charge_accounting_and_pwm_current_are_in_the_shared_circuit ... ok
test transient_metrics_bracket_crossings_and_leave_unresolved_motion_unscored ... ok
test voltage_compensation_preserves_full_duty_range_above_nominal_voltage ... ok
test failed_or_cancelled_robustness_preserves_scenarios_without_a_misleading_envelope ... ok
test rhai_and_simulation_share_quantized_electrical_observations ... ok
test recorded_commands_and_closed_loop_prediction_are_distinct_on_captured_timing ... ok
test signed_power_integrates_consumption_and_return_without_swapping_current_locations ... ok
test loss_regularization_proposal_introduces_only_the_reviewed_field_and_reaches_robot_runtime ... ok
test torque_off_release_coasts_instead_of_shorting_the_motor ... ok
test captured_controller_runs_in_shared_physics_and_reproduces ... ok
test persisted_evidence_rejects_changed_commands_traces_and_scenario_inputs ... ok
test explicit_loss_transition_matches_low_drive_equilibrium_and_converges_in_time ... ok
test fitting_attempts_retain_rejected_inputs_and_validate_saved_prediction_traces ... ok
test release_import_preserves_modes_splits_and_reports_only_resolved_plateaus ... ok
test recorded_command_fitting_uses_whole_runs_and_never_tunes_on_reserved_inputs ... ok
test bounded_fit_recovers_synthetic_parameter_without_using_held_out_trials ... ok
test combined_fit_preserves_sources_and_excludes_each_reserved_behavior_from_objectives ... ok
test fresh_sweep_import_preserves_samples_device_identity_and_reserved_repetitions ... ok

test result: ok. 25 passed; 0 failed; 0 ignored; 0 measured; 0 filtered out; finished in 15.27s

