{
  "runs": 15,
  "motor_updates": 3102,
  "stationary": {
    "4": {
      "samples": 18,
      "encoder_span_counts": 0,
      "all_reported_speeds_zero": true,
      "window_s": 0.961440677
    },
    "5": {
      "samples": 18,
      "encoder_span_counts": 0,
      "all_reported_speeds_zero": true,
      "window_s": 0.9596871060000001
    },
    "6": {
      "samples": 18,
      "encoder_span_counts": 0,
      "all_reported_speeds_zero": true,
      "window_s": 0.9599974739999999
    },
    "7": {
      "samples": 18,
      "encoder_span_counts": 0,
      "all_reported_speeds_zero": true,
      "window_s": 0.959747492
    },
    "8": {
      "samples": 18,
      "encoder_span_counts": 0,
      "all_reported_speeds_zero": true,
      "window_s": 0.959836443
    },
    "9": {
      "samples": 18,
      "encoder_span_counts": 0,
      "all_reported_speeds_zero": true,
      "window_s": 0.9596878679999999
    },
    "10": {
      "samples": 18,
      "encoder_span_counts": 0,
      "all_reported_speeds_zero": true,
      "window_s": 0.959737425
    },
    "11": {
      "samples": 18,
      "encoder_span_counts": 0,
      "all_reported_speeds_zero": true,
      "window_s": 0.9593171810000001
    },
    "12": {
      "samples": 17,
      "encoder_span_counts": 0,
      "all_reported_speeds_zero": true,
      "window_s": 0.905791166
    }
  }
}
