   Compiling proc-macro2 v1.0.107
   Compiling unicode-ident v1.0.24
   Compiling quote v1.0.47
   Compiling version_check v0.9.5
   Compiling cfg-if v1.0.4
   Compiling autocfg v1.5.1
   Compiling serde_core v1.0.229
   Compiling shlex v2.0.1
   Compiling find-msvc-tools v0.1.11
   Compiling serde v1.0.229
   Compiling thiserror v2.0.20
   Compiling zmij v1.0.23
   Compiling bytemuck v1.25.2
   Compiling serde_json v1.0.151
   Compiling memchr v2.8.3
   Compiling itoa v1.0.18
   Compiling constant_time_eq v0.4.2
   Compiling arrayvec v0.7.8
   Compiling cc v1.4.4
   Compiling portable-atomic v1.15.0
   Compiling wasm-bindgen-shared v0.2.127
   Compiling nano-gemm-codegen v0.1.0
   Compiling paste v1.0.15
   Compiling slotmap v1.1.1
   Compiling libm v0.2.16
   Compiling num-traits v0.2.19
   Compiling pulp v0.21.5
   Compiling rustversion v1.0.23
   Compiling reborrow v0.5.5
   Compiling bitflags v2.13.1
   Compiling bumpalo v3.20.3
   Compiling dyn-stack-macros v0.1.3
   Compiling raw-cpuid v11.6.0
   Compiling blake3 v1.8.7
   Compiling dyn-stack v0.13.2
   Compiling seq-macro v0.3.6
   Compiling nano-gemm-core v0.1.0
   Compiling matrixmultiply v0.3.11
   Compiling safe_arch v0.7.4
   Compiling slab v0.4.12
   Compiling pin-project-lite v0.2.17
   Compiling futures-core v0.3.34
   Compiling futures-task v0.3.34
   Compiling wide v0.7.33
   Compiling futures-util v0.3.34
   Compiling syn v3.0.4
   Compiling syn v2.0.119
   Compiling once_cell v1.21.4
   Compiling nano-gemm-f64 v0.1.0
   Compiling nano-gemm-c32 v0.1.0
   Compiling nano-gemm-f32 v0.1.0
   Compiling nano-gemm-c64 v0.1.0
   Compiling rawpointer v0.2.1
   Compiling num-complex v0.4.6
   Compiling num-integer v0.1.47
   Compiling wasm-bindgen v0.2.127
   Compiling approx v0.5.1
   Compiling crunchy v0.2.4
   Compiling num-rational v0.4.2
   Compiling typenum v1.20.1
   Compiling simba v0.9.1
   Compiling libc v0.2.189
   Compiling serde_derive v1.0.229
   Compiling thiserror-impl v2.0.20
   Compiling tiny-keccak v2.0.2
   Compiling generativity v1.2.1
   Compiling zerocopy v0.8.56
   Compiling getrandom v0.3.4
   Compiling wasm-bindgen-macro-support v0.2.127
   Compiling gemm-common v0.18.2
   Compiling qd v0.7.7
   Compiling smartstring v1.0.1
   Compiling ahash v0.8.12
   Compiling hashbrown v0.17.1
   Compiling foldhash v0.1.5
   Compiling equivalent v1.0.2
   Compiling hashbrown v0.15.5
   Compiling indexmap v2.14.1
   Compiling getrandom v0.2.17
   Compiling static_assertions v1.1.0
   Compiling cpufeatures v0.3.1
   Compiling const-random-macro v0.1.16
   Compiling fixedbitset v0.5.7
   Compiling nalgebra-macros v0.3.0
   Compiling equator-macro v0.2.1
   Compiling equator-macro v0.4.2
   Compiling faer-macros v0.21.0
   Compiling const-random v0.1.18
   Compiling rhai_codegen v3.2.0
   Compiling gemm-f32 v0.18.2
   Compiling gemm-f64 v0.18.2
   Compiling equator v0.2.2
   Compiling gemm-c64 v0.18.2
   Compiling gemm-c32 v0.18.2
   Compiling faer-traits v0.22.1
   Compiling equator v0.4.2
   Compiling gemm v0.18.2
   Compiling petgraph v0.8.3
   Compiling thin-vec v0.2.19
   Compiling sim-runtime v0.1.0 (/Users/elliot/physics-simulator/crates/sim-runtime)
   Compiling wasm-bindgen-macro v0.2.127
   Compiling smallvec v1.15.2
   Compiling nano-gemm v0.1.3
   Compiling sim-core v0.1.0 (/Users/elliot/physics-simulator/crates/sim-core)
   Compiling faer v0.22.6
   Compiling nalgebra v0.34.2
   Compiling sim-couple v0.1.0 (/Users/elliot/physics-simulator/crates/sim-couple)
   Compiling sim-domain-control v0.1.0 (/Users/elliot/physics-simulator/crates/sim-domain-control)
   Compiling sim-domain-electrical v0.1.0 (/Users/elliot/physics-simulator/crates/sim-domain-electrical)
   Compiling sim-domain-translational v0.1.0 (/Users/elliot/physics-simulator/crates/sim-domain-translational)
   Compiling sim-domain-rotational v0.1.0 (/Users/elliot/physics-simulator/crates/sim-domain-rotational)
   Compiling sim-domain-radiative v0.1.0 (/Users/elliot/physics-simulator/crates/sim-domain-radiative)
   Compiling sim-domain-fluid v0.1.0 (/Users/elliot/physics-simulator/crates/sim-domain-fluid)
   Compiling sim-domain-chemical v0.1.0 (/Users/elliot/physics-simulator/crates/sim-domain-chemical)
   Compiling sim-domain-granular v0.1.0 (/Users/elliot/physics-simulator/crates/sim-domain-granular)
   Compiling sim-domain-hydraulic v0.1.0 (/Users/elliot/physics-simulator/crates/sim-domain-hydraulic)
   Compiling sim-domain-line v0.1.0 (/Users/elliot/physics-simulator/crates/sim-domain-line)
   Compiling sim-domain-sensing v0.1.0 (/Users/elliot/physics-simulator/crates/sim-domain-sensing)
   Compiling sim-domain-bridges v0.1.0 (/Users/elliot/physics-simulator/crates/sim-domain-bridges)
   Compiling sim-domain-acoustic v0.1.0 (/Users/elliot/physics-simulator/crates/sim-domain-acoustic)
   Compiling sim-domain-thermal v0.1.0 (/Users/elliot/physics-simulator/crates/sim-domain-thermal)
   Compiling js-sys v0.3.104
   Compiling sim-domain-multibody v0.1.0 (/Users/elliot/physics-simulator/crates/sim-domain-multibody)
   Compiling sim-domain-magnetic v0.1.0 (/Users/elliot/physics-simulator/crates/sim-domain-magnetic)
   Compiling web-time v1.1.0
   Compiling rhai v1.26.0
   Compiling sim-solve v0.1.0 (/Users/elliot/physics-simulator/crates/sim-solve)
   Compiling sim-dynamics v0.1.0 (/Users/elliot/physics-simulator/crates/sim-dynamics)
   Compiling sim-compile v0.1.0 (/Users/elliot/physics-simulator/crates/sim-compile)
   Compiling sim-domain-robot v0.1.0 (/Users/elliot/physics-simulator/crates/sim-domain-robot)
   Compiling sim-inspect v0.1.0 (/Users/elliot/physics-simulator/crates/sim-inspect)
   Compiling sim-script v0.1.0 (/Users/elliot/physics-simulator/crates/sim-script)
warning: method `decision` is never used
  --> crates/sim-runtime/src/contact_planning/joint_steps.rs:44:12
   |
25 | impl ForceSlot {
   | -------------- method in this implementation
...
44 |     pub fn decision(&self, clock: usize, node: usize, axis: usize) -> JointContactDecision {
   |            ^^^^^^^^
   |
   = note: `#[warn(dead_code)]` (part of `#[warn(unused)]`) on by default

warning: field `rotor_speed` is never read
   --> crates/sim-runtime/src/physical.rs:113:5
    |
 96 | struct MotorIds {
    |        -------- field in this struct
...
113 |     rotor_speed: StateId,
    |     ^^^^^^^^^^^

warning: `sim-runtime` (lib) generated 2 warnings
   Compiling sim-web v0.1.0 (/Users/elliot/physics-simulator/crates/sim-web)
    Finished `release` profile [optimized] target(s) in 4m 26s
Built simd-lto: /Users/elliot/physics-simulator/runs/wasm-builds/realtime-20260920-kinematics-simd/sim_web.wasm
