iverilog -g2005 -s hx_safety_tb -o impl/hx_safety_tb.vvp tb/hx_safety_tb.v src/hx_safety.v
vvp impl/hx_safety_tb.vvp
PASS all 128 SYNC word/byte length predicates match previous arithmetic
PASS: 21 safety cases, thresholds, malformed/foreign telemetry, independent leases, latching, rearm, stop retries, command gating
tb/hx_safety_tb.v:192: $finish called at 106563000 (1ps)
iverilog -g2005 -s bridge_safety_tb -o impl/bridge_safety_tb.vvp tb/bridge_safety_tb.v src/uart_tx.v src/uart_rx.v src/bridge.v src/hx_safety.v src/button.v
vvp impl/bridge_safety_tb.vvp
PASS: UART safety: 7 zero/off pairs, 9 local responses, telemetry forwarding, motion gating, thermal/stale/physical stop and held-stop rearm rejection
tb/bridge_safety_tb.v:152: $finish called at 9503670000 (1ps)
iverilog -g2005 -s bridge_release_tb -o impl/bridge_release_tb.vvp tb/bridge_release_tb.v src/uart_tx.v src/uart_rx.v src/bridge.v
vvp impl/bridge_release_tb.vvp
PASS: full command, released TX during reply, no host echo, correct response
tb/bridge_release_tb.v:84: $finish called at 150320000 (1ps)
iverilog -g2005 -s host_packet_queue_tb -o impl/host_packet_queue_tb.vvp tb/host_packet_queue_tb.v src/host_packet_queue.v
vvp impl/host_packet_queue_tb.vvp
PASS 1: complete packets only, stable under stalls, ordered consumption
PASS 2: full queue cannot block STOP; older commands discarded
PASS 3: bad checksum stops/discards rather than forwarding
PASS 4: normal overflow faults and discards queue
PASS 5: length and inter-byte bounds enforced
PASS 6: pending STOP survives malformed later traffic
PASS 7: 64-byte packets and simultaneous full dequeue/enqueue
PASS 8: addressed DISARM takes priority and clears old work
PASS host packet queue
tb/host_packet_queue_tb.v:70: $finish called at 5020000 (1ps)
iverilog -g2005 -DBUFFERED_CONTROL -s bridge_safety_tb -o impl/buffered_safety_tb.vvp tb/bridge_safety_tb.v src/uart_tx.v src/uart_rx.v src/host_packet_queue.v src/trajectory_store.v src/trajectory_upload.v src/bridge_control.v src/hx_safety.v src/button.v impl/fixed-pd/fixed_pd.v
vvp impl/buffered_safety_tb.vvp
PASS: UART safety: 7 zero/off pairs, 9 local responses, telemetry forwarding, motion gating, thermal/stale/physical stop and held-stop rearm rejection
tb/bridge_safety_tb.v:152: $finish called at 9480860000 (1ps)
iverilog -g2005 -s bridge_control_tb -P bridge_control_tb.BUFFERED=1 -o impl/buffered_control_tb.vvp tb/bridge_control_tb.v src/uart_tx.v src/uart_rx.v src/host_packet_queue.v src/trajectory_store.v src/trajectory_upload.v src/bridge_control.v src/hx_safety.v src/button.v impl/fixed-pd/fixed_pd.v
vvp impl/buffered_control_tb.vvp
PASS buffered UART: priority STOP during servo reply, intact telemetry and status, no bus contention
PASS FPGA controller: actual UART feedback, previous-state arithmetic, signed PWM, nine-axis batch, reused-feedback and travel rejection
tb/bridge_control_tb.v:212: $finish called at 22719320000 (1ps)
