warning: method `decision` is never used
  --> crates/sim-runtime/src/contact_planning/joint_steps.rs:44:12
   |
25 | impl ForceSlot {
   | -------------- method in this implementation
...
44 |     pub fn decision(&self, clock: usize, node: usize, axis: usize) -> JointContactDecision {
   |            ^^^^^^^^
   |
   = note: `#[warn(dead_code)]` (part of `#[warn(unused)]`) on by default

warning: `sim-runtime` (lib) generated 1 warning
    Finished `test` profile [optimized + debuginfo] target(s) in 0.71s
     Running tests/fpga_controller.rs (target/debug/deps/fpga_controller-c470588294885f67)

running 7 tests
test packet_contains_targets_and_gains_not_host_drive ... ok
test validates_actual_pwm_instead_of_trusting_audit_flag ... ok
test profile_compiler_rejects_aliasing_and_produces_bounded_rest_to_rest_targets ... ok
test captured_schedule_runs_same_controller_against_shared_plant ... ok
test controller_design_is_separate_from_measurement_and_preserves_execution_parity ... ok
test fpga_review_cancellation_and_saved_evidence_validation ... ok
test actual_nine_motor_reviews_roundtrip_and_export_without_promoting_accuracy ... ok

test result: ok. 7 passed; 0 failed; 0 ignored; 0 measured; 0 filtered out; finished in 2.74s

     Running tests/fpga_events.rs (target/debug/deps/fpga_events-cf52ebdcd8c252cc)

running 8 tests
test source_identity_sequence_timing_and_arithmetic_are_enforced ... ok
test sparse_selection_keeps_canonical_unselected_pwm ... ok
test malformed_frames_and_terminal_metadata_fail_without_panics ... ok
test device_adapter_preserves_timing_but_cannot_certify_physical_stopping ... ok
test failed_audit_retains_raw_readback_and_cannot_be_promoted ... ok
test rtl_bytes_cover_all_nine_axes_and_full_width_clocks ... ok
test full_bridge_uart_records_reproduce_shared_full_scale_controller_and_faults ... ok
test interrupted_prefixes_remain_unscored_and_missing_middle_is_rejected ... ok

test result: ok. 8 passed; 0 failed; 0 ignored; 0 measured; 0 filtered out; finished in 0.01s

     Running tests/fpga_upload.rs (target/debug/deps/fpga_upload-cd8654e1f212acce)

running 9 tests
test full_drive_requires_device_clock_and_40ms_period ... ok
test sparse_plan_zeroes_unused_axes_but_preserves_original_evidence ... ok
test source_or_packet_changes_invalidate_saved_upload ... ok
test uploads_are_bounded_nonexecuting_and_agree_with_existing_controller_packets ... ok
test start_binds_sealed_plan_identity_cadence_and_compiled_gains ... ok
test actual_rtl_uart_receipts_decode_and_confirm_each_upload_stage ... ok
test rejects_unrepresentable_timing_invalid_homes_and_firmware_identity ... ok
test upload_transfer_checks_capability_and_stops_on_rejection_or_cancellation ... ok
test rtl_fixture_is_reproducible_from_its_frozen_rust_source ... ok

test result: ok. 9 passed; 0 failed; 0 ignored; 0 measured; 0 filtered out; finished in 0.00s

