candidate limit=1000 kp=4096 kd=512 kv=0 score=0.8798
candidate limit=1000 kp=4096 kd=1024 kv=0 score=0.8794
validated baseline-hold-nominal-original-1000
validated baseline-hold-nominal-selected-1000
validated baseline-hold-low-voltage-delay-load-original-1000
validated baseline-hold-low-voltage-delay-load-selected-1000
validated baseline-reversal-nominal-original-1000
validated baseline-reversal-nominal-selected-1000
validated baseline-reversal-low-voltage-delay-load-original-1000
validated baseline-reversal-low-voltage-delay-load-selected-1000
validated baseline-chirp-nominal-original-1000
validated baseline-chirp-nominal-selected-1000
validated baseline-chirp-low-voltage-delay-load-original-1000
validated baseline-chirp-low-voltage-delay-load-selected-1000
validated baseline-gait-nominal-original-1000
validated baseline-gait-nominal-selected-1000
validated baseline-gait-low-voltage-delay-load-original-1000
validated baseline-gait-low-voltage-delay-load-selected-1000
validated baseline-full-gait-nominal-original-1000
validated baseline-full-gait-nominal-selected-1000
validated baseline-full-gait-low-voltage-delay-load-original-1000
validated baseline-full-gait-low-voltage-delay-load-selected-1000
validated id10-hold-nominal-original-1000
validated id10-hold-nominal-selected-1000
validated id10-hold-low-voltage-delay-load-original-1000
validated id10-hold-low-voltage-delay-load-selected-1000
validated id10-reversal-nominal-original-1000
validated id10-reversal-nominal-selected-1000
validated id10-reversal-low-voltage-delay-load-original-1000
validated id10-reversal-low-voltage-delay-load-selected-1000
validated id10-chirp-nominal-original-1000
validated id10-chirp-nominal-selected-1000
validated id10-chirp-low-voltage-delay-load-original-1000
validated id10-chirp-low-voltage-delay-load-selected-1000
validated id10-gait-nominal-original-1000
validated id10-gait-nominal-selected-1000
validated id10-gait-low-voltage-delay-load-original-1000
validated id10-gait-low-voltage-delay-load-selected-1000
validated id10-full-gait-nominal-original-1000
validated id10-full-gait-nominal-selected-1000
validated id10-full-gait-low-voltage-delay-load-original-1000
validated id10-full-gait-low-voltage-delay-load-selected-1000
validated id11-hold-nominal-original-1000
validated id11-hold-nominal-selected-1000
validated id11-hold-low-voltage-delay-load-original-1000
validated id11-hold-low-voltage-delay-load-selected-1000
validated id11-reversal-nominal-original-1000
validated id11-reversal-nominal-selected-1000
validated id11-reversal-low-voltage-delay-load-original-1000
validated id11-reversal-low-voltage-delay-load-selected-1000
validated id11-chirp-nominal-original-1000
validated id11-chirp-nominal-selected-1000
validated id11-chirp-low-voltage-delay-load-original-1000
validated id11-chirp-low-voltage-delay-load-selected-1000
validated id11-gait-nominal-original-1000
validated id11-gait-nominal-selected-1000
validated id11-gait-low-voltage-delay-load-original-1000
validated id11-gait-low-voltage-delay-load-selected-1000
validated id11-full-gait-nominal-original-1000
validated id11-full-gait-nominal-selected-1000
validated id11-full-gait-low-voltage-delay-load-original-1000
validated id11-full-gait-low-voltage-delay-load-selected-1000
validated id12-hold-nominal-original-1000
validated id12-hold-nominal-selected-1000
validated id12-hold-low-voltage-delay-load-original-1000
validated id12-hold-low-voltage-delay-load-selected-1000
validated id12-reversal-nominal-original-1000
validated id12-reversal-nominal-selected-1000
validated id12-reversal-low-voltage-delay-load-original-1000
validated id12-reversal-low-voltage-delay-load-selected-1000
validated id12-chirp-nominal-original-1000
validated id12-chirp-nominal-selected-1000
validated id12-chirp-low-voltage-delay-load-original-1000
validated id12-chirp-low-voltage-delay-load-selected-1000
validated id12-gait-nominal-original-1000
validated id12-gait-nominal-selected-1000
validated id12-gait-low-voltage-delay-load-original-1000
validated id12-gait-low-voltage-delay-load-selected-1000
validated id12-full-gait-nominal-original-1000
validated id12-full-gait-nominal-selected-1000
validated id12-full-gait-low-voltage-delay-load-original-1000
validated id12-full-gait-low-voltage-delay-load-selected-1000
