   Compiling sim-runtime v0.1.0 (/Users/elliot/physics-simulator/crates/sim-runtime)
warning: method `decision` is never used
  --> crates/sim-runtime/src/contact_planning/joint_steps.rs:44:12
   |
25 | impl ForceSlot {
   | -------------- method in this implementation
...
44 |     pub fn decision(&self, clock: usize, node: usize, axis: usize) -> JointContactDecision {
   |            ^^^^^^^^
   |
   = note: `#[warn(dead_code)]` (part of `#[warn(unused)]`) on by default

warning: `sim-runtime` (lib) generated 1 warning
error[E0432]: unresolved imports `sim_runtime::controller_refinement::fpga_upload::Transfer`, `sim_runtime::controller_refinement::fpga_upload::transfer`
   --> crates/sim-runtime/tests/fpga_upload.rs:240:59
    |
240 |     use sim_runtime::controller_refinement::fpga_upload::{Transfer, transfer};
    |                                                           ^^^^^^^^  ^^^^^^^^ no `transfer` in `controller_refinement::fpga_upload`
    |                                                           |
    |                                                           no `Transfer` in `controller_refinement::fpga_upload`

For more information about this error, try `rustc --explain E0432`.
error: could not compile `sim-runtime` (test "fpga_upload") due to 1 previous error
warning: build failed, waiting for other jobs to finish...
