    Blocking waiting for file lock on build directory
   Compiling sim-runtime v0.1.0 (/Users/elliot/physics-simulator/crates/sim-runtime)
warning: method `decision` is never used
  --> crates/sim-runtime/src/contact_planning/joint_steps.rs:44:12
   |
25 | impl ForceSlot {
   | -------------- method in this implementation
...
44 |     pub fn decision(&self, clock: usize, node: usize, axis: usize) -> JointContactDecision {
   |            ^^^^^^^^
   |
   = note: `#[warn(dead_code)]` (part of `#[warn(unused)]`) on by default

warning: `sim-runtime` (lib) generated 1 warning
    Finished `test` profile [optimized + debuginfo] target(s) in 57.69s
     Running tests/fpga_upload.rs (target/debug/deps/fpga_upload-cd8654e1f212acce)

running 7 tests
test sparse_plan_zeroes_unused_axes_but_preserves_original_evidence ... ok
test uploads_are_bounded_nonexecuting_and_agree_with_existing_controller_packets ... ok
test source_or_packet_changes_invalidate_saved_upload ... ok
test actual_rtl_uart_receipts_decode_and_confirm_each_upload_stage ... ok
test rejects_unrepresentable_timing_invalid_homes_and_firmware_identity ... ok
test rtl_fixture_is_reproducible_from_its_frozen_rust_source ... ok
test upload_transfer_checks_capability_and_stops_on_rejection_or_cancellation ... ok

test result: ok. 7 passed; 0 failed; 0 ignored; 0 measured; 0 filtered out; finished in 0.00s

