progress ticks 1000000 bridge 0 owner 0 frame 0 controls 0 records 0 latch 1 reason 1 scheduler 0 event 0 ready 0
EVENT 0 0 10 107 16126
EVENT 0 0 11 17178 33197
EVENT 0 0 12 60746 76765
EVENT 0 1 254 97392 106143
EVENT 0 2 10 125002 136510
EVENT 0 2 11 152612 164120
EVENT 0 2 12 180222 191730
progress ticks 2000000 bridge 0 owner 0 frame 0 controls 1 records 8 latch 0 reason 0 scheduler 6 event 0 ready 1
EVENT 1 0 10 500018 516037
EVENT 1 0 11 517089 533108
EVENT 1 0 12 534160 550179
EVENT 1 1 254 552179 560930
EVENT 1 2 10 579789 591297
EVENT 1 2 11 607399 618907
EVENT 1 2 12 635009 646517
EVENT 2 0 10 1000018 1016037
EVENT 2 0 11 1017089 1033108
EVENT 2 0 12 1034160 1050179
EVENT 2 1 254 1052179 1060930
EVENT 2 2 10 1079789 1091297
EVENT 2 2 11 1107399 1118907
EVENT 2 2 12 1135009 1146517
progress ticks 3000000 bridge 0 owner 0 frame 2 controls 3 records 22 latch 0 reason 0 scheduler 6 event 0 ready 1
EVENT 3 0 10 1500018 1516037
EVENT 3 0 11 1517089 1533108
EVENT 3 0 12 1534160 1550179
EVENT 3 1 254 1552179 1560930
EVENT 3 2 10 1579789 1591297
EVENT 3 2 11 1607399 1618907
EVENT 3 2 12 1635009 1646517
EVENT 4 0 10 2000018 2016037
EVENT 4 0 11 2017089 2033108
EVENT 4 0 12 2034160 2050179
EVENT 4 1 254 2052179 2060930
EVENT 4 2 10 2079789 2091297
EVENT 4 2 11 2107399 2118907
EVENT 4 2 12 2135009 2146517
progress ticks 4000000 bridge 0 owner 0 frame 4 controls 5 records 36 latch 0 reason 0 scheduler 6 event 0 ready 1
EVENT 5 0 10 2500018 2516037
EVENT 5 0 11 2517089 2533108
EVENT 5 0 12 2534160 2550179
EVENT 5 1 254 2561717 2570468
EVENT 5 2 10 2589327 2600835
EVENT 5 2 11 2616937 2628445
EVENT 5 2 12 2644547 2656055
EVENT 6 0 10 3000018 3016037
EVENT 6 0 11 3017089 3033108
EVENT 6 0 12 3034160 3050179
EVENT 6 1 254 3052179 3060930
EVENT 6 2 10 3079789 3091297
EVENT 6 2 11 3107399 3118907
EVENT 6 2 12 3135009 3146517
progress ticks 5000000 bridge 0 owner 0 frame 6 controls 7 records 50 latch 0 reason 0 scheduler 6 event 0 ready 1
EVENT 7 0 10 3500018 3516037
EVENT 7 0 11 3517089 3533108
EVENT 7 0 12 3534160 3550179
EVENT 7 1 254 3552179 3560930
EVENT 7 2 10 3579789 3591297
EVENT 7 2 11 3607399 3618907
EVENT 7 2 12 3635009 3646517
EVENT 8 0 10 4000018 4016037
EVENT 8 0 11 4017089 4033108
EVENT 8 0 12 4034160 4050179
EVENT 8 1 254 4052179 4060930
EVENT 8 2 10 4079789 4091297
EVENT 8 2 11 4107399 4118907
EVENT 8 2 12 4135009 4146517
progress ticks 6000000 bridge 0 owner 0 frame 8 controls 9 records 64 latch 0 reason 0 scheduler 6 event 0 ready 1
EVENT 9 0 10 4500018 4516037
EVENT 9 0 11 4517089 4533108
EVENT 9 0 12 4534160 4550179
EVENT 9 1 254 4552179 4560930
EVENT 9 2 10 4579789 4591297
EVENT 9 2 11 4607399 4618907
EVENT 9 2 12 4635009 4646517
EVENT 10 0 10 5000018 5016037
EVENT 10 0 11 5017089 5033108
EVENT 10 0 12 5034160 5050179
EVENT 10 1 254 5052179 5060930
EVENT 10 2 10 5089327 5100835
EVENT 10 2 11 5116937 5128445
EVENT 10 2 12 5144547 5156055
progress ticks 7000000 bridge 0 owner 0 frame 10 controls 11 records 78 latch 0 reason 0 scheduler 6 event 0 ready 1
EVENT 11 0 10 5500018 5516037
EVENT 11 0 11 5517089 5533108
EVENT 11 0 12 5534160 5550179
EVENT 11 1 254 5552179 5560930
EVENT 11 2 10 5579789 5591297
EVENT 11 2 11 5607399 5618907
EVENT 11 2 12 5635009 5646517
EVENT 12 0 10 6000018 6016037
EVENT 12 0 11 6017089 6033108
EVENT 12 0 12 6034160 6050179
EVENT 12 1 254 6052179 6060930
EVENT 12 2 10 6079789 6091297
EVENT 12 2 11 6107399 6118907
EVENT 12 2 12 6135009 6146517
progress ticks 8000000 bridge 0 owner 0 frame 12 controls 13 records 92 latch 0 reason 0 scheduler 6 event 0 ready 1
EVENT 13 0 10 6500018 6516037
EVENT 13 0 11 6517089 6533108
EVENT 13 0 12 6534160 6550179
EVENT 13 1 254 6552179 6560930
EVENT 13 2 10 6579789 6591297
EVENT 13 2 11 6607399 6618907
EVENT 13 2 12 6635009 6646517
EVENT 14 0 10 7000018 7016037
EVENT 14 0 11 7017089 7033108
EVENT 14 0 12 7034160 7050179
EVENT 14 1 254 7052179 7060930
EVENT 14 2 10 7079789 7091297
EVENT 14 2 11 7107399 7118907
EVENT 14 2 12 7135009 7146517
progress ticks 9000000 bridge 0 owner 0 frame 14 controls 15 records 106 latch 0 reason 0 scheduler 6 event 0 ready 1
EVENT 15 0 10 7500018 7516037
EVENT 15 0 11 7517089 7533108
EVENT 15 0 12 7534160 7550179
EVENT 15 1 254 7552179 7560930
EVENT 15 2 10 7589327 7600835
EVENT 15 2 11 7616937 7628445
EVENT 15 2 12 7644547 7656055
EVENT 16 0 10 8000018 8016037
EVENT 16 0 11 8017089 8033108
EVENT 16 0 12 8034160 8050179
EVENT 16 1 254 8052179 8060930
EVENT 16 2 10 8079789 8091297
EVENT 16 2 11 8107399 8118907
EVENT 16 2 12 8135009 8146517
progress ticks 10000000 bridge 0 owner 0 frame 16 controls 17 records 120 latch 0 reason 0 scheduler 6 event 0 ready 1
EVENT 17 0 10 8500018 8516037
EVENT 17 0 11 8517089 8533108
EVENT 17 0 12 8534160 8550179
EVENT 17 1 254 8552179 8560930
EVENT 17 2 10 8579789 8591297
EVENT 17 2 11 8607399 8618907
EVENT 17 2 12 8635009 8646517
EVENT 18 0 10 9000018 9016037
EVENT 18 0 11 9017089 9033108
EVENT 18 0 12 9034160 9050179
EVENT 18 1 254 9052179 9060930
EVENT 18 2 10 9079789 9091297
EVENT 18 2 11 9107399 9118907
EVENT 18 2 12 9135009 9146517
progress ticks 11000000 bridge 0 owner 0 frame 18 controls 19 records 134 latch 0 reason 0 scheduler 6 event 0 ready 1
EVENT 19 0 10 9500018 9516037
EVENT 19 0 11 9517089 9533108
EVENT 19 0 12 9534160 9550179
EVENT 19 1 254 9552179 9560930
EVENT 19 2 10 9579789 9591297
EVENT 19 2 11 9607399 9618907
EVENT 19 2 12 9635009 9646517
EVENT 20 0 10 10000018 10016037
EVENT 20 0 11 10017089 10033108
EVENT 20 0 12 10034160 10050179
EVENT 20 1 254 10052179 10060930
EVENT 20 2 10 10089327 10100835
EVENT 20 2 11 10116937 10128445
EVENT 20 2 12 10144547 10156055
progress ticks 12000000 bridge 0 owner 0 frame 20 controls 21 records 148 latch 0 reason 0 scheduler 6 event 0 ready 1
EVENT 21 0 10 10500018 10516037
EVENT 21 0 11 10517089 10533108
EVENT 21 0 12 10534160 10550179
EVENT 21 1 254 10552179 10560930
EVENT 21 2 10 10579789 10591297
EVENT 21 2 11 10607399 10618907
EVENT 21 2 12 10635009 10646517
EVENT 22 0 10 11000018 11016037
EVENT 22 0 11 11017089 11033108
EVENT 22 0 12 11034160 11050179
EVENT 22 1 254 11052179 11060930
EVENT 22 2 10 11079789 11091297
EVENT 22 2 11 11107399 11118907
EVENT 22 2 12 11135009 11146517
progress ticks 13000000 bridge 0 owner 0 frame 22 controls 23 records 162 latch 0 reason 0 scheduler 6 event 0 ready 1
EVENT 23 0 10 11500018 11516037
EVENT 23 0 11 11517089 11533108
EVENT 23 0 12 11534160 11550179
EVENT 23 1 254 11552179 11560930
EVENT 23 2 10 11579789 11591297
EVENT 23 2 11 11607399 11618907
EVENT 23 2 12 11635009 11646517
EVENT 24 0 10 12000018 12016037
EVENT 24 0 11 12017089 12033108
EVENT 24 0 12 12034160 12050179
EVENT 24 1 254 12052179 12060930
EVENT 24 2 10 12079789 12091297
EVENT 24 2 11 12107399 12118907
EVENT 24 2 12 12135009 12146517
progress ticks 14000000 bridge 0 owner 0 frame 24 controls 25 records 176 latch 0 reason 0 scheduler 6 event 0 ready 1
PASS full UART case 0: controls 25, +100% 18, -100% 18, terminal 0; all modeled motors zero/off
- tb/bridge_experiment_tb.v:178: Verilog $finish
- S i m u l a t i o n   R e p o r t: Verilator 5.051 devel
- Verilator: $finish at 288ms; walltime 142.254 s; speed 2.025 ms/s
- Verilator: cpu 91.075 s on 1 threads; allocated 2 MB
