progress ticks 1000000 bridge 0 owner 0 frame 0 controls 0 records 0 latch 0 reason 0 scheduler 0 event 0 ready 0
EVENT 0 0 10 107 16126
EVENT 0 0 11 17178 33197
EVENT 0 0 12 34271 50290
EVENT 0 1 254 51342 60093
EVENT 0 2 10 62752 74260
EVENT 0 2 11 76612 88120
EVENT 0 2 12 90472 101980
EVENT 1 0 10 500018 516037
EVENT 1 0 11 517089 533108
EVENT 1 0 12 534160 550179
EVENT 1 1 254 551231 559982
EVENT 1 2 10 560988 572496
EVENT 1 2 11 573541 585049
EVENT 1 2 12 586094 597602
progress ticks 2000000 bridge 0 owner 0 frame 1 controls 2 records 15 latch 0 reason 0 scheduler 6 event 0 ready 1
EVENT 2 0 10 1000018 1016037
EVENT 2 0 11 1017089 1033108
EVENT 2 0 12 1034160 1050179
EVENT 2 1 254 1051231 1059982
EVENT 2 2 10 1060988 1072496
EVENT 2 2 11 1073541 1085049
EVENT 2 2 12 1086094 1097602
EVENT 3 0 10 1500018 1516037
EVENT 3 0 11 1517089 1533108
EVENT 3 0 12 1534160 1550179
EVENT 3 1 254 1551231 1559982
EVENT 3 2 10 1560988 1572496
EVENT 3 2 11 1573541 1585049
EVENT 3 2 12 1586094 1597602
progress ticks 3000000 bridge 0 owner 0 frame 3 controls 4 records 29 latch 0 reason 0 scheduler 6 event 0 ready 1
EVENT 4 0 10 2000018 2016037
EVENT 4 0 11 2017089 2033108
EVENT 4 0 12 2034160 2050179
EVENT 4 1 254 2051231 2059982
EVENT 4 2 10 2060988 2072496
EVENT 4 2 11 2073541 2085049
EVENT 4 2 12 2086094 2097602
EVENT 5 0 10 2500018 2516037
EVENT 5 0 11 2517089 2533108
EVENT 5 0 12 2534182 2550201
EVENT 5 1 254 2551253 2560004
EVENT 5 2 10 2561010 2572518
EVENT 5 2 11 2573563 2585071
EVENT 5 2 12 2586116 2597624
progress ticks 4000000 bridge 0 owner 0 frame 5 controls 6 records 43 latch 0 reason 0 scheduler 6 event 0 ready 1
EVENT 6 0 10 3000018 3016037
EVENT 6 0 11 3017089 3033108
EVENT 6 0 12 3034160 3050179
EVENT 6 1 254 3051231 3059982
EVENT 6 2 10 3060988 3072496
EVENT 6 2 11 3073541 3085049
EVENT 6 2 12 3086094 3097602
EVENT 7 0 10 3500018 3516037
EVENT 7 0 11 3517089 3533108
EVENT 7 0 12 3534160 3550179
EVENT 7 1 254 3551231 3559982
EVENT 7 2 10 3560988 3572496
EVENT 7 2 11 3573541 3585049
EVENT 7 2 12 3586094 3597602
progress ticks 5000000 bridge 0 owner 0 frame 7 controls 8 records 57 latch 0 reason 0 scheduler 6 event 0 ready 1
EVENT 8 0 10 4000018 4016037
EVENT 8 0 11 4017089 4033108
EVENT 8 0 12 4034160 4050179
EVENT 8 1 254 4051231 4059982
EVENT 8 2 10 4060988 4072496
EVENT 8 2 11 4073541 4085049
EVENT 8 2 12 4086094 4097602
EVENT 9 0 10 4500018 4516037
EVENT 9 0 11 4517089 4533108
EVENT 9 0 12 4534160 4550179
EVENT 9 1 254 4551231 4559982
EVENT 9 2 10 4560988 4572496
EVENT 9 2 11 4573541 4585049
EVENT 9 2 12 4586094 4597602
progress ticks 6000000 bridge 0 owner 0 frame 9 controls 10 records 71 latch 0 reason 0 scheduler 6 event 0 ready 1
EVENT 10 0 10 5000018 5016037
EVENT 10 0 11 5017089 5033108
EVENT 10 0 12 5034182 5050201
EVENT 10 1 254 5051253 5060004
EVENT 10 2 10 5061010 5072518
EVENT 10 2 11 5073563 5085071
EVENT 10 2 12 5086116 5097624
EVENT 11 0 10 5500018 5516037
EVENT 11 0 11 5517089 5533108
EVENT 11 0 12 5534160 5550179
EVENT 11 1 254 5551231 5559982
EVENT 11 2 10 5560988 5572496
EVENT 11 2 11 5573541 5585049
EVENT 11 2 12 5586094 5597602
progress ticks 7000000 bridge 0 owner 0 frame 11 controls 12 records 85 latch 0 reason 0 scheduler 6 event 0 ready 1
EVENT 12 0 10 6000018 6016037
EVENT 12 0 11 6017089 6033108
EVENT 12 0 12 6034160 6050179
EVENT 12 1 254 6051231 6059982
EVENT 12 2 10 6060988 6072496
EVENT 12 2 11 6073541 6085049
EVENT 12 2 12 6086094 6097602
EVENT 13 0 10 6500018 6516037
EVENT 13 0 11 6517089 6533108
EVENT 13 0 12 6534160 6550179
EVENT 13 1 254 6551231 6559982
EVENT 13 2 10 6560988 6572496
EVENT 13 2 11 6573541 6585049
EVENT 13 2 12 6586094 6597602
progress ticks 8000000 bridge 0 owner 0 frame 13 controls 14 records 99 latch 0 reason 0 scheduler 6 event 0 ready 1
EVENT 14 0 10 7000018 7016037
EVENT 14 0 11 7017089 7033108
EVENT 14 0 12 7034160 7050179
EVENT 14 1 254 7051231 7059982
EVENT 14 2 10 7060988 7072496
EVENT 14 2 11 7073541 7085049
EVENT 14 2 12 7086094 7097602
EVENT 15 0 10 7500018 7516037
EVENT 15 0 11 7517089 7533108
EVENT 15 0 12 7534182 7550201
EVENT 15 1 254 7551253 7560004
EVENT 15 2 10 7561010 7572518
EVENT 15 2 11 7573563 7585071
EVENT 15 2 12 7586116 7597624
progress ticks 9000000 bridge 0 owner 0 frame 15 controls 16 records 113 latch 0 reason 0 scheduler 6 event 0 ready 1
EVENT 16 0 10 8000018 8016037
EVENT 16 0 11 8017089 8033108
EVENT 16 0 12 8034160 8050179
EVENT 16 1 254 8051231 8059982
EVENT 16 2 10 8060988 8072496
EVENT 16 2 11 8073541 8085049
EVENT 16 2 12 8086094 8097602
EVENT 17 0 10 8500018 8516037
EVENT 17 0 11 8517089 8533108
EVENT 17 0 12 8534160 8550179
EVENT 17 1 254 8551231 8559982
EVENT 17 2 10 8560988 8572496
EVENT 17 2 11 8573541 8585049
EVENT 17 2 12 8586094 8597602
progress ticks 10000000 bridge 0 owner 0 frame 17 controls 18 records 127 latch 0 reason 0 scheduler 6 event 0 ready 1
EVENT 18 0 10 9000018 9016037
EVENT 18 0 11 9017089 9033108
EVENT 18 0 12 9034160 9050179
EVENT 18 1 254 9051231 9059982
EVENT 18 2 10 9060988 9072496
EVENT 18 2 11 9073541 9085049
EVENT 18 2 12 9086094 9097602
EVENT 19 0 10 9500018 9516037
EVENT 19 0 11 9517089 9533108
EVENT 19 0 12 9534160 9550179
EVENT 19 1 254 9551231 9559982
EVENT 19 2 10 9560988 9572496
EVENT 19 2 11 9573541 9585049
EVENT 19 2 12 9586094 9597602
progress ticks 11000000 bridge 0 owner 0 frame 19 controls 20 records 141 latch 0 reason 0 scheduler 6 event 0 ready 1
EVENT 20 0 10 10000018 10016037
EVENT 20 0 11 10017089 10033108
EVENT 20 0 12 10034182 10050201
EVENT 20 1 254 10051253 10060004
EVENT 20 2 10 10061010 10072518
EVENT 20 2 11 10073563 10085071
EVENT 20 2 12 10086116 10097624
EVENT 21 0 10 10500018 10516037
EVENT 21 0 11 10517089 10533108
EVENT 21 0 12 10534160 10550179
EVENT 21 1 254 10551231 10559982
EVENT 21 2 10 10560988 10572496
EVENT 21 2 11 10573541 10585049
EVENT 21 2 12 10586094 10597602
progress ticks 12000000 bridge 0 owner 0 frame 21 controls 22 records 155 latch 0 reason 0 scheduler 6 event 0 ready 1
EVENT 22 0 10 11000018 11016037
EVENT 22 0 11 11017089 11033108
EVENT 22 0 12 11034160 11050179
EVENT 22 1 254 11051231 11059982
EVENT 22 2 10 11060988 11072496
EVENT 22 2 11 11073541 11085049
EVENT 22 2 12 11086094 11097602
EVENT 23 0 10 11500018 11516037
EVENT 23 0 11 11517089 11533108
EVENT 23 0 12 11534160 11550179
EVENT 23 1 254 11551231 11559982
EVENT 23 2 10 11560988 11572496
EVENT 23 2 11 11573541 11585049
EVENT 23 2 12 11586094 11597602
progress ticks 13000000 bridge 0 owner 0 frame 23 controls 24 records 169 latch 0 reason 0 scheduler 6 event 0 ready 1
EVENT 24 0 10 12000018 12016037
EVENT 24 0 11 12017089 12033108
EVENT 24 0 12 12034160 12050179
EVENT 24 1 254 12051231 12059982
EVENT 24 2 10 12060988 12072496
EVENT 24 2 11 12073541 12085049
EVENT 24 2 12 12086094 12097602
PASS full UART case 0: controls 25, +100% 18, -100% 18, terminal 0; all modeled motors zero/off
- tb/bridge_experiment_tb.v:178: Verilog $finish
- S i m u l a t i o n   R e p o r t: Verilator 5.051 devel
- Verilator: $finish at 277ms; walltime 150.779 s; speed 1.836 ms/s
- Verilator: cpu 96.042 s on 1 threads; allocated 2 MB
